warning: unused doc comment
   --> candidate-worker/src/../../src/ordering/mod.rs:888:1
    |
888 | / /// TEST-ONLY sweep switch for the mid-size `rgreedy` stream opened by the 0154
889 | | /// engine census. Returns `(ops_budget, gate_variant, stream_count)`; a zero
890 | | /// budget disables the stream, which is what production compiles to — the
891 | | /// switch can never change a submitted ordering. Configured through
892 | | /// `SSI_MID_ENGINE="<variant>:<budget>[:<streams>]"` so one build can sweep
893 | | /// several gate/budget points.
    | |_------------------------------^
    |   |
    |   rustdoc does not generate documentation for macro invocations
    |
    = help: to document an item produced by a macro, the macro must produce the documentation as part of its expansion
    = note: `#[warn(unused_doc_comments)]` (part of `#[warn(unused)]`) on by default

warning: unused doc comment
    --> candidate-worker/src/../../src/ordering/mod.rs:1156:1
     |
1156 | / /// TEST-ONLY kill switch for the heavy-tier arm (metrics + no-dense AMD +
1157 | | /// extra AMF α), so a probe can A/B the arm in one process.
     | |_-----------------------------------------------------------^
     |   |
     |   rustdoc does not generate documentation for macro invocations
     |
     = help: to document an item produced by a macro, the macro must produce the documentation as part of its expansion

warning: unused doc comment
   --> candidate-worker/src/../../src/ordering/parallel.rs:321:1
    |
321 | / /// TEST-ONLY switch forcing every batch onto the sequential path, so a probe
322 | | /// can run the SAME `order()` both ways in one process and compare the
323 | | /// returned permutations element by element. Production builds compile
324 | | /// [`force_sequential`] down to a constant `false`.
    | |_---------------------------------------------------^
    |   |
    |   rustdoc does not generate documentation for macro invocations
    |
    = help: to document an item produced by a macro, the macro must produce the documentation as part of its expansion

warning: unused doc comment
   --> candidate-worker/src/../../src/ordering/parallel.rs:355:1
    |
355 | / /// TEST-ONLY per-phase wall-clock marks: `phase_mark(label, t0)` appends
356 | | /// `(label, secs since t0)`; `phase_take()` drains them. Lets a probe see which
357 | | /// stage of `order()` sets a row's critical path. Never compiled into the
358 | | /// shipped binary.
    | |_------------------^
    |   |
    |   rustdoc does not generate documentation for macro invocations
    |
    = help: to document an item produced by a macro, the macro must produce the documentation as part of its expansion

warning: variable does not need to be mutable
    --> candidate-worker/src/../../src/ordering/probe.rs:4088:9
     |
4088 |     let mut next = |s: &mut u64| -> u64 {
     |         ----^^^^
     |         |
     |         help: remove this `mut`
     |
     = note: `#[warn(unused_mut)]` (part of `#[warn(unused)]`) on by default

warning: value assigned to `d` is never read
   --> candidate-worker/src/../../src/ordering/rgreedy.rs:396:29
    |
396 |                 let mut d = 0u32;
    |                             ^^^^
    |
    = help: maybe it is overwritten before being read?
    = note: `#[warn(unused_assignments)]` (part of `#[warn(unused)]`) on by default

warning: constant `SUBTREE_MAX_N` is never used
   --> candidate-worker/src/../../src/ordering/mod.rs:520:7
    |
520 | const SUBTREE_MAX_N: usize = 250_000;
    |       ^^^^^^^^^^^^^
    |
    = note: `#[warn(dead_code)]` (part of `#[warn(unused)]`) on by default

warning: function `refine` is never used
  --> candidate-worker/src/../../src/ordering/completion.rs:12:15
   |
12 | pub(super) fn refine(
   |               ^^^^^^

warning: type alias `PermFn` is never used
  --> candidate-worker/src/../../src/ordering/parallel.rs:80:17
   |
80 | pub(crate) type PermFn<'a> = Box<dyn Fn() -> Option<Vec<usize>> + Sync + 'a>;
   |                 ^^^^^^

warning: function `run_perms` is never used
   --> candidate-worker/src/../../src/ordering/parallel.rs:175:15
    |
175 | pub(crate) fn run_perms(
    |               ^^^^^^^^^

warning: function `accept` is never used
   --> candidate-worker/src/../../src/ordering/parallel.rs:300:15
    |
300 | pub(crate) fn accept(results: &mut [CandOut], best_flops: &mut u64, best_perm: &mut Vec<usize>) -> bool {
    |               ^^^^^^

warning: function `minl_is_clique` is never used
   --> candidate-worker/src/../../src/ordering/minl.rs:136:4
    |
136 | fn minl_is_clique(adj: &[Vec<u32>], c: &[u32], ops: &mut i64) -> bool {
    |    ^^^^^^^^^^^^^^

warning: function `minl_try_delete_edge` is never used
   --> candidate-worker/src/../../src/ordering/minl.rs:232:4
    |
232 | fn minl_try_delete_edge(
    |    ^^^^^^^^^^^^^^^^^^^^

warning: `ssi-candidate-worker` (bin "ssi-candidate-worker" test) generated 13 warnings (run `cargo fix --bin "ssi-candidate-worker" -p ssi-candidate-worker --tests` to apply 1 suggestion)
    Finished `release` profile [optimized] target(s) in 0.01s
     Running unittests src/main.rs (target/probe/release/deps/ssi_candidate_worker-9bc17c144118ca64)

running 1 test
COUNTS	maxcsp-ehi-85-297-71	2372	207996	1381768944	1110971341
COUNTS	p_ball_30b_7p_2d_h	2207	7516	42456	42319
COUNTS	rsyn0820m02m	2486	6932	38190	35665
COUNTS	knp5-44	2157	32604	3764003	3764003
COUNTS	squfl025-030	2305	6000	42305	42305
COUNTS	nuclear25a	1942	16030	1977163	1136191
COUNTS	chimera_mgw-c16-2031-01	2032	15900	3328073	2600520
COUNTS	catmix400	2001	11192	36373	36364
COUNTS	camshape400	2000	7188	16768	16768
COUNTS	chimera_selby-c16-01	2031	10964	3605628	2431621
COUNTS	syn15m04m	1908	5288	26094	25187
COUNTS	chimera_selby-c16-02	2031	10878	4280329	2299955
COUNTS	squfl010-080	2490	6400	27665	27665
COUNTS	squfl010-040persp	2450	7200	22825	22825
COUNTS	knp5-43	2065	31132	3517788	3517788
COUNTS	chimera_rfr-02	2032	15140	3860441	2515546
COUNTS	hydroenergy2	2092	6236	69051	56014

--- every order() call, slowest first (TSV) ---
secs	matrix	n	nnz	ratio
0.8238	chimera_selby-c16-01	2031	10964	0.6744
0.7971	chimera_selby-c16-02	2031	10878	0.5373
0.6944	hydroenergy2	2092	6236	0.8112
0.6883	chimera_rfr-02	2032	15140	0.6516
0.6730	chimera_mgw-c16-2031-01	2032	15900	0.7814
0.6397	rsyn0820m02m	2486	6932	0.9339
0.6231	nuclear25a	1942	16030	0.5747
0.4695	p_ball_30b_7p_2d_h	2207	7516	0.9968
0.4445	squfl010-040persp	2450	7200	1.0000
0.3866	syn15m04m	1908	5288	0.9652
0.3861	maxcsp-ehi-85-297-71	2372	207996	0.8040
0.3763	squfl025-030	2305	6000	1.0000
0.3567	squfl010-080	2490	6400	1.0000
0.3061	knp5-44	2157	32604	1.0000
0.2842	knp5-43	2065	31132	1.0000
0.2810	catmix400	2001	11192	0.9998
0.0000	camshape400	2000	7188	1.0000
matrices under 0.010s: 1/17
matrices under 0.050s: 1/17
matrices under 0.100s: 1/17
matrices under 0.200s: 1/17
matrices under 0.400s: 8/17

--- per-bucket ---
1k_10k   count=17    geomean=0.8492
SCORE = 0.849208
WORST order() = 0.824 s
test ordering::probe::probe_timing_and_score ... ok

test result: ok. 1 passed; 0 failed; 0 ignored; 0 measured; 163 filtered out; finished in 8.81s

