warning: unused doc comment
   --> candidate-worker/src/../../src/ordering/mod.rs:888:1
    |
888 | / /// TEST-ONLY sweep switch for the mid-size `rgreedy` stream opened by the 0154
889 | | /// engine census. Returns `(ops_budget, gate_variant, stream_count)`; a zero
890 | | /// budget disables the stream, which is what production compiles to — the
891 | | /// switch can never change a submitted ordering. Configured through
892 | | /// `SSI_MID_ENGINE="<variant>:<budget>[:<streams>]"` so one build can sweep
893 | | /// several gate/budget points.
    | |_------------------------------^
    |   |
    |   rustdoc does not generate documentation for macro invocations
    |
    = help: to document an item produced by a macro, the macro must produce the documentation as part of its expansion
    = note: `#[warn(unused_doc_comments)]` (part of `#[warn(unused)]`) on by default

warning: unused doc comment
    --> candidate-worker/src/../../src/ordering/mod.rs:1156:1
     |
1156 | / /// TEST-ONLY kill switch for the heavy-tier arm (metrics + no-dense AMD +
1157 | | /// extra AMF α), so a probe can A/B the arm in one process.
     | |_-----------------------------------------------------------^
     |   |
     |   rustdoc does not generate documentation for macro invocations
     |
     = help: to document an item produced by a macro, the macro must produce the documentation as part of its expansion

warning: unused doc comment
   --> candidate-worker/src/../../src/ordering/parallel.rs:321:1
    |
321 | / /// TEST-ONLY switch forcing every batch onto the sequential path, so a probe
322 | | /// can run the SAME `order()` both ways in one process and compare the
323 | | /// returned permutations element by element. Production builds compile
324 | | /// [`force_sequential`] down to a constant `false`.
    | |_---------------------------------------------------^
    |   |
    |   rustdoc does not generate documentation for macro invocations
    |
    = help: to document an item produced by a macro, the macro must produce the documentation as part of its expansion

warning: unused doc comment
   --> candidate-worker/src/../../src/ordering/parallel.rs:355:1
    |
355 | / /// TEST-ONLY per-phase wall-clock marks: `phase_mark(label, t0)` appends
356 | | /// `(label, secs since t0)`; `phase_take()` drains them. Lets a probe see which
357 | | /// stage of `order()` sets a row's critical path. Never compiled into the
358 | | /// shipped binary.
    | |_------------------^
    |   |
    |   rustdoc does not generate documentation for macro invocations
    |
    = help: to document an item produced by a macro, the macro must produce the documentation as part of its expansion

warning: variable does not need to be mutable
    --> candidate-worker/src/../../src/ordering/probe.rs:4140:9
     |
4140 |     let mut next = |s: &mut u64| -> u64 {
     |         ----^^^^
     |         |
     |         help: remove this `mut`
     |
     = note: `#[warn(unused_mut)]` (part of `#[warn(unused)]`) on by default

warning: value assigned to `d` is never read
   --> candidate-worker/src/../../src/ordering/rgreedy.rs:396:29
    |
396 |                 let mut d = 0u32;
    |                             ^^^^
    |
    = help: maybe it is overwritten before being read?
    = note: `#[warn(unused_assignments)]` (part of `#[warn(unused)]`) on by default

warning: constant `SUBTREE_MAX_N` is never used
   --> candidate-worker/src/../../src/ordering/mod.rs:520:7
    |
520 | const SUBTREE_MAX_N: usize = 250_000;
    |       ^^^^^^^^^^^^^
    |
    = note: `#[warn(dead_code)]` (part of `#[warn(unused)]`) on by default

warning: function `refine` is never used
  --> candidate-worker/src/../../src/ordering/completion.rs:12:15
   |
12 | pub(super) fn refine(
   |               ^^^^^^

warning: type alias `PermFn` is never used
  --> candidate-worker/src/../../src/ordering/parallel.rs:80:17
   |
80 | pub(crate) type PermFn<'a> = Box<dyn Fn() -> Option<Vec<usize>> + Sync + 'a>;
   |                 ^^^^^^

warning: function `run_perms` is never used
   --> candidate-worker/src/../../src/ordering/parallel.rs:175:15
    |
175 | pub(crate) fn run_perms(
    |               ^^^^^^^^^

warning: function `accept` is never used
   --> candidate-worker/src/../../src/ordering/parallel.rs:300:15
    |
300 | pub(crate) fn accept(results: &mut [CandOut], best_flops: &mut u64, best_perm: &mut Vec<usize>) -> bool {
    |               ^^^^^^

warning: function `minl_is_clique` is never used
   --> candidate-worker/src/../../src/ordering/minl.rs:136:4
    |
136 | fn minl_is_clique(adj: &[Vec<u32>], c: &[u32], ops: &mut i64) -> bool {
    |    ^^^^^^^^^^^^^^

warning: function `minl_try_delete_edge` is never used
   --> candidate-worker/src/../../src/ordering/minl.rs:232:4
    |
232 | fn minl_try_delete_edge(
    |    ^^^^^^^^^^^^^^^^^^^^

warning: `ssi-candidate-worker` (bin "ssi-candidate-worker" test) generated 13 warnings (run `cargo fix --bin "ssi-candidate-worker" -p ssi-candidate-worker --tests` to apply 1 suggestion)
    Finished `release` profile [optimized] target(s) in 0.02s
     Running unittests src/main.rs (target/probe/release/deps/ssi_candidate_worker-9bc17c144118ca64)

running 1 test
COUNTS	slay06m	357	1080	4025	4025
COUNTS	sssd25-08	401	1200	5389	5389
COUNTS	rsyn0810m04m	4772	13836	147553	115517
COUNTS	pooling_sppc3pq	23173	893724	1153877333	325595394
COUNTS	sporttournament48	1131	6676	919582	594138
COUNTS	pooling_sppa9pq	5030	120730	23971280	15130622
COUNTS	edgecross10-090	1053	5204	126115	103179
COUNTS	maxcsp-ehi-85-297-71	2372	207996	1381768944	1110971341
COUNTS	st_bpaf1a	30	120	623	580
COUNTS	risk2bpb	1462	5396	118471	66041
COUNTS	qap	255	43748	3802533	3650113
COUNTS	rsyn0830m04m	7252	20752	212130	171801
COUNTS	lop97icx	1073	2118	79286	64044
COUNTS	chain400	1201	4796	16382	16382
COUNTS	mpbp_07	9532	30810	1368477	1248947
COUNTS	sonetgr17	440	2958	37814	30971
COUNTS	p_ball_30b_7p_2d_h	2207	7516	42456	42319
COUNTS	pinene200	19995	97990	1358716	1134463
COUNTS	unitcommit_200_100_1_mod_8	146830	476332	3053940	2981835
COUNTS	ex8_3_9	123	834	15050	11503
COUNTS	rsyn0820m02m	2486	6932	38190	35665
COUNTS	p_ball_10b_5p_2d_m	293	964	6648	6547
COUNTS	pooling_adhya4tp	170	936	26842	20581
COUNTS	squfl015-080persp	7295	21600	74520	74520
COUNTS	edgecross10-080	1053	5940	170814	164639
COUNTS	clay0204hfsg	590	1696	7198	6562
COUNTS	st_bsj2	13	40	143	114
COUNTS	chimera_mgw-c8-439-onc8-002	440	3038	97870	86464
COUNTS	batchs201210m	5188	17910	349298	303381
COUNTS	rsyn0815m04m	5456	15756	184352	144170
COUNTS	syn40m	560	1528	5007	4829
COUNTS	knp5-44	2157	32604	3764003	3764003
COUNTS	ex1263a	94	390	2098	2098
COUNTS	st_e41	8	32	88	88
COUNTS	squfl025-030	2305	6000	42305	42305
COUNTS	wastewater05m1	98	536	11690	8005
COUNTS	cvxnonsep_psig20	20	380	2870	2870
COUNTS	meanvar-orl400_05_e_8	4405	171604	21923414	21922611
COUNTS	st_e31	301	744	4534	4257
COUNTS	pooling_sppc1pq	14100	477680	812210652	136686008
COUNTS	pooling_haverly1pq	31	96	412	403
COUNTS	graphpart_3g-0244-0244	128	672	33446	32534
COUNTS	graphpart_clique-20	80	1260	34885	27856
COUNTS	mpbp_48	28368	91016	33835023	16144599
COUNTS	pooling_sppb5pq	18529	674470	523815053	213571545
COUNTS	slay07m	497	1512	5740	5740
COUNTS	nvs19	24	200	1353	884
COUNTS	oil	3270	8430	36313	34760
COUNTS	squfl015-060	2775	7200	36400	36400
COUNTS	ndcc12persp	1112	5522	299115	284793
COUNTS	kissing2	20772	401024	156414018	156414018
COUNTS	nuclear25a	1942	16030	1977163	1136191
COUNTS	clay0204m	222	704	2330	2330
COUNTS	st_ph13	23	68	207	178
COUNTS	edgecross10-030	1053	4654	135854	100608
COUNTS	chain200	601	2396	8182	8182
COUNTS	ex1223b	25	66	178	178
COUNTS	slay09h	2718	7488	36057	32385
COUNTS	ndcc12	974	5982	345696	329556
COUNTS	kall_circlesrectangles_c6r39	1306	5378	75744	74610
COUNTS	squfl020-150	9170	24000	135020	135020
COUNTS	autocorr_bern40-30	43	1534	20034	20034
COUNTS	slay08m	660	2016	7796	7796
COUNTS	chimera_mgw-c16-2031-01	2032	15900	3328073	2600520
COUNTS	forest	713	2658	10614	10543
COUNTS	qspp_0_10_0_1_10_1	280	29636	1942907	1932414
COUNTS	st_ph1	16	58	274	233
COUNTS	elf	124	376	2733	2173
COUNTS	ex3_1_3	18	36	90	83
COUNTS	cvxnonsep_normcon40r	162	322	645	645
COUNTS	demo7	155	618	3579	3426
COUNTS	waternd2	615	2580	155674	74817
COUNTS	prolog	64	292	1245	1225
COUNTS	ex14_1_8	11	30	80	80
COUNTS	faclay75	272878	1379706	3204527350	3013800414
COUNTS	st_qpk3	55	548	5467	3762
COUNTS	mpbp_34	11556	40860	3093917	893365
COUNTS	cvxnonsep_normcon20r	82	162	325	325
COUNTS	cvxnonsep_psig20r	86	170	341	341
COUNTS	crudeoil_pooling_dt2	18742	75910	14985540	9947932
COUNTS	rsyn0805m03m	2868	8270	60979	54853
COUNTS	st_iqpbk1	22	98	295	295
COUNTS	waterund01	96	404	4546	3317
COUNTS	pointpack04	29	120	577	577
COUNTS	st_e22	12	30	77	70
COUNTS	faclay30	16678	82242	13452923	12850431
COUNTS	arki0002	4432	11248	683476	667374
COUNTS	transswitch0300p	11659	48446	404940	378674
COUNTS	crudeoil_pooling_dt3	30660	152210	48975085	33883414
COUNTS	gasprod_sarawak81	22536	75636	1030380	941231
COUNTS	maxcsp-langford-3-11	660	29646	33444033	10360919
COUNTS	p_ball_30b_5p_2d_h	1543	5224	25843	25742
COUNTS	ringpack_20_3	6709	45220	2415136	865627
COUNTS	waste	4825	21504	1468261	1270649
COUNTS	catmix400	2001	11192	36373	36364
COUNTS	rsyn0815m02hfsg	3054	7968	44604	41416
COUNTS	p_ball_10b_7p_3d_h	1236	4186	24380	23744
COUNTS	chimera_k64ising-02	1225	3846	613390	372954
COUNTS	batchs121208m	3404	11462	138030	128816
COUNTS	nvs02	11	46	142	142
COUNTS	wastepaper6	191	1416	16611	16611
COUNTS	syn15hfsg	399	1022	3300	3272
COUNTS	st_jcbpaf2	36	246	1635	1543
COUNTS	camshape400	2000	7188	16768	16768
COUNTS	graphpart_clique-30	120	2790	114505	91153
COUNTS	graphpart_clique-70	280	14910	1413012	1144894
COUNTS	smallinvDAXr1b010-011	39	1120	13510	13319
COUNTS	nd_netgen-2000-3-4-b-a-ns_7	22074	60000	289420	273394
COUNTS	slay05m	240	720	2635	2635
COUNTS	chimera_selby-c16-01	2031	10964	3605628	2431621
COUNTS	csched1	110	376	975	975
COUNTS	watercontamination0303r	1310	37028	2171882	2171882
COUNTS	ex9_2_4	15	36	117	117
COUNTS	sssd15-04	163	440	1625	1625
COUNTS	autocorr_bern35-35fix	38	1264	16214	16214
COUNTS	sfacloc2_4_90	1491	4500	31682	28843
COUNTS	cont6-qq	120395	557994	835894090	581918900
COUNTS	meanvar-orl400_05_e_7	5205	174804	21939414	21935811
COUNTS	glider400	10017	49624	373018	327551
COUNTS	syn40m04m	4960	13792	65982	63282
COUNTS	ex2_1_3	31	72	189	189
COUNTS	qapw	705	87496	12183146	12183146
COUNTS	himmel11	14	60	198	198
COUNTS	syn15m04m	1908	5288	26094	25187
COUNTS	pooling_rt2tp	118	654	5876	5796
COUNTS	waterund14	333	2204	200484	72184
COUNTS	crudeoil_lee4_10	17809	120632	294531623	184173410
COUNTS	pooling_foulds4pq	1294	8302	138692	138540
COUNTS	edgecross14-156	3097	19664	1487933	1376964
COUNTS	tspn08	72	668	11074	7600
COUNTS	crudeoil_li05	4225	14628	680022	533589
COUNTS	procurement1large	14416	41068	13858240	7376882
COUNTS	blend721	1428	4548	77560	66143
COUNTS	chimera_selby-c16-02	2031	10878	4280329	2299955
COUNTS	supplychainr1_053050	16640	57800	2173490	2173490
COUNTS	sfacloc2_4_80	5067	21424	93048	88884
COUNTS	st_e24	10	26	64	57
COUNTS	edgecross10-040	1053	5116	161851	143522
test ordering::probe::probe_timing_and_score has been running for over 60 seconds
COUNTS	sonet21v6	8232	40744	1643311	1585871
COUNTS	squfl010-080	2490	6400	27665	27665
COUNTS	genpooling_lee2	221	1048	19895	14028
COUNTS	popdynm25	2807	13904	360081	286846
COUNTS	chp_partload	5211	16740	509170	374408
COUNTS	qspp_0_14_0_1_10_1	560	120274	16119226	16021109
COUNTS	st_glmp_ss1	24	66	160	160
COUNTS	torsion50	2508	29808	1691033	1119177
COUNTS	st_rv2	40	340	2045	2045
COUNTS	emfl100_3_3	6885	15948	55506	55506
COUNTS	pedigree_sim400	351	23546	1183471	1183168
COUNTS	polygon75	5846	49652	1171822	1171822
COUNTS	gabriel10	244056	1148210	1365442310	1267760679
COUNTS	fo9_ar25_1	1049	4336	41668	38237
COUNTS	rsyn0840m	1159	3168	11274	10602
COUNTS	gancns	548	2800	69234	58861
COUNTS	o9_ar4_1	1049	4336	41668	38237
COUNTS	ex1265a	123	560	3948	3750
COUNTS	ex9_2_6	28	68	190	190
COUNTS	qspp_0_13_0_1_10_1	481	88522	10150185	10097446
COUNTS	slay04m	146	432	1554	1554
COUNTS	st_e25	20	92	336	262
COUNTS	ex8_4_1	32	100	225	225
COUNTS	st_e07	19	60	199	199
COUNTS	ex1225	26	66	171	161
COUNTS	ndcc13	969	5882	525212	324727
COUNTS	syn10m04m	1224	3384	13501	13473
COUNTS	ex5_2_4	18	62	204	193
COUNTS	st_m2	72	1226	16331	16331
COUNTS	st_bpk1	16	44	115	108
COUNTS	multiplants_stg1	736	3594	197998	155496
COUNTS	powerflow0300p	11251	41918	304705	292481
COUNTS	nd_netgen-3000-1-1-b-b-ns_7	33155	90000	922197	885186
COUNTS	sonet23v4	803	6462	139703	94348
COUNTS	pooling_sppa0pq	1649	24192	3745896	1234887
COUNTS	multiplants_mtg1b	645	4404	229415	152043
COUNTS	sssd18-08persp	338	1168	4654	4654
COUNTS	ex9_1_2	19	54	188	179
COUNTS	crudeoil_lee1_07	3670	19322	4746188	3542885
COUNTS	pooling_haverly1tp	31	96	423	403
COUNTS	waterund08	230	1290	35284	30110
COUNTS	kall_diffcircles_6	76	302	1511	1511
COUNTS	chimera_mgw-c8-439-onc8-001	440	3040	106479	80090
COUNTS	waterund11	160	828	14818	10705
COUNTS	chp_shorttermplan2d	16364	52108	4089003	2104724
COUNTS	sporttournament18	156	886	17568	13621
COUNTS	cvxnonsep_psig30	30	870	9455	9455
COUNTS	ringpack_20_2	6089	40368	1872174	707413
COUNTS	blend718	1386	4310	70355	61466
COUNTS	wastepaper4	115	724	9711	7183
COUNTS	squfl010-040persp	2450	7200	22825	22825
COUNTS	crudeoil_lee4_06	10429	55492	65337120	32948139
COUNTS	netmod_kar1	1746	4928	56838	43864
COUNTS	ex8_1_7	14	46	137	128
COUNTS	graphpart_3g-0333-0333	108	648	44928	36228
COUNTS	slay05h	760	2080	9815	8795
COUNTS	korcns	156	712	7241	6599
COUNTS	powerflow0118p	5065	18730	121503	117447
COUNTS	sfacloc2_3_80	4799	20600	84672	81119
COUNTS	rsyn0820m04m	6028	17372	196890	152992
COUNTS	hydroenergy1	1046	3024	14089	14089
COUNTS	maxmin	181	1440	8405	8405
COUNTS	st_ht	8	18	51	44
COUNTS	crudeoil_lee2_06	6418	34646	23299675	16680943
COUNTS	kan_r3_h1_n4	3183	14062	104945	98731
COUNTS	primary	378	5610	109639	95258
COUNTS	syn10m03hfsg	1071	2772	9890	9812
COUNTS	wastewater02m1	36	138	848	790
COUNTS	supplychainr1_022020	4620	15680	273140	273100
COUNTS	squfl025-025persp	3800	11250	49925	49925
COUNTS	ringpack_30_2	17999	121458	12394600	2873684
COUNTS	nuclear104	39098	257806	103156931	78332024
COUNTS	chp_shorttermplan1a	4952	15700	376486	301275
COUNTS	rocket50	555	3488	19983	19265
COUNTS	rsyn0840m04m	8508	24272	229914	186634
COUNTS	mpbp_21	11716	37660	1691114	1456963
COUNTS	orth_d4m6_pl	172	1096	10938	10703
COUNTS	kall_circlespolygons_c1p5b	1681	7432	201759	193841
COUNTS	acopf_case9241pegase_qcqp	313068	1292408	34647355	33736789
COUNTS	ex1223	33	82	244	244
COUNTS	ex6_1_4	10	48	197	153
COUNTS	powerflow0014r	403	1630	10761	10361
COUNTS	knp5-43	2065	31132	3517788	3517788
COUNTS	gabriel09	21688	89702	29373994	26366112
COUNTS	tln2	32	88	233	233
COUNTS	prob02	22	76	267	232
COUNTS	blend146	1422	4460	78102	64296
COUNTS	mpbp_46	4518	14492	499547	448091
COUNTS	tls6	413	2860	18483	17511
COUNTS	emfl100_5_5	21925	52300	221650	221650
COUNTS	qspp_0_11_0_1_10_1	341	44264	3563707	3531915
COUNTS	p_ball_10b_5p_4d_m	403	1484	13581	13288
COUNTS	st_rv9	90	840	6691	6321
COUNTS	rsyn0840m02m	3486	9576	47529	45077
COUNTS	nvs05	22	84	277	266
COUNTS	autocorr_bern25-19	28	612	5278	5278
COUNTS	sssd20-08persp	356	1232	4960	4960
COUNTS	multiplants_stg5	827	3804	377794	155722
COUNTS	chimera_rfr-02	2032	15140	3860441	2488944
COUNTS	multiplants_stg1a	726	3510	142058	121443
COUNTS	pooling_adhya4pq	170	932	24314	16556
COUNTS	nuclear10a	17493	163816	82406325	55754381
COUNTS	sonet24v5	874	7260	185654	110276
COUNTS	transswitch2736spr	69651	331010	7933133	7281507
COUNTS	chp_shorttermplan2a	8992	26288	821014	577543
COUNTS	catmix200	1001	5592	18173	18164
COUNTS	nvs23	27	252	1921	1221
COUNTS	oaer	20	40	107	107
COUNTS	hybriddynamic_fixed	168	388	1103	1103
COUNTS	edgecross24-115	16747	77352	35096942	28685704
COUNTS	space25	1178	4334	23567	22528
COUNTS	methanol400	23999	151728	2586036	1864047
COUNTS	pooling_foulds5tp	1218	8364	251833	171941
COUNTS	pooling_sppa9tp	5040	121302	104609262	16786762
COUNTS	st_miqp2	10	18	37	37
COUNTS	autocorr_bern30-23	33	878	8940	8940
COUNTS	mpbp_15	9858	31692	1496502	1197372
COUNTS	cvxnonsep_psig30r	126	250	501	501
COUNTS	rsyn0830hfsg	1590	4100	16168	15383
COUNTS	crudeoil_pooling_ct1	1271	4642	125127	93863
COUNTS	multiplants_stg1c	800	3894	150039	143020
COUNTS	st_pan1	11	32	123	94
COUNTS	multiplants_stg1b	814	3992	308612	187593
COUNTS	methanol200	11999	76128	1290836	905976
COUNTS	faclay35	26778	132380	33630126	32021838
COUNTS	emfl050_5_5	13175	32300	155400	155400
COUNTS	transswitch2383wpr	59853	277562	3946309	3861509
COUNTS	chimera_lga-01	1120	6400	668019	496610
COUNTS	gasprod_sarawak16	4596	15316	213850	196064
COUNTS	crudeoil_lee4_09	15904	101792	208785578	130655525
COUNTS	arki0013	44909	160172	390472987	157005417
COUNTS	st_m1	42	432	3097	3097
COUNTS	mpbp_47	5310	17098	730624	652248
COUNTS	rsyn0815m	821	2242	8260	7745
COUNTS	arki0016	7993	37208	878890	836006
COUNTS	st_glmp_ss2	18	48	121	121
COUNTS	rsyn0810m02hfsg	2670	6964	36862	34753
COUNTS	pointpack06	55	276	1497	1497
COUNTS	syn40m04hfsg	6328	16896	76232	73873
COUNTS	clay0304m	258	840	2742	2742
COUNTS	pooling_foulds5pq	1218	8300	159641	159641
COUNTS	clay0305hfsg	1000	2910	12260	11240
COUNTS	st_test8	64	232	2343	1964
COUNTS	gams05	17364	252910	6179750712	3259322396
COUNTS	sporttournament08	31	156	862	862
COUNTS	powerflow0030p	1121	4194	24944	23642
COUNTS	popdynm200	22407	105584	2567878	2436690
COUNTS	mpbp_35	11120	40790	3037207	977650
COUNTS	syn30m02m	1492	3936	13752	13455
COUNTS	wastewater13m1	481	3252	60135	60068
COUNTS	syn40hfsg	1022	2624	8432	8155
COUNTS	sep1	69	206	1097	1047
COUNTS	syn30m03m	2508	6804	26806	26552
COUNTS	st_qpc-m3a	30	304	2330	1574
COUNTS	crudeoil_pooling_ct3	2644	11426	1381490	867709
COUNTS	space25a	634	3246	29078	27875
COUNTS	autocorr_bern20-15	23	394	2784	2784
COUNTS	ex7_2_1	35	134	352	341
COUNTS	hydroenergy2	2092	6236	69051	55946
COUNTS	pooling_digabel19	514	5340	325989	277303
COUNTS	clay0203m	132	420	1348	1348
COUNTS	squfl030-150	13680	36000	252605	252605

--- every order() call, slowest first (TSV) ---
secs	matrix	n	nnz	ratio
1.1630	acopf_case9241pegase_qcqp	313068	1292408	0.9737
1.0389	gabriel10	244056	1148210	0.9285
0.9850	crudeoil_lee4_10	17809	120632	0.6253
0.9826	crudeoil_lee4_06	10429	55492	0.5043
0.9760	crudeoil_lee4_09	15904	101792	0.6258
0.9539	arki0016	7993	37208	0.9512
0.9453	transswitch0300p	11659	48446	0.9351
0.9414	nuclear104	39098	257806	0.7593
0.9197	arki0013	44909	160172	0.4021
0.8977	gams05	17364	252910	0.5274
0.8680	powerflow0300p	11251	41918	0.9599
0.8671	mpbp_35	11120	40790	0.3219
0.8639	mpbp_07	9532	30810	0.9127
0.8472	crudeoil_lee2_06	6418	34646	0.7159
0.8452	mpbp_48	28368	91016	0.4772
0.8418	chp_partload	5211	16740	0.7353
0.8364	pooling_sppc3pq	23173	893724	0.2822
0.8271	crudeoil_pooling_dt3	30660	152210	0.6919
0.8233	faclay75	272878	1379706	0.9405
0.8233	rsyn0840m04m	8508	24272	0.8118
0.7995	rsyn0805m03m	2868	8270	0.8995
0.7846	rsyn0810m02hfsg	2670	6964	0.9428
0.7832	crudeoil_pooling_ct3	2644	11426	0.6281
0.7805	sfacloc2_3_80	4799	20600	0.9580
0.7781	crudeoil_lee1_07	3670	19322	0.7465
0.7757	powerflow0118p	5065	18730	0.9666
0.7755	chimera_selby-c16-02	2031	10878	0.5373
0.7743	mpbp_15	9858	31692	0.8001
0.7701	popdynm200	22407	105584	0.9489
0.7700	hydroenergy2	2092	6236	0.8102
0.7698	nuclear10a	17493	163816	0.6766
0.7637	mpbp_21	11716	37660	0.8615
0.7602	chimera_selby-c16-01	2031	10964	0.6744
0.7537	gabriel09	21688	89702	0.8976
0.7525	gasprod_sarawak16	4596	15316	0.9168
0.7510	mpbp_47	5310	17098	0.8927
0.7480	mpbp_34	11556	40860	0.2887
0.7409	methanol200	11999	76128	0.7019
0.7379	chp_shorttermplan2d	16364	52108	0.5147
0.7288	sfacloc2_4_80	5067	21424	0.9552
0.7197	ringpack_30_2	17999	121458	0.2318
0.7177	rsyn0815m04m	5456	15756	0.7820
0.7119	gasprod_sarawak81	22536	75636	0.9135
0.7073	chimera_rfr-02	2032	15140	0.6447
0.7042	pinene200	19995	97990	0.8350
0.6934	chp_shorttermplan1a	4952	15700	0.8002
0.6919	crudeoil_pooling_dt2	18742	75910	0.6638
0.6886	rsyn0810m04m	4772	13836	0.7829
0.6860	syn40m04m	4960	13792	0.9591
0.6747	popdynm25	2807	13904	0.7966
0.6740	procurement1large	14416	41068	0.5323
0.6622	oil	3270	8430	0.9572
0.6609	chimera_k64ising-02	1225	3846	0.6080
0.6590	rsyn0820m02m	2486	6932	0.9339
0.6578	rsyn0815m02hfsg	3054	7968	0.9285
0.6405	crudeoil_li05	4225	14628	0.7847
0.6394	waste	4825	21504	0.8654
0.6392	rsyn0820m04m	6028	17372	0.7770
0.6367	batchs201210m	5188	17910	0.8685
0.6353	sporttournament48	1131	6676	0.6461
0.6346	chimera_mgw-c16-2031-01	2032	15900	0.7814
0.6294	pooling_sppb5pq	18529	674470	0.4077
0.6262	multiplants_stg1b	814	3992	0.6079
0.6238	pooling_sppa9tp	5040	121302	0.1605
0.6230	multiplants_stg5	827	3804	0.4122
0.6208	methanol400	23999	151728	0.7208
0.6196	multiplants_stg1a	726	3510	0.8549
0.6167	faclay35	26778	132380	0.9522
0.6164	netmod_kar1	1746	4928	0.7717
0.6144	multiplants_stg1	736	3594	0.7853
0.6144	sonet24v5	874	7260	0.5940
0.6090	transswitch2383wpr	59853	277562	0.9785
0.6082	syn30m03m	2508	6804	0.9905
0.6041	multiplants_stg1c	800	3894	0.9532
0.6008	ndcc12	974	5982	0.9533
0.5993	rsyn0840m02m	3486	9576	0.9484
0.5990	batchs121208m	3404	11462	0.9332
0.5969	rsyn0830m04m	7252	20752	0.8099
0.5951	multiplants_mtg1b	645	4404	0.6627
0.5875	sonet23v4	803	6462	0.6753
0.5864	arki0002	4432	11248	0.9764
0.5850	crudeoil_pooling_ct1	1271	4642	0.7501
0.5801	nuclear25a	1942	16030	0.5747
0.5788	chp_shorttermplan2a	8992	26288	0.7035
0.5763	chimera_lga-01	1120	6400	0.7434
0.5750	mpbp_46	4518	14492	0.8970
0.5747	edgecross24-115	16747	77352	0.8173
0.5709	ndcc13	969	5882	0.6183
0.5688	squfl015-060	2775	7200	1.0000
0.5607	p_ball_30b_7p_2d_h	2207	7516	0.9968
0.5601	kall_circlespolygons_c1p5b	1681	7432	0.9608
0.5600	unitcommit_200_100_1_mod_8	146830	476332	0.9764
0.5476	pooling_foulds5tp	1218	8364	0.6828
0.5464	squfl020-150	9170	24000	1.0000
0.5441	syn15m04m	1908	5288	0.9652
0.5430	nd_netgen-3000-1-1-b-b-ns_7	33155	90000	0.9599
0.5416	torsion50	2508	29808	0.6618
0.5379	rsyn0815m	821	2242	0.9377
0.5379	kan_r3_h1_n4	3183	14062	0.9408
0.5359	squfl010-040persp	2450	7200	1.0000
0.5331	transswitch2736spr	69651	331010	0.9179
0.5311	chimera_mgw-c8-439-onc8-001	440	3040	0.7522
0.5309	slay09h	2718	7488	0.8982
0.5292	risk2bpb	1462	5396	0.5574
0.5203	rsyn0830hfsg	1590	4100	0.9514
0.5194	blend146	1422	4460	0.8232
0.5167	gancns	548	2800	0.8502
0.5154	rocket50	555	3488	0.9641
0.5146	chimera_mgw-c8-439-onc8-002	440	3038	0.8835
0.5089	syn30m02m	1492	3936	0.9784
0.5064	clay0305hfsg	1000	2910	0.9168
0.5028	sonet21v6	8232	40744	0.9650
0.5004	qapw	705	87496	1.0000
0.4977	space25a	634	3246	0.9586
0.4975	pooling_sppa0pq	1649	24192	0.3297
0.4935	supplychainr1_022020	4620	15680	0.9999
0.4881	pooling_foulds4pq	1294	8302	0.9989
0.4837	ndcc12persp	1112	5522	0.9521
0.4802	forest	713	2658	0.9933
0.4755	pooling_digabel19	514	5340	0.8507
0.4746	faclay30	16678	82242	0.9552
0.4736	ringpack_20_3	6709	45220	0.3584
0.4723	kall_circlesrectangles_c6r39	1306	5378	0.9850
0.4675	squfl025-030	2305	6000	1.0000
0.4673	tls6	413	2860	0.9474
0.4601	pooling_foulds5pq	1218	8300	1.0000
0.4595	sporttournament18	156	886	0.7753
0.4581	korcns	156	712	0.9113
0.4567	maxcsp-langford-3-11	660	29646	0.3098
0.4560	glider400	10017	49624	0.8781
0.4540	waternd2	615	2580	0.4806
0.4536	pooling_sppc1pq	14100	477680	0.1683
0.4523	squfl010-080	2490	6400	1.0000
0.4523	syn40m04hfsg	6328	16896	0.9691
0.4516	syn15hfsg	399	1022	0.9915
0.4476	slay05h	760	2080	0.8961
0.4476	ex8_3_9	123	834	0.7643
0.4472	powerflow0030p	1121	4194	0.9478
0.4446	cont6-qq	120395	557994	0.6962
0.4423	rsyn0840m	1159	3168	0.9404
0.4414	ringpack_20_2	6089	40368	0.3779
0.4386	edgecross10-030	1053	4654	0.7406
0.4345	wastewater13m1	481	3252	0.9989
0.4337	clay0204hfsg	590	1696	0.9116
0.4328	wastepaper4	115	724	0.7397
0.4306	syn40m	560	1528	0.9644
0.4302	sonetgr17	440	2958	0.8190
0.4278	emfl100_5_5	21925	52300	1.0000
0.4220	ex1265a	123	560	0.9498
0.4161	nd_netgen-2000-3-4-b-a-ns_7	22074	60000	0.9446
0.4150	waterund01	96	404	0.7297
0.4139	st_e31	301	744	0.9389
0.4122	powerflow0014r	403	1630	0.9628
0.4113	pooling_sppa9pq	5030	120730	0.6312
0.4105	p_ball_30b_5p_2d_h	1543	5224	0.9961
0.4075	syn40hfsg	1022	2624	0.9671
0.4065	blend721	1428	4548	0.8528
0.4042	kissing2	20772	401024	1.0000
0.4029	sfacloc2_4_90	1491	4500	0.9104
0.4006	waterund14	333	2204	0.3600
0.3996	demo7	155	618	0.9573
0.3986	p_ball_10b_5p_2d_m	293	964	0.9848
0.3963	wastepaper6	191	1416	1.0000
0.3954	waterund11	160	828	0.7224
0.3934	blend718	1386	4310	0.8737
0.3931	edgecross10-040	1053	5116	0.8868
0.3919	edgecross14-156	3097	19664	0.9254
0.3915	emfl100_3_3	6885	15948	1.0000
0.3914	graphpart_clique-30	120	2790	0.7961
0.3898	prolog	64	292	0.9839
0.3887	wastewater05m1	98	536	0.6848
0.3878	supplychainr1_053050	16640	57800	1.0000
0.3874	slay08m	660	2016	1.0000
0.3870	p_ball_10b_5p_4d_m	403	1484	0.9784
0.3862	syn10m04m	1224	3384	0.9979
0.3837	syn10m03hfsg	1071	2772	0.9921
0.3809	space25	1178	4334	0.9559
0.3808	pooling_rt2tp	118	654	0.9864
0.3806	knp5-43	2065	31132	1.0000
0.3786	p_ball_10b_7p_3d_h	1236	4186	0.9739
0.3784	graphpart_clique-20	80	1260	0.7985
0.3773	squfl025-025persp	3800	11250	1.0000
0.3754	squfl015-080persp	7295	21600	1.0000
0.3745	st_rv9	90	840	0.9447
0.3715	primary	378	5610	0.8688
0.3711	sssd20-08persp	356	1232	1.0000
0.3706	sssd25-08	401	1200	1.0000
0.3677	st_test8	64	232	0.8382
0.3669	sssd18-08persp	338	1168	1.0000
0.3667	edgecross10-090	1053	5204	0.8181
0.3660	fo9_ar25_1	1049	4336	0.9177
0.3620	clay0203m	132	420	1.0000
0.3594	o9_ar4_1	1049	4336	0.9177
0.3587	slay07m	497	1512	1.0000
0.3583	slay04m	146	432	1.0000
0.3568	graphpart_3g-0244-0244	128	672	0.9727
0.3564	edgecross10-080	1053	5940	0.9638
0.3563	pooling_adhya4pq	170	932	0.6809
0.3558	chain200	601	2396	1.0000
0.3545	hydroenergy1	1046	3024	1.0000
0.3530	genpooling_lee2	221	1048	0.7051
0.3470	clay0304m	258	840	1.0000
0.3470	csched1	110	376	1.0000
0.3469	orth_d4m6_pl	172	1096	0.9785
0.3460	clay0204m	222	704	1.0000
0.3452	catmix400	2001	11192	0.9998
0.3438	slay06m	357	1080	1.0000
0.3429	ex1263a	94	390	1.0000
0.3424	maxcsp-ehi-85-297-71	2372	207996	0.8040
0.3421	slay05m	240	720	1.0000
0.3398	wastewater02m1	36	138	0.9316
0.3391	st_m2	72	1226	1.0000
0.3358	lop97icx	1073	2118	0.8078
0.3353	waterund08	230	1290	0.8534
0.3351	ex8_4_1	32	100	1.0000
0.3342	elf	124	376	0.7951
0.3331	sep1	69	206	0.9544
0.3319	st_rv2	40	340	1.0000
0.3295	sssd15-04	163	440	1.0000
0.3272	ex1223	33	82	1.0000
0.3243	graphpart_3g-0333-0333	108	648	0.8064
0.3236	tspn08	72	668	0.6863
0.3220	pooling_adhya4tp	170	936	0.7667
0.3218	sporttournament08	31	156	1.0000
0.3208	hybriddynamic_fixed	168	388	1.0000
0.3203	ex7_2_1	35	134	0.9688
0.3159	squfl030-150	13680	36000	1.0000
0.3135	pooling_haverly1pq	31	96	0.9782
0.3125	tln2	32	88	1.0000
0.3094	st_bpaf1a	30	120	0.9310
0.3073	knp5-44	2157	32604	1.0000
0.3049	catmix200	1001	5592	0.9995
0.3046	graphpart_clique-70	280	14910	0.8103
0.3009	ex2_1_3	31	72	1.0000
0.2998	ex9_1_2	19	54	0.9521
0.2998	pooling_haverly1tp	31	96	0.9527
0.2992	st_jcbpaf2	36	246	0.9437
0.2992	qspp_0_14_0_1_10_1	560	120274	0.9939
0.2985	ex1223b	25	66	1.0000
0.2981	ex9_2_6	28	68	1.0000
0.2943	ex1225	26	66	0.9415
0.2916	st_e07	19	60	1.0000
0.2910	maxmin	181	1440	1.0000
0.2848	nvs05	22	84	0.9603
0.2841	chain400	1201	4796	1.0000
0.2822	prob02	22	76	0.8689
0.2785	pointpack04	29	120	1.0000
0.2782	st_m1	42	432	1.0000
0.2775	ex5_2_4	18	62	0.9461
0.2729	emfl050_5_5	13175	32300	1.0000
0.2717	pointpack06	55	276	1.0000
0.2715	kall_diffcircles_6	76	302	1.0000
0.2630	oaer	20	40	1.0000
0.2595	st_glmp_ss1	24	66	1.0000
0.2593	meanvar-orl400_05_e_7	5205	174804	0.9998
0.2587	st_glmp_ss2	18	48	1.0000
0.2585	ex3_1_3	18	36	0.9222
0.2572	st_bpk1	16	44	0.9391
0.2531	st_ph1	16	58	0.8504
0.2525	meanvar-orl400_05_e_8	4405	171604	1.0000
0.2460	st_ph13	23	68	0.8599
0.2447	ex9_2_4	15	36	1.0000
0.2368	ex6_1_4	10	48	0.7766
0.2362	qspp_0_13_0_1_10_1	481	88522	0.9948
0.2351	himmel11	14	60	1.0000
0.2322	ex8_1_7	14	46	0.9343
0.2276	st_qpk3	55	548	0.6881
0.2265	st_pan1	11	32	0.7642
0.2258	nvs02	11	46	1.0000
0.2242	st_bsj2	13	40	0.7972
0.2241	ex14_1_8	11	30	1.0000
0.2173	st_ht	8	18	0.8627
0.2165	qspp_0_10_0_1_10_1	280	29636	0.9946
0.2044	st_e22	12	30	0.9091
0.1989	qspp_0_11_0_1_10_1	341	44264	0.9911
0.1786	qap	255	43748	0.9599
0.1590	watercontamination0303r	1310	37028	1.0000
0.0003	polygon75	5846	49652	1.0000
0.0001	pedigree_sim400	351	23546	0.9997
0.0000	camshape400	2000	7188	1.0000
0.0000	autocorr_bern40-30	43	1534	1.0000
0.0000	autocorr_bern30-23	33	878	1.0000
0.0000	autocorr_bern35-35fix	38	1264	1.0000
0.0000	smallinvDAXr1b010-011	39	1120	0.9859
0.0000	autocorr_bern25-19	28	612	1.0000
0.0000	cvxnonsep_psig30	30	870	1.0000
0.0000	autocorr_bern20-15	23	394	1.0000
0.0000	st_qpc-m3a	30	304	0.6755
0.0000	cvxnonsep_psig20	20	380	1.0000
0.0000	nvs23	27	252	0.6356
0.0000	nvs19	24	200	0.6534
0.0000	st_iqpbk1	22	98	1.0000
0.0000	cvxnonsep_normcon40r	162	322	1.0000
0.0000	st_e25	20	92	0.7798
0.0000	st_e41	8	32	1.0000
0.0000	cvxnonsep_normcon20r	82	162	1.0000
0.0000	cvxnonsep_psig30r	126	250	1.0000
0.0000	st_e24	10	26	0.8906
0.0000	st_miqp2	10	18	1.0000
0.0000	cvxnonsep_psig20r	86	170	1.0000
matrices under 0.010s: 23/300
matrices under 0.050s: 23/300
matrices under 0.100s: 23/300
matrices under 0.200s: 26/300
matrices under 0.400s: 140/300

--- per-bucket ---
lt_1k    count=147   geomean=0.8874
1k_10k   count=108   geomean=0.8391
gt_10k   count=45    geomean=0.6856
SCORE = 0.792188
WORST order() = 1.163 s
test ordering::probe::probe_timing_and_score ... ok

test result: ok. 1 passed; 0 failed; 0 ignored; 0 measured; 163 filtered out; finished in 137.21s

