warning: unused doc comment
   --> candidate-worker/src/../../src/ordering/mod.rs:963:1
    |
963 | / /// TEST-ONLY sweep switch for the mid-size `rgreedy` stream opened by the 0154
964 | | /// engine census. Returns `(ops_budget, gate_variant, stream_count)`; a zero
965 | | /// budget disables the stream, which is what production compiles to — the
966 | | /// switch can never change a submitted ordering. Configured through
967 | | /// `SSI_MID_ENGINE="<variant>:<budget>[:<streams>]"` so one build can sweep
968 | | /// several gate/budget points.
    | |_------------------------------^
    |   |
    |   rustdoc does not generate documentation for macro invocations
    |
    = help: to document an item produced by a macro, the macro must produce the documentation as part of its expansion
    = note: `#[warn(unused_doc_comments)]` (part of `#[warn(unused)]`) on by default

warning: unused doc comment
    --> candidate-worker/src/../../src/ordering/mod.rs:1231:1
     |
1231 | / /// TEST-ONLY kill switch for the heavy-tier arm (metrics + no-dense AMD +
1232 | | /// extra AMF α), so a probe can A/B the arm in one process.
     | |_-----------------------------------------------------------^
     |   |
     |   rustdoc does not generate documentation for macro invocations
     |
     = help: to document an item produced by a macro, the macro must produce the documentation as part of its expansion

warning: unused doc comment
   --> candidate-worker/src/../../src/ordering/parallel.rs:321:1
    |
321 | / /// TEST-ONLY switch forcing every batch onto the sequential path, so a probe
322 | | /// can run the SAME `order()` both ways in one process and compare the
323 | | /// returned permutations element by element. Production builds compile
324 | | /// [`force_sequential`] down to a constant `false`.
    | |_---------------------------------------------------^
    |   |
    |   rustdoc does not generate documentation for macro invocations
    |
    = help: to document an item produced by a macro, the macro must produce the documentation as part of its expansion

warning: unused doc comment
   --> candidate-worker/src/../../src/ordering/parallel.rs:355:1
    |
355 | / /// TEST-ONLY per-phase wall-clock marks: `phase_mark(label, t0)` appends
356 | | /// `(label, secs since t0)`; `phase_take()` drains them. Lets a probe see which
357 | | /// stage of `order()` sets a row's critical path. Never compiled into the
358 | | /// shipped binary.
    | |_------------------^
    |   |
    |   rustdoc does not generate documentation for macro invocations
    |
    = help: to document an item produced by a macro, the macro must produce the documentation as part of its expansion

warning: unused doc comment
    --> candidate-worker/src/../../src/ordering/mod.rs:4854:5
     |
4854 | /     /// ── 0192: the window is the frontier's own chain scope ─────────────────
4855 | |     /// The chain no longer reaches above n = 10 000 (see `PEO_ALT_MAX_N`), so
4856 | |     /// the draw takes over the whole band the chain used to own. Measured on the
4857 | |     /// 300 dev rows: with the window at 50 000 instead of 12 000 the draw adds
...    |
4863 | |     /// spender there), and its worst row is 1.127 s against the frontier's
4864 | |     /// 1.160 s base, so the wide band stays below the frontier's own footprint.
     | |________________________________________________________________________________^
4865 |       #[cfg(test)]
4866 | /     let window_n: usize = std::env::var("SSI_TERM_WIN_N")
4867 | |         .ok()
4868 | |         .and_then(|v| v.trim().parse::<usize>().ok())
4869 | |         .unwrap_or(50_000);
     | |___________________________- rustdoc does not generate documentation for statements
     |
     = help: use `//` for a plain comment

warning: unused doc comment
    --> candidate-worker/src/../../src/ordering/mod.rs:4965:9
     |
4965 | /         /// `nnz < 3n` = the sparse band of the 0184 price law (66 of the 300 dev
4966 | |         /// rows, all of them in-window). Structural, never per-matrix.
     | |_______________________________________________________________________^
4967 | /         let shipped_ladder = || {
4968 | |             if nnz < 3 * n {
4969 | |                 SHIPPED_SPARSE_LADDER.to_vec()
4970 | |             } else {
...    |
4973 | |         };
     | |__________- rustdoc does not generate documentation for statements
     |
     = help: use `//` for a plain comment

warning: variable does not need to be mutable
    --> candidate-worker/src/../../src/ordering/probe.rs:4140:9
     |
4140 |     let mut next = |s: &mut u64| -> u64 {
     |         ----^^^^
     |         |
     |         help: remove this `mut`
     |
     = note: `#[warn(unused_mut)]` (part of `#[warn(unused)]`) on by default

warning: value assigned to `d` is never read
   --> candidate-worker/src/../../src/ordering/rgreedy.rs:396:29
    |
396 |                 let mut d = 0u32;
    |                             ^^^^
    |
    = help: maybe it is overwritten before being read?
    = note: `#[warn(unused_assignments)]` (part of `#[warn(unused)]`) on by default

warning: constant `SUBTREE_MAX_N` is never used
   --> candidate-worker/src/../../src/ordering/mod.rs:595:7
    |
595 | const SUBTREE_MAX_N: usize = 250_000;
    |       ^^^^^^^^^^^^^
    |
    = note: `#[warn(dead_code)]` (part of `#[warn(unused)]`) on by default

warning: function `refine` is never used
  --> candidate-worker/src/../../src/ordering/completion.rs:12:15
   |
12 | pub(super) fn refine(
   |               ^^^^^^

warning: type alias `PermFn` is never used
  --> candidate-worker/src/../../src/ordering/parallel.rs:80:17
   |
80 | pub(crate) type PermFn<'a> = Box<dyn Fn() -> Option<Vec<usize>> + Sync + 'a>;
   |                 ^^^^^^

warning: function `run_perms` is never used
   --> candidate-worker/src/../../src/ordering/parallel.rs:175:15
    |
175 | pub(crate) fn run_perms(
    |               ^^^^^^^^^

warning: function `accept` is never used
   --> candidate-worker/src/../../src/ordering/parallel.rs:300:15
    |
300 | pub(crate) fn accept(results: &mut [CandOut], best_flops: &mut u64, best_perm: &mut Vec<usize>) -> bool {
    |               ^^^^^^

warning: function `minl_is_clique` is never used
   --> candidate-worker/src/../../src/ordering/minl.rs:136:4
    |
136 | fn minl_is_clique(adj: &[Vec<u32>], c: &[u32], ops: &mut i64) -> bool {
    |    ^^^^^^^^^^^^^^

warning: function `minl_try_delete_edge` is never used
   --> candidate-worker/src/../../src/ordering/minl.rs:232:4
    |
232 | fn minl_try_delete_edge(
    |    ^^^^^^^^^^^^^^^^^^^^

warning: function `run_sequential_180` is never used
   --> candidate-worker/src/../../src/ordering/indep_first.rs:600:4
    |
600 | fn run_sequential_180(sp: &ScoringPattern, ledger: u64) -> Option<(u64, Vec<usize>)> {
    |    ^^^^^^^^^^^^^^^^^^

warning: `ssi-candidate-worker` (bin "ssi-candidate-worker" test) generated 16 warnings (run `cargo fix --bin "ssi-candidate-worker" -p ssi-candidate-worker --tests` to apply 1 suggestion)
    Finished `release` profile [optimized] target(s) in 0.01s
     Running unittests src/main.rs (target/release/deps/ssi_candidate_worker-9bc17c144118ca64)

running 1 test
test ordering::probe::probe_timing_and_score ... LADGATE	20000	0	1.327	0
PHASES	ood_rand_d10_n20000	1.3289	1.portfolio=0.3693/0.9843	1b.indep=0.6607/0.9843	2.descent=0.0031/0.9843	3.search=0.0031/0.9843	4.subtree=0.0128/0.9843	4b.indep-accept=0.0030/0.9843	5.terminal=0.0160/0.9843	6.extra=0.0030/0.9843	7.telos=0.0030/0.9843	8.cleanup=0.0031/0.9843	9.reduce=0.0800/0.9843	10.completion=0.0030/0.9843	11.corecand=0.0030/0.9843	12.peo=0.0085/0.9843	13p.prep=0.0415/0.0000	13p.seeds=8.0000/0.0000	13p.rounds=8.0000/0.0000	13p.ledger=0.0000/0.0000	13p.recon=0.0000/0.0000	13p.mcs=0.0000/0.0000	13.alt=0.0476/0.9843	14.transplant=0.0157/0.9843	15.minl=0.0271/0.9843	15.peel=0.0030/0.9843	16.late=0.0030/0.9843	17.final=0.0132/0.9843	18.simp=0.0029/0.9843	19.five=0.0030/0.9843	20.lt1k=0.0029/0.9843	21.comp=0.0030/0.9843	22.win=0.0030/0.9843	final=0.9843
COUNTS	ood_rand_d10_n20000	20000	200000	343832763324	338423625140
PHASES	ood_rand_d20_n20000	1.7554	1.portfolio=0.1623/0.9961	1b.indep=1.3324/0.9961	2.descent=0.0048/0.9961	3.search=0.0047/0.9961	4.subtree=0.0184/0.9961	4b.indep-accept=0.0047/0.9961	5.terminal=0.0048/0.9961	6.extra=0.0048/0.9961	7.telos=0.0047/0.9961	8.cleanup=0.0047/0.9961	9.reduce=0.0156/0.9961	10.completion=0.0049/0.9961	11.corecand=0.0046/0.9961	12.peo=0.0123/0.9961	13p.prep=0.0222/0.0000	13p.seeds=3.0000/0.0000	13p.rounds=3.0000/0.0000	13p.ledger=0.0000/0.0000	13p.recon=0.0000/0.0000	13p.mcs=0.0000/0.0000	13.alt=0.0318/0.9961	14.transplant=0.0047/0.9961	15.minl=0.0216/0.9961	15.peel=0.0047/0.9961	16.late=0.0048/0.9961	17.final=0.0047/0.9961	18.simp=0.0047/0.9961	19.five=0.0048/0.9961	20.lt1k=0.0047/0.9961	21.comp=0.0047/0.9961	22.win=0.0047/0.9961	final=0.9961
COUNTS	ood_rand_d20_n20000	20000	400000	850679226678	847375675045
LADGATE	8200	0	1.589	0
PHASES	ood_kkt_b40x200+200	1.5899	1.portfolio=0.6383/0.9807	1b.indep=0.5413/0.9807	2.descent=0.0015/0.9807	3.search=0.0015/0.9807	4.subtree=0.0272/0.9798	4b.indep-accept=0.0015/0.9798	5.terminal=0.0087/0.9798	6.extra=0.0015/0.9798	7.telos=0.0015/0.9798	8.cleanup=0.0015/0.9798	9.reduce=0.1245/0.9795	10.completion=0.0042/0.9795	11.corecand=0.0015/0.9795	12.peo=0.0043/0.9795	13p.prep=0.0307/0.0000	13p.seeds=8.0000/0.0000	13p.rounds=11.0000/0.0000	13p.ledger=3902988.0000/0.0000	13p.recon=0.0175/0.0000	13p.mcs=0.0372/0.0000	13.alt=0.0981/0.9754	14.transplant=0.0147/0.9604	15.minl=0.0162/0.9604	15.peel=0.0015/0.9604	16.late=0.0015/0.9604	17.final=0.0328/0.9600	18.simp=0.0020/0.9600	19.five=0.0021/0.9600	20.lt1k=0.0017/0.9600	21.comp=0.0015/0.9600	22.win=0.0192/0.9600	final=0.9599
COUNTS	ood_kkt_b40x200+200	8200	143754	246166792	236291435
PHASES	ood_kkt_b200x200+400	9.8757	1.portfolio=4.4214/0.9913	1b.indep=1.3428/0.9913	2.descent=0.0076/0.9913	3.search=0.0074/0.9913	4.subtree=0.0391/0.9913	4b.indep-accept=0.0074/0.9913	5.terminal=0.0074/0.9913	6.extra=0.0073/0.9913	7.telos=0.0078/0.9913	8.cleanup=0.0073/0.9913	9.reduce=2.5357/0.9913	10.completion=0.0074/0.9913	11.corecand=0.0074/0.9913	12.peo=0.0223/0.9913	13p.prep=0.0576/0.0000	13p.seeds=4.0000/0.0000	13p.rounds=4.0000/0.0000	13p.ledger=0.0000/0.0000	13p.recon=0.0000/0.0000	13p.mcs=0.0000/0.0000	13.alt=0.0726/0.9913	14.transplant=0.0073/0.9913	15.minl=0.0148/0.9913	15.peel=0.0077/0.9913	16.late=0.0078/0.9913	17.final=0.0075/0.9913	18.simp=0.0076/0.9913	19.five=0.0076/0.9913	20.lt1k=0.0075/0.9913	21.comp=0.0075/0.9913	22.win=0.0076/0.9913	final=0.9913
COUNTS	ood_kkt_b200x200+400	40400	797550	3149459475	3122064589
PHASES	ood_ba_m6_n40000	6.2968	1.portfolio=5.5036/0.9829	1b.indep=0.1723/0.9829	2.descent=0.0045/0.9829	3.search=0.0045/0.9829	4.subtree=0.2134/0.9818	4b.indep-accept=0.0043/0.9818	5.terminal=0.0038/0.9818	6.extra=0.0041/0.9818	7.telos=0.0038/0.9818	8.cleanup=0.0041/0.9818	9.reduce=0.0158/0.9818	10.completion=0.0039/0.9818	11.corecand=0.0039/0.9818	12.peo=0.0135/0.9818	13p.prep=0.0704/0.0000	13p.seeds=7.0000/0.0000	13p.rounds=7.0000/0.0000	13p.ledger=3998454.0000/0.0000	13p.recon=0.0270/0.0000	13p.mcs=0.0414/0.0000	13.alt=0.1635/0.9818	14.transplant=0.0040/0.9818	15.minl=0.0216/0.9818	15.peel=0.0040/0.9818	16.late=0.0039/0.9818	17.final=0.0040/0.9818	18.simp=0.0039/0.9818	19.five=0.0040/0.9818	20.lt1k=0.0041/0.9818	21.comp=0.0041/0.9818	22.win=0.0040/0.9818	final=0.9818
COUNTS	ood_ba_m6_n40000	40000	479958	1034421227	1015584733

--- every order() call, slowest first (TSV) ---
secs	matrix	n	nnz	ratio
9.8757	ood_kkt_b200x200+400	40400	797550	0.9913
6.2968	ood_ba_m6_n40000	40000	479958	0.9818
1.7554	ood_rand_d20_n20000	20000	400000	0.9961
1.5899	ood_kkt_b40x200+200	8200	143754	0.9599
1.3289	ood_rand_d10_n20000	20000	200000	0.9843
matrices under 0.010s: 0/5
matrices under 0.050s: 0/5
matrices under 0.100s: 0/5
matrices under 0.200s: 0/5
matrices under 0.400s: 0/5

--- per-bucket ---
1k_10k   count=1     geomean=0.9599
gt_10k   count=4     geomean=0.9884
SCORE = 0.976152
WORST order() = 9.876 s
ok

test result: ok. 1 passed; 0 failed; 0 ignored; 0 measured; 163 filtered out; finished in 23.00s

