warning: unused doc comment
    --> candidate-worker/src/../../src/ordering/mod.rs:1081:1
     |
1081 | / /// TEST-ONLY sweep switch for the mid-size `rgreedy` stream opened by the 0154
1082 | | /// engine census. Returns `(ops_budget, gate_variant, stream_count)`; a zero
1083 | | /// budget disables the stream, which is what production compiles to — the
1084 | | /// switch can never change a submitted ordering. Configured through
1085 | | /// `SSI_MID_ENGINE="<variant>:<budget>[:<streams>]"` so one build can sweep
1086 | | /// several gate/budget points.
     | |_------------------------------^
     |   |
     |   rustdoc does not generate documentation for macro invocations
     |
     = help: to document an item produced by a macro, the macro must produce the documentation as part of its expansion
     = note: `#[warn(unused_doc_comments)]` (part of `#[warn(unused)]`) on by default

warning: unused doc comment
    --> candidate-worker/src/../../src/ordering/mod.rs:1349:1
     |
1349 | / /// TEST-ONLY kill switch for the heavy-tier arm (metrics + no-dense AMD +
1350 | | /// extra AMF α), so a probe can A/B the arm in one process.
     | |_-----------------------------------------------------------^
     |   |
     |   rustdoc does not generate documentation for macro invocations
     |
     = help: to document an item produced by a macro, the macro must produce the documentation as part of its expansion

warning: unused doc comment
   --> candidate-worker/src/../../src/ordering/parallel.rs:321:1
    |
321 | / /// TEST-ONLY switch forcing every batch onto the sequential path, so a probe
322 | | /// can run the SAME `order()` both ways in one process and compare the
323 | | /// returned permutations element by element. Production builds compile
324 | | /// [`force_sequential`] down to a constant `false`.
    | |_---------------------------------------------------^
    |   |
    |   rustdoc does not generate documentation for macro invocations
    |
    = help: to document an item produced by a macro, the macro must produce the documentation as part of its expansion

warning: unused doc comment
   --> candidate-worker/src/../../src/ordering/parallel.rs:355:1
    |
355 | / /// TEST-ONLY per-phase wall-clock marks: `phase_mark(label, t0)` appends
356 | | /// `(label, secs since t0)`; `phase_take()` drains them. Lets a probe see which
357 | | /// stage of `order()` sets a row's critical path. Never compiled into the
358 | | /// shipped binary.
    | |_------------------^
    |   |
    |   rustdoc does not generate documentation for macro invocations
    |
    = help: to document an item produced by a macro, the macro must produce the documentation as part of its expansion

warning: unused doc comment
    --> candidate-worker/src/../../src/ordering/mod.rs:4975:5
     |
4975 | /     /// ── 0192: the window is the frontier's own chain scope ─────────────────
4976 | |     /// The chain no longer reaches above n = 10 000 (see `PEO_ALT_MAX_N`), so
4977 | |     /// the draw takes over the whole band the chain used to own. Measured on the
4978 | |     /// 300 dev rows: with the window at 50 000 instead of 12 000 the draw adds
...    |
4984 | |     /// spender there), and its worst row is 1.127 s against the frontier's
4985 | |     /// 1.160 s base, so the wide band stays below the frontier's own footprint.
     | |________________________________________________________________________________^
4986 |       #[cfg(test)]
4987 | /     let window_n: usize = std::env::var("SSI_TERM_WIN_N")
4988 | |         .ok()
4989 | |         .and_then(|v| v.trim().parse::<usize>().ok())
4990 | |         .unwrap_or(50_000);
     | |___________________________- rustdoc does not generate documentation for statements
     |
     = help: use `//` for a plain comment

warning: unused doc comment
    --> candidate-worker/src/../../src/ordering/mod.rs:5108:9
     |
5108 | /         /// `nnz < 3n` = the sparse band of the 0184 price law (66 of the 300 dev
5109 | |         /// rows, all of them in-window). Structural, never per-matrix.
     | |_______________________________________________________________________^
5110 | /         let shipped_ladder = || {
5111 | |             if nnz < 3 * n {
5112 | |                 SHIPPED_SPARSE_LADDER.to_vec()
5113 | |             } else {
...    |
5116 | |         };
     | |__________- rustdoc does not generate documentation for statements
     |
     = help: use `//` for a plain comment

warning: variable does not need to be mutable
    --> candidate-worker/src/../../src/ordering/probe.rs:4142:9
     |
4142 |     let mut next = |s: &mut u64| -> u64 {
     |         ----^^^^
     |         |
     |         help: remove this `mut`
     |
     = note: `#[warn(unused_mut)]` (part of `#[warn(unused)]`) on by default

warning: value assigned to `d` is never read
   --> candidate-worker/src/../../src/ordering/rgreedy.rs:396:29
    |
396 |                 let mut d = 0u32;
    |                             ^^^^
    |
    = help: maybe it is overwritten before being read?
    = note: `#[warn(unused_assignments)]` (part of `#[warn(unused)]`) on by default

warning: constant `SUBTREE_MAX_N` is never used
   --> candidate-worker/src/../../src/ordering/mod.rs:713:7
    |
713 | const SUBTREE_MAX_N: usize = 250_000;
    |       ^^^^^^^^^^^^^
    |
    = note: `#[warn(dead_code)]` (part of `#[warn(unused)]`) on by default

warning: function `refine` is never used
  --> candidate-worker/src/../../src/ordering/completion.rs:12:15
   |
12 | pub(super) fn refine(
   |               ^^^^^^

warning: type alias `PermFn` is never used
  --> candidate-worker/src/../../src/ordering/parallel.rs:80:17
   |
80 | pub(crate) type PermFn<'a> = Box<dyn Fn() -> Option<Vec<usize>> + Sync + 'a>;
   |                 ^^^^^^

warning: function `run_perms` is never used
   --> candidate-worker/src/../../src/ordering/parallel.rs:175:15
    |
175 | pub(crate) fn run_perms(
    |               ^^^^^^^^^

warning: function `accept` is never used
   --> candidate-worker/src/../../src/ordering/parallel.rs:300:15
    |
300 | pub(crate) fn accept(results: &mut [CandOut], best_flops: &mut u64, best_perm: &mut Vec<usize>) -> bool {
    |               ^^^^^^

warning: function `minl_is_clique` is never used
   --> candidate-worker/src/../../src/ordering/minl.rs:136:4
    |
136 | fn minl_is_clique(adj: &[Vec<u32>], c: &[u32], ops: &mut i64) -> bool {
    |    ^^^^^^^^^^^^^^

warning: function `minl_try_delete_edge` is never used
   --> candidate-worker/src/../../src/ordering/minl.rs:232:4
    |
232 | fn minl_try_delete_edge(
    |    ^^^^^^^^^^^^^^^^^^^^

warning: function `run_sequential_180` is never used
   --> candidate-worker/src/../../src/ordering/indep_first.rs:600:4
    |
600 | fn run_sequential_180(sp: &ScoringPattern, ledger: u64) -> Option<(u64, Vec<usize>)> {
    |    ^^^^^^^^^^^^^^^^^^

warning: function `reset` is never used
   --> candidate-worker/src/../../src/ordering/mod.rs:460:19
    |
460 |     pub(crate) fn reset() {
    |                   ^^^^^

warning: `ssi-candidate-worker` (bin "ssi-candidate-worker" test) generated 17 warnings (run `cargo fix --bin "ssi-candidate-worker" -p ssi-candidate-worker --tests` to apply 1 suggestion)
    Finished `release` profile [optimized] target(s) in 0.04s
     Running unittests src/main.rs (target/release/deps/ssi_candidate_worker-9bc17c144118ca64)

running 1 test
test ordering::probe::probe_timing_and_score ... LADGATE	1600	10000	0.444	1
COUNTS	ood_grid2d_40	1600	6240	504745	391729
LADGATE	6400	10000	0.584	1
COUNTS	ood_grid2d_80	6400	25280	6036298	3817653
LADGATE	16900	10000	0.566	0
COUNTS	ood_grid2d_130	16900	67080	27469516	17126042
LADGATE	40000	10000	0.603	0
COUNTS	ood_grid2d_200	40000	159200	111966993	70424695
COUNTS	ood_grid2d_320	102400	408320	540215046	288696704
LADGATE	4096	10000	0.928	1
COUNTS	ood_grid3d_16	4096	23040	60004644	44067332
LADGATE	17576	10000	0.704	0
COUNTS	ood_grid3d_26	17576	101400	1912180431	1261674182
COUNTS	ood_grid3d_40	64000	374400	32704523648	22590905706
LADGATE	2000	10000	0.830	1
COUNTS	ood_rand_d12_n2000	2000	24000	479766260	467539673
LADGATE	6000	10000	0.998	1
COUNTS	ood_rand_d12_n6000	6000	72000	12459505215	12274065934
LADGATE	20000	10000	1.361	0
COUNTS	ood_rand_d10_n20000	20000	200000	343832763324	338423625140
COUNTS	ood_rand_d20_n20000	20000	400000	850679226678	847375675045
COUNTS	ood_rand_d10_n40000	40000	400000	2747754992618	2724687491267
COUNTS	ood_rand_d20_n40000	40000	800000	6789596885439	6740188301504
COUNTS	ood_rand_d40_n40000	40000	1600000	11258411344066	11258411344066
COUNTS	ood_rand_d40_n20000	20000	800000	1406686040255	1399718749205
COUNTS	ood_rand_d8_n60000	60000	480000	6099091071866	6015132463789
COUNTS	ood_rand_d6_n300000	300000	1800000	383299133940067	383299133940067
LADGATE	8200	10000	1.614	1
COUNTS	ood_kkt_b40x200+200	8200	143754	246166792	236291435
COUNTS	ood_kkt_b100x300+300	30300	479412	1835872408	1800825306
COUNTS	ood_kkt_b200x200+400	40400	797550	3149459475	3122064589
LADGATE	20000	10000	1.314	0
COUNTS	ood_geo_n20000	20000	129964	1951035	1579610
COUNTS	ood_geo_n40000	40000	261928	3624167	3248137
COUNTS	ood_ba_m6_n20000	20000	239958	135886550	133225403
COUNTS	ood_ba_m6_n40000	40000	479958	1034421227	1015584733
COUNTS	ood_band_w8_n50000	50000	799928	4049556	4049556
COUNTS	ood_band_w4_n200000	200000	1599980	4999930	4999930

--- every order() call, slowest first (TSV) ---
secs	matrix	n	nnz	ratio
10.7811	ood_kkt_b200x200+400	40400	797550	0.9913
6.3213	ood_ba_m6_n40000	40000	479958	0.9818
4.8196	ood_rand_d6_n300000	300000	1800000	1.0000
3.4953	ood_kkt_b100x300+300	30300	479412	0.9809
2.5992	ood_rand_d40_n20000	20000	800000	0.9950
2.5424	ood_rand_d8_n60000	60000	480000	0.9862
1.7585	ood_rand_d20_n20000	20000	400000	0.9961
1.6291	ood_kkt_b40x200+200	8200	143754	0.9599
1.5586	ood_rand_d20_n40000	40000	800000	0.9927
1.5138	ood_rand_d10_n40000	40000	400000	0.9916
1.3639	ood_rand_d10_n20000	20000	200000	0.9843
1.3519	ood_geo_n40000	40000	261928	0.8962
1.3160	ood_geo_n20000	20000	129964	0.8096
1.2355	ood_ba_m6_n20000	20000	239958	0.9804
1.0291	ood_rand_d12_n6000	6000	72000	0.9851
0.9466	ood_grid3d_16	4096	23040	0.7344
0.8430	ood_rand_d12_n2000	2000	24000	0.9745
0.8119	ood_rand_d40_n40000	40000	1600000	1.0000
0.7049	ood_grid3d_26	17576	101400	0.6598
0.6158	ood_grid2d_80	6400	25280	0.6324
0.6043	ood_grid2d_200	40000	159200	0.6290
0.5667	ood_grid2d_130	16900	67080	0.6235
0.5204	ood_grid2d_40	1600	6240	0.7761
0.5132	ood_grid3d_40	64000	374400	0.6908
0.3195	ood_grid2d_320	102400	408320	0.5344
0.0083	ood_band_w4_n200000	200000	1599980	1.0000
0.0036	ood_band_w8_n50000	50000	799928	1.0000
matrices under 0.010s: 2/27
matrices under 0.050s: 2/27
matrices under 0.100s: 2/27
matrices under 0.200s: 2/27
matrices under 0.400s: 3/27

--- per-bucket ---
1k_10k   count=6     geomean=0.8322
gt_10k   count=21    geomean=0.8756
SCORE = 0.857002
WORST order() = 10.781 s
FORCEAUDIT	stage1b_sites=10	force_fires=0	unsound=0	core_total_mismatch=0	max_drift_ppm=0	worst_incumbent=0	worst_adopted=0	tie_window_opened=0	tie_pass_run=0
ok

test result: ok. 1 passed; 0 failed; 0 ignored; 0 measured; 163 filtered out; finished in 57.49s

