warning: unused doc comment
    --> candidate-worker/src/../../src/ordering/mod.rs:1099:1
     |
1099 | / /// TEST-ONLY sweep switch for the mid-size `rgreedy` stream opened by the 0154
1100 | | /// engine census. Returns `(ops_budget, gate_variant, stream_count)`; a zero
1101 | | /// budget disables the stream, which is what production compiles to — the
1102 | | /// switch can never change a submitted ordering. Configured through
1103 | | /// `SSI_MID_ENGINE="<variant>:<budget>[:<streams>]"` so one build can sweep
1104 | | /// several gate/budget points.
     | |_------------------------------^
     |   |
     |   rustdoc does not generate documentation for macro invocations
     |
     = help: to document an item produced by a macro, the macro must produce the documentation as part of its expansion
     = note: `#[warn(unused_doc_comments)]` (part of `#[warn(unused)]`) on by default

warning: unused doc comment
    --> candidate-worker/src/../../src/ordering/mod.rs:1367:1
     |
1367 | / /// TEST-ONLY kill switch for the heavy-tier arm (metrics + no-dense AMD +
1368 | | /// extra AMF α), so a probe can A/B the arm in one process.
     | |_-----------------------------------------------------------^
     |   |
     |   rustdoc does not generate documentation for macro invocations
     |
     = help: to document an item produced by a macro, the macro must produce the documentation as part of its expansion

warning: unused doc comment
   --> candidate-worker/src/../../src/ordering/parallel.rs:321:1
    |
321 | / /// TEST-ONLY switch forcing every batch onto the sequential path, so a probe
322 | | /// can run the SAME `order()` both ways in one process and compare the
323 | | /// returned permutations element by element. Production builds compile
324 | | /// [`force_sequential`] down to a constant `false`.
    | |_---------------------------------------------------^
    |   |
    |   rustdoc does not generate documentation for macro invocations
    |
    = help: to document an item produced by a macro, the macro must produce the documentation as part of its expansion

warning: unused doc comment
   --> candidate-worker/src/../../src/ordering/parallel.rs:355:1
    |
355 | / /// TEST-ONLY per-phase wall-clock marks: `phase_mark(label, t0)` appends
356 | | /// `(label, secs since t0)`; `phase_take()` drains them. Lets a probe see which
357 | | /// stage of `order()` sets a row's critical path. Never compiled into the
358 | | /// shipped binary.
    | |_------------------^
    |   |
    |   rustdoc does not generate documentation for macro invocations
    |
    = help: to document an item produced by a macro, the macro must produce the documentation as part of its expansion

warning: unused doc comment
    --> candidate-worker/src/../../src/ordering/mod.rs:4993:5
     |
4993 | /     /// ── 0192: the window is the frontier's own chain scope ─────────────────
4994 | |     /// The chain no longer reaches above n = 10 000 (see `PEO_ALT_MAX_N`), so
4995 | |     /// the draw takes over the whole band the chain used to own. Measured on the
4996 | |     /// 300 dev rows: with the window at 50 000 instead of 12 000 the draw adds
...    |
5002 | |     /// spender there), and its worst row is 1.127 s against the frontier's
5003 | |     /// 1.160 s base, so the wide band stays below the frontier's own footprint.
     | |________________________________________________________________________________^
5004 |       #[cfg(test)]
5005 | /     let window_n: usize = std::env::var("SSI_TERM_WIN_N")
5006 | |         .ok()
5007 | |         .and_then(|v| v.trim().parse::<usize>().ok())
5008 | |         .unwrap_or(50_000);
     | |___________________________- rustdoc does not generate documentation for statements
     |
     = help: use `//` for a plain comment

warning: unused doc comment
    --> candidate-worker/src/../../src/ordering/mod.rs:5140:9
     |
5140 | /         /// `nnz < 3n` = the sparse band of the 0184 price law (66 of the 300 dev
5141 | |         /// rows, all of them in-window). Structural, never per-matrix.
     | |_______________________________________________________________________^
5142 | /         let shipped_ladder = || {
5143 | |             if nnz < 3 * n {
5144 | |                 SHIPPED_SPARSE_LADDER.to_vec()
5145 | |             } else {
...    |
5148 | |         };
     | |__________- rustdoc does not generate documentation for statements
     |
     = help: use `//` for a plain comment

warning: variable does not need to be mutable
    --> candidate-worker/src/../../src/ordering/probe.rs:4142:9
     |
4142 |     let mut next = |s: &mut u64| -> u64 {
     |         ----^^^^
     |         |
     |         help: remove this `mut`
     |
     = note: `#[warn(unused_mut)]` (part of `#[warn(unused)]`) on by default

warning: value assigned to `d` is never read
   --> candidate-worker/src/../../src/ordering/rgreedy.rs:396:29
    |
396 |                 let mut d = 0u32;
    |                             ^^^^
    |
    = help: maybe it is overwritten before being read?
    = note: `#[warn(unused_assignments)]` (part of `#[warn(unused)]`) on by default

warning: constant `SUBTREE_MAX_N` is never used
   --> candidate-worker/src/../../src/ordering/mod.rs:731:7
    |
731 | const SUBTREE_MAX_N: usize = 250_000;
    |       ^^^^^^^^^^^^^
    |
    = note: `#[warn(dead_code)]` (part of `#[warn(unused)]`) on by default

warning: function `refine` is never used
  --> candidate-worker/src/../../src/ordering/completion.rs:12:15
   |
12 | pub(super) fn refine(
   |               ^^^^^^

warning: type alias `PermFn` is never used
  --> candidate-worker/src/../../src/ordering/parallel.rs:80:17
   |
80 | pub(crate) type PermFn<'a> = Box<dyn Fn() -> Option<Vec<usize>> + Sync + 'a>;
   |                 ^^^^^^

warning: function `run_perms` is never used
   --> candidate-worker/src/../../src/ordering/parallel.rs:175:15
    |
175 | pub(crate) fn run_perms(
    |               ^^^^^^^^^

warning: function `accept` is never used
   --> candidate-worker/src/../../src/ordering/parallel.rs:300:15
    |
300 | pub(crate) fn accept(results: &mut [CandOut], best_flops: &mut u64, best_perm: &mut Vec<usize>) -> bool {
    |               ^^^^^^

warning: function `minl_is_clique` is never used
   --> candidate-worker/src/../../src/ordering/minl.rs:136:4
    |
136 | fn minl_is_clique(adj: &[Vec<u32>], c: &[u32], ops: &mut i64) -> bool {
    |    ^^^^^^^^^^^^^^

warning: function `minl_try_delete_edge` is never used
   --> candidate-worker/src/../../src/ordering/minl.rs:232:4
    |
232 | fn minl_try_delete_edge(
    |    ^^^^^^^^^^^^^^^^^^^^

warning: function `run_sequential_180` is never used
   --> candidate-worker/src/../../src/ordering/indep_first.rs:600:4
    |
600 | fn run_sequential_180(sp: &ScoringPattern, ledger: u64) -> Option<(u64, Vec<usize>)> {
    |    ^^^^^^^^^^^^^^^^^^

warning: function `reset` is never used
   --> candidate-worker/src/../../src/ordering/mod.rs:478:19
    |
478 |     pub(crate) fn reset() {
    |                   ^^^^^

warning: `ssi-candidate-worker` (bin "ssi-candidate-worker" test) generated 17 warnings (run `cargo fix --bin "ssi-candidate-worker" -p ssi-candidate-worker --tests` to apply 1 suggestion)
    Finished `release` profile [optimized] target(s) in 0.01s
     Running unittests src/main.rs (target/release/deps/ssi_candidate_worker-9bc17c144118ca64)

running 1 test
test ordering::probe::probe_timing_and_score ... PHASES	cl_n4000_d35	0.2867	1.portfolio=0.1622/1.0000	1b.indep=0.0701/1.0000	2.descent=0.0000/1.0000	3.search=0.0000/1.0000	4.subtree=0.0071/1.0000	4b.indep-accept=0.0000/1.0000	5.terminal=0.0000/1.0000	6.extra=0.0000/1.0000	7.telos=0.0000/1.0000	8.cleanup=0.0000/1.0000	9.reduce=0.0063/1.0000	10.completion=0.0000/1.0000	11.corecand=0.0000/1.0000	12.peo=0.0034/1.0000	13p.prep=0.0000/0.0000	13p.seeds=0.0000/0.0000	13p.rounds=0.0000/0.0000	13p.ledger=0.0000/0.0000	13p.recon=0.0000/0.0000	13p.mcs=0.0000/0.0000	13.alt=0.0000/1.0000	14.transplant=0.0071/1.0000	15.minl=0.0128/1.0000	15.peel=0.0000/1.0000	16.late=0.0000/1.0000	17.final=0.0074/1.0000	18.simp=0.0000/1.0000	19.five=0.0000/1.0000	20.lt1k=0.0000/1.0000	21.comp=0.0000/1.0000	22.win=0.0000/1.0000	final=1.0000
COUNTS	cl_n4000_d35	4000	277652	14606936414	14606740358
PHASES	cl_n6000_d23	0.4221	1.portfolio=0.2676/0.9901	1b.indep=0.0915/0.9901	2.descent=0.0000/0.9901	3.search=0.0000/0.9901	4.subtree=0.0072/0.9901	4b.indep-accept=0.0000/0.9901	5.terminal=0.0000/0.9901	6.extra=0.0000/0.9901	7.telos=0.0000/0.9901	8.cleanup=0.0000/0.9901	9.reduce=0.0065/0.9901	10.completion=0.0000/0.9901	11.corecand=0.0000/0.9901	12.peo=0.0038/0.9901	13p.prep=0.0000/0.0000	13p.seeds=0.0000/0.0000	13p.rounds=0.0000/0.0000	13p.ledger=0.0000/0.0000	13p.recon=0.0000/0.0000	13p.mcs=0.0000/0.0000	13.alt=0.0000/0.9901	14.transplant=0.0075/0.9901	15.minl=0.0136/0.9901	15.peel=0.0000/0.9901	16.late=0.0000/0.9901	17.final=0.0069/0.9901	18.simp=0.0000/0.9901	19.five=0.0000/0.9901	20.lt1k=0.0000/0.9901	21.comp=0.0000/0.9901	22.win=0.0000/0.9901	final=0.9901
COUNTS	cl_n6000_d23	6000	274858	42334938465	41916378772
PHASES	cl_n8000_d16	0.6993	1.portfolio=0.3590/0.9952	1b.indep=0.2468/0.9952	2.descent=0.0000/0.9952	3.search=0.0000/0.9952	4.subtree=0.0076/0.9952	4b.indep-accept=0.0000/0.9927	5.terminal=0.0000/0.9927	6.extra=0.0000/0.9927	7.telos=0.0000/0.9927	8.cleanup=0.0000/0.9927	9.reduce=0.0064/0.9927	10.completion=0.0000/0.9927	11.corecand=0.0000/0.9927	12.peo=0.0034/0.9927	13p.prep=0.0210/0.0000	13p.seeds=6.0000/0.0000	13p.rounds=6.0000/0.0000	13p.ledger=0.0000/0.0000	13p.recon=0.0000/0.0000	13p.mcs=0.0000/0.0000	13.alt=0.0233/0.9927	14.transplant=0.0114/0.9927	15.minl=0.0171/0.9927	15.peel=0.0000/0.9927	16.late=0.0000/0.9927	17.final=0.0068/0.9927	18.simp=0.0000/0.9927	19.five=0.0000/0.9927	20.lt1k=0.0000/0.9927	21.comp=0.0000/0.9927	22.win=0.0000/0.9927	final=0.9927
COUNTS	cl_n8000_d16	8000	255454	82858946602	82252333943
PHASES	cl_n9000_d15	0.7821	1.portfolio=0.4167/0.9934	1b.indep=0.2656/0.9934	2.descent=0.0000/0.9934	3.search=0.0000/0.9934	4.subtree=0.0073/0.9934	4b.indep-accept=0.0000/0.9934	5.terminal=0.0000/0.9934	6.extra=0.0000/0.9934	7.telos=0.0000/0.9934	8.cleanup=0.0000/0.9934	9.reduce=0.0059/0.9934	10.completion=0.0000/0.9934	11.corecand=0.0000/0.9934	12.peo=0.0039/0.9934	13p.prep=0.0262/0.0000	13p.seeds=7.0000/0.0000	13p.rounds=7.0000/0.0000	13p.ledger=0.0000/0.0000	13p.recon=0.0000/0.0000	13p.mcs=0.0000/0.0000	13.alt=0.0291/0.9934	14.transplant=0.0084/0.9934	15.minl=0.0149/0.9934	15.peel=0.0000/0.9934	16.late=0.0000/0.9934	17.final=0.0076/0.9934	18.simp=0.0000/0.9934	19.five=0.0000/0.9934	20.lt1k=0.0000/0.9934	21.comp=0.0000/0.9934	22.win=0.0000/0.9934	final=0.9934
COUNTS	cl_n9000_d15	9000	269556	113432932564	112688858884
PHASES	cl_n9500_d14	0.7180	1.portfolio=0.2451/0.9912	1b.indep=0.3654/0.9912	2.descent=0.0000/0.9912	3.search=0.0000/0.9912	4.subtree=0.0079/0.9912	4b.indep-accept=0.0000/0.9912	5.terminal=0.0000/0.9912	6.extra=0.0000/0.9912	7.telos=0.0000/0.9912	8.cleanup=0.0000/0.9912	9.reduce=0.0072/0.9912	10.completion=0.0000/0.9912	11.corecand=0.0000/0.9912	12.peo=0.0042/0.9912	13p.prep=0.0278/0.0000	13p.seeds=7.0000/0.0000	13p.rounds=7.0000/0.0000	13p.ledger=0.0000/0.0000	13p.recon=0.0000/0.0000	13p.mcs=0.0000/0.0000	13.alt=0.0307/0.9912	14.transplant=0.0087/0.9912	15.minl=0.0156/0.9912	15.peel=0.0000/0.9912	16.late=0.0000/0.9912	17.final=0.0084/0.9912	18.simp=0.0000/0.9912	19.five=0.0000/0.9912	20.lt1k=0.0000/0.9912	21.comp=0.0000/0.9912	22.win=0.0000/0.9912	final=0.9912
COUNTS	cl_n9500_d14	9500	265630	126416449504	125305685257
PHASES	cl_n9950_d14	0.6478	1.portfolio=0.2639/0.9929	1b.indep=0.2776/0.9929	2.descent=0.0000/0.9929	3.search=0.0000/0.9929	4.subtree=0.0077/0.9929	4b.indep-accept=0.0000/0.9929	5.terminal=0.0000/0.9929	6.extra=0.0000/0.9929	7.telos=0.0000/0.9929	8.cleanup=0.0000/0.9929	9.reduce=0.0069/0.9929	10.completion=0.0000/0.9929	11.corecand=0.0000/0.9929	12.peo=0.0040/0.9929	13p.prep=0.0274/0.0000	13p.seeds=7.0000/0.0000	13p.rounds=7.0000/0.0000	13p.ledger=0.0000/0.0000	13p.recon=0.0000/0.0000	13p.mcs=0.0000/0.0000	13.alt=0.0303/0.9929	14.transplant=0.0089/0.9929	15.minl=0.0157/0.9929	15.peel=0.0000/0.9929	16.late=0.0000/0.9929	17.final=0.0079/0.9929	18.simp=0.0000/0.9929	19.five=0.0000/0.9929	20.lt1k=0.0000/0.9929	21.comp=0.0000/0.9929	22.win=0.0000/0.9929	final=0.9929
COUNTS	cl_n9950_d14	9950	278132	146971924049	145930667776
PHASES	cl_n9950_d15	0.5802	1.portfolio=0.2906/0.9928	1b.indep=0.1767/0.9928	2.descent=0.0000/0.9928	3.search=0.0000/0.9928	4.subtree=0.0085/0.9928	4b.indep-accept=0.0000/0.9928	5.terminal=0.0000/0.9928	6.extra=0.0000/0.9928	7.telos=0.0000/0.9928	8.cleanup=0.0000/0.9928	9.reduce=0.0061/0.9928	10.completion=0.0000/0.9928	11.corecand=0.0000/0.9928	12.peo=0.0042/0.9928	13p.prep=0.0293/0.0000	13p.seeds=7.0000/0.0000	13p.rounds=7.0000/0.0000	13p.ledger=0.0000/0.0000	13p.recon=0.0000/0.0000	13p.mcs=0.0000/0.0000	13.alt=0.0323/0.9928	14.transplant=0.0092/0.9928	15.minl=0.0164/0.9928	15.peel=0.0000/0.9928	16.late=0.0000/0.9928	17.final=0.0082/0.9928	18.simp=0.0000/0.9928	19.five=0.0000/0.9928	20.lt1k=0.0000/0.9928	21.comp=0.0000/0.9928	22.win=0.0000/0.9928	final=0.9928
COUNTS	cl_n9950_d15	9950	298030	153208820527	152113361894
PHASES	cl_n9950_d13	0.8902	1.portfolio=0.2580/0.9951	1b.indep=0.5027/0.9951	2.descent=0.0000/0.9951	3.search=0.0000/0.9951	4.subtree=0.0333/0.9951	4b.indep-accept=0.0000/0.9951	5.terminal=0.0000/0.9951	6.extra=0.0000/0.9951	7.telos=0.0000/0.9951	8.cleanup=0.0000/0.9951	9.reduce=0.0062/0.9951	10.completion=0.0000/0.9951	11.corecand=0.0000/0.9951	12.peo=0.0040/0.9951	13p.prep=0.0268/0.0000	13p.seeds=7.0000/0.0000	13p.rounds=7.0000/0.0000	13p.ledger=0.0000/0.0000	13p.recon=0.0000/0.0000	13p.mcs=0.0000/0.0000	13.alt=0.0296/0.9951	14.transplant=0.0083/0.9951	15.minl=0.0147/0.9951	15.peel=0.0000/0.9951	16.late=0.0000/0.9951	17.final=0.0083/0.9951	18.simp=0.0000/0.9951	19.five=0.0000/0.9951	20.lt1k=0.0000/0.9951	21.comp=0.0000/0.9951	22.win=0.0000/0.9951	final=0.9951
COUNTS	cl_n9950_d13	9950	258322	138649792372	137973549469

--- every order() call, slowest first (TSV) ---
secs	matrix	n	nnz	ratio
0.8902	cl_n9950_d13	9950	258322	0.9951
0.7821	cl_n9000_d15	9000	269556	0.9934
0.7180	cl_n9500_d14	9500	265630	0.9912
0.6993	cl_n8000_d16	8000	255454	0.9927
0.6478	cl_n9950_d14	9950	278132	0.9929
0.5802	cl_n9950_d15	9950	298030	0.9928
0.4221	cl_n6000_d23	6000	274858	0.9901
0.2867	cl_n4000_d35	4000	277652	1.0000
matrices under 0.010s: 0/8
matrices under 0.050s: 0/8
matrices under 0.100s: 0/8
matrices under 0.200s: 0/8
matrices under 0.400s: 1/8

--- per-bucket ---
1k_10k   count=8     geomean=0.9935
SCORE = 0.993536
WORST order() = 0.890 s
FORCEAUDIT	stage1b_sites=1	force_fires=0	unsound=0	core_total_mismatch=0	max_drift_ppm=0	worst_incumbent=0	worst_adopted=0	tie_window_opened=0	tie_pass_run=0
ok

test result: ok. 1 passed; 0 failed; 0 ignored; 0 measured; 164 filtered out; finished in 5.40s

