warning: unused doc comment
    --> candidate-worker/src/../../src/ordering/mod.rs:1129:1
     |
1129 | / /// TEST-ONLY sweep switch for the mid-size `rgreedy` stream opened by the 0154
1130 | | /// engine census. Returns `(ops_budget, gate_variant, stream_count)`; a zero
1131 | | /// budget disables the stream, which is what production compiles to — the
1132 | | /// switch can never change a submitted ordering. Configured through
1133 | | /// `SSI_MID_ENGINE="<variant>:<budget>[:<streams>]"` so one build can sweep
1134 | | /// several gate/budget points.
     | |_------------------------------^
     |   |
     |   rustdoc does not generate documentation for macro invocations
     |
     = help: to document an item produced by a macro, the macro must produce the documentation as part of its expansion
     = note: `#[warn(unused_doc_comments)]` (part of `#[warn(unused)]`) on by default

warning: unused doc comment
    --> candidate-worker/src/../../src/ordering/mod.rs:1397:1
     |
1397 | / /// TEST-ONLY kill switch for the heavy-tier arm (metrics + no-dense AMD +
1398 | | /// extra AMF α), so a probe can A/B the arm in one process.
     | |_-----------------------------------------------------------^
     |   |
     |   rustdoc does not generate documentation for macro invocations
     |
     = help: to document an item produced by a macro, the macro must produce the documentation as part of its expansion

warning: unused doc comment
   --> candidate-worker/src/../../src/ordering/parallel.rs:334:1
    |
334 | / /// TEST-ONLY switch forcing every batch onto the sequential path, so a probe
335 | | /// can run the SAME `order()` both ways in one process and compare the
336 | | /// returned permutations element by element. Production builds compile
337 | | /// [`force_sequential`] down to a constant `false`.
    | |_---------------------------------------------------^
    |   |
    |   rustdoc does not generate documentation for macro invocations
    |
    = help: to document an item produced by a macro, the macro must produce the documentation as part of its expansion

warning: unused doc comment
   --> candidate-worker/src/../../src/ordering/parallel.rs:368:1
    |
368 | / /// TEST-ONLY per-phase wall-clock marks: `phase_mark(label, t0)` appends
369 | | /// `(label, secs since t0)`; `phase_take()` drains them. Lets a probe see which
370 | | /// stage of `order()` sets a row's critical path. Never compiled into the
371 | | /// shipped binary.
    | |_------------------^
    |   |
    |   rustdoc does not generate documentation for macro invocations
    |
    = help: to document an item produced by a macro, the macro must produce the documentation as part of its expansion

warning: unused doc comment
    --> candidate-worker/src/../../src/ordering/mod.rs:5057:5
     |
5057 | /     /// ── 0192: the window is the frontier's own chain scope ─────────────────
5058 | |     /// The chain no longer reaches above n = 10 000 (see `PEO_ALT_MAX_N`), so
5059 | |     /// the draw takes over the whole band the chain used to own. Measured on the
5060 | |     /// 300 dev rows: with the window at 50 000 instead of 12 000 the draw adds
...    |
5066 | |     /// spender there), and its worst row is 1.127 s against the frontier's
5067 | |     /// 1.160 s base, so the wide band stays below the frontier's own footprint.
     | |________________________________________________________________________________^
5068 |       #[cfg(test)]
5069 | /     let window_n: usize = std::env::var("SSI_TERM_WIN_N")
5070 | |         .ok()
5071 | |         .and_then(|v| v.trim().parse::<usize>().ok())
5072 | |         .unwrap_or(50_000);
     | |___________________________- rustdoc does not generate documentation for statements
     |
     = help: use `//` for a plain comment

warning: unused doc comment
    --> candidate-worker/src/../../src/ordering/mod.rs:5209:9
     |
5209 | /         /// `nnz < 3n` = the sparse band of the 0184 price law (66 of the 300 dev
5210 | |         /// rows, all of them in-window). Structural, never per-matrix.
     | |_______________________________________________________________________^
5211 | /         let shipped_ladder = || {
5212 | |             if nnz < 3 * n {
5213 | |                 SHIPPED_SPARSE_LADDER.to_vec()
5214 | |             } else {
...    |
5217 | |         };
     | |__________- rustdoc does not generate documentation for statements
     |
     = help: use `//` for a plain comment

warning: variable does not need to be mutable
    --> candidate-worker/src/../../src/ordering/probe.rs:4142:9
     |
4142 |     let mut next = |s: &mut u64| -> u64 {
     |         ----^^^^
     |         |
     |         help: remove this `mut`
     |
     = note: `#[warn(unused_mut)]` (part of `#[warn(unused)]`) on by default

warning: value assigned to `d` is never read
   --> candidate-worker/src/../../src/ordering/rgreedy.rs:396:29
    |
396 |                 let mut d = 0u32;
    |                             ^^^^
    |
    = help: maybe it is overwritten before being read?
    = note: `#[warn(unused_assignments)]` (part of `#[warn(unused)]`) on by default

warning: constant `SUBTREE_MAX_N` is never used
   --> candidate-worker/src/../../src/ordering/mod.rs:761:7
    |
761 | const SUBTREE_MAX_N: usize = 250_000;
    |       ^^^^^^^^^^^^^
    |
    = note: `#[warn(dead_code)]` (part of `#[warn(unused)]`) on by default

warning: function `refine` is never used
  --> candidate-worker/src/../../src/ordering/completion.rs:12:15
   |
12 | pub(super) fn refine(
   |               ^^^^^^

warning: type alias `PermFn` is never used
  --> candidate-worker/src/../../src/ordering/parallel.rs:80:17
   |
80 | pub(crate) type PermFn<'a> = Box<dyn Fn() -> Option<Vec<usize>> + Sync + 'a>;
   |                 ^^^^^^

warning: function `run_perms` is never used
   --> candidate-worker/src/../../src/ordering/parallel.rs:188:15
    |
188 | pub(crate) fn run_perms(
    |               ^^^^^^^^^

warning: function `accept` is never used
   --> candidate-worker/src/../../src/ordering/parallel.rs:313:15
    |
313 | pub(crate) fn accept(results: &mut [CandOut], best_flops: &mut u64, best_perm: &mut Vec<usize>) -> bool {
    |               ^^^^^^

warning: function `minl_is_clique` is never used
   --> candidate-worker/src/../../src/ordering/minl.rs:136:4
    |
136 | fn minl_is_clique(adj: &[Vec<u32>], c: &[u32], ops: &mut i64) -> bool {
    |    ^^^^^^^^^^^^^^

warning: function `minl_try_delete_edge` is never used
   --> candidate-worker/src/../../src/ordering/minl.rs:232:4
    |
232 | fn minl_try_delete_edge(
    |    ^^^^^^^^^^^^^^^^^^^^

warning: function `run_sequential_180` is never used
   --> candidate-worker/src/../../src/ordering/indep_first.rs:600:4
    |
600 | fn run_sequential_180(sp: &ScoringPattern, ledger: u64) -> Option<(u64, Vec<usize>)> {
    |    ^^^^^^^^^^^^^^^^^^

warning: function `reset` is never used
   --> candidate-worker/src/../../src/ordering/mod.rs:485:19
    |
485 |     pub(crate) fn reset() {
    |                   ^^^^^

warning: `ssi-candidate-worker` (bin "ssi-candidate-worker" test) generated 17 warnings (run `cargo fix --bin "ssi-candidate-worker" -p ssi-candidate-worker --tests` to apply 1 suggestion)
    Finished `release` profile [optimized] target(s) in 0.01s
     Running unittests src/main.rs (target/release/deps/ssi_candidate_worker-9bc17c144118ca64)

running 1 test
PARTASK	batch=15	idx=0	produce_s=0.0029	got=perm
PARTASK	batch=15	idx=1	produce_s=0.0029	got=perm
PARTASK	batch=15	idx=3	produce_s=0.0029	got=perm
PARTASK	batch=15	idx=2	produce_s=0.0029	got=perm
PARTASK	batch=15	idx=4	produce_s=0.0000	got=perm
PARTASK	batch=15	idx=5	produce_s=0.0000	got=perm
PARTASK	batch=15	idx=6	produce_s=0.0021	got=perm
PARTASK	batch=15	idx=7	produce_s=0.0032	got=perm
PARTASK	batch=15	idx=8	produce_s=0.0033	got=perm
PARTASK	batch=15	idx=9	produce_s=0.0034	got=perm
PARTASK	batch=15	idx=10	produce_s=0.0011	got=perm
PARTASK	batch=15	idx=11	produce_s=0.0022	got=perm
PARTASK	batch=15	idx=12	produce_s=0.0023	got=perm
PARTASK	batch=15	idx=13	produce_s=0.0111	got=perm
PARTASK	batch=15	idx=14	produce_s=0.0111	got=perm
PARTASK	batch=1	idx=0	produce_s=0.0070	got=perm
PARTASK	batch=2	idx=0	produce_s=0.0080	got=perm
PARTASK	batch=2	idx=1	produce_s=0.0151	got=perm
PARTASK	batch=474	idx=0	produce_s=0.0000	got=perm
PARTASK	batch=474	idx=2	produce_s=0.0000	got=perm
PARTASK	batch=474	idx=1	produce_s=0.0000	got=perm
PARTASK	batch=474	idx=3	produce_s=0.0000	got=perm
PARTASK	batch=474	idx=4	produce_s=0.0000	got=perm
PARTASK	batch=474	idx=5	produce_s=0.0000	got=perm
PARTASK	batch=474	idx=6	produce_s=0.0000	got=perm
PARTASK	batch=474	idx=7	produce_s=0.0000	got=perm
PARTASK	batch=474	idx=8	produce_s=0.0000	got=perm
PARTASK	batch=474	idx=9	produce_s=0.0000	got=perm
PARTASK	batch=474	idx=10	produce_s=0.0000	got=perm
PARTASK	batch=474	idx=11	produce_s=0.0000	got=perm
PARTASK	batch=474	idx=12	produce_s=0.0037	got=perm
PARTASK	batch=474	idx=13	produce_s=0.0037	got=perm
PARTASK	batch=474	idx=15	produce_s=0.0037	got=perm
PARTASK	batch=474	idx=14	produce_s=0.0037	got=perm
PARTASK	batch=474	idx=16	produce_s=0.0030	got=perm
PARTASK	batch=474	idx=17	produce_s=0.0030	got=perm
PARTASK	batch=474	idx=18	produce_s=0.0030	got=perm
PARTASK	batch=474	idx=19	produce_s=0.0030	got=perm
PARTASK	batch=474	idx=20	produce_s=0.0032	got=perm
PARTASK	batch=474	idx=21	produce_s=0.0032	got=perm
PARTASK	batch=474	idx=22	produce_s=0.0032	got=perm
PARTASK	batch=474	idx=23	produce_s=0.0032	got=perm
PARTASK	batch=474	idx=24	produce_s=0.0026	got=perm
PARTASK	batch=474	idx=25	produce_s=0.0026	got=perm
PARTASK	batch=474	idx=26	produce_s=0.0026	got=perm
PARTASK	batch=474	idx=27	produce_s=0.0026	got=perm
PARTASK	batch=474	idx=28	produce_s=0.0023	got=perm
PARTASK	batch=474	idx=29	produce_s=0.0023	got=perm
PARTASK	batch=474	idx=30	produce_s=0.0023	got=perm
PARTASK	batch=474	idx=31	produce_s=0.0023	got=perm
PARTASK	batch=474	idx=32	produce_s=0.0024	got=perm
PARTASK	batch=474	idx=33	produce_s=0.0024	got=perm
PARTASK	batch=474	idx=34	produce_s=0.0024	got=perm
PARTASK	batch=474	idx=35	produce_s=0.0025	got=perm
PARTASK	batch=474	idx=36	produce_s=0.0028	got=perm
PARTASK	batch=474	idx=37	produce_s=0.0028	got=perm
PARTASK	batch=474	idx=38	produce_s=0.0028	got=perm
PARTASK	batch=474	idx=39	produce_s=0.0028	got=perm
PARTASK	batch=474	idx=41	produce_s=0.0035	got=perm
PARTASK	batch=474	idx=40	produce_s=0.0035	got=perm
PARTASK	batch=474	idx=42	produce_s=0.0035	got=perm
PARTASK	batch=474	idx=43	produce_s=0.0035	got=perm
PARTASK	batch=474	idx=44	produce_s=0.0027	got=perm
PARTASK	batch=474	idx=45	produce_s=0.0027	got=perm
PARTASK	batch=474	idx=46	produce_s=0.0027	got=perm
PARTASK	batch=474	idx=47	produce_s=0.0038	got=perm
PARTASK	batch=474	idx=48	produce_s=0.0008	got=perm
PARTASK	batch=474	idx=49	produce_s=0.0008	got=perm
PARTASK	batch=474	idx=50	produce_s=0.0008	got=perm
PARTASK	batch=474	idx=52	produce_s=0.0029	got=perm
PARTASK	batch=474	idx=51	produce_s=0.0029	got=perm
PARTASK	batch=474	idx=53	produce_s=0.0029	got=perm
PARTASK	batch=474	idx=54	produce_s=0.0029	got=perm
PARTASK	batch=474	idx=55	produce_s=0.0035	got=perm
PARTASK	batch=474	idx=56	produce_s=0.0035	got=perm
PARTASK	batch=474	idx=57	produce_s=0.0035	got=perm
PARTASK	batch=474	idx=58	produce_s=0.0035	got=perm
PARTASK	batch=474	idx=59	produce_s=0.0031	got=perm
PARTASK	batch=474	idx=61	produce_s=0.0031	got=perm
PARTASK	batch=474	idx=62	produce_s=0.0031	got=perm
PARTASK	batch=474	idx=60	produce_s=0.0031	got=perm
PARTASK	batch=474	idx=63	produce_s=0.0033	got=perm
PARTASK	batch=474	idx=64	produce_s=0.0033	got=perm
PARTASK	batch=474	idx=66	produce_s=0.0033	got=perm
PARTASK	batch=474	idx=65	produce_s=0.0033	got=perm
PARTASK	batch=474	idx=67	produce_s=0.0027	got=perm
PARTASK	batch=474	idx=70	produce_s=0.0027	got=perm
PARTASK	batch=474	idx=68	produce_s=0.0027	got=perm
PARTASK	batch=474	idx=69	produce_s=0.0027	got=perm
PARTASK	batch=474	idx=71	produce_s=0.0032	got=perm
PARTASK	batch=474	idx=73	produce_s=0.0032	got=perm
PARTASK	batch=474	idx=72	produce_s=0.0032	got=perm
PARTASK	batch=474	idx=74	produce_s=0.0032	got=perm
PARTASK	batch=474	idx=75	produce_s=0.0034	got=perm
PARTASK	batch=474	idx=76	produce_s=0.0034	got=perm
PARTASK	batch=474	idx=77	produce_s=0.0034	got=perm
PARTASK	batch=474	idx=78	produce_s=0.0034	got=perm
PARTASK	batch=474	idx=79	produce_s=0.0027	got=perm
PARTASK	batch=474	idx=80	produce_s=0.0027	got=perm
PARTASK	batch=474	idx=82	produce_s=0.0028	got=perm
PARTASK	batch=474	idx=81	produce_s=0.0028	got=perm
PARTASK	batch=474	idx=83	produce_s=0.0031	got=perm
PARTASK	batch=474	idx=84	produce_s=0.0031	got=perm
PARTASK	batch=474	idx=86	produce_s=0.0031	got=perm
PARTASK	batch=474	idx=85	produce_s=0.0031	got=perm
PARTASK	batch=474	idx=87	produce_s=0.0030	got=perm
PARTASK	batch=474	idx=88	produce_s=0.0030	got=perm
PARTASK	batch=474	idx=89	produce_s=0.0030	got=perm
PARTASK	batch=474	idx=90	produce_s=0.0030	got=perm
PARTASK	batch=474	idx=91	produce_s=0.0055	got=perm
PARTASK	batch=474	idx=92	produce_s=0.0055	got=perm
PARTASK	batch=474	idx=93	produce_s=0.0055	got=perm
PARTASK	batch=474	idx=94	produce_s=0.0055	got=perm
PARTASK	batch=474	idx=95	produce_s=0.0000	got=perm
PARTASK	batch=474	idx=96	produce_s=0.0000	got=perm
PARTASK	batch=474	idx=97	produce_s=0.0000	got=perm
PARTASK	batch=474	idx=98	produce_s=0.0000	got=perm
PARTASK	batch=474	idx=99	produce_s=0.0000	got=perm
PARTASK	batch=474	idx=100	produce_s=0.0000	got=perm
PARTASK	batch=474	idx=101	produce_s=0.0000	got=perm
PARTASK	batch=474	idx=102	produce_s=0.0000	got=perm
PARTASK	batch=474	idx=104	produce_s=0.0030	got=perm
PARTASK	batch=474	idx=103	produce_s=0.0031	got=perm
PARTASK	batch=474	idx=105	produce_s=0.0031	got=perm
PARTASK	batch=474	idx=106	produce_s=0.0044	got=perm
PARTASK	batch=474	idx=109	produce_s=0.0028	got=perm
PARTASK	batch=474	idx=107	produce_s=0.0029	got=perm
PARTASK	batch=474	idx=108	produce_s=0.0029	got=perm
PARTASK	batch=474	idx=110	produce_s=0.0028	got=perm
PARTASK	batch=474	idx=111	produce_s=0.0028	got=perm
PARTASK	batch=474	idx=112	produce_s=0.0027	got=perm
PARTASK	batch=474	idx=113	produce_s=0.0028	got=perm
PARTASK	batch=474	idx=114	produce_s=0.0029	got=perm
PARTASK	batch=474	idx=115	produce_s=0.0025	got=perm
PARTASK	batch=474	idx=116	produce_s=0.0027	got=perm
PARTASK	batch=474	idx=117	produce_s=0.0027	got=perm
PARTASK	batch=474	idx=118	produce_s=0.0026	got=perm
PARTASK	batch=474	idx=119	produce_s=0.0025	got=perm
PARTASK	batch=474	idx=120	produce_s=0.0026	got=perm
PARTASK	batch=474	idx=121	produce_s=0.0028	got=perm
PARTASK	batch=474	idx=122	produce_s=0.0028	got=perm
PARTASK	batch=474	idx=123	produce_s=0.0028	got=perm
PARTASK	batch=474	idx=124	produce_s=0.0028	got=perm
PARTASK	batch=474	idx=125	produce_s=0.0028	got=perm
PARTASK	batch=474	idx=126	produce_s=0.0028	got=perm
PARTASK	batch=474	idx=127	produce_s=0.0034	got=perm
PARTASK	batch=474	idx=129	produce_s=0.0027	got=perm
PARTASK	batch=474	idx=128	produce_s=0.0033	got=perm
PARTASK	batch=474	idx=130	produce_s=0.0028	got=perm
PARTASK	batch=474	idx=131	produce_s=0.0033	got=perm
PARTASK	batch=474	idx=133	produce_s=0.0030	got=perm
PARTASK	batch=474	idx=132	produce_s=0.0037	got=perm
PARTASK	batch=474	idx=134	produce_s=0.0031	got=perm
PARTASK	batch=474	idx=135	produce_s=0.0030	got=perm
PARTASK	batch=474	idx=136	produce_s=0.0030	got=perm
PARTASK	batch=474	idx=137	produce_s=0.0031	got=perm
PARTASK	batch=474	idx=138	produce_s=0.0031	got=perm
PARTASK	batch=474	idx=139	produce_s=0.0029	got=perm
PARTASK	batch=474	idx=140	produce_s=0.0030	got=perm
PARTASK	batch=474	idx=141	produce_s=0.0030	got=perm
PARTASK	batch=474	idx=142	produce_s=0.0029	got=perm
PARTASK	batch=474	idx=143	produce_s=0.0030	got=perm
PARTASK	batch=474	idx=144	produce_s=0.0030	got=perm
PARTASK	batch=474	idx=145	produce_s=0.0025	got=perm
PARTASK	batch=474	idx=146	produce_s=0.0026	got=perm
PARTASK	batch=474	idx=147	produce_s=0.0024	got=perm
PARTASK	batch=474	idx=148	produce_s=0.0025	got=perm
PARTASK	batch=474	idx=149	produce_s=0.0026	got=perm
PARTASK	batch=474	idx=150	produce_s=0.0025	got=perm
PARTASK	batch=474	idx=151	produce_s=0.0029	got=perm
PARTASK	batch=474	idx=153	produce_s=0.0027	got=perm
PARTASK	batch=474	idx=152	produce_s=0.0028	got=perm
PARTASK	batch=474	idx=154	produce_s=0.0028	got=perm
PARTASK	batch=474	idx=157	produce_s=0.0024	got=perm
PARTASK	batch=474	idx=155	produce_s=0.0028	got=perm
PARTASK	batch=474	idx=156	produce_s=0.0028	got=perm
PARTASK	batch=474	idx=158	produce_s=0.0023	got=perm
PARTASK	batch=474	idx=159	produce_s=0.0024	got=perm
PARTASK	batch=474	idx=160	produce_s=0.0024	got=perm
PARTASK	batch=474	idx=161	produce_s=0.0025	got=perm
PARTASK	batch=474	idx=162	produce_s=0.0025	got=perm
PARTASK	batch=474	idx=163	produce_s=0.0025	got=perm
PARTASK	batch=474	idx=164	produce_s=0.0025	got=perm
PARTASK	batch=474	idx=165	produce_s=0.0025	got=perm
PARTASK	batch=474	idx=166	produce_s=0.0025	got=perm
PARTASK	batch=474	idx=167	produce_s=0.0024	got=perm
PARTASK	batch=474	idx=168	produce_s=0.0025	got=perm
PARTASK	batch=474	idx=169	produce_s=0.0025	got=perm
PARTASK	batch=474	idx=170	produce_s=0.0024	got=perm
PARTASK	batch=474	idx=171	produce_s=0.0024	got=perm
PARTASK	batch=474	idx=172	produce_s=0.0024	got=perm
PARTASK	batch=474	idx=173	produce_s=0.0024	got=perm
PARTASK	batch=474	idx=174	produce_s=0.0024	got=perm
PARTASK	batch=474	idx=175	produce_s=0.0025	got=perm
PARTASK	batch=474	idx=176	produce_s=0.0026	got=perm
PARTASK	batch=474	idx=177	produce_s=0.0025	got=perm
PARTASK	batch=474	idx=178	produce_s=0.0025	got=perm
PARTASK	batch=474	idx=179	produce_s=0.0025	got=perm
PARTASK	batch=474	idx=180	produce_s=0.0027	got=perm
PARTASK	batch=474	idx=181	produce_s=0.0028	got=perm
PARTASK	batch=474	idx=182	produce_s=0.0028	got=perm
PARTASK	batch=474	idx=183	produce_s=0.0027	got=perm
PARTASK	batch=474	idx=184	produce_s=0.0028	got=perm
PARTASK	batch=474	idx=185	produce_s=0.0027	got=perm
PARTASK	batch=474	idx=186	produce_s=0.0028	got=perm
PARTASK	batch=474	idx=187	produce_s=0.0025	got=perm
PARTASK	batch=474	idx=188	produce_s=0.0025	got=perm
PARTASK	batch=474	idx=189	produce_s=0.0025	got=perm
PARTASK	batch=474	idx=190	produce_s=0.0026	got=perm
PARTASK	batch=474	idx=191	produce_s=0.0025	got=perm
PARTASK	batch=474	idx=192	produce_s=0.0025	got=perm
PARTASK	batch=474	idx=193	produce_s=0.0024	got=perm
PARTASK	batch=474	idx=194	produce_s=0.0024	got=perm
PARTASK	batch=474	idx=195	produce_s=0.0024	got=perm
PARTASK	batch=474	idx=196	produce_s=0.0024	got=perm
PARTASK	batch=474	idx=199	produce_s=0.0000	got=perm
PARTASK	batch=474	idx=200	produce_s=0.0000	got=perm
PARTASK	batch=474	idx=201	produce_s=0.0000	got=perm
PARTASK	batch=474	idx=202	produce_s=0.0000	got=perm
PARTASK	batch=474	idx=203	produce_s=0.0000	got=perm
PARTASK	batch=474	idx=204	produce_s=0.0000	got=perm
PARTASK	batch=474	idx=205	produce_s=0.0000	got=perm
PARTASK	batch=474	idx=206	produce_s=0.0000	got=perm
PARTASK	batch=474	idx=207	produce_s=0.0000	got=perm
PARTASK	batch=474	idx=208	produce_s=0.0000	got=perm
PARTASK	batch=474	idx=209	produce_s=0.0000	got=perm
PARTASK	batch=474	idx=197	produce_s=0.0024	got=perm
PARTASK	batch=474	idx=210	produce_s=0.0000	got=perm
PARTASK	batch=474	idx=198	produce_s=0.0025	got=perm
PARTASK	batch=474	idx=211	produce_s=0.0028	got=perm
PARTASK	batch=474	idx=212	produce_s=0.0028	got=perm
PARTASK	batch=474	idx=213	produce_s=0.0028	got=perm
PARTASK	batch=474	idx=214	produce_s=0.0028	got=perm
PARTASK	batch=474	idx=217	produce_s=0.0024	got=perm
PARTASK	batch=474	idx=215	produce_s=0.0028	got=perm
PARTASK	batch=474	idx=216	produce_s=0.0028	got=perm
PARTASK	batch=474	idx=218	produce_s=0.0025	got=perm
PARTASK	batch=474	idx=220	produce_s=0.0025	got=perm
PARTASK	batch=474	idx=221	produce_s=0.0023	got=perm
PARTASK	batch=474	idx=219	produce_s=0.0025	got=perm
PARTASK	batch=474	idx=222	produce_s=0.0024	got=perm
PARTASK	batch=474	idx=225	produce_s=0.0028	got=perm
PARTASK	batch=474	idx=224	produce_s=0.0028	got=perm
PARTASK	batch=474	idx=223	produce_s=0.0029	got=perm
PARTASK	batch=474	idx=226	produce_s=0.0028	got=perm
PARTASK	batch=474	idx=227	produce_s=0.0028	got=perm
PARTASK	batch=474	idx=228	produce_s=0.0027	got=perm
PARTASK	batch=474	idx=229	produce_s=0.0028	got=perm
PARTASK	batch=474	idx=230	produce_s=0.0033	got=perm
PARTASK	batch=474	idx=232	produce_s=0.0029	got=perm
PARTASK	batch=474	idx=231	produce_s=0.0032	got=perm
PARTASK	batch=474	idx=233	produce_s=0.0035	got=perm
PARTASK	batch=474	idx=234	produce_s=0.0036	got=perm
PARTASK	batch=474	idx=235	produce_s=0.0024	got=perm
PARTASK	batch=474	idx=236	produce_s=0.0025	got=perm
PARTASK	batch=474	idx=237	produce_s=0.0025	got=perm
PARTASK	batch=474	idx=238	produce_s=0.0025	got=perm
PARTASK	batch=474	idx=239	produce_s=0.0025	got=perm
PARTASK	batch=474	idx=240	produce_s=0.0025	got=perm
PARTASK	batch=474	idx=241	produce_s=0.0027	got=perm
PARTASK	batch=474	idx=242	produce_s=0.0028	got=perm
PARTASK	batch=474	idx=243	produce_s=0.0028	got=perm
PARTASK	batch=474	idx=244	produce_s=0.0028	got=perm
PARTASK	batch=474	idx=245	produce_s=0.0027	got=perm
PARTASK	batch=474	idx=246	produce_s=0.0028	got=perm
PARTASK	batch=474	idx=247	produce_s=0.0024	got=perm
PARTASK	batch=474	idx=248	produce_s=0.0023	got=perm
PARTASK	batch=474	idx=249	produce_s=0.0023	got=perm
PARTASK	batch=474	idx=250	produce_s=0.0023	got=perm
PARTASK	batch=474	idx=251	produce_s=0.0024	got=perm
PARTASK	batch=474	idx=252	produce_s=0.0024	got=perm
PARTASK	batch=474	idx=253	produce_s=0.0026	got=perm
PARTASK	batch=474	idx=254	produce_s=0.0026	got=perm
PARTASK	batch=474	idx=255	produce_s=0.0025	got=perm
PARTASK	batch=474	idx=256	produce_s=0.0025	got=perm
PARTASK	batch=474	idx=257	produce_s=0.0026	got=perm
PARTASK	batch=474	idx=258	produce_s=0.0026	got=perm
PARTASK	batch=474	idx=259	produce_s=0.0025	got=perm
PARTASK	batch=474	idx=260	produce_s=0.0026	got=perm
PARTASK	batch=474	idx=261	produce_s=0.0026	got=perm
PARTASK	batch=474	idx=262	produce_s=0.0026	got=perm
PARTASK	batch=474	idx=263	produce_s=0.0026	got=perm
PARTASK	batch=474	idx=264	produce_s=0.0025	got=perm
PARTASK	batch=474	idx=265	produce_s=0.0025	got=perm
PARTASK	batch=474	idx=266	produce_s=0.0025	got=perm
PARTASK	batch=474	idx=267	produce_s=0.0025	got=perm
PARTASK	batch=474	idx=268	produce_s=0.0025	got=perm
PARTASK	batch=474	idx=271	produce_s=0.0000	got=perm
PARTASK	batch=474	idx=272	produce_s=0.0000	got=perm
PARTASK	batch=474	idx=273	produce_s=0.0000	got=perm
PARTASK	batch=474	idx=274	produce_s=0.0000	got=perm
PARTASK	batch=474	idx=275	produce_s=0.0000	got=perm
PARTASK	batch=474	idx=276	produce_s=0.0000	got=perm
PARTASK	batch=474	idx=269	produce_s=0.0024	got=perm
PARTASK	batch=474	idx=270	produce_s=0.0025	got=perm
PARTASK	batch=474	idx=277	produce_s=0.0024	got=perm
PARTASK	batch=474	idx=278	produce_s=0.0024	got=perm
PARTASK	batch=474	idx=279	produce_s=0.0024	got=perm
PARTASK	batch=474	idx=280	produce_s=0.0024	got=perm
PARTASK	batch=474	idx=281	produce_s=0.0025	got=perm
PARTASK	batch=474	idx=282	produce_s=0.0024	got=perm
PARTASK	batch=474	idx=283	produce_s=0.0024	got=perm
PARTASK	batch=474	idx=284	produce_s=0.0025	got=perm
PARTASK	batch=474	idx=285	produce_s=0.0024	got=perm
PARTASK	batch=474	idx=286	produce_s=0.0025	got=perm
PARTASK	batch=474	idx=289	produce_s=0.0000	got=perm
PARTASK	batch=474	idx=290	produce_s=0.0000	got=perm
PARTASK	batch=474	idx=291	produce_s=0.0000	got=perm
PARTASK	batch=474	idx=292	produce_s=0.0000	got=perm
PARTASK	batch=474	idx=293	produce_s=0.0000	got=perm
PARTASK	batch=474	idx=294	produce_s=0.0000	got=perm
PARTASK	batch=474	idx=287	produce_s=0.0025	got=perm
PARTASK	batch=474	idx=288	produce_s=0.0025	got=perm
PARTASK	batch=474	idx=295	produce_s=0.0025	got=perm
PARTASK	batch=474	idx=296	produce_s=0.0026	got=perm
PARTASK	batch=474	idx=297	produce_s=0.0025	got=perm
PARTASK	batch=474	idx=298	produce_s=0.0026	got=perm
PARTASK	batch=474	idx=299	produce_s=0.0025	got=perm
PARTASK	batch=474	idx=300	produce_s=0.0026	got=perm
PARTASK	batch=474	idx=301	produce_s=0.0026	got=perm
PARTASK	batch=474	idx=302	produce_s=0.0026	got=perm
PARTASK	batch=474	idx=303	produce_s=0.0025	got=perm
PARTASK	batch=474	idx=304	produce_s=0.0026	got=perm
PARTASK	batch=474	idx=305	produce_s=0.0025	got=perm
PARTASK	batch=474	idx=306	produce_s=0.0026	got=perm
PARTASK	batch=474	idx=307	produce_s=0.0028	got=perm
PARTASK	batch=474	idx=308	produce_s=0.0028	got=perm
PARTASK	batch=474	idx=309	produce_s=0.0027	got=perm
PARTASK	batch=474	idx=310	produce_s=0.0028	got=perm
PARTASK	batch=474	idx=311	produce_s=0.0028	got=perm
PARTASK	batch=474	idx=312	produce_s=0.0028	got=perm
PARTASK	batch=474	idx=313	produce_s=0.0028	got=perm
PARTASK	batch=474	idx=314	produce_s=0.0028	got=perm
PARTASK	batch=474	idx=315	produce_s=0.0028	got=perm
PARTASK	batch=474	idx=316	produce_s=0.0028	got=perm
PARTASK	batch=474	idx=317	produce_s=0.0028	got=perm
PARTASK	batch=474	idx=318	produce_s=0.0027	got=perm
PARTASK	batch=474	idx=320	produce_s=0.0030	got=perm
PARTASK	batch=474	idx=319	produce_s=0.0037	got=perm
PARTASK	batch=474	idx=321	produce_s=0.0031	got=perm
PARTASK	batch=474	idx=322	produce_s=0.0031	got=perm
PARTASK	batch=474	idx=324	produce_s=0.0031	got=perm
PARTASK	batch=474	idx=323	produce_s=0.0043	got=perm
PARTASK	batch=474	idx=325	produce_s=0.0036	got=perm
PARTASK	batch=474	idx=326	produce_s=0.0031	got=perm
PARTASK	batch=474	idx=328	produce_s=0.0027	got=perm
PARTASK	batch=474	idx=331	produce_s=0.0000	got=perm
PARTASK	batch=474	idx=332	produce_s=0.0000	got=perm
PARTASK	batch=474	idx=327	produce_s=0.0048	got=perm
PARTASK	batch=474	idx=330	produce_s=0.0033	got=perm
PARTASK	batch=474	idx=329	produce_s=0.0045	got=perm
PARTASK	batch=474	idx=333	produce_s=0.0022	got=perm
PARTASK	batch=474	idx=334	produce_s=0.0023	got=perm
PARTASK	batch=474	idx=335	produce_s=0.0022	got=perm
PARTASK	batch=474	idx=336	produce_s=0.0023	got=perm
PARTASK	batch=474	idx=337	produce_s=0.0022	got=perm
PARTASK	batch=474	idx=338	produce_s=0.0022	got=perm
PARTASK	batch=474	idx=339	produce_s=0.0021	got=perm
PARTASK	batch=474	idx=340	produce_s=0.0022	got=perm
PARTASK	batch=474	idx=341	produce_s=0.0022	got=perm
PARTASK	batch=474	idx=342	produce_s=0.0023	got=perm
PARTASK	batch=474	idx=343	produce_s=0.0022	got=perm
PARTASK	batch=474	idx=344	produce_s=0.0022	got=perm
PARTASK	batch=474	idx=345	produce_s=0.0022	got=perm
PARTASK	batch=474	idx=346	produce_s=0.0023	got=perm
PARTASK	batch=474	idx=347	produce_s=0.0021	got=perm
PARTASK	batch=474	idx=348	produce_s=0.0022	got=perm
PARTASK	batch=474	idx=349	produce_s=0.0022	got=perm
PARTASK	batch=474	idx=351	produce_s=0.0021	got=perm
PARTASK	batch=474	idx=350	produce_s=0.0023	got=perm
PARTASK	batch=474	idx=352	produce_s=0.0023	got=perm
PARTASK	batch=474	idx=353	produce_s=0.0021	got=perm
PARTASK	batch=474	idx=354	produce_s=0.0022	got=perm
PARTASK	batch=474	idx=355	produce_s=0.0022	got=perm
PARTASK	batch=474	idx=356	produce_s=0.0024	got=perm
PARTASK	batch=474	idx=357	produce_s=0.0022	got=perm
PARTASK	batch=474	idx=359	produce_s=0.0022	got=perm
PARTASK	batch=474	idx=358	produce_s=0.0023	got=perm
PARTASK	batch=474	idx=360	produce_s=0.0022	got=perm
PARTASK	batch=474	idx=361	produce_s=0.0022	got=perm
PARTASK	batch=474	idx=363	produce_s=0.0021	got=perm
PARTASK	batch=474	idx=362	produce_s=0.0023	got=perm
PARTASK	batch=474	idx=364	produce_s=0.0022	got=perm
PARTASK	batch=474	idx=365	produce_s=0.0021	got=perm
PARTASK	batch=474	idx=366	produce_s=0.0023	got=perm
PARTASK	batch=474	idx=367	produce_s=0.0022	got=perm
PARTASK	batch=474	idx=368	produce_s=0.0022	got=perm
PARTASK	batch=474	idx=369	produce_s=0.0022	got=perm
PARTASK	batch=474	idx=370	produce_s=0.0031	got=perm
PARTASK	batch=474	idx=371	produce_s=0.0030	got=perm
PARTASK	batch=474	idx=372	produce_s=0.0031	got=perm
PARTASK	batch=474	idx=373	produce_s=0.0029	got=perm
PARTASK	batch=474	idx=374	produce_s=0.0029	got=perm
PARTASK	batch=474	idx=375	produce_s=0.0029	got=perm
PARTASK	batch=474	idx=376	produce_s=0.0024	got=perm
PARTASK	batch=474	idx=377	produce_s=0.0029	got=perm
PARTASK	batch=474	idx=378	produce_s=0.0004	got=perm
PARTASK	batch=474	idx=379	produce_s=0.0028	got=perm
PARTASK	batch=474	idx=380	produce_s=0.0028	got=perm
PARTASK	batch=474	idx=381	produce_s=0.0028	got=perm
PARTASK	batch=474	idx=382	produce_s=0.0028	got=perm
PARTASK	batch=474	idx=384	produce_s=0.0028	got=perm
PARTASK	batch=474	idx=383	produce_s=0.0029	got=perm
PARTASK	batch=474	idx=385	produce_s=0.0024	got=perm
PARTASK	batch=474	idx=386	produce_s=0.0028	got=perm
PARTASK	batch=474	idx=387	produce_s=0.0002	got=perm
PARTASK	batch=474	idx=388	produce_s=0.0029	got=perm
PARTASK	batch=474	idx=389	produce_s=0.0029	got=perm
PARTASK	batch=474	idx=390	produce_s=0.0028	got=perm
PARTASK	batch=474	idx=391	produce_s=0.0029	got=perm
PARTASK	batch=474	idx=392	produce_s=0.0029	got=perm
PARTASK	batch=474	idx=393	produce_s=0.0029	got=perm
PARTASK	batch=474	idx=394	produce_s=0.0027	got=perm
PARTASK	batch=474	idx=395	produce_s=0.0028	got=perm
PARTASK	batch=474	idx=396	produce_s=0.0000	got=perm
PARTASK	batch=474	idx=397	produce_s=0.0027	got=perm
PARTASK	batch=474	idx=398	produce_s=0.0027	got=perm
PARTASK	batch=474	idx=399	produce_s=0.0029	got=perm
PARTASK	batch=474	idx=400	produce_s=0.0029	got=perm
PARTASK	batch=474	idx=402	produce_s=0.0028	got=perm
PARTASK	batch=474	idx=403	produce_s=0.0025	got=perm
PARTASK	batch=474	idx=401	produce_s=0.0030	got=perm
PARTASK	batch=474	idx=404	produce_s=0.0029	got=perm
PARTASK	batch=474	idx=405	produce_s=0.0002	got=perm
PARTASK	batch=474	idx=406	produce_s=0.0029	got=perm
PARTASK	batch=474	idx=407	produce_s=0.0029	got=perm
PARTASK	batch=474	idx=408	produce_s=0.0029	got=perm
PARTASK	batch=474	idx=409	produce_s=0.0029	got=perm
PARTASK	batch=474	idx=410	produce_s=0.0029	got=perm
PARTASK	batch=474	idx=411	produce_s=0.0030	got=perm
PARTASK	batch=474	idx=412	produce_s=0.0027	got=perm
PARTASK	batch=474	idx=413	produce_s=0.0029	got=perm
PARTASK	batch=474	idx=414	produce_s=0.0001	got=perm
PARTASK	batch=474	idx=415	produce_s=0.0028	got=perm
PARTASK	batch=474	idx=416	produce_s=0.0028	got=perm
PARTASK	batch=474	idx=417	produce_s=0.0029	got=perm
PARTASK	batch=474	idx=418	produce_s=0.0029	got=perm
PARTASK	batch=474	idx=420	produce_s=0.0029	got=perm
PARTASK	batch=474	idx=419	produce_s=0.0030	got=perm
PARTASK	batch=474	idx=421	produce_s=0.0027	got=perm
PARTASK	batch=474	idx=422	produce_s=0.0027	got=perm
PARTASK	batch=474	idx=423	produce_s=0.0000	got=perm
PARTASK	batch=474	idx=426	produce_s=0.0028	got=perm
PARTASK	batch=474	idx=427	produce_s=0.0027	got=perm
PARTASK	batch=474	idx=424	produce_s=0.0029	got=perm
PARTASK	batch=474	idx=425	produce_s=0.0029	got=perm
PARTASK	batch=474	idx=428	produce_s=0.0028	got=perm
PARTASK	batch=474	idx=431	produce_s=0.0029	got=perm
PARTASK	batch=474	idx=429	produce_s=0.0030	got=perm
PARTASK	batch=474	idx=432	produce_s=0.0000	got=perm
PARTASK	batch=474	idx=430	produce_s=0.0030	got=perm
PARTASK	batch=474	idx=433	produce_s=0.0029	got=perm
PARTASK	batch=474	idx=434	produce_s=0.0029	got=perm
PARTASK	batch=474	idx=435	produce_s=0.0030	got=perm
PARTASK	batch=474	idx=436	produce_s=0.0031	got=perm
PARTASK	batch=474	idx=437	produce_s=0.0029	got=perm
PARTASK	batch=474	idx=438	produce_s=0.0029	got=perm
PARTASK	batch=474	idx=439	produce_s=0.0030	got=perm
PARTASK	batch=474	idx=440	produce_s=0.0030	got=perm
PARTASK	batch=474	idx=442	produce_s=0.0027	got=perm
PARTASK	batch=474	idx=441	produce_s=0.0029	got=perm
PARTASK	batch=474	idx=444	produce_s=0.0028	got=perm
PARTASK	batch=474	idx=443	produce_s=0.0030	got=perm
PARTASK	batch=474	idx=446	produce_s=0.0027	got=perm
PARTASK	batch=474	idx=445	produce_s=0.0029	got=perm
PARTASK	batch=474	idx=447	produce_s=0.0028	got=perm
PARTASK	batch=474	idx=448	produce_s=0.0028	got=perm
PARTASK	batch=474	idx=450	produce_s=0.0029	got=perm
PARTASK	batch=474	idx=449	produce_s=0.0030	got=perm
PARTASK	batch=474	idx=451	produce_s=0.0029	got=perm
PARTASK	batch=474	idx=452	produce_s=0.0029	got=perm
PARTASK	batch=474	idx=454	produce_s=0.0028	got=perm
PARTASK	batch=474	idx=453	produce_s=0.0029	got=perm
PARTASK	batch=474	idx=455	produce_s=0.0027	got=perm
PARTASK	batch=474	idx=456	produce_s=0.0028	got=perm
PARTASK	batch=474	idx=458	produce_s=0.0027	got=perm
PARTASK	batch=474	idx=457	produce_s=0.0029	got=perm
PARTASK	batch=474	idx=459	produce_s=0.0028	got=perm
PARTASK	batch=474	idx=460	produce_s=0.0030	got=perm
PARTASK	batch=474	idx=461	produce_s=0.0029	got=perm
PARTASK	batch=474	idx=462	produce_s=0.0029	got=perm
PARTASK	batch=474	idx=463	produce_s=0.0028	got=perm
PARTASK	batch=474	idx=464	produce_s=0.0028	got=perm
PARTASK	batch=474	idx=467	produce_s=0.0029	got=perm
PARTASK	batch=474	idx=465	produce_s=0.0031	got=perm
PARTASK	batch=474	idx=466	produce_s=0.0029	got=perm
PARTASK	batch=474	idx=468	produce_s=0.0029	got=perm
PARTASK	batch=474	idx=469	produce_s=0.0028	got=perm
PARTASK	batch=474	idx=470	produce_s=0.0028	got=perm
PARTASK	batch=474	idx=471	produce_s=0.0028	got=perm
PARTASK	batch=474	idx=472	produce_s=0.0029	got=perm
PARTASK	batch=474	idx=473	produce_s=0.0029	got=perm
LADGATE	2000	10000	0.955	1
COUNTS	fd_n2000_d8	2000	16000	230549984	219947100
PARTASK	batch=15	idx=0	produce_s=0.0065	got=perm
PARTASK	batch=15	idx=2	produce_s=0.0065	got=perm
PARTASK	batch=15	idx=3	produce_s=0.0065	got=perm
PARTASK	batch=15	idx=1	produce_s=0.0065	got=perm
PARTASK	batch=15	idx=4	produce_s=0.0000	got=perm
PARTASK	batch=15	idx=5	produce_s=0.0000	got=perm
PARTASK	batch=15	idx=6	produce_s=0.0050	got=perm
PARTASK	batch=15	idx=7	produce_s=0.0060	got=perm
PARTASK	batch=15	idx=8	produce_s=0.0061	got=perm
PARTASK	batch=15	idx=9	produce_s=0.0078	got=perm
PARTASK	batch=15	idx=10	produce_s=0.0024	got=perm
PARTASK	batch=15	idx=11	produce_s=0.0052	got=perm
PARTASK	batch=15	idx=12	produce_s=0.0052	got=perm
PARTASK	batch=15	idx=13	produce_s=0.0095	got=perm
PARTASK	batch=15	idx=14	produce_s=0.0095	got=perm
PARTASK	batch=1	idx=0	produce_s=0.0122	got=perm
PARTASK	batch=2	idx=0	produce_s=0.0162	got=perm
PARTASK	batch=2	idx=1	produce_s=0.0255	got=perm
PARTASK	batch=209	idx=0	produce_s=0.0000	got=perm
PARTASK	batch=209	idx=1	produce_s=0.0000	got=perm
PARTASK	batch=209	idx=2	produce_s=0.0000	got=perm
PARTASK	batch=209	idx=3	produce_s=0.0000	got=perm
PARTASK	batch=209	idx=4	produce_s=0.0000	got=perm
PARTASK	batch=209	idx=5	produce_s=0.0000	got=perm
PARTASK	batch=209	idx=6	produce_s=0.0000	got=perm
PARTASK	batch=209	idx=7	produce_s=0.0000	got=perm
PARTASK	batch=209	idx=8	produce_s=0.0000	got=perm
PARTASK	batch=209	idx=9	produce_s=0.0000	got=perm
PARTASK	batch=209	idx=10	produce_s=0.0000	got=perm
PARTASK	batch=209	idx=11	produce_s=0.0000	got=perm
PARTASK	batch=209	idx=12	produce_s=0.0082	got=perm
PARTASK	batch=209	idx=14	produce_s=0.0083	got=perm
PARTASK	batch=209	idx=13	produce_s=0.0083	got=perm
PARTASK	batch=209	idx=15	produce_s=0.0083	got=perm
PARTASK	batch=209	idx=16	produce_s=0.0066	got=perm
PARTASK	batch=209	idx=18	produce_s=0.0066	got=perm
PARTASK	batch=209	idx=17	produce_s=0.0066	got=perm
PARTASK	batch=209	idx=19	produce_s=0.0066	got=perm
PARTASK	batch=209	idx=20	produce_s=0.0061	got=perm
PARTASK	batch=209	idx=22	produce_s=0.0061	got=perm
PARTASK	batch=209	idx=23	produce_s=0.0061	got=perm
PARTASK	batch=209	idx=21	produce_s=0.0062	got=perm
PARTASK	batch=209	idx=24	produce_s=0.0061	got=perm
PARTASK	batch=209	idx=25	produce_s=0.0061	got=perm
PARTASK	batch=209	idx=27	produce_s=0.0061	got=perm
PARTASK	batch=209	idx=26	produce_s=0.0061	got=perm
PARTASK	batch=209	idx=28	produce_s=0.0053	got=perm
PARTASK	batch=209	idx=30	produce_s=0.0053	got=perm
PARTASK	batch=209	idx=29	produce_s=0.0053	got=perm
PARTASK	batch=209	idx=31	produce_s=0.0053	got=perm
PARTASK	batch=209	idx=32	produce_s=0.0052	got=perm
PARTASK	batch=209	idx=33	produce_s=0.0052	got=perm
PARTASK	batch=209	idx=34	produce_s=0.0052	got=perm
PARTASK	batch=209	idx=35	produce_s=0.0052	got=perm
PARTASK	batch=209	idx=36	produce_s=0.0066	got=perm
PARTASK	batch=209	idx=37	produce_s=0.0066	got=perm
PARTASK	batch=209	idx=38	produce_s=0.0066	got=perm
PARTASK	batch=209	idx=39	produce_s=0.0066	got=perm
PARTASK	batch=209	idx=40	produce_s=0.0073	got=perm
PARTASK	batch=209	idx=41	produce_s=0.0092	got=perm
PARTASK	batch=209	idx=42	produce_s=0.0092	got=perm
PARTASK	batch=209	idx=43	produce_s=0.0092	got=perm
PARTASK	batch=209	idx=44	produce_s=0.0062	got=perm
PARTASK	batch=209	idx=45	produce_s=0.0043	got=perm
PARTASK	batch=209	idx=46	produce_s=0.0042	got=perm
PARTASK	batch=209	idx=47	produce_s=0.0114	got=perm
PARTASK	batch=209	idx=48	produce_s=0.0067	got=perm
PARTASK	batch=209	idx=49	produce_s=0.0068	got=perm
PARTASK	batch=209	idx=50	produce_s=0.0110	got=perm
PARTASK	batch=209	idx=53	produce_s=0.0057	got=perm
PARTASK	batch=209	idx=51	produce_s=0.0064	got=perm
PARTASK	batch=209	idx=52	produce_s=0.0102	got=perm
PARTASK	batch=209	idx=55	produce_s=0.0057	got=perm
PARTASK	batch=209	idx=54	produce_s=0.0084	got=perm
PARTASK	batch=209	idx=56	produce_s=0.0065	got=perm
PARTASK	batch=209	idx=58	produce_s=0.0064	got=perm
PARTASK	batch=209	idx=57	produce_s=0.0105	got=perm
PARTASK	batch=209	idx=59	produce_s=0.0088	got=perm
PARTASK	batch=209	idx=60	produce_s=0.0114	got=perm
PARTASK	batch=209	idx=63	produce_s=0.0068	got=perm
PARTASK	batch=209	idx=62	produce_s=0.0080	got=perm
PARTASK	batch=209	idx=61	produce_s=0.0113	got=perm
PARTASK	batch=209	idx=64	produce_s=0.0067	got=perm
PARTASK	batch=209	idx=65	produce_s=0.0071	got=perm
PARTASK	batch=209	idx=66	produce_s=0.0068	got=perm
PARTASK	batch=209	idx=67	produce_s=0.0068	got=perm
PARTASK	batch=209	idx=68	produce_s=0.0058	got=perm
PARTASK	batch=209	idx=70	produce_s=0.0056	got=perm
PARTASK	batch=209	idx=69	produce_s=0.0058	got=perm
PARTASK	batch=209	idx=71	produce_s=0.0064	got=perm
PARTASK	batch=209	idx=72	produce_s=0.0065	got=perm
PARTASK	batch=209	idx=74	produce_s=0.0055	got=perm
PARTASK	batch=209	idx=73	produce_s=0.0064	got=perm
PARTASK	batch=209	idx=75	produce_s=0.0055	got=perm
PARTASK	batch=209	idx=76	produce_s=0.0055	got=perm
PARTASK	batch=209	idx=77	produce_s=0.0056	got=perm
PARTASK	batch=209	idx=78	produce_s=0.0056	got=perm
PARTASK	batch=209	idx=79	produce_s=0.0056	got=perm
PARTASK	batch=209	idx=80	produce_s=0.0054	got=perm
PARTASK	batch=209	idx=81	produce_s=0.0054	got=perm
PARTASK	batch=209	idx=82	produce_s=0.0055	got=perm
PARTASK	batch=209	idx=83	produce_s=0.0057	got=perm
PARTASK	batch=209	idx=84	produce_s=0.0057	got=perm
PARTASK	batch=209	idx=85	produce_s=0.0058	got=perm
PARTASK	batch=209	idx=86	produce_s=0.0063	got=perm
PARTASK	batch=209	idx=87	produce_s=0.0064	got=perm
PARTASK	batch=209	idx=88	produce_s=0.0065	got=perm
PARTASK	batch=209	idx=89	produce_s=0.0057	got=perm
PARTASK	batch=209	idx=90	produce_s=0.0059	got=perm
PARTASK	batch=209	idx=91	produce_s=0.0056	got=perm
PARTASK	batch=209	idx=92	produce_s=0.0055	got=perm
PARTASK	batch=209	idx=95	produce_s=0.0000	got=perm
PARTASK	batch=209	idx=96	produce_s=0.0000	got=perm
PARTASK	batch=209	idx=97	produce_s=0.0000	got=perm
PARTASK	batch=209	idx=98	produce_s=0.0000	got=perm
PARTASK	batch=209	idx=99	produce_s=0.0000	got=perm
PARTASK	batch=209	idx=100	produce_s=0.0000	got=perm
PARTASK	batch=209	idx=93	produce_s=0.0053	got=perm
PARTASK	batch=209	idx=94	produce_s=0.0055	got=perm
PARTASK	batch=209	idx=101	produce_s=0.0065	got=perm
PARTASK	batch=209	idx=102	produce_s=0.0064	got=perm
PARTASK	batch=209	idx=103	produce_s=0.0065	got=perm
PARTASK	batch=209	idx=104	produce_s=0.0054	got=perm
PARTASK	batch=209	idx=105	produce_s=0.0055	got=perm
PARTASK	batch=209	idx=106	produce_s=0.0056	got=perm
PARTASK	batch=209	idx=107	produce_s=0.0063	got=perm
PARTASK	batch=209	idx=108	produce_s=0.0064	got=perm
PARTASK	batch=209	idx=109	produce_s=0.0063	got=perm
PARTASK	batch=209	idx=110	produce_s=0.0075	got=perm
PARTASK	batch=209	idx=111	produce_s=0.0082	got=perm
PARTASK	batch=209	idx=113	produce_s=0.0057	got=perm
PARTASK	batch=209	idx=114	produce_s=0.0057	got=perm
PARTASK	batch=209	idx=112	produce_s=0.0107	got=perm
PARTASK	batch=209	idx=115	produce_s=0.0056	got=perm
PARTASK	batch=209	idx=116	produce_s=0.0064	got=perm
PARTASK	batch=209	idx=117	produce_s=0.0063	got=perm
PARTASK	batch=209	idx=118	produce_s=0.0064	got=perm
PARTASK	batch=209	idx=119	produce_s=0.0055	got=perm
PARTASK	batch=209	idx=120	produce_s=0.0055	got=perm
PARTASK	batch=209	idx=121	produce_s=0.0056	got=perm
PARTASK	batch=209	idx=122	produce_s=0.0058	got=perm
PARTASK	batch=209	idx=123	produce_s=0.0058	got=perm
PARTASK	batch=209	idx=124	produce_s=0.0058	got=perm
PARTASK	batch=209	idx=125	produce_s=0.0056	got=perm
PARTASK	batch=209	idx=126	produce_s=0.0056	got=perm
PARTASK	batch=209	idx=127	produce_s=0.0056	got=perm
PARTASK	batch=209	idx=131	produce_s=0.0000	got=perm
PARTASK	batch=209	idx=132	produce_s=0.0000	got=perm
PARTASK	batch=209	idx=133	produce_s=0.0000	got=perm
PARTASK	batch=209	idx=128	produce_s=0.0055	got=perm
PARTASK	batch=209	idx=129	produce_s=0.0055	got=perm
PARTASK	batch=209	idx=130	produce_s=0.0055	got=perm
PARTASK	batch=209	idx=134	produce_s=0.0051	got=perm
PARTASK	batch=209	idx=135	produce_s=0.0056	got=perm
PARTASK	batch=209	idx=136	produce_s=0.0054	got=perm
PARTASK	batch=209	idx=140	produce_s=0.0000	got=perm
PARTASK	batch=209	idx=141	produce_s=0.0000	got=perm
PARTASK	batch=209	idx=142	produce_s=0.0000	got=perm
PARTASK	batch=209	idx=137	produce_s=0.0055	got=perm
PARTASK	batch=209	idx=138	produce_s=0.0056	got=perm
PARTASK	batch=209	idx=139	produce_s=0.0055	got=perm
PARTASK	batch=209	idx=143	produce_s=0.0057	got=perm
PARTASK	batch=209	idx=144	produce_s=0.0058	got=perm
PARTASK	batch=209	idx=145	produce_s=0.0057	got=perm
PARTASK	batch=209	idx=146	produce_s=0.0056	got=perm
PARTASK	batch=209	idx=147	produce_s=0.0057	got=perm
PARTASK	batch=209	idx=148	produce_s=0.0058	got=perm
PARTASK	batch=209	idx=149	produce_s=0.0064	got=perm
PARTASK	batch=209	idx=150	produce_s=0.0066	got=perm
PARTASK	batch=209	idx=151	produce_s=0.0064	got=perm
PARTASK	batch=209	idx=152	produce_s=0.0062	got=perm
PARTASK	batch=209	idx=153	produce_s=0.0065	got=perm
PARTASK	batch=209	idx=154	produce_s=0.0065	got=perm
PARTASK	batch=209	idx=156	produce_s=0.0090	got=perm
PARTASK	batch=209	idx=155	produce_s=0.0111	got=perm
PARTASK	batch=209	idx=158	produce_s=0.0087	got=perm
PARTASK	batch=209	idx=161	produce_s=0.0000	got=perm
PARTASK	batch=209	idx=162	produce_s=0.0000	got=perm
PARTASK	batch=209	idx=157	produce_s=0.0111	got=perm
PARTASK	batch=209	idx=159	produce_s=0.0078	got=perm
PARTASK	batch=209	idx=160	produce_s=0.0085	got=perm
PARTASK	batch=209	idx=163	produce_s=0.0049	got=perm
PARTASK	batch=209	idx=164	produce_s=0.0051	got=perm
PARTASK	batch=209	idx=165	produce_s=0.0048	got=perm
PARTASK	batch=209	idx=166	produce_s=0.0052	got=perm
PARTASK	batch=209	idx=167	produce_s=0.0049	got=perm
PARTASK	batch=209	idx=168	produce_s=0.0051	got=perm
PARTASK	batch=209	idx=169	produce_s=0.0049	got=perm
PARTASK	batch=209	idx=171	produce_s=0.0047	got=perm
PARTASK	batch=209	idx=170	produce_s=0.0050	got=perm
PARTASK	batch=209	idx=172	produce_s=0.0052	got=perm
PARTASK	batch=209	idx=173	produce_s=0.0049	got=perm
PARTASK	batch=209	idx=174	produce_s=0.0052	got=perm
PARTASK	batch=209	idx=175	produce_s=0.0063	got=perm
PARTASK	batch=209	idx=176	produce_s=0.0051	got=perm
PARTASK	batch=209	idx=177	produce_s=0.0072	got=perm
PARTASK	batch=209	idx=178	produce_s=0.0059	got=perm
PARTASK	batch=209	idx=179	produce_s=0.0068	got=perm
PARTASK	batch=209	idx=180	produce_s=0.0067	got=perm
PARTASK	batch=209	idx=181	produce_s=0.0017	got=perm
PARTASK	batch=209	idx=182	produce_s=0.0062	got=perm
PARTASK	batch=209	idx=183	produce_s=0.0041	got=perm
PARTASK	batch=209	idx=184	produce_s=0.0067	got=perm
PARTASK	batch=209	idx=185	produce_s=0.0067	got=perm
PARTASK	batch=209	idx=186	produce_s=0.0066	got=perm
PARTASK	batch=209	idx=187	produce_s=0.0066	got=perm
PARTASK	batch=209	idx=188	produce_s=0.0062	got=perm
PARTASK	batch=209	idx=189	produce_s=0.0065	got=perm
PARTASK	batch=209	idx=190	produce_s=0.0022	got=perm
PARTASK	batch=209	idx=191	produce_s=0.0062	got=perm
PARTASK	batch=209	idx=192	produce_s=0.0039	got=perm
PARTASK	batch=209	idx=193	produce_s=0.0071	got=perm
PARTASK	batch=209	idx=194	produce_s=0.0071	got=perm
PARTASK	batch=209	idx=195	produce_s=0.0064	got=perm
PARTASK	batch=209	idx=196	produce_s=0.0064	got=perm
PARTASK	batch=209	idx=198	produce_s=0.0063	got=perm
PARTASK	batch=209	idx=197	produce_s=0.0068	got=perm
PARTASK	batch=209	idx=200	produce_s=0.0060	got=perm
PARTASK	batch=209	idx=199	produce_s=0.0065	got=perm
PARTASK	batch=209	idx=201	produce_s=0.0066	got=perm
PARTASK	batch=209	idx=202	produce_s=0.0066	got=perm
PARTASK	batch=209	idx=203	produce_s=0.0061	got=perm
PARTASK	batch=209	idx=204	produce_s=0.0064	got=perm
PARTASK	batch=209	idx=206	produce_s=0.0060	got=perm
PARTASK	batch=209	idx=205	produce_s=0.0065	got=perm
PARTASK	batch=209	idx=207	produce_s=0.0068	got=perm
PARTASK	batch=209	idx=208	produce_s=0.0067	got=perm
LADGATE	4000	10000	0.830	1
COUNTS	fd_n4000_d8	4000	32000	1846592893	1804968019
PARTASK	batch=7	idx=0	produce_s=0.0109	got=perm
PARTASK	batch=7	idx=3	produce_s=0.0110	got=perm
PARTASK	batch=7	idx=2	produce_s=0.0110	got=perm
PARTASK	batch=7	idx=1	produce_s=0.0110	got=perm
PARTASK	batch=7	idx=4	produce_s=0.0000	got=perm
PARTASK	batch=7	idx=5	produce_s=0.0000	got=perm
PARTASK	batch=7	idx=6	produce_s=0.0078	got=perm
PARTASK	batch=1	idx=0	produce_s=0.0179	got=perm
PARTASK	batch=1	idx=0	produce_s=0.0188	got=perm
PARTASK	batch=161	idx=0	produce_s=0.0106	got=perm
PARTASK	batch=161	idx=2	produce_s=0.0106	got=perm
PARTASK	batch=161	idx=3	produce_s=0.0106	got=perm
PARTASK	batch=161	idx=1	produce_s=0.0107	got=perm
PARTASK	batch=161	idx=4	produce_s=0.0111	got=perm
PARTASK	batch=161	idx=7	produce_s=0.0111	got=perm
PARTASK	batch=161	idx=5	produce_s=0.0112	got=perm
PARTASK	batch=161	idx=6	produce_s=0.0112	got=perm
PARTASK	batch=161	idx=8	produce_s=0.0097	got=perm
PARTASK	batch=161	idx=11	produce_s=0.0097	got=perm
PARTASK	batch=161	idx=10	produce_s=0.0097	got=perm
PARTASK	batch=161	idx=9	produce_s=0.0097	got=perm
PARTASK	batch=161	idx=12	produce_s=0.0085	got=perm
PARTASK	batch=161	idx=14	produce_s=0.0085	got=perm
PARTASK	batch=161	idx=13	produce_s=0.0085	got=perm
PARTASK	batch=161	idx=15	produce_s=0.0085	got=perm
PARTASK	batch=161	idx=16	produce_s=0.0140	got=perm
PARTASK	batch=161	idx=19	produce_s=0.0140	got=perm
PARTASK	batch=161	idx=18	produce_s=0.0140	got=perm
PARTASK	batch=161	idx=17	produce_s=0.0140	got=perm
PARTASK	batch=161	idx=20	produce_s=0.0098	got=perm
PARTASK	batch=161	idx=21	produce_s=0.0098	got=perm
PARTASK	batch=161	idx=22	produce_s=0.0098	got=perm
PARTASK	batch=161	idx=23	produce_s=0.0098	got=perm
PARTASK	batch=161	idx=24	produce_s=0.0094	got=perm
PARTASK	batch=161	idx=26	produce_s=0.0094	got=perm
PARTASK	batch=161	idx=25	produce_s=0.0094	got=perm
PARTASK	batch=161	idx=27	produce_s=0.0094	got=perm
PARTASK	batch=161	idx=28	produce_s=0.0086	got=perm
PARTASK	batch=161	idx=31	produce_s=0.0086	got=perm
PARTASK	batch=161	idx=30	produce_s=0.0086	got=perm
PARTASK	batch=161	idx=29	produce_s=0.0086	got=perm
PARTASK	batch=161	idx=32	produce_s=0.0083	got=perm
PARTASK	batch=161	idx=33	produce_s=0.0083	got=perm
PARTASK	batch=161	idx=34	produce_s=0.0083	got=perm
PARTASK	batch=161	idx=35	produce_s=0.0083	got=perm
PARTASK	batch=161	idx=36	produce_s=0.0107	got=perm
PARTASK	batch=161	idx=37	produce_s=0.0107	got=perm
PARTASK	batch=161	idx=38	produce_s=0.0107	got=perm
PARTASK	batch=161	idx=39	produce_s=0.0107	got=perm
PARTASK	batch=161	idx=40	produce_s=0.0119	got=perm
PARTASK	batch=161	idx=41	produce_s=0.0168	got=perm
PARTASK	batch=161	idx=42	produce_s=0.0168	got=perm
PARTASK	batch=161	idx=43	produce_s=0.0169	got=perm
PARTASK	batch=161	idx=44	produce_s=0.0099	got=perm
PARTASK	batch=161	idx=45	produce_s=0.0049	got=perm
PARTASK	batch=161	idx=46	produce_s=0.0048	got=perm
PARTASK	batch=161	idx=47	produce_s=0.0148	got=perm
PARTASK	batch=161	idx=49	produce_s=0.0106	got=perm
PARTASK	batch=161	idx=50	produce_s=0.0112	got=perm
PARTASK	batch=161	idx=48	produce_s=0.0114	got=perm
PARTASK	batch=161	idx=51	produce_s=0.0095	got=perm
PARTASK	batch=161	idx=52	produce_s=0.0096	got=perm
PARTASK	batch=161	idx=54	produce_s=0.0105	got=perm
PARTASK	batch=161	idx=53	produce_s=0.0108	got=perm
PARTASK	batch=161	idx=57	produce_s=0.0109	got=perm
PARTASK	batch=161	idx=58	produce_s=0.0112	got=perm
PARTASK	batch=161	idx=55	produce_s=0.0173	got=perm
PARTASK	batch=161	idx=56	produce_s=0.0158	got=perm
PARTASK	batch=161	idx=59	produce_s=0.0112	got=perm
PARTASK	batch=161	idx=60	produce_s=0.0107	got=perm
PARTASK	batch=161	idx=61	produce_s=0.0092	got=perm
PARTASK	batch=161	idx=62	produce_s=0.0094	got=perm
PARTASK	batch=161	idx=65	produce_s=0.0086	got=perm
PARTASK	batch=161	idx=63	produce_s=0.0102	got=perm
PARTASK	batch=161	idx=64	produce_s=0.0101	got=perm
PARTASK	batch=161	idx=66	produce_s=0.0086	got=perm
PARTASK	batch=161	idx=69	produce_s=0.0088	got=perm
PARTASK	batch=161	idx=70	produce_s=0.0089	got=perm
PARTASK	batch=161	idx=68	produce_s=0.0091	got=perm
PARTASK	batch=161	idx=67	produce_s=0.0095	got=perm
PARTASK	batch=161	idx=71	produce_s=0.0093	got=perm
PARTASK	batch=161	idx=72	produce_s=0.0096	got=perm
PARTASK	batch=161	idx=73	produce_s=0.0103	got=perm
PARTASK	batch=161	idx=74	produce_s=0.0106	got=perm
PARTASK	batch=161	idx=75	produce_s=0.0091	got=perm
PARTASK	batch=161	idx=77	produce_s=0.0086	got=perm
PARTASK	batch=161	idx=76	produce_s=0.0095	got=perm
PARTASK	batch=161	idx=79	produce_s=0.0000	got=perm
PARTASK	batch=161	idx=80	produce_s=0.0000	got=perm
PARTASK	batch=161	idx=81	produce_s=0.0000	got=perm
PARTASK	batch=161	idx=82	produce_s=0.0000	got=perm
PARTASK	batch=161	idx=78	produce_s=0.0087	got=perm
PARTASK	batch=161	idx=85	produce_s=0.0089	got=perm
PARTASK	batch=161	idx=86	produce_s=0.0088	got=perm
PARTASK	batch=161	idx=83	produce_s=0.0104	got=perm
PARTASK	batch=161	idx=84	produce_s=0.0102	got=perm
PARTASK	batch=161	idx=87	produce_s=0.0105	got=perm
PARTASK	batch=161	idx=88	produce_s=0.0106	got=perm
PARTASK	batch=161	idx=90	produce_s=0.0196	got=perm
PARTASK	batch=161	idx=91	produce_s=0.0095	got=perm
PARTASK	batch=161	idx=89	produce_s=0.0203	got=perm
PARTASK	batch=161	idx=92	produce_s=0.0094	got=perm
PARTASK	batch=161	idx=95	produce_s=0.0088	got=perm
PARTASK	batch=161	idx=96	produce_s=0.0092	got=perm
PARTASK	batch=161	idx=94	produce_s=0.0108	got=perm
PARTASK	batch=161	idx=93	produce_s=0.0112	got=perm
PARTASK	batch=161	idx=97	produce_s=0.0096	got=perm
PARTASK	batch=161	idx=98	produce_s=0.0094	got=perm
PARTASK	batch=161	idx=99	produce_s=0.0091	got=perm
PARTASK	batch=161	idx=100	produce_s=0.0093	got=perm
PARTASK	batch=161	idx=103	produce_s=0.0000	got=perm
PARTASK	batch=161	idx=104	produce_s=0.0000	got=perm
PARTASK	batch=161	idx=101	produce_s=0.0091	got=perm
PARTASK	batch=161	idx=102	produce_s=0.0091	got=perm
PARTASK	batch=161	idx=105	produce_s=0.0085	got=perm
PARTASK	batch=161	idx=106	produce_s=0.0087	got=perm
PARTASK	batch=161	idx=109	produce_s=0.0000	got=perm
PARTASK	batch=161	idx=110	produce_s=0.0000	got=perm
PARTASK	batch=161	idx=107	produce_s=0.0090	got=perm
PARTASK	batch=161	idx=108	produce_s=0.0089	got=perm
PARTASK	batch=161	idx=111	produce_s=0.0092	got=perm
PARTASK	batch=161	idx=112	produce_s=0.0094	got=perm
PARTASK	batch=161	idx=113	produce_s=0.0093	got=perm
PARTASK	batch=161	idx=114	produce_s=0.0093	got=perm
PARTASK	batch=161	idx=115	produce_s=0.0106	got=perm
PARTASK	batch=161	idx=116	produce_s=0.0108	got=perm
PARTASK	batch=161	idx=117	produce_s=0.0107	got=perm
PARTASK	batch=161	idx=118	produce_s=0.0105	got=perm
PARTASK	batch=161	idx=119	produce_s=0.0176	got=perm
PARTASK	batch=161	idx=123	produce_s=0.0000	got=perm
PARTASK	batch=161	idx=120	produce_s=0.0176	got=perm
PARTASK	batch=161	idx=124	produce_s=0.0000	got=perm
PARTASK	batch=161	idx=121	produce_s=0.0166	got=perm
PARTASK	batch=161	idx=125	produce_s=0.0079	got=perm
PARTASK	batch=161	idx=122	produce_s=0.0180	got=perm
PARTASK	batch=161	idx=126	produce_s=0.0085	got=perm
PARTASK	batch=161	idx=127	produce_s=0.0078	got=perm
PARTASK	batch=161	idx=129	produce_s=0.0078	got=perm
PARTASK	batch=161	idx=128	produce_s=0.0084	got=perm
PARTASK	batch=161	idx=130	produce_s=0.0085	got=perm
PARTASK	batch=161	idx=131	produce_s=0.0079	got=perm
PARTASK	batch=161	idx=133	produce_s=0.0079	got=perm
PARTASK	batch=161	idx=132	produce_s=0.0087	got=perm
PARTASK	batch=161	idx=134	produce_s=0.0086	got=perm
PARTASK	batch=161	idx=135	produce_s=0.0078	got=perm
PARTASK	batch=161	idx=136	produce_s=0.0083	got=perm
PARTASK	batch=161	idx=137	produce_s=0.0103	got=perm
PARTASK	batch=161	idx=138	produce_s=0.0114	got=perm
PARTASK	batch=161	idx=139	produce_s=0.0108	got=perm
PARTASK	batch=161	idx=140	produce_s=0.0105	got=perm
PARTASK	batch=161	idx=141	produce_s=0.0105	got=perm
PARTASK	batch=161	idx=142	produce_s=0.0108	got=perm
PARTASK	batch=161	idx=143	produce_s=0.0113	got=perm
PARTASK	batch=161	idx=144	produce_s=0.0110	got=perm
PARTASK	batch=161	idx=145	produce_s=0.0103	got=perm
PARTASK	batch=161	idx=146	produce_s=0.0098	got=perm
PARTASK	batch=161	idx=147	produce_s=0.0106	got=perm
PARTASK	batch=161	idx=148	produce_s=0.0115	got=perm
PARTASK	batch=161	idx=149	produce_s=0.0102	got=perm
PARTASK	batch=161	idx=150	produce_s=0.0105	got=perm
PARTASK	batch=161	idx=151	produce_s=0.0114	got=perm
PARTASK	batch=161	idx=153	produce_s=0.0102	got=perm
PARTASK	batch=161	idx=152	produce_s=0.0109	got=perm
PARTASK	batch=161	idx=154	produce_s=0.0102	got=perm
PARTASK	batch=161	idx=155	produce_s=0.0106	got=perm
PARTASK	batch=161	idx=156	produce_s=0.0101	got=perm
PARTASK	batch=161	idx=157	produce_s=0.0105	got=perm
PARTASK	batch=161	idx=158	produce_s=0.0112	got=perm
PARTASK	batch=161	idx=159	produce_s=0.0105	got=perm
PARTASK	batch=161	idx=160	produce_s=0.0109	got=perm
LADGATE	6000	10000	1.033	1
COUNTS	fd_n6000_d8	6000	48000	6165762522	6012633419
PARTASK	batch=7	idx=0	produce_s=0.0188	got=perm
PARTASK	batch=7	idx=1	produce_s=0.0188	got=perm
PARTASK	batch=7	idx=2	produce_s=0.0188	got=perm
PARTASK	batch=7	idx=3	produce_s=0.0188	got=perm
PARTASK	batch=7	idx=4	produce_s=0.0000	got=perm
PARTASK	batch=7	idx=5	produce_s=0.0000	got=perm
PARTASK	batch=7	idx=6	produce_s=0.0125	got=perm
PARTASK	batch=1	idx=0	produce_s=0.0233	got=perm
PARTASK	batch=1	idx=0	produce_s=0.0247	got=perm
PARTASK	batch=123	idx=0	produce_s=0.0127	got=perm
PARTASK	batch=123	idx=3	produce_s=0.0127	got=perm
PARTASK	batch=123	idx=1	produce_s=0.0127	got=perm
PARTASK	batch=123	idx=2	produce_s=0.0127	got=perm
PARTASK	batch=123	idx=4	produce_s=0.0165	got=perm
PARTASK	batch=123	idx=7	produce_s=0.0166	got=perm
PARTASK	batch=123	idx=6	produce_s=0.0166	got=perm
PARTASK	batch=123	idx=5	produce_s=0.0166	got=perm
PARTASK	batch=123	idx=8	produce_s=0.0126	got=perm
PARTASK	batch=123	idx=10	produce_s=0.0126	got=perm
PARTASK	batch=123	idx=11	produce_s=0.0126	got=perm
PARTASK	batch=123	idx=9	produce_s=0.0126	got=perm
PARTASK	batch=123	idx=12	produce_s=0.0121	got=perm
PARTASK	batch=123	idx=14	produce_s=0.0121	got=perm
PARTASK	batch=123	idx=15	produce_s=0.0121	got=perm
PARTASK	batch=123	idx=13	produce_s=0.0121	got=perm
PARTASK	batch=123	idx=16	produce_s=0.0313	got=perm
PARTASK	batch=123	idx=19	produce_s=0.0313	got=perm
PARTASK	batch=123	idx=17	produce_s=0.0313	got=perm
PARTASK	batch=123	idx=18	produce_s=0.0313	got=perm
PARTASK	batch=123	idx=20	produce_s=0.0148	got=perm
PARTASK	batch=123	idx=21	produce_s=0.0148	got=perm
PARTASK	batch=123	idx=22	produce_s=0.0148	got=perm
PARTASK	batch=123	idx=23	produce_s=0.0148	got=perm
PARTASK	batch=123	idx=24	produce_s=0.0150	got=perm
PARTASK	batch=123	idx=25	produce_s=0.0150	got=perm
PARTASK	batch=123	idx=27	produce_s=0.0150	got=perm
PARTASK	batch=123	idx=26	produce_s=0.0150	got=perm
PARTASK	batch=123	idx=28	produce_s=0.0132	got=perm
PARTASK	batch=123	idx=29	produce_s=0.0132	got=perm
PARTASK	batch=123	idx=31	produce_s=0.0132	got=perm
PARTASK	batch=123	idx=30	produce_s=0.0132	got=perm
PARTASK	batch=123	idx=32	produce_s=0.0121	got=perm
PARTASK	batch=123	idx=35	produce_s=0.0121	got=perm
PARTASK	batch=123	idx=33	produce_s=0.0121	got=perm
PARTASK	batch=123	idx=34	produce_s=0.0121	got=perm
PARTASK	batch=123	idx=36	produce_s=0.0153	got=perm
PARTASK	batch=123	idx=37	produce_s=0.0153	got=perm
PARTASK	batch=123	idx=39	produce_s=0.0153	got=perm
PARTASK	batch=123	idx=38	produce_s=0.0153	got=perm
PARTASK	batch=123	idx=41	produce_s=0.0144	got=perm
PARTASK	batch=123	idx=43	produce_s=0.0145	got=perm
PARTASK	batch=123	idx=42	produce_s=0.0145	got=perm
PARTASK	batch=123	idx=40	produce_s=0.0171	got=perm
PARTASK	batch=123	idx=44	produce_s=0.0142	got=perm
PARTASK	batch=123	idx=45	produce_s=0.0142	got=perm
PARTASK	batch=123	idx=46	produce_s=0.0142	got=perm
PARTASK	batch=123	idx=47	produce_s=0.0165	got=perm
PARTASK	batch=123	idx=48	produce_s=0.0151	got=perm
PARTASK	batch=123	idx=49	produce_s=0.0173	got=perm
PARTASK	batch=123	idx=50	produce_s=0.0248	got=perm
PARTASK	batch=123	idx=51	produce_s=0.0222	got=perm
PARTASK	batch=123	idx=52	produce_s=0.0159	got=perm
PARTASK	batch=123	idx=53	produce_s=0.0158	got=perm
PARTASK	batch=123	idx=54	produce_s=0.0137	got=perm
PARTASK	batch=123	idx=55	produce_s=0.0146	got=perm
PARTASK	batch=123	idx=56	produce_s=0.0126	got=perm
PARTASK	batch=123	idx=57	produce_s=0.0126	got=perm
PARTASK	batch=123	idx=58	produce_s=0.0125	got=perm
PARTASK	batch=123	idx=59	produce_s=0.0135	got=perm
PARTASK	batch=123	idx=63	produce_s=0.0000	got=perm
PARTASK	batch=123	idx=60	produce_s=0.0148	got=perm
PARTASK	batch=123	idx=64	produce_s=0.0033	got=perm
PARTASK	batch=123	idx=61	produce_s=0.0140	got=perm
PARTASK	batch=123	idx=62	produce_s=0.0124	got=perm
PARTASK	batch=123	idx=66	produce_s=0.0159	got=perm
PARTASK	batch=123	idx=67	produce_s=0.0148	got=perm
PARTASK	batch=123	idx=65	produce_s=0.0181	got=perm
PARTASK	batch=123	idx=69	produce_s=0.0132	got=perm
PARTASK	batch=123	idx=71	produce_s=0.0127	got=perm
PARTASK	batch=123	idx=70	produce_s=0.0152	got=perm
PARTASK	batch=123	idx=68	produce_s=0.0302	got=perm
PARTASK	batch=123	idx=75	produce_s=0.0000	got=perm
PARTASK	batch=123	idx=72	produce_s=0.0133	got=perm
PARTASK	batch=123	idx=73	produce_s=0.0133	got=perm
PARTASK	batch=123	idx=74	produce_s=0.0130	got=perm
PARTASK	batch=123	idx=78	produce_s=0.0000	got=perm
PARTASK	batch=123	idx=76	produce_s=0.0128	got=perm
PARTASK	batch=123	idx=77	produce_s=0.0127	got=perm
PARTASK	batch=123	idx=80	produce_s=0.0132	got=perm
PARTASK	batch=123	idx=79	produce_s=0.0136	got=perm
PARTASK	batch=123	idx=81	produce_s=0.0152	got=perm
PARTASK	batch=123	idx=85	produce_s=0.0000	got=perm
PARTASK	batch=123	idx=86	produce_s=0.0000	got=perm
PARTASK	batch=123	idx=82	produce_s=0.0148	got=perm
PARTASK	batch=123	idx=87	produce_s=0.0110	got=perm
PARTASK	batch=123	idx=83	produce_s=0.0193	got=perm
PARTASK	batch=123	idx=88	produce_s=0.0122	got=perm
PARTASK	batch=123	idx=89	produce_s=0.0108	got=perm
PARTASK	batch=123	idx=84	produce_s=0.0320	got=perm
PARTASK	batch=123	idx=90	produce_s=0.0123	got=perm
PARTASK	batch=123	idx=91	produce_s=0.0114	got=perm
PARTASK	batch=123	idx=92	produce_s=0.0123	got=perm
PARTASK	batch=123	idx=93	produce_s=0.0115	got=perm
PARTASK	batch=123	idx=94	produce_s=0.0125	got=perm
PARTASK	batch=123	idx=95	produce_s=0.0110	got=perm
PARTASK	batch=123	idx=96	produce_s=0.0123	got=perm
PARTASK	batch=123	idx=97	produce_s=0.0110	got=perm
PARTASK	batch=123	idx=98	produce_s=0.0125	got=perm
PARTASK	batch=123	idx=99	produce_s=0.0154	got=perm
PARTASK	batch=123	idx=100	produce_s=0.0146	got=perm
PARTASK	batch=123	idx=101	produce_s=0.0147	got=perm
PARTASK	batch=123	idx=102	produce_s=0.0154	got=perm
PARTASK	batch=123	idx=103	produce_s=0.0160	got=perm
PARTASK	batch=123	idx=104	produce_s=0.0153	got=perm
PARTASK	batch=123	idx=105	produce_s=0.0147	got=perm
PARTASK	batch=123	idx=106	produce_s=0.0156	got=perm
PARTASK	batch=123	idx=107	produce_s=0.0171	got=perm
PARTASK	batch=123	idx=108	produce_s=0.0161	got=perm
PARTASK	batch=123	idx=109	produce_s=0.0156	got=perm
PARTASK	batch=123	idx=110	produce_s=0.0167	got=perm
PARTASK	batch=123	idx=111	produce_s=0.0162	got=perm
PARTASK	batch=123	idx=112	produce_s=0.0148	got=perm
PARTASK	batch=123	idx=113	produce_s=0.0157	got=perm
PARTASK	batch=123	idx=114	produce_s=0.0161	got=perm
PARTASK	batch=123	idx=115	produce_s=0.0155	got=perm
PARTASK	batch=123	idx=116	produce_s=0.0154	got=perm
PARTASK	batch=123	idx=117	produce_s=0.0149	got=perm
PARTASK	batch=123	idx=118	produce_s=0.0154	got=perm
PARTASK	batch=123	idx=119	produce_s=0.0159	got=perm
PARTASK	batch=123	idx=120	produce_s=0.0166	got=perm
PARTASK	batch=123	idx=121	produce_s=0.0161	got=perm
PARTASK	batch=123	idx=122	produce_s=0.0160	got=perm
LADGATE	8000	10000	1.071	1
COUNTS	fd_n8000_d8	8000	64000	14468049251	14103477420
PARTASK	batch=7	idx=0	produce_s=0.0195	got=perm
PARTASK	batch=7	idx=1	produce_s=0.0196	got=perm
PARTASK	batch=7	idx=2	produce_s=0.0195	got=perm
PARTASK	batch=7	idx=3	produce_s=0.0195	got=perm
PARTASK	batch=7	idx=4	produce_s=0.0000	got=perm
PARTASK	batch=7	idx=5	produce_s=0.0000	got=perm
PARTASK	batch=7	idx=6	produce_s=0.0148	got=perm
PARTASK	batch=1	idx=0	produce_s=0.0258	got=perm
PARTASK	batch=1	idx=0	produce_s=0.0289	got=perm
PARTASK	batch=64	idx=0	produce_s=0.0173	got=perm
PARTASK	batch=64	idx=2	produce_s=0.0174	got=perm
PARTASK	batch=64	idx=1	produce_s=0.0174	got=perm
PARTASK	batch=64	idx=3	produce_s=0.0174	got=perm
PARTASK	batch=64	idx=4	produce_s=0.0165	got=perm
PARTASK	batch=64	idx=6	produce_s=0.0165	got=perm
PARTASK	batch=64	idx=5	produce_s=0.0165	got=perm
PARTASK	batch=64	idx=7	produce_s=0.0165	got=perm
PARTASK	batch=64	idx=8	produce_s=0.0170	got=perm
PARTASK	batch=64	idx=11	produce_s=0.0170	got=perm
PARTASK	batch=64	idx=10	produce_s=0.0170	got=perm
PARTASK	batch=64	idx=9	produce_s=0.0170	got=perm
PARTASK	batch=64	idx=12	produce_s=0.0154	got=perm
PARTASK	batch=64	idx=14	produce_s=0.0154	got=perm
PARTASK	batch=64	idx=13	produce_s=0.0154	got=perm
PARTASK	batch=64	idx=15	produce_s=0.0154	got=perm
PARTASK	batch=64	idx=16	produce_s=0.0249	got=perm
PARTASK	batch=64	idx=18	produce_s=0.0249	got=perm
PARTASK	batch=64	idx=17	produce_s=0.0249	got=perm
PARTASK	batch=64	idx=19	produce_s=0.0249	got=perm
PARTASK	batch=64	idx=20	produce_s=0.0197	got=perm
PARTASK	batch=64	idx=21	produce_s=0.0197	got=perm
PARTASK	batch=64	idx=22	produce_s=0.0198	got=perm
PARTASK	batch=64	idx=23	produce_s=0.0198	got=perm
PARTASK	batch=64	idx=24	produce_s=0.0185	got=perm
PARTASK	batch=64	idx=27	produce_s=0.0184	got=perm
PARTASK	batch=64	idx=26	produce_s=0.0185	got=perm
PARTASK	batch=64	idx=25	produce_s=0.0185	got=perm
PARTASK	batch=64	idx=28	produce_s=0.0153	got=perm
PARTASK	batch=64	idx=29	produce_s=0.0153	got=perm
PARTASK	batch=64	idx=30	produce_s=0.0153	got=perm
PARTASK	batch=64	idx=31	produce_s=0.0153	got=perm
PARTASK	batch=64	idx=32	produce_s=0.0157	got=perm
PARTASK	batch=64	idx=33	produce_s=0.0157	got=perm
PARTASK	batch=64	idx=34	produce_s=0.0157	got=perm
PARTASK	batch=64	idx=35	produce_s=0.0157	got=perm
PARTASK	batch=64	idx=36	produce_s=0.0208	got=perm
PARTASK	batch=64	idx=37	produce_s=0.0208	got=perm
PARTASK	batch=64	idx=38	produce_s=0.0208	got=perm
PARTASK	batch=64	idx=39	produce_s=0.0208	got=perm
PARTASK	batch=64	idx=41	produce_s=0.0177	got=perm
PARTASK	batch=64	idx=42	produce_s=0.0178	got=perm
PARTASK	batch=64	idx=43	produce_s=0.0178	got=perm
PARTASK	batch=64	idx=40	produce_s=0.0217	got=perm
PARTASK	batch=64	idx=44	produce_s=0.0180	got=perm
PARTASK	batch=64	idx=46	produce_s=0.0180	got=perm
PARTASK	batch=64	idx=45	produce_s=0.0180	got=perm
PARTASK	batch=64	idx=47	produce_s=0.0204	got=perm
PARTASK	batch=64	idx=49	produce_s=0.0169	got=perm
PARTASK	batch=64	idx=48	produce_s=0.0182	got=perm
PARTASK	batch=64	idx=50	produce_s=0.0189	got=perm
PARTASK	batch=64	idx=54	produce_s=0.0169	got=perm
PARTASK	batch=64	idx=52	produce_s=0.0198	got=perm
PARTASK	batch=64	idx=53	produce_s=0.0196	got=perm
PARTASK	batch=64	idx=51	produce_s=0.0404	got=perm
PARTASK	batch=64	idx=56	produce_s=0.0154	got=perm
PARTASK	batch=64	idx=57	produce_s=0.0159	got=perm
PARTASK	batch=64	idx=55	produce_s=0.0187	got=perm
PARTASK	batch=64	idx=58	produce_s=0.0150	got=perm
PARTASK	batch=64	idx=59	produce_s=0.0166	got=perm
PARTASK	batch=64	idx=63	produce_s=0.0000	got=perm
PARTASK	batch=64	idx=61	produce_s=0.0168	got=perm
PARTASK	batch=64	idx=60	produce_s=0.0184	got=perm
PARTASK	batch=64	idx=62	produce_s=0.0154	got=perm
LADGATE	9500	10000	0.974	1
COUNTS	fd_n9500_d8	9500	76000	23973576667	23548538510
PARTASK	batch=7	idx=0	produce_s=0.0193	got=perm
PARTASK	batch=7	idx=2	produce_s=0.0193	got=perm
PARTASK	batch=7	idx=1	produce_s=0.0193	got=perm
PARTASK	batch=7	idx=3	produce_s=0.0193	got=perm
PARTASK	batch=7	idx=4	produce_s=0.0000	got=perm
PARTASK	batch=7	idx=5	produce_s=0.0000	got=perm
PARTASK	batch=7	idx=6	produce_s=0.0145	got=perm
PARTASK	batch=1	idx=0	produce_s=0.0261	got=perm
PARTASK	batch=1	idx=0	produce_s=0.0369	got=perm
PARTASK	batch=64	idx=0	produce_s=0.0167	got=perm
PARTASK	batch=64	idx=1	produce_s=0.0168	got=perm
PARTASK	batch=64	idx=3	produce_s=0.0168	got=perm
PARTASK	batch=64	idx=2	produce_s=0.0168	got=perm
PARTASK	batch=64	idx=4	produce_s=0.0161	got=perm
PARTASK	batch=64	idx=5	produce_s=0.0161	got=perm
PARTASK	batch=64	idx=6	produce_s=0.0161	got=perm
PARTASK	batch=64	idx=7	produce_s=0.0161	got=perm
PARTASK	batch=64	idx=8	produce_s=0.0137	got=perm
PARTASK	batch=64	idx=9	produce_s=0.0137	got=perm
PARTASK	batch=64	idx=11	produce_s=0.0137	got=perm
PARTASK	batch=64	idx=10	produce_s=0.0137	got=perm
PARTASK	batch=64	idx=12	produce_s=0.0140	got=perm
PARTASK	batch=64	idx=13	produce_s=0.0140	got=perm
PARTASK	batch=64	idx=14	produce_s=0.0140	got=perm
PARTASK	batch=64	idx=15	produce_s=0.0140	got=perm
PARTASK	batch=64	idx=16	produce_s=0.0382	got=perm
PARTASK	batch=64	idx=19	produce_s=0.0382	got=perm
PARTASK	batch=64	idx=17	produce_s=0.0382	got=perm
PARTASK	batch=64	idx=18	produce_s=0.0382	got=perm
PARTASK	batch=64	idx=20	produce_s=0.0162	got=perm
PARTASK	batch=64	idx=21	produce_s=0.0163	got=perm
PARTASK	batch=64	idx=22	produce_s=0.0163	got=perm
PARTASK	batch=64	idx=23	produce_s=0.0163	got=perm
PARTASK	batch=64	idx=24	produce_s=0.0170	got=perm
PARTASK	batch=64	idx=25	produce_s=0.0171	got=perm
PARTASK	batch=64	idx=26	produce_s=0.0171	got=perm
PARTASK	batch=64	idx=27	produce_s=0.0171	got=perm
PARTASK	batch=64	idx=28	produce_s=0.0139	got=perm
PARTASK	batch=64	idx=31	produce_s=0.0139	got=perm
PARTASK	batch=64	idx=30	produce_s=0.0139	got=perm
PARTASK	batch=64	idx=29	produce_s=0.0139	got=perm
PARTASK	batch=64	idx=32	produce_s=0.0142	got=perm
PARTASK	batch=64	idx=34	produce_s=0.0142	got=perm
PARTASK	batch=64	idx=33	produce_s=0.0142	got=perm
PARTASK	batch=64	idx=35	produce_s=0.0142	got=perm
PARTASK	batch=64	idx=36	produce_s=0.0177	got=perm
PARTASK	batch=64	idx=39	produce_s=0.0177	got=perm
PARTASK	batch=64	idx=38	produce_s=0.0177	got=perm
PARTASK	batch=64	idx=37	produce_s=0.0177	got=perm
PARTASK	batch=64	idx=42	produce_s=0.0202	got=perm
PARTASK	batch=64	idx=43	produce_s=0.0203	got=perm
PARTASK	batch=64	idx=41	produce_s=0.0203	got=perm
PARTASK	batch=64	idx=40	produce_s=0.0206	got=perm
PARTASK	batch=64	idx=44	produce_s=0.0169	got=perm
PARTASK	batch=64	idx=46	produce_s=0.0169	got=perm
PARTASK	batch=64	idx=45	produce_s=0.0169	got=perm
PARTASK	batch=64	idx=47	produce_s=0.0177	got=perm
PARTASK	batch=64	idx=48	produce_s=0.0174	got=perm
PARTASK	batch=64	idx=50	produce_s=0.0181	got=perm
PARTASK	batch=64	idx=51	produce_s=0.0222	got=perm
PARTASK	batch=64	idx=49	produce_s=0.0236	got=perm
PARTASK	batch=64	idx=52	produce_s=0.0182	got=perm
PARTASK	batch=64	idx=53	produce_s=0.0185	got=perm
PARTASK	batch=64	idx=54	produce_s=0.0156	got=perm
PARTASK	batch=64	idx=55	produce_s=0.0175	got=perm
PARTASK	batch=64	idx=56	produce_s=0.0150	got=perm
PARTASK	batch=64	idx=57	produce_s=0.0150	got=perm
PARTASK	batch=64	idx=58	produce_s=0.0145	got=perm
PARTASK	batch=64	idx=59	produce_s=0.0154	got=perm
PARTASK	batch=64	idx=63	produce_s=0.0000	got=perm
PARTASK	batch=64	idx=62	produce_s=0.0141	got=perm
PARTASK	batch=64	idx=61	produce_s=0.0164	got=perm
PARTASK	batch=64	idx=60	produce_s=0.0174	got=perm
LADGATE	9950	10000	0.957	1
COUNTS	fd_n9950_d7	9950	69650	21024417808	20801119101
PARTASK	batch=7	idx=0	produce_s=0.0233	got=perm
PARTASK	batch=7	idx=1	produce_s=0.0234	got=perm
PARTASK	batch=7	idx=3	produce_s=0.0234	got=perm
PARTASK	batch=7	idx=2	produce_s=0.0234	got=perm
PARTASK	batch=7	idx=4	produce_s=0.0000	got=perm
PARTASK	batch=7	idx=5	produce_s=0.0000	got=perm
PARTASK	batch=7	idx=6	produce_s=0.0174	got=perm
PARTASK	batch=1	idx=0	produce_s=0.0278	got=perm
PARTASK	batch=1	idx=0	produce_s=0.0317	got=perm
PARTASK	batch=64	idx=0	produce_s=0.0293	got=perm
PARTASK	batch=64	idx=1	produce_s=0.0294	got=perm
PARTASK	batch=64	idx=3	produce_s=0.0294	got=perm
PARTASK	batch=64	idx=2	produce_s=0.0294	got=perm
PARTASK	batch=64	idx=4	produce_s=0.0202	got=perm
PARTASK	batch=64	idx=6	produce_s=0.0202	got=perm
PARTASK	batch=64	idx=7	produce_s=0.0203	got=perm
PARTASK	batch=64	idx=5	produce_s=0.0203	got=perm
PARTASK	batch=64	idx=8	produce_s=0.0187	got=perm
PARTASK	batch=64	idx=11	produce_s=0.0187	got=perm
PARTASK	batch=64	idx=9	produce_s=0.0188	got=perm
PARTASK	batch=64	idx=10	produce_s=0.0187	got=perm
PARTASK	batch=64	idx=12	produce_s=0.0176	got=perm
PARTASK	batch=64	idx=13	produce_s=0.0175	got=perm
PARTASK	batch=64	idx=15	produce_s=0.0176	got=perm
PARTASK	batch=64	idx=14	produce_s=0.0176	got=perm
PARTASK	batch=64	idx=16	produce_s=0.0425	got=perm
PARTASK	batch=64	idx=17	produce_s=0.0426	got=perm
PARTASK	batch=64	idx=19	produce_s=0.0425	got=perm
PARTASK	batch=64	idx=18	produce_s=0.0425	got=perm
PARTASK	batch=64	idx=20	produce_s=0.0225	got=perm
PARTASK	batch=64	idx=22	produce_s=0.0225	got=perm
PARTASK	batch=64	idx=21	produce_s=0.0226	got=perm
PARTASK	batch=64	idx=23	produce_s=0.0225	got=perm
PARTASK	batch=64	idx=24	produce_s=0.0218	got=perm
PARTASK	batch=64	idx=27	produce_s=0.0218	got=perm
PARTASK	batch=64	idx=25	produce_s=0.0218	got=perm
PARTASK	batch=64	idx=26	produce_s=0.0218	got=perm
PARTASK	batch=64	idx=28	produce_s=0.0186	got=perm
PARTASK	batch=64	idx=29	produce_s=0.0186	got=perm
PARTASK	batch=64	idx=31	produce_s=0.0186	got=perm
PARTASK	batch=64	idx=30	produce_s=0.0186	got=perm
PARTASK	batch=64	idx=32	produce_s=0.0178	got=perm
PARTASK	batch=64	idx=34	produce_s=0.0178	got=perm
PARTASK	batch=64	idx=35	produce_s=0.0179	got=perm
PARTASK	batch=64	idx=33	produce_s=0.0179	got=perm
PARTASK	batch=64	idx=38	produce_s=0.0228	got=perm
PARTASK	batch=64	idx=39	produce_s=0.0222	got=perm
PARTASK	batch=64	idx=36	produce_s=0.0233	got=perm
PARTASK	batch=64	idx=37	produce_s=0.0266	got=perm
PARTASK	batch=64	idx=42	produce_s=0.0267	got=perm
PARTASK	batch=64	idx=41	produce_s=0.0269	got=perm
PARTASK	batch=64	idx=43	produce_s=0.0249	got=perm
PARTASK	batch=64	idx=40	produce_s=0.0311	got=perm
PARTASK	batch=64	idx=44	produce_s=0.0298	got=perm
PARTASK	batch=64	idx=46	produce_s=0.0285	got=perm
PARTASK	batch=64	idx=45	produce_s=0.0295	got=perm
PARTASK	batch=64	idx=47	produce_s=0.0261	got=perm
PARTASK	batch=64	idx=49	produce_s=0.0236	got=perm
PARTASK	batch=64	idx=48	produce_s=0.0269	got=perm
PARTASK	batch=64	idx=50	produce_s=0.0341	got=perm
PARTASK	batch=64	idx=51	produce_s=0.0460	got=perm
PARTASK	batch=64	idx=52	produce_s=0.0246	got=perm
PARTASK	batch=64	idx=53	produce_s=0.0250	got=perm
PARTASK	batch=64	idx=54	produce_s=0.0224	got=perm
PARTASK	batch=64	idx=56	produce_s=0.0186	got=perm
PARTASK	batch=64	idx=55	produce_s=0.0223	got=perm
PARTASK	batch=64	idx=57	produce_s=0.0186	got=perm
PARTASK	batch=64	idx=58	produce_s=0.0181	got=perm
PARTASK	batch=64	idx=59	produce_s=0.0191	got=perm
PARTASK	batch=64	idx=63	produce_s=0.0000	got=perm
PARTASK	batch=64	idx=60	produce_s=0.0216	got=perm
PARTASK	batch=64	idx=61	produce_s=0.0194	got=perm
PARTASK	batch=64	idx=62	produce_s=0.0183	got=perm
LADGATE	9950	10000	1.006	1
COUNTS	fd_n9950_d9	9950	89550	35475650256	35066295722
PARTASK	batch=15	idx=0	produce_s=0.0275	got=perm
PARTASK	batch=15	idx=2	produce_s=0.0275	got=perm
PARTASK	batch=15	idx=1	produce_s=0.0275	got=perm
PARTASK	batch=15	idx=3	produce_s=0.0275	got=perm
PARTASK	batch=15	idx=4	produce_s=0.0000	got=perm
PARTASK	batch=15	idx=5	produce_s=0.0000	got=perm
PARTASK	batch=15	idx=6	produce_s=0.0205	got=perm
PARTASK	batch=15	idx=7	produce_s=0.0238	got=perm
PARTASK	batch=15	idx=8	produce_s=0.0238	got=perm
PARTASK	batch=15	idx=9	produce_s=0.0251	got=perm
PARTASK	batch=15	idx=10	produce_s=0.0030	got=perm
PARTASK	batch=15	idx=11	produce_s=0.0214	got=perm
PARTASK	batch=15	idx=12	produce_s=0.0214	got=perm
PARTASK	batch=15	idx=13	produce_s=0.0265	got=perm
PARTASK	batch=15	idx=14	produce_s=0.0265	got=perm
PARTASK	batch=1	idx=0	produce_s=0.0332	got=perm
PARTASK	batch=1	idx=0	produce_s=0.0343	got=perm
PARTASK	batch=64	idx=1	produce_s=0.0000	got=perm
PARTASK	batch=64	idx=0	produce_s=0.0000	got=perm
PARTASK	batch=64	idx=2	produce_s=0.0000	got=perm
PARTASK	batch=64	idx=3	produce_s=0.0000	got=perm
PARTASK	batch=64	idx=4	produce_s=0.0000	got=perm
PARTASK	batch=64	idx=5	produce_s=0.0000	got=perm
PARTASK	batch=64	idx=7	produce_s=0.0000	got=perm
PARTASK	batch=64	idx=6	produce_s=0.0000	got=perm
PARTASK	batch=64	idx=8	produce_s=0.0000	got=perm
PARTASK	batch=64	idx=9	produce_s=0.0000	got=perm
PARTASK	batch=64	idx=11	produce_s=0.0000	got=perm
PARTASK	batch=64	idx=10	produce_s=0.0000	got=perm
PARTASK	batch=64	idx=12	produce_s=0.0201	got=perm
PARTASK	batch=64	idx=13	produce_s=0.0201	got=perm
PARTASK	batch=64	idx=15	produce_s=0.0202	got=perm
PARTASK	batch=64	idx=14	produce_s=0.0202	got=perm
PARTASK	batch=64	idx=16	produce_s=0.0341	got=perm
PARTASK	batch=64	idx=18	produce_s=0.0341	got=perm
PARTASK	batch=64	idx=17	produce_s=0.0342	got=perm
PARTASK	batch=64	idx=19	produce_s=0.0341	got=perm
PARTASK	batch=64	idx=20	produce_s=0.0237	got=perm
PARTASK	batch=64	idx=21	produce_s=0.0237	got=perm
PARTASK	batch=64	idx=23	produce_s=0.0238	got=perm
PARTASK	batch=64	idx=22	produce_s=0.0238	got=perm
PARTASK	batch=64	idx=24	produce_s=0.0251	got=perm
PARTASK	batch=64	idx=25	produce_s=0.0251	got=perm
PARTASK	batch=64	idx=27	produce_s=0.0251	got=perm
PARTASK	batch=64	idx=26	produce_s=0.0251	got=perm
PARTASK	batch=64	idx=28	produce_s=0.0233	got=perm
PARTASK	batch=64	idx=29	produce_s=0.0233	got=perm
PARTASK	batch=64	idx=30	produce_s=0.0233	got=perm
PARTASK	batch=64	idx=31	produce_s=0.0233	got=perm
PARTASK	batch=64	idx=32	produce_s=0.0203	got=perm
PARTASK	batch=64	idx=33	produce_s=0.0203	got=perm
PARTASK	batch=64	idx=35	produce_s=0.0203	got=perm
PARTASK	batch=64	idx=34	produce_s=0.0203	got=perm
PARTASK	batch=64	idx=36	produce_s=0.0287	got=perm
PARTASK	batch=64	idx=37	produce_s=0.0287	got=perm
PARTASK	batch=64	idx=38	produce_s=0.0287	got=perm
PARTASK	batch=64	idx=39	produce_s=0.0287	got=perm
PARTASK	batch=64	idx=41	produce_s=0.0237	got=perm
PARTASK	batch=64	idx=42	produce_s=0.0237	got=perm
PARTASK	batch=64	idx=43	produce_s=0.0237	got=perm
PARTASK	batch=64	idx=40	produce_s=0.0279	got=perm
PARTASK	batch=64	idx=44	produce_s=0.0243	got=perm
PARTASK	batch=64	idx=45	produce_s=0.0244	got=perm
PARTASK	batch=64	idx=46	produce_s=0.0243	got=perm
PARTASK	batch=64	idx=47	produce_s=0.0294	got=perm
PARTASK	batch=64	idx=48	produce_s=0.0256	got=perm
PARTASK	batch=64	idx=50	produce_s=0.0258	got=perm
PARTASK	batch=64	idx=49	produce_s=0.0289	got=perm
PARTASK	batch=64	idx=51	produce_s=0.0402	got=perm
PARTASK	batch=64	idx=54	produce_s=0.0222	got=perm
PARTASK	batch=64	idx=52	produce_s=0.0289	got=perm
PARTASK	batch=64	idx=53	produce_s=0.0301	got=perm
PARTASK	batch=64	idx=56	produce_s=0.0210	got=perm
PARTASK	batch=64	idx=55	produce_s=0.0255	got=perm
PARTASK	batch=64	idx=57	produce_s=0.0216	got=perm
PARTASK	batch=64	idx=58	produce_s=0.0205	got=perm
PARTASK	batch=64	idx=59	produce_s=0.0214	got=perm
PARTASK	batch=64	idx=63	produce_s=0.0000	got=perm
PARTASK	batch=64	idx=62	produce_s=0.0210	got=perm
PARTASK	batch=64	idx=61	produce_s=0.0223	got=perm
PARTASK	batch=64	idx=60	produce_s=0.0255	got=perm
LADGATE	9950	10000	1.068	1
COUNTS	fd_n9950_d11	9950	109450	49571324309	48998334084

--- every order() call, slowest first (TSV) ---
secs	matrix	n	nnz	ratio
1.1482	fd_n9950_d11	9950	109450	0.9884
1.1180	fd_n8000_d8	8000	64000	0.9748
1.0830	fd_n9950_d9	9950	89550	0.9885
1.0536	fd_n6000_d8	6000	48000	0.9752
1.0351	fd_n9500_d8	9500	76000	0.9823
1.0185	fd_n9950_d7	9950	69650	0.9894
0.9672	fd_n2000_d8	2000	16000	0.9540
0.8424	fd_n4000_d8	4000	32000	0.9775
matrices under 0.010s: 0/8
matrices under 0.050s: 0/8
matrices under 0.100s: 0/8
matrices under 0.200s: 0/8
matrices under 0.400s: 0/8

--- per-bucket ---
1k_10k   count=8     geomean=0.9787
SCORE = 0.978687
WORST order() = 1.148 s
FORCEAUDIT	stage1b_sites=6	force_fires=0	unsound=0	core_total_mismatch=0	max_drift_ppm=0	worst_incumbent=0	worst_adopted=0	tie_window_opened=0	tie_pass_run=0
test ordering::probe::probe_timing_and_score ... ok

test result: ok. 1 passed; 0 failed; 0 ignored; 0 measured; 164 filtered out; finished in 8.41s

