warning: unused doc comment
    --> candidate-worker/src/../../src/ordering/mod.rs:1129:1
     |
1129 | / /// TEST-ONLY sweep switch for the mid-size `rgreedy` stream opened by the 0154
1130 | | /// engine census. Returns `(ops_budget, gate_variant, stream_count)`; a zero
1131 | | /// budget disables the stream, which is what production compiles to — the
1132 | | /// switch can never change a submitted ordering. Configured through
1133 | | /// `SSI_MID_ENGINE="<variant>:<budget>[:<streams>]"` so one build can sweep
1134 | | /// several gate/budget points.
     | |_------------------------------^
     |   |
     |   rustdoc does not generate documentation for macro invocations
     |
     = help: to document an item produced by a macro, the macro must produce the documentation as part of its expansion
     = note: `#[warn(unused_doc_comments)]` (part of `#[warn(unused)]`) on by default

warning: unused doc comment
    --> candidate-worker/src/../../src/ordering/mod.rs:1397:1
     |
1397 | / /// TEST-ONLY kill switch for the heavy-tier arm (metrics + no-dense AMD +
1398 | | /// extra AMF α), so a probe can A/B the arm in one process.
     | |_-----------------------------------------------------------^
     |   |
     |   rustdoc does not generate documentation for macro invocations
     |
     = help: to document an item produced by a macro, the macro must produce the documentation as part of its expansion

warning: unused doc comment
   --> candidate-worker/src/../../src/ordering/parallel.rs:334:1
    |
334 | / /// TEST-ONLY switch forcing every batch onto the sequential path, so a probe
335 | | /// can run the SAME `order()` both ways in one process and compare the
336 | | /// returned permutations element by element. Production builds compile
337 | | /// [`force_sequential`] down to a constant `false`.
    | |_---------------------------------------------------^
    |   |
    |   rustdoc does not generate documentation for macro invocations
    |
    = help: to document an item produced by a macro, the macro must produce the documentation as part of its expansion

warning: unused doc comment
   --> candidate-worker/src/../../src/ordering/parallel.rs:368:1
    |
368 | / /// TEST-ONLY per-phase wall-clock marks: `phase_mark(label, t0)` appends
369 | | /// `(label, secs since t0)`; `phase_take()` drains them. Lets a probe see which
370 | | /// stage of `order()` sets a row's critical path. Never compiled into the
371 | | /// shipped binary.
    | |_------------------^
    |   |
    |   rustdoc does not generate documentation for macro invocations
    |
    = help: to document an item produced by a macro, the macro must produce the documentation as part of its expansion

warning: unused doc comment
    --> candidate-worker/src/../../src/ordering/mod.rs:5057:5
     |
5057 | /     /// ── 0192: the window is the frontier's own chain scope ─────────────────
5058 | |     /// The chain no longer reaches above n = 10 000 (see `PEO_ALT_MAX_N`), so
5059 | |     /// the draw takes over the whole band the chain used to own. Measured on the
5060 | |     /// 300 dev rows: with the window at 50 000 instead of 12 000 the draw adds
...    |
5066 | |     /// spender there), and its worst row is 1.127 s against the frontier's
5067 | |     /// 1.160 s base, so the wide band stays below the frontier's own footprint.
     | |________________________________________________________________________________^
5068 |       #[cfg(test)]
5069 | /     let window_n: usize = std::env::var("SSI_TERM_WIN_N")
5070 | |         .ok()
5071 | |         .and_then(|v| v.trim().parse::<usize>().ok())
5072 | |         .unwrap_or(50_000);
     | |___________________________- rustdoc does not generate documentation for statements
     |
     = help: use `//` for a plain comment

warning: unused doc comment
    --> candidate-worker/src/../../src/ordering/mod.rs:5209:9
     |
5209 | /         /// `nnz < 3n` = the sparse band of the 0184 price law (66 of the 300 dev
5210 | |         /// rows, all of them in-window). Structural, never per-matrix.
     | |_______________________________________________________________________^
5211 | /         let shipped_ladder = || {
5212 | |             if nnz < 3 * n {
5213 | |                 SHIPPED_SPARSE_LADDER.to_vec()
5214 | |             } else {
...    |
5217 | |         };
     | |__________- rustdoc does not generate documentation for statements
     |
     = help: use `//` for a plain comment

warning: variable does not need to be mutable
    --> candidate-worker/src/../../src/ordering/probe.rs:4142:9
     |
4142 |     let mut next = |s: &mut u64| -> u64 {
     |         ----^^^^
     |         |
     |         help: remove this `mut`
     |
     = note: `#[warn(unused_mut)]` (part of `#[warn(unused)]`) on by default

warning: value assigned to `d` is never read
   --> candidate-worker/src/../../src/ordering/rgreedy.rs:396:29
    |
396 |                 let mut d = 0u32;
    |                             ^^^^
    |
    = help: maybe it is overwritten before being read?
    = note: `#[warn(unused_assignments)]` (part of `#[warn(unused)]`) on by default

warning: constant `SUBTREE_MAX_N` is never used
   --> candidate-worker/src/../../src/ordering/mod.rs:761:7
    |
761 | const SUBTREE_MAX_N: usize = 250_000;
    |       ^^^^^^^^^^^^^
    |
    = note: `#[warn(dead_code)]` (part of `#[warn(unused)]`) on by default

warning: function `refine` is never used
  --> candidate-worker/src/../../src/ordering/completion.rs:12:15
   |
12 | pub(super) fn refine(
   |               ^^^^^^

warning: type alias `PermFn` is never used
  --> candidate-worker/src/../../src/ordering/parallel.rs:80:17
   |
80 | pub(crate) type PermFn<'a> = Box<dyn Fn() -> Option<Vec<usize>> + Sync + 'a>;
   |                 ^^^^^^

warning: function `run_perms` is never used
   --> candidate-worker/src/../../src/ordering/parallel.rs:188:15
    |
188 | pub(crate) fn run_perms(
    |               ^^^^^^^^^

warning: function `accept` is never used
   --> candidate-worker/src/../../src/ordering/parallel.rs:313:15
    |
313 | pub(crate) fn accept(results: &mut [CandOut], best_flops: &mut u64, best_perm: &mut Vec<usize>) -> bool {
    |               ^^^^^^

warning: function `minl_is_clique` is never used
   --> candidate-worker/src/../../src/ordering/minl.rs:136:4
    |
136 | fn minl_is_clique(adj: &[Vec<u32>], c: &[u32], ops: &mut i64) -> bool {
    |    ^^^^^^^^^^^^^^

warning: function `minl_try_delete_edge` is never used
   --> candidate-worker/src/../../src/ordering/minl.rs:232:4
    |
232 | fn minl_try_delete_edge(
    |    ^^^^^^^^^^^^^^^^^^^^

warning: function `run_sequential_180` is never used
   --> candidate-worker/src/../../src/ordering/indep_first.rs:600:4
    |
600 | fn run_sequential_180(sp: &ScoringPattern, ledger: u64) -> Option<(u64, Vec<usize>)> {
    |    ^^^^^^^^^^^^^^^^^^

warning: function `reset` is never used
   --> candidate-worker/src/../../src/ordering/mod.rs:485:19
    |
485 |     pub(crate) fn reset() {
    |                   ^^^^^

warning: `ssi-candidate-worker` (bin "ssi-candidate-worker" test) generated 17 warnings (run `cargo fix --bin "ssi-candidate-worker" -p ssi-candidate-worker --tests` to apply 1 suggestion)
    Finished `release` profile [optimized] target(s) in 0.02s
     Running unittests src/main.rs (target/release/deps/ssi_candidate_worker-9bc17c144118ca64)

running 1 test
FENCEBATCH	n=2000	nnz=16000	fill=230549984	len=15	work=3458249760
FENCEBATCH	n=2000	nnz=16000	fill=226270328	len=1	work=226270328
FENCEBATCH	n=2000	nnz=16000	fill=226270328	len=2	work=452540656
FENCEBATCH	n=2000	nnz=16000	fill=226270328	len=474	work=107252135472
LADGATE	2000	10000	0.960	1
COUNTS	fd_n2000_d8	2000	16000	230549984	219947100
FENCEBATCH	n=4000	nnz=32000	fill=1846592893	len=15	work=27698893395
FENCEBATCH	n=4000	nnz=32000	fill=1818834036	len=1	work=1818834036
FENCEBATCH	n=4000	nnz=32000	fill=1818834036	len=2	work=3637668072
FENCEBATCH	n=4000	nnz=32000	fill=1818834036	len=209	work=380136313524
LADGATE	4000	10000	0.840	1
COUNTS	fd_n4000_d8	4000	32000	1846592893	1804968019
FENCEBATCH	n=6000	nnz=48000	fill=6165762522	len=7	work=43160337654
FENCEBATCH	n=6000	nnz=48000	fill=6044037841	len=1	work=6044037841
FENCEBATCH	n=6000	nnz=48000	fill=6044037841	len=1	work=6044037841
FENCEBATCH	n=6000	nnz=48000	fill=6044037841	len=161	work=973090092401
LADGATE	6000	10000	1.019	1
COUNTS	fd_n6000_d8	6000	48000	6165762522	6012633419
FENCEBATCH	n=8000	nnz=64000	fill=14468049251	len=7	work=101276344757
FENCEBATCH	n=8000	nnz=64000	fill=14231858786	len=1	work=14231858786
FENCEBATCH	n=8000	nnz=64000	fill=14231858786	len=1	work=14231858786
FENCEBATCH	n=8000	nnz=64000	fill=14231858786	len=123	work=1750518630678
LADGATE	8000	10000	1.066	1
COUNTS	fd_n8000_d8	8000	64000	14468049251	14103477420
FENCEBATCH	n=9500	nnz=76000	fill=23973576667	len=7	work=167815036669
FENCEBATCH	n=9500	nnz=76000	fill=23694256420	len=1	work=23694256420
FENCEBATCH	n=9500	nnz=76000	fill=23694256420	len=1	work=23694256420
FENCEBATCH	n=9500	nnz=76000	fill=23694256420	len=123	work=2914393539660
LADGATE	9500	10000	0.988	1
COUNTS	fd_n9500_d8	9500	76000	23973576667	23548538510
FENCEBATCH	n=9950	nnz=69650	fill=21024417808	len=7	work=147170924656
FENCEBATCH	n=9950	nnz=69650	fill=20894836031	len=1	work=20894836031
FENCEBATCH	n=9950	nnz=69650	fill=20894836031	len=1	work=20894836031
FENCEBATCH	n=9950	nnz=69650	fill=20894836031	len=123	work=2570064831813
LADGATE	9950	10000	0.952	1
COUNTS	fd_n9950_d7	9950	69650	21024417808	20801119101
FENCEBATCH	n=9950	nnz=89550	fill=35475650256	len=7	work=248329551792
FENCEBATCH	n=9950	nnz=89550	fill=35170564238	len=1	work=35170564238
FENCEBATCH	n=9950	nnz=89550	fill=35170564238	len=1	work=35170564238
FENCEBATCH	n=9950	nnz=89550	fill=35170564238	len=111	work=3903932630418
LADGATE	9950	10000	0.981	1
COUNTS	fd_n9950_d9	9950	89550	35475650256	35066295722
FENCEBATCH	n=9950	nnz=109450	fill=49571324309	len=15	work=743569864635
FENCEBATCH	n=9950	nnz=109450	fill=49498511766	len=1	work=49498511766
FENCEBATCH	n=9950	nnz=109450	fill=49498511766	len=1	work=49498511766
FENCEBATCH	n=9950	nnz=109450	fill=49498511766	len=111	work=5494334806026
LADGATE	9950	10000	1.081	1
COUNTS	fd_n9950_d11	9950	109450	49571324309	48998334084

--- every order() call, slowest first (TSV) ---
secs	matrix	n	nnz	ratio
1.1608	fd_n9950_d11	9950	109450	0.9884
1.1128	fd_n8000_d8	8000	64000	0.9748
1.0589	fd_n9950_d9	9950	89550	0.9885
1.0496	fd_n9500_d8	9500	76000	0.9823
1.0394	fd_n6000_d8	6000	48000	0.9752
1.0130	fd_n9950_d7	9950	69650	0.9894
0.9719	fd_n2000_d8	2000	16000	0.9540
0.8531	fd_n4000_d8	4000	32000	0.9775
matrices under 0.010s: 0/8
matrices under 0.050s: 0/8
matrices under 0.100s: 0/8
matrices under 0.200s: 0/8
matrices under 0.400s: 0/8

--- per-bucket ---
1k_10k   count=8     geomean=0.9787
SCORE = 0.978687
WORST order() = 1.161 s
FORCEAUDIT	stage1b_sites=6	force_fires=0	unsound=0	core_total_mismatch=0	max_drift_ppm=0	worst_incumbent=0	worst_adopted=0	tie_window_opened=0	tie_pass_run=0
test ordering::probe::probe_timing_and_score ... ok

test result: ok. 1 passed; 0 failed; 0 ignored; 0 measured; 164 filtered out; finished in 8.41s

