warning: unused doc comment
    --> candidate-worker/src/../../src/ordering/mod.rs:1140:1
     |
1140 | / /// TEST-ONLY sweep switch for the mid-size `rgreedy` stream opened by the 0154
1141 | | /// engine census. Returns `(ops_budget, gate_variant, stream_count)`; a zero
1142 | | /// budget disables the stream, which is what production compiles to — the
1143 | | /// switch can never change a submitted ordering. Configured through
1144 | | /// `SSI_MID_ENGINE="<variant>:<budget>[:<streams>]"` so one build can sweep
1145 | | /// several gate/budget points.
     | |_------------------------------^
     |   |
     |   rustdoc does not generate documentation for macro invocations
     |
     = help: to document an item produced by a macro, the macro must produce the documentation as part of its expansion
     = note: `#[warn(unused_doc_comments)]` (part of `#[warn(unused)]`) on by default

warning: unused doc comment
    --> candidate-worker/src/../../src/ordering/mod.rs:1408:1
     |
1408 | / /// TEST-ONLY kill switch for the heavy-tier arm (metrics + no-dense AMD +
1409 | | /// extra AMF α), so a probe can A/B the arm in one process.
     | |_-----------------------------------------------------------^
     |   |
     |   rustdoc does not generate documentation for macro invocations
     |
     = help: to document an item produced by a macro, the macro must produce the documentation as part of its expansion

warning: unused doc comment
   --> candidate-worker/src/../../src/ordering/parallel.rs:334:1
    |
334 | / /// TEST-ONLY switch forcing every batch onto the sequential path, so a probe
335 | | /// can run the SAME `order()` both ways in one process and compare the
336 | | /// returned permutations element by element. Production builds compile
337 | | /// [`force_sequential`] down to a constant `false`.
    | |_---------------------------------------------------^
    |   |
    |   rustdoc does not generate documentation for macro invocations
    |
    = help: to document an item produced by a macro, the macro must produce the documentation as part of its expansion

warning: unused doc comment
   --> candidate-worker/src/../../src/ordering/parallel.rs:368:1
    |
368 | / /// TEST-ONLY per-phase wall-clock marks: `phase_mark(label, t0)` appends
369 | | /// `(label, secs since t0)`; `phase_take()` drains them. Lets a probe see which
370 | | /// stage of `order()` sets a row's critical path. Never compiled into the
371 | | /// shipped binary.
    | |_------------------^
    |   |
    |   rustdoc does not generate documentation for macro invocations
    |
    = help: to document an item produced by a macro, the macro must produce the documentation as part of its expansion

warning: unused doc comment
    --> candidate-worker/src/../../src/ordering/mod.rs:5064:5
     |
5064 | /     /// ── 0192: the window is the frontier's own chain scope ─────────────────
5065 | |     /// The chain no longer reaches above n = 10 000 (see `PEO_ALT_MAX_N`), so
5066 | |     /// the draw takes over the whole band the chain used to own. Measured on the
5067 | |     /// 300 dev rows: with the window at 50 000 instead of 12 000 the draw adds
...    |
5073 | |     /// spender there), and its worst row is 1.127 s against the frontier's
5074 | |     /// 1.160 s base, so the wide band stays below the frontier's own footprint.
     | |________________________________________________________________________________^
5075 |       #[cfg(test)]
5076 | /     let window_n: usize = std::env::var("SSI_TERM_WIN_N")
5077 | |         .ok()
5078 | |         .and_then(|v| v.trim().parse::<usize>().ok())
5079 | |         .unwrap_or(50_000);
     | |___________________________- rustdoc does not generate documentation for statements
     |
     = help: use `//` for a plain comment

warning: unused doc comment
    --> candidate-worker/src/../../src/ordering/mod.rs:5218:9
     |
5218 | /         /// `nnz < 3n` = the sparse band of the 0184 price law (66 of the 300 dev
5219 | |         /// rows, all of them in-window). Structural, never per-matrix.
     | |_______________________________________________________________________^
5220 | /         let shipped_ladder = || {
5221 | |             if nnz < 3 * n {
5222 | |                 SHIPPED_SPARSE_LADDER.to_vec()
5223 | |             } else {
...    |
5226 | |         };
     | |__________- rustdoc does not generate documentation for statements
     |
     = help: use `//` for a plain comment

warning: variable does not need to be mutable
    --> candidate-worker/src/../../src/ordering/probe.rs:4142:9
     |
4142 |     let mut next = |s: &mut u64| -> u64 {
     |         ----^^^^
     |         |
     |         help: remove this `mut`
     |
     = note: `#[warn(unused_mut)]` (part of `#[warn(unused)]`) on by default

warning: value assigned to `d` is never read
   --> candidate-worker/src/../../src/ordering/rgreedy.rs:396:29
    |
396 |                 let mut d = 0u32;
    |                             ^^^^
    |
    = help: maybe it is overwritten before being read?
    = note: `#[warn(unused_assignments)]` (part of `#[warn(unused)]`) on by default

warning: constant `SUBTREE_MAX_N` is never used
   --> candidate-worker/src/../../src/ordering/mod.rs:772:7
    |
772 | const SUBTREE_MAX_N: usize = 250_000;
    |       ^^^^^^^^^^^^^
    |
    = note: `#[warn(dead_code)]` (part of `#[warn(unused)]`) on by default

warning: function `refine` is never used
  --> candidate-worker/src/../../src/ordering/completion.rs:12:15
   |
12 | pub(super) fn refine(
   |               ^^^^^^

warning: type alias `PermFn` is never used
  --> candidate-worker/src/../../src/ordering/parallel.rs:80:17
   |
80 | pub(crate) type PermFn<'a> = Box<dyn Fn() -> Option<Vec<usize>> + Sync + 'a>;
   |                 ^^^^^^

warning: function `run_perms` is never used
   --> candidate-worker/src/../../src/ordering/parallel.rs:188:15
    |
188 | pub(crate) fn run_perms(
    |               ^^^^^^^^^

warning: function `accept` is never used
   --> candidate-worker/src/../../src/ordering/parallel.rs:313:15
    |
313 | pub(crate) fn accept(results: &mut [CandOut], best_flops: &mut u64, best_perm: &mut Vec<usize>) -> bool {
    |               ^^^^^^

warning: function `minl_is_clique` is never used
   --> candidate-worker/src/../../src/ordering/minl.rs:136:4
    |
136 | fn minl_is_clique(adj: &[Vec<u32>], c: &[u32], ops: &mut i64) -> bool {
    |    ^^^^^^^^^^^^^^

warning: function `minl_try_delete_edge` is never used
   --> candidate-worker/src/../../src/ordering/minl.rs:232:4
    |
232 | fn minl_try_delete_edge(
    |    ^^^^^^^^^^^^^^^^^^^^

warning: function `run_sequential_180` is never used
   --> candidate-worker/src/../../src/ordering/indep_first.rs:600:4
    |
600 | fn run_sequential_180(sp: &ScoringPattern, ledger: u64) -> Option<(u64, Vec<usize>)> {
    |    ^^^^^^^^^^^^^^^^^^

warning: function `reset` is never used
   --> candidate-worker/src/../../src/ordering/mod.rs:485:19
    |
485 |     pub(crate) fn reset() {
    |                   ^^^^^

warning: `ssi-candidate-worker` (bin "ssi-candidate-worker" test) generated 17 warnings (run `cargo fix --bin "ssi-candidate-worker" -p ssi-candidate-worker --tests` to apply 1 suggestion)
    Finished `release` profile [optimized] target(s) in 0.02s
     Running unittests src/main.rs (target/release/deps/ssi_candidate_worker-9bc17c144118ca64)

running 1 test
test ordering::probe::probe_timing_and_score ... FENCEBATCH	n=8000	nnz=80000	fill=21908749090	len=15	work=328631236350
FENCEBATCH	n=8000	nnz=80000	fill=21634831977	len=1	work=21634831977
FENCEBATCH	n=8000	nnz=80000	fill=21634831977	len=1	work=21634831977
FENCEBATCH	n=8000	nnz=80000	fill=21634831977	len=123	work=2661084333171
LADGATE	8000	10000	0.749	1
COUNTS	sc_n8000_d10	8000	80000	21908749090	21501600239
FENCEBATCH	n=8000	nnz=112000	fill=36532267681	len=15	work=547984015215
FENCEBATCH	n=8000	nnz=112000	fill=36332269264	len=1	work=36332269264
FENCEBATCH	n=8000	nnz=112000	fill=36332269264	len=1	work=36332269264
FENCEBATCH	n=8000	nnz=112000	fill=36332269264	len=111	work=4032881888304
LADGATE	8000	10000	0.623	1
COUNTS	sc_n8000_d14	8000	112000	36532267681	36151561668
FENCEBATCH	n=8000	nnz=128000	fill=42793720026	len=15	work=641905800390
FENCEBATCH	n=8000	nnz=128000	fill=42652032837	len=1	work=42652032837
FENCEBATCH	n=8000	nnz=128000	fill=42652032837	len=1	work=42652032837
FENCEBATCH	n=8000	nnz=128000	fill=42652032837	len=111	work=4734375644907
LADGATE	8000	10000	0.708	1
COUNTS	sc_n8000_d16	8000	128000	42793720026	42448229785
FENCEBATCH	n=8000	nnz=160000	fill=54209713044	len=12	work=650516556528
FENCEBATCH	n=8000	nnz=160000	fill=54139713871	len=1	work=54139713871
FENCEBATCH	n=8000	nnz=160000	fill=54139713871	len=1	work=54139713871
FENCEBATCH	n=8000	nnz=160000	fill=54139713871	len=9	work=487257424839
LADGATE	8000	10000	0.757	1
COUNTS	sc_n8000_d20	8000	160000	54209713044	54139087842
FENCEBATCH	n=8000	nnz=192000	fill=63791022447	len=12	work=765492269364
FENCEBATCH	n=8000	nnz=192000	fill=63425537889	len=1	work=63425537889
FENCEBATCH	n=8000	nnz=192000	fill=63425537889	len=1	work=63425537889
FENCEBATCH	n=8000	nnz=192000	fill=63425537889	len=9	work=570829841001
LADGATE	8000	10000	0.954	1
COUNTS	sc_n8000_d24	8000	192000	63791022447	63380975078
FENCEBATCH	n=8000	nnz=224000	fill=71615578450	len=12	work=859386941400
FENCEBATCH	n=8000	nnz=224000	fill=71130253599	len=1	work=71130253599
FENCEBATCH	n=8000	nnz=224000	fill=71130253599	len=6	work=426781521594
COUNTS	sc_n8000_d28	8000	224000	71615578450	71130253599
FENCEBATCH	n=9000	nnz=90000	fill=31443058347	len=15	work=471645875205
FENCEBATCH	n=9000	nnz=90000	fill=31443058347	len=1	work=31443058347
FENCEBATCH	n=9000	nnz=90000	fill=31443058347	len=1	work=31443058347
FENCEBATCH	n=9000	nnz=90000	fill=31443058347	len=111	work=3490179476517
LADGATE	9000	10000	0.621	1
COUNTS	sc_n9000_d10	9000	90000	31443058347	31325971648
FENCEBATCH	n=9000	nnz=126000	fill=52572764845	len=15	work=788591472675
FENCEBATCH	n=9000	nnz=126000	fill=52104144290	len=1	work=52104144290
FENCEBATCH	n=9000	nnz=126000	fill=52104144290	len=1	work=52104144290
FENCEBATCH	n=9000	nnz=126000	fill=52104144290	len=111	work=5783560016190
LADGATE	9000	10000	0.796	1
COUNTS	sc_n9000_d14	9000	126000	52572764845	51797431148
FENCEBATCH	n=9000	nnz=144000	fill=61216493879	len=12	work=734597926548
FENCEBATCH	n=9000	nnz=144000	fill=60691054641	len=1	work=60691054641
FENCEBATCH	n=9000	nnz=144000	fill=60691054641	len=1	work=60691054641
FENCEBATCH	n=9000	nnz=144000	fill=60691054641	len=26	work=1577967420666
LADGATE	9000	10000	0.793	1
COUNTS	sc_n9000_d16	9000	144000	61216493879	60470496874
FENCEBATCH	n=9000	nnz=180000	fill=77154495965	len=12	work=925853951580
FENCEBATCH	n=9000	nnz=180000	fill=77042870170	len=1	work=77042870170
FENCEBATCH	n=9000	nnz=180000	fill=77042870170	len=1	work=77042870170
FENCEBATCH	n=9000	nnz=180000	fill=77042870170	len=9	work=693385831530
LADGATE	9000	10000	0.631	1
COUNTS	sc_n9000_d20	9000	180000	77154495965	77041187928
FENCEBATCH	n=9000	nnz=216000	fill=90858158533	len=12	work=1090297902396
FENCEBATCH	n=9000	nnz=216000	fill=90107094559	len=1	work=90107094559
FENCEBATCH	n=9000	nnz=216000	fill=90107094559	len=6	work=540642567354
COUNTS	sc_n9000_d24	9000	216000	90858158533	90107094559
FENCEBATCH	n=9000	nnz=252000	fill=102412540682	len=12	work=1228950488184
FENCEBATCH	n=9000	nnz=252000	fill=101887964320	len=1	work=101887964320
FENCEBATCH	n=9000	nnz=252000	fill=101887964320	len=3	work=305663892960
COUNTS	sc_n9000_d28	9000	252000	102412540682	101887964320
FENCEBATCH	n=9950	nnz=99500	fill=42575353993	len=15	work=638630309895
FENCEBATCH	n=9950	nnz=99500	fill=41605904292	len=1	work=41605904292
FENCEBATCH	n=9950	nnz=99500	fill=41605904292	len=1	work=41605904292
FENCEBATCH	n=9950	nnz=99500	fill=41605904292	len=111	work=4618255376412
LADGATE	9950	10000	0.757	1
COUNTS	sc_n9950_d10	9950	99500	42575353993	41604878274
FENCEBATCH	n=9950	nnz=139300	fill=69633831128	len=12	work=835605973536
FENCEBATCH	n=9950	nnz=139300	fill=69281850098	len=1	work=69281850098
FENCEBATCH	n=9950	nnz=139300	fill=69281850098	len=1	work=69281850098
FENCEBATCH	n=9950	nnz=139300	fill=69281850098	len=26	work=1801328102548
LADGATE	9950	10000	0.834	1
COUNTS	sc_n9950_d14	9950	139300	69633831128	69278687943
FENCEBATCH	n=9950	nnz=159200	fill=82826912715	len=12	work=993922952580
FENCEBATCH	n=9950	nnz=159200	fill=81931364446	len=1	work=81931364446
FENCEBATCH	n=9950	nnz=159200	fill=81931364446	len=1	work=81931364446
FENCEBATCH	n=9950	nnz=159200	fill=81931364446	len=6	work=491588186676
LADGATE	9950	10000	0.798	1
COUNTS	sc_n9950_d16	9950	159200	82826912715	81873502405
FENCEBATCH	n=9950	nnz=199000	fill=103999314503	len=12	work=1247991774036
FENCEBATCH	n=9950	nnz=199000	fill=103169553026	len=1	work=103169553026
FENCEBATCH	n=9950	nnz=199000	fill=103169553026	len=1	work=103169553026
FENCEBATCH	n=9950	nnz=199000	fill=103169553026	len=9	work=928525977234
LADGATE	9950	10000	0.677	1
COUNTS	sc_n9950_d20	9950	199000	103999314503	103169152576
FENCEBATCH	n=9950	nnz=238800	fill=122057527835	len=12	work=1464690334020
FENCEBATCH	n=9950	nnz=238800	fill=121356946749	len=1	work=121356946749
FENCEBATCH	n=9950	nnz=238800	fill=121356946749	len=6	work=728141680494
COUNTS	sc_n9950_d24	9950	238800	122057527835	121356946749
FENCEBATCH	n=9950	nnz=278600	fill=138326872541	len=12	work=1659922470492
FENCEBATCH	n=9950	nnz=278600	fill=137851915213	len=1	work=137851915213
FENCEBATCH	n=9950	nnz=278600	fill=137851915213	len=3	work=413555745639
COUNTS	sc_n9950_d28	9950	278600	138326872541	137826627183

--- every order() call, slowest first (TSV) ---
secs	matrix	n	nnz	ratio
1.0230	sc_n8000_d24	8000	192000	0.9936
0.9204	sc_n9950_d14	9950	139300	0.9949
0.8877	sc_n9000_d28	9000	252000	0.9949
0.8873	sc_n9950_d16	9950	159200	0.9885
0.8698	sc_n9000_d14	9000	126000	0.9853
0.8691	sc_n9950_d28	9950	278600	0.9964
0.8683	sc_n9000_d16	9000	144000	0.9878
0.8286	sc_n8000_d20	8000	160000	0.9987
0.8267	sc_n9950_d10	9950	99500	0.9772
0.8056	sc_n8000_d10	8000	80000	0.9814
0.7745	sc_n8000_d16	8000	128000	0.9919
0.7669	sc_n9950_d20	9950	199000	0.9920
0.7051	sc_n9000_d20	9000	180000	0.9985
0.7018	sc_n9000_d24	9000	216000	0.9917
0.6898	sc_n9000_d10	9000	90000	0.9963
0.6834	sc_n8000_d14	8000	112000	0.9896
0.5565	sc_n8000_d28	8000	224000	0.9932
0.5190	sc_n9950_d24	9950	238800	0.9943
matrices under 0.010s: 0/18
matrices under 0.050s: 0/18
matrices under 0.100s: 0/18
matrices under 0.200s: 0/18
matrices under 0.400s: 0/18

--- per-bucket ---
1k_10k   count=18    geomean=0.9914
SCORE = 0.991437
WORST order() = 1.023 s
FORCEAUDIT	stage1b_sites=9	force_fires=0	unsound=0	core_total_mismatch=0	max_drift_ppm=0	worst_incumbent=0	worst_adopted=0	tie_window_opened=0	tie_pass_run=0
ok

test result: ok. 1 passed; 0 failed; 0 ignored; 0 measured; 164 filtered out; finished in 14.79s

