warning: unused doc comment
    --> candidate-worker/src/../../src/ordering/mod.rs:1129:1
     |
1129 | / /// TEST-ONLY sweep switch for the mid-size `rgreedy` stream opened by the 0154
1130 | | /// engine census. Returns `(ops_budget, gate_variant, stream_count)`; a zero
1131 | | /// budget disables the stream, which is what production compiles to — the
1132 | | /// switch can never change a submitted ordering. Configured through
1133 | | /// `SSI_MID_ENGINE="<variant>:<budget>[:<streams>]"` so one build can sweep
1134 | | /// several gate/budget points.
     | |_------------------------------^
     |   |
     |   rustdoc does not generate documentation for macro invocations
     |
     = help: to document an item produced by a macro, the macro must produce the documentation as part of its expansion
     = note: `#[warn(unused_doc_comments)]` (part of `#[warn(unused)]`) on by default

warning: unused doc comment
    --> candidate-worker/src/../../src/ordering/mod.rs:1397:1
     |
1397 | / /// TEST-ONLY kill switch for the heavy-tier arm (metrics + no-dense AMD +
1398 | | /// extra AMF α), so a probe can A/B the arm in one process.
     | |_-----------------------------------------------------------^
     |   |
     |   rustdoc does not generate documentation for macro invocations
     |
     = help: to document an item produced by a macro, the macro must produce the documentation as part of its expansion

warning: unused doc comment
   --> candidate-worker/src/../../src/ordering/parallel.rs:334:1
    |
334 | / /// TEST-ONLY switch forcing every batch onto the sequential path, so a probe
335 | | /// can run the SAME `order()` both ways in one process and compare the
336 | | /// returned permutations element by element. Production builds compile
337 | | /// [`force_sequential`] down to a constant `false`.
    | |_---------------------------------------------------^
    |   |
    |   rustdoc does not generate documentation for macro invocations
    |
    = help: to document an item produced by a macro, the macro must produce the documentation as part of its expansion

warning: unused doc comment
   --> candidate-worker/src/../../src/ordering/parallel.rs:368:1
    |
368 | / /// TEST-ONLY per-phase wall-clock marks: `phase_mark(label, t0)` appends
369 | | /// `(label, secs since t0)`; `phase_take()` drains them. Lets a probe see which
370 | | /// stage of `order()` sets a row's critical path. Never compiled into the
371 | | /// shipped binary.
    | |_------------------^
    |   |
    |   rustdoc does not generate documentation for macro invocations
    |
    = help: to document an item produced by a macro, the macro must produce the documentation as part of its expansion

warning: unused doc comment
    --> candidate-worker/src/../../src/ordering/mod.rs:5043:5
     |
5043 | /     /// ── 0192: the window is the frontier's own chain scope ─────────────────
5044 | |     /// The chain no longer reaches above n = 10 000 (see `PEO_ALT_MAX_N`), so
5045 | |     /// the draw takes over the whole band the chain used to own. Measured on the
5046 | |     /// 300 dev rows: with the window at 50 000 instead of 12 000 the draw adds
...    |
5052 | |     /// spender there), and its worst row is 1.127 s against the frontier's
5053 | |     /// 1.160 s base, so the wide band stays below the frontier's own footprint.
     | |________________________________________________________________________________^
5054 |       #[cfg(test)]
5055 | /     let window_n: usize = std::env::var("SSI_TERM_WIN_N")
5056 | |         .ok()
5057 | |         .and_then(|v| v.trim().parse::<usize>().ok())
5058 | |         .unwrap_or(50_000);
     | |___________________________- rustdoc does not generate documentation for statements
     |
     = help: use `//` for a plain comment

warning: unused doc comment
    --> candidate-worker/src/../../src/ordering/mod.rs:5195:9
     |
5195 | /         /// `nnz < 3n` = the sparse band of the 0184 price law (66 of the 300 dev
5196 | |         /// rows, all of them in-window). Structural, never per-matrix.
     | |_______________________________________________________________________^
5197 | /         let shipped_ladder = || {
5198 | |             if nnz < 3 * n {
5199 | |                 SHIPPED_SPARSE_LADDER.to_vec()
5200 | |             } else {
...    |
5203 | |         };
     | |__________- rustdoc does not generate documentation for statements
     |
     = help: use `//` for a plain comment

warning: variable does not need to be mutable
    --> candidate-worker/src/../../src/ordering/probe.rs:4142:9
     |
4142 |     let mut next = |s: &mut u64| -> u64 {
     |         ----^^^^
     |         |
     |         help: remove this `mut`
     |
     = note: `#[warn(unused_mut)]` (part of `#[warn(unused)]`) on by default

warning: value assigned to `d` is never read
   --> candidate-worker/src/../../src/ordering/rgreedy.rs:396:29
    |
396 |                 let mut d = 0u32;
    |                             ^^^^
    |
    = help: maybe it is overwritten before being read?
    = note: `#[warn(unused_assignments)]` (part of `#[warn(unused)]`) on by default

warning: constant `SUBTREE_MAX_N` is never used
   --> candidate-worker/src/../../src/ordering/mod.rs:761:7
    |
761 | const SUBTREE_MAX_N: usize = 250_000;
    |       ^^^^^^^^^^^^^
    |
    = note: `#[warn(dead_code)]` (part of `#[warn(unused)]`) on by default

warning: function `refine` is never used
  --> candidate-worker/src/../../src/ordering/completion.rs:12:15
   |
12 | pub(super) fn refine(
   |               ^^^^^^

warning: type alias `PermFn` is never used
  --> candidate-worker/src/../../src/ordering/parallel.rs:80:17
   |
80 | pub(crate) type PermFn<'a> = Box<dyn Fn() -> Option<Vec<usize>> + Sync + 'a>;
   |                 ^^^^^^

warning: function `run_perms` is never used
   --> candidate-worker/src/../../src/ordering/parallel.rs:188:15
    |
188 | pub(crate) fn run_perms(
    |               ^^^^^^^^^

warning: function `accept` is never used
   --> candidate-worker/src/../../src/ordering/parallel.rs:313:15
    |
313 | pub(crate) fn accept(results: &mut [CandOut], best_flops: &mut u64, best_perm: &mut Vec<usize>) -> bool {
    |               ^^^^^^

warning: function `minl_is_clique` is never used
   --> candidate-worker/src/../../src/ordering/minl.rs:136:4
    |
136 | fn minl_is_clique(adj: &[Vec<u32>], c: &[u32], ops: &mut i64) -> bool {
    |    ^^^^^^^^^^^^^^

warning: function `minl_try_delete_edge` is never used
   --> candidate-worker/src/../../src/ordering/minl.rs:232:4
    |
232 | fn minl_try_delete_edge(
    |    ^^^^^^^^^^^^^^^^^^^^

warning: function `run_sequential_180` is never used
   --> candidate-worker/src/../../src/ordering/indep_first.rs:600:4
    |
600 | fn run_sequential_180(sp: &ScoringPattern, ledger: u64) -> Option<(u64, Vec<usize>)> {
    |    ^^^^^^^^^^^^^^^^^^

warning: function `reset` is never used
   --> candidate-worker/src/../../src/ordering/mod.rs:485:19
    |
485 |     pub(crate) fn reset() {
    |                   ^^^^^

warning: `ssi-candidate-worker` (bin "ssi-candidate-worker" test) generated 17 warnings (run `cargo fix --bin "ssi-candidate-worker" -p ssi-candidate-worker --tests` to apply 1 suggestion)
    Finished `release` profile [optimized] target(s) in 0.01s
     Running unittests src/main.rs (target/release/deps/ssi_candidate_worker-9bc17c144118ca64)

running 1 test
test ordering::probe::probe_timing_and_score ... LADGATE	12000	50000	1.108	1
COUNTS	bd_n12000_d8	12000	96000	49503952912	48486640705
LADGATE	12000	50000	1.184	1
COUNTS	bd_n12000_d12	12000	144000	98738658219	97950787218
LADGATE	12000	50000	1.095	1
COUNTS	bd_n12000_d16	12000	192000	145467091123	144348250564
LADGATE	16000	50000	1.417	1
COUNTS	bd_n16000_d8	16000	128000	115536903188	114196931085
LADGATE	16000	50000	0.959	1
COUNTS	bd_n16000_d12	16000	192000	238215705185	234788920938
COUNTS	bd_n16000_d16	16000	256000	343420737687	340772049698
LADGATE	20000	50000	0.829	1
COUNTS	bd_n20000_d8	20000	160000	228904635010	223517436067
COUNTS	bd_n20000_d12	20000	240000	457044298406	451094282780
COUNTS	bd_n20000_d16	20000	320000	661500957652	658112622140
LADGATE	24000	50000	0.911	1
COUNTS	bd_n24000_d8	24000	192000	391564344230	386387466345
COUNTS	bd_n24000_d12	24000	288000	788080622695	782701059243
COUNTS	bd_n24000_d16	24000	384000	1154222119899	1142037860130
COUNTS	bd_n30000_d8	30000	240000	763685649596	755609280082
COUNTS	bd_n30000_d12	30000	360000	1556305111596	1542172552134
COUNTS	bd_n30000_d16	30000	480000	2249693917041	2241269161034

--- every order() call, slowest first (TSV) ---
secs	matrix	n	nnz	ratio
3.5142	bd_n30000_d16	30000	480000	0.9963
2.6266	bd_n30000_d12	30000	360000	0.9909
2.3193	bd_n24000_d16	24000	384000	0.9894
2.0428	bd_n24000_d12	24000	288000	0.9932
1.5170	bd_n30000_d8	30000	240000	0.9894
1.4368	bd_n16000_d16	16000	256000	0.9923
1.4180	bd_n16000_d8	16000	128000	0.9884
1.3478	bd_n20000_d16	20000	320000	0.9949
1.3461	bd_n20000_d12	20000	240000	0.9870
1.2158	bd_n12000_d12	12000	144000	0.9920
1.1387	bd_n12000_d8	12000	96000	0.9794
1.1285	bd_n12000_d16	12000	192000	0.9923
0.9608	bd_n16000_d12	16000	192000	0.9856
0.9135	bd_n24000_d8	24000	192000	0.9868
0.8310	bd_n20000_d8	20000	160000	0.9765
matrices under 0.010s: 0/15
matrices under 0.050s: 0/15
matrices under 0.100s: 0/15
matrices under 0.200s: 0/15
matrices under 0.400s: 0/15

--- per-bucket ---
gt_10k   count=15    geomean=0.9889
SCORE = 0.988946
WORST order() = 3.514 s
FORCEAUDIT	stage1b_sites=11	force_fires=0	unsound=0	core_total_mismatch=0	max_drift_ppm=0	worst_incumbent=0	worst_adopted=0	tie_window_opened=0	tie_pass_run=0
ok

test result: ok. 1 passed; 0 failed; 0 ignored; 0 measured; 164 filtered out; finished in 24.81s

