warning: unused doc comment
    --> candidate-worker/src/../../src/ordering/mod.rs:1139:1
     |
1139 | / /// TEST-ONLY sweep switch for the mid-size `rgreedy` stream opened by the 0154
1140 | | /// engine census. Returns `(ops_budget, gate_variant, stream_count)`; a zero
1141 | | /// budget disables the stream, which is what production compiles to — the
1142 | | /// switch can never change a submitted ordering. Configured through
1143 | | /// `SSI_MID_ENGINE="<variant>:<budget>[:<streams>]"` so one build can sweep
1144 | | /// several gate/budget points.
     | |_------------------------------^
     |   |
     |   rustdoc does not generate documentation for macro invocations
     |
     = help: to document an item produced by a macro, the macro must produce the documentation as part of its expansion
     = note: `#[warn(unused_doc_comments)]` (part of `#[warn(unused)]`) on by default

warning: unused doc comment
    --> candidate-worker/src/../../src/ordering/mod.rs:1407:1
     |
1407 | / /// TEST-ONLY kill switch for the heavy-tier arm (metrics + no-dense AMD +
1408 | | /// extra AMF α), so a probe can A/B the arm in one process.
     | |_-----------------------------------------------------------^
     |   |
     |   rustdoc does not generate documentation for macro invocations
     |
     = help: to document an item produced by a macro, the macro must produce the documentation as part of its expansion

warning: unused doc comment
   --> candidate-worker/src/../../src/ordering/parallel.rs:334:1
    |
334 | / /// TEST-ONLY switch forcing every batch onto the sequential path, so a probe
335 | | /// can run the SAME `order()` both ways in one process and compare the
336 | | /// returned permutations element by element. Production builds compile
337 | | /// [`force_sequential`] down to a constant `false`.
    | |_---------------------------------------------------^
    |   |
    |   rustdoc does not generate documentation for macro invocations
    |
    = help: to document an item produced by a macro, the macro must produce the documentation as part of its expansion

warning: unused doc comment
   --> candidate-worker/src/../../src/ordering/parallel.rs:368:1
    |
368 | / /// TEST-ONLY per-phase wall-clock marks: `phase_mark(label, t0)` appends
369 | | /// `(label, secs since t0)`; `phase_take()` drains them. Lets a probe see which
370 | | /// stage of `order()` sets a row's critical path. Never compiled into the
371 | | /// shipped binary.
    | |_------------------^
    |   |
    |   rustdoc does not generate documentation for macro invocations
    |
    = help: to document an item produced by a macro, the macro must produce the documentation as part of its expansion

warning: unused doc comment
    --> candidate-worker/src/../../src/ordering/mod.rs:5072:5
     |
5072 | /     /// ── 0192: the window is the frontier's own chain scope ─────────────────
5073 | |     /// The chain no longer reaches above n = 10 000 (see `PEO_ALT_MAX_N`), so
5074 | |     /// the draw takes over the whole band the chain used to own. Measured on the
5075 | |     /// 300 dev rows: with the window at 50 000 instead of 12 000 the draw adds
...    |
5081 | |     /// spender there), and its worst row is 1.127 s against the frontier's
5082 | |     /// 1.160 s base, so the wide band stays below the frontier's own footprint.
     | |________________________________________________________________________________^
5083 |       #[cfg(test)]
5084 | /     let window_n: usize = std::env::var("SSI_TERM_WIN_N")
5085 | |         .ok()
5086 | |         .and_then(|v| v.trim().parse::<usize>().ok())
5087 | |         .unwrap_or(50_000);
     | |___________________________- rustdoc does not generate documentation for statements
     |
     = help: use `//` for a plain comment

warning: unused doc comment
    --> candidate-worker/src/../../src/ordering/mod.rs:5224:9
     |
5224 | /         /// `nnz < 3n` = the sparse band of the 0184 price law (66 of the 300 dev
5225 | |         /// rows, all of them in-window). Structural, never per-matrix.
     | |_______________________________________________________________________^
5226 | /         let shipped_ladder = || {
5227 | |             if nnz < 3 * n {
5228 | |                 SHIPPED_SPARSE_LADDER.to_vec()
5229 | |             } else {
...    |
5232 | |         };
     | |__________- rustdoc does not generate documentation for statements
     |
     = help: use `//` for a plain comment

warning: variable does not need to be mutable
    --> candidate-worker/src/../../src/ordering/probe.rs:4142:9
     |
4142 |     let mut next = |s: &mut u64| -> u64 {
     |         ----^^^^
     |         |
     |         help: remove this `mut`
     |
     = note: `#[warn(unused_mut)]` (part of `#[warn(unused)]`) on by default

warning: value assigned to `d` is never read
   --> candidate-worker/src/../../src/ordering/rgreedy.rs:396:29
    |
396 |                 let mut d = 0u32;
    |                             ^^^^
    |
    = help: maybe it is overwritten before being read?
    = note: `#[warn(unused_assignments)]` (part of `#[warn(unused)]`) on by default

warning: constant `LADDER_STRIDE_KEEP` is never used
   --> candidate-worker/src/../../src/ordering/mod.rs:544:7
    |
544 | const LADDER_STRIDE_KEEP: bool = true;
    |       ^^^^^^^^^^^^^^^^^^
    |
    = note: `#[warn(dead_code)]` (part of `#[warn(unused)]`) on by default

warning: constant `SUBTREE_MAX_N` is never used
   --> candidate-worker/src/../../src/ordering/mod.rs:771:7
    |
771 | const SUBTREE_MAX_N: usize = 250_000;
    |       ^^^^^^^^^^^^^

warning: function `refine` is never used
  --> candidate-worker/src/../../src/ordering/completion.rs:12:15
   |
12 | pub(super) fn refine(
   |               ^^^^^^

warning: type alias `PermFn` is never used
  --> candidate-worker/src/../../src/ordering/parallel.rs:80:17
   |
80 | pub(crate) type PermFn<'a> = Box<dyn Fn() -> Option<Vec<usize>> + Sync + 'a>;
   |                 ^^^^^^

warning: function `run_perms` is never used
   --> candidate-worker/src/../../src/ordering/parallel.rs:188:15
    |
188 | pub(crate) fn run_perms(
    |               ^^^^^^^^^

warning: function `accept` is never used
   --> candidate-worker/src/../../src/ordering/parallel.rs:313:15
    |
313 | pub(crate) fn accept(results: &mut [CandOut], best_flops: &mut u64, best_perm: &mut Vec<usize>) -> bool {
    |               ^^^^^^

warning: function `minl_is_clique` is never used
   --> candidate-worker/src/../../src/ordering/minl.rs:136:4
    |
136 | fn minl_is_clique(adj: &[Vec<u32>], c: &[u32], ops: &mut i64) -> bool {
    |    ^^^^^^^^^^^^^^

warning: function `minl_try_delete_edge` is never used
   --> candidate-worker/src/../../src/ordering/minl.rs:232:4
    |
232 | fn minl_try_delete_edge(
    |    ^^^^^^^^^^^^^^^^^^^^

warning: function `run_sequential_180` is never used
   --> candidate-worker/src/../../src/ordering/indep_first.rs:600:4
    |
600 | fn run_sequential_180(sp: &ScoringPattern, ledger: u64) -> Option<(u64, Vec<usize>)> {
    |    ^^^^^^^^^^^^^^^^^^

warning: function `reset` is never used
   --> candidate-worker/src/../../src/ordering/mod.rs:485:19
    |
485 |     pub(crate) fn reset() {
    |                   ^^^^^

warning: `ssi-candidate-worker` (bin "ssi-candidate-worker" test) generated 18 warnings (run `cargo fix --bin "ssi-candidate-worker" -p ssi-candidate-worker --tests` to apply 1 suggestion)
    Finished `release` profile [optimized] target(s) in 0.02s
     Running unittests src/main.rs (target/release/deps/ssi_candidate_worker-9bc17c144118ca64)

running 1 test
test ordering::probe::probe_timing_and_score ... LADGATE	357	10000	0.231	1
COUNTS	slay06m	357	1080	4025	4025
LADGATE	401	10000	0.259	1
COUNTS	sssd25-08	401	1200	5389	5389
LADGATE	4772	10000	0.566	1
COUNTS	rsyn0810m04m	4772	13836	147553	115517
COUNTS	pooling_sppc3pq	23173	893724	1153877333	325595394
LADGATE	1131	10000	0.542	1
COUNTS	sporttournament48	1131	6676	919582	594138
LADGATE	5030	10000	0.375	1
COUNTS	pooling_sppa9pq	5030	120730	23971280	15130622
LADGATE	1053	10000	0.314	1
COUNTS	edgecross10-090	1053	5204	126115	103179
COUNTS	maxcsp-ehi-85-297-71	2372	207996	1381768944	1110971341
LADGATE	30	10000	0.171	1
COUNTS	st_bpaf1a	30	120	623	580
LADGATE	1462	10000	0.455	1
COUNTS	risk2bpb	1462	5396	118471	66041
LADGATE	255	10000	0.145	1
COUNTS	qap	255	43748	3802533	3652461
LADGATE	7252	10000	0.503	1
COUNTS	rsyn0830m04m	7252	20752	212130	171821
LADGATE	1073	10000	0.262	1
COUNTS	lop97icx	1073	2118	79286	64044
LADGATE	1201	10000	0.206	1
COUNTS	chain400	1201	4796	16382	16382
LADGATE	9532	10000	0.722	1
COUNTS	mpbp_07	9532	30810	1368477	1248947
LADGATE	440	10000	0.329	1
COUNTS	sonetgr17	440	2958	37814	30971
LADGATE	2207	10000	0.484	1
COUNTS	p_ball_30b_7p_2d_h	2207	7516	42456	42319
LADGATE	19995	10000	0.778	0
COUNTS	pinene200	19995	97990	1358716	1134463
COUNTS	unitcommit_200_100_1_mod_8	146830	476332	3053940	2981835
LADGATE	123	10000	0.300	1
COUNTS	ex8_3_9	123	834	15050	11503
LADGATE	2486	10000	0.605	1
COUNTS	rsyn0820m02m	2486	6932	38190	35665
LADGATE	293	10000	0.279	1
COUNTS	p_ball_10b_5p_2d_m	293	964	6648	6547
LADGATE	170	10000	0.221	1
COUNTS	pooling_adhya4tp	170	936	26842	20581
LADGATE	7295	10000	0.264	1
COUNTS	squfl015-080persp	7295	21600	74520	74520
LADGATE	1053	10000	0.312	1
COUNTS	edgecross10-080	1053	5940	170814	164639
LADGATE	590	10000	0.334	1
COUNTS	clay0204hfsg	590	1696	7198	6562
LADGATE	13	10000	0.118	1
COUNTS	st_bsj2	13	40	143	114
LADGATE	440	10000	0.425	1
COUNTS	chimera_mgw-c8-439-onc8-002	440	3038	97870	86464
LADGATE	5188	10000	0.618	1
COUNTS	batchs201210m	5188	17910	349298	303381
LADGATE	5456	10000	0.637	1
COUNTS	rsyn0815m04m	5456	15756	184352	144170
LADGATE	560	10000	0.323	1
COUNTS	syn40m	560	1528	5007	4829
LADGATE	2157	10000	0.263	1
COUNTS	knp5-44	2157	32604	3764003	3764003
LADGATE	94	10000	0.201	1
COUNTS	ex1263a	94	390	2098	2098
COUNTS	st_e41	8	32	88	88
LADGATE	2305	10000	0.334	1
COUNTS	squfl025-030	2305	6000	42305	42305
LADGATE	98	10000	0.247	1
COUNTS	wastewater05m1	98	536	11690	8036
COUNTS	cvxnonsep_psig20	20	380	2870	2870
LADGATE	4405	10000	0.189	1
COUNTS	meanvar-orl400_05_e_8	4405	171604	21923414	21922611
LADGATE	301	10000	0.287	1
COUNTS	st_e31	301	744	4534	4257
COUNTS	pooling_sppc1pq	14100	477680	812210652	136686008
LADGATE	31	10000	0.172	1
COUNTS	pooling_haverly1pq	31	96	412	403
LADGATE	128	10000	0.236	1
COUNTS	graphpart_3g-0244-0244	128	672	33446	32534
LADGATE	80	10000	0.244	1
COUNTS	graphpart_clique-20	80	1260	34885	27856
LADGATE	28368	10000	0.907	0
COUNTS	mpbp_48	28368	91016	33835023	16144599
COUNTS	pooling_sppb5pq	18529	674470	523815053	213571545
LADGATE	497	10000	0.259	1
COUNTS	slay07m	497	1512	5740	5740
COUNTS	nvs19	24	200	1353	884
LADGATE	3270	10000	0.523	1
COUNTS	oil	3270	8430	36313	34760
LADGATE	2775	10000	0.451	1
COUNTS	squfl015-060	2775	7200	36400	36400
LADGATE	1112	10000	0.439	1
COUNTS	ndcc12persp	1112	5522	299115	284793
COUNTS	kissing2	20772	401024	156414018	156414018
LADGATE	1942	10000	0.543	1
COUNTS	nuclear25a	1942	16030	1977163	1136191
LADGATE	222	10000	0.238	1
COUNTS	clay0204m	222	704	2330	2330
LADGATE	23	10000	0.143	1
COUNTS	st_ph13	23	68	207	178
LADGATE	1053	10000	0.378	1
COUNTS	edgecross10-030	1053	4654	135854	100608
LADGATE	601	10000	0.252	1
COUNTS	chain200	601	2396	8182	8182
LADGATE	25	10000	0.167	1
COUNTS	ex1223b	25	66	178	178
LADGATE	2718	10000	0.452	1
COUNTS	slay09h	2718	7488	36057	32385
LADGATE	974	10000	0.530	1
COUNTS	ndcc12	974	5982	345696	329556
LADGATE	1306	10000	0.434	1
COUNTS	kall_circlesrectangles_c6r39	1306	5378	75744	74610
LADGATE	9170	10000	0.454	1
COUNTS	squfl020-150	9170	24000	135020	135020
COUNTS	autocorr_bern40-30	43	1534	20034	20034
LADGATE	660	10000	0.299	1
COUNTS	slay08m	660	2016	7796	7796
LADGATE	2032	10000	0.600	1
COUNTS	chimera_mgw-c16-2031-01	2032	15900	3328073	2600520
LADGATE	713	10000	0.417	1
COUNTS	forest	713	2658	10614	10543
LADGATE	280	10000	0.196	1
COUNTS	qspp_0_10_0_1_10_1	280	29636	1942907	1932414
LADGATE	16	10000	0.139	1
COUNTS	st_ph1	16	58	274	233
LADGATE	124	10000	0.198	1
COUNTS	elf	124	376	2733	2173
LADGATE	18	10000	0.138	1
COUNTS	ex3_1_3	18	36	90	83
COUNTS	cvxnonsep_normcon40r	162	322	645	645
LADGATE	155	10000	0.266	1
COUNTS	demo7	155	618	3579	3426
LADGATE	615	10000	0.397	1
COUNTS	waternd2	615	2580	155674	74817
LADGATE	64	10000	0.218	1
COUNTS	prolog	64	292	1245	1225
LADGATE	11	10000	0.111	1
COUNTS	ex14_1_8	11	30	80	80
COUNTS	faclay75	272878	1379706	3204527350	3013800414
LADGATE	55	10000	0.137	1
COUNTS	st_qpk3	55	548	5467	3762
LADGATE	11556	10000	0.702	0
COUNTS	mpbp_34	11556	40860	3093917	893365
COUNTS	cvxnonsep_normcon20r	82	162	325	325
COUNTS	cvxnonsep_psig20r	86	170	341	341
LADGATE	18742	10000	0.753	0
COUNTS	crudeoil_pooling_dt2	18742	75910	14985540	9947932
LADGATE	2868	10000	0.753	1
COUNTS	rsyn0805m03m	2868	8270	60979	54853
COUNTS	st_iqpbk1	22	98	295	295
LADGATE	96	10000	0.271	1
COUNTS	waterund01	96	404	4546	3317
LADGATE	29	10000	0.156	1
COUNTS	pointpack04	29	120	577	577
LADGATE	12	10000	0.101	1
COUNTS	st_e22	12	30	77	70
LADGATE	16678	10000	0.475	0
COUNTS	faclay30	16678	82242	13452923	12850431
LADGATE	4432	10000	0.422	1
COUNTS	arki0002	4432	11248	683476	667374
LADGATE	11659	10000	0.928	0
COUNTS	transswitch0300p	11659	48446	404940	378674
LADGATE	30660	10000	0.876	0
COUNTS	crudeoil_pooling_dt3	30660	152210	48975085	34772719
LADGATE	22536	10000	0.636	0
COUNTS	gasprod_sarawak81	22536	75636	1030380	947809
LADGATE	660	10000	0.429	1
COUNTS	maxcsp-langford-3-11	660	29646	33444033	10360919
LADGATE	1543	10000	0.365	1
COUNTS	p_ball_30b_5p_2d_h	1543	5224	25843	25742
LADGATE	6709	10000	0.414	1
COUNTS	ringpack_20_3	6709	45220	2415136	865627
LADGATE	4825	10000	0.602	1
COUNTS	waste	4825	21504	1468261	1270649
LADGATE	2001	10000	0.270	1
COUNTS	catmix400	2001	11192	36373	36364
LADGATE	3054	10000	0.536	1
COUNTS	rsyn0815m02hfsg	3054	7968	44604	41416
LADGATE	1236	10000	0.318	1
COUNTS	p_ball_10b_7p_3d_h	1236	4186	24380	23744
LADGATE	1225	10000	0.620	1
COUNTS	chimera_k64ising-02	1225	3846	613390	372954
LADGATE	3404	10000	0.522	1
COUNTS	batchs121208m	3404	11462	138030	128816
LADGATE	11	10000	0.118	1
COUNTS	nvs02	11	46	142	142
LADGATE	191	10000	0.280	1
COUNTS	wastepaper6	191	1416	16611	16611
LADGATE	399	10000	0.288	1
COUNTS	syn15hfsg	399	1022	3300	3272
LADGATE	36	10000	0.170	1
COUNTS	st_jcbpaf2	36	246	1635	1543
COUNTS	camshape400	2000	7188	16768	16768
LADGATE	120	10000	0.264	1
COUNTS	graphpart_clique-30	120	2790	114505	91153
LADGATE	280	10000	0.223	1
COUNTS	graphpart_clique-70	280	14910	1413012	1144894
COUNTS	smallinvDAXr1b010-011	39	1120	13510	13319
LADGATE	22074	10000	0.464	0
COUNTS	nd_netgen-2000-3-4-b-a-ns_7	22074	60000	289420	273394
LADGATE	240	10000	0.224	1
COUNTS	slay05m	240	720	2635	2635
LADGATE	2031	10000	0.738	1
COUNTS	chimera_selby-c16-01	2031	10964	3605628	2431621
LADGATE	110	10000	0.193	1
COUNTS	csched1	110	376	975	975
LADGATE	1310	10000	0.146	1
COUNTS	watercontamination0303r	1310	37028	2171882	2171882
LADGATE	15	10000	0.116	1
COUNTS	ex9_2_4	15	36	117	117
LADGATE	163	10000	0.199	1
COUNTS	sssd15-04	163	440	1625	1625
COUNTS	autocorr_bern35-35fix	38	1264	16214	16214
LADGATE	1491	10000	0.341	1
COUNTS	sfacloc2_4_90	1491	4500	31682	28843
COUNTS	cont6-qq	120395	557994	835894090	581918900
LADGATE	5205	10000	0.188	1
COUNTS	meanvar-orl400_05_e_7	5205	174804	21939414	21935811
LADGATE	10017	10000	0.415	0
COUNTS	glider400	10017	49624	373018	327551
LADGATE	4960	10000	0.580	1
COUNTS	syn40m04m	4960	13792	65982	63282
LADGATE	31	10000	0.166	1
COUNTS	ex2_1_3	31	72	189	189
LADGATE	705	10000	0.469	1
COUNTS	qapw	705	87496	12183146	12183146
LADGATE	14	10000	0.112	1
COUNTS	himmel11	14	60	198	198
LADGATE	1908	10000	0.376	1
COUNTS	syn15m04m	1908	5288	26094	25187
LADGATE	118	10000	0.259	1
COUNTS	pooling_rt2tp	118	654	5876	5796
LADGATE	333	10000	0.305	1
COUNTS	waterund14	333	2204	200484	72184
LADGATE	17809	10000	1.029	0
COUNTS	crudeoil_lee4_10	17809	120632	294531623	184173410
LADGATE	1294	10000	0.436	1
COUNTS	pooling_foulds4pq	1294	8302	138692	138540
LADGATE	3097	10000	0.349	1
COUNTS	edgecross14-156	3097	19664	1487933	1376964
LADGATE	72	10000	0.213	1
COUNTS	tspn08	72	668	11074	7600
LADGATE	4225	10000	0.576	1
COUNTS	crudeoil_li05	4225	14628	680022	533589
LADGATE	14416	10000	0.753	0
COUNTS	procurement1large	14416	41068	13858240	7376882
LADGATE	1428	10000	0.331	1
COUNTS	blend721	1428	4548	77560	66143
LADGATE	2031	10000	0.747	1
COUNTS	chimera_selby-c16-02	2031	10878	4280329	2299955
LADGATE	16640	10000	0.438	0
COUNTS	supplychainr1_053050	16640	57800	2173490	2173490
LADGATE	5067	10000	0.672	1
COUNTS	sfacloc2_4_80	5067	21424	93048	89175
COUNTS	st_e24	10	26	64	57
LADGATE	1053	10000	0.328	1
COUNTS	edgecross10-040	1053	5116	161851	143522
LADGATE	8232	10000	0.423	1
COUNTS	sonet21v6	8232	40744	1643311	1585871
LADGATE	2490	10000	0.364	1
COUNTS	squfl010-080	2490	6400	27665	27665
LADGATE	221	10000	0.250	1
COUNTS	genpooling_lee2	221	1048	19895	14028
LADGATE	2807	10000	0.616	1
COUNTS	popdynm25	2807	13904	360081	286846
LADGATE	5211	10000	0.753	1
COUNTS	chp_partload	5211	16740	509170	374408
LADGATE	560	10000	0.302	1
COUNTS	qspp_0_14_0_1_10_1	560	120274	16119226	16038266
LADGATE	24	10000	0.145	1
COUNTS	st_glmp_ss1	24	66	160	160
LADGATE	2508	10000	0.501	1
COUNTS	torsion50	2508	29808	1691033	1119177
LADGATE	40	10000	0.184	1
COUNTS	st_rv2	40	340	2045	2045
LADGATE	6885	10000	0.241	1
COUNTS	emfl100_3_3	6885	15948	55506	55506
COUNTS	pedigree_sim400	351	23546	1183471	1183168
COUNTS	polygon75	5846	49652	1171822	1171822
COUNTS	gabriel10	244056	1148210	1365442310	1267760679
LADGATE	1049	10000	0.303	1
COUNTS	fo9_ar25_1	1049	4336	41668	38237
LADGATE	1159	10000	0.369	1
COUNTS	rsyn0840m	1159	3168	11274	10602
LADGATE	548	10000	0.445	1
COUNTS	gancns	548	2800	69234	58861
LADGATE	1049	10000	0.305	1
COUNTS	o9_ar4_1	1049	4336	41668	38237
LADGATE	123	10000	0.291	1
COUNTS	ex1265a	123	560	3948	3750
LADGATE	28	10000	0.164	1
COUNTS	ex9_2_6	28	68	190	190
LADGATE	481	10000	0.229	1
COUNTS	qspp_0_13_0_1_10_1	481	88522	10150185	10097446
LADGATE	146	10000	0.231	1
COUNTS	slay04m	146	432	1554	1554
COUNTS	st_e25	20	92	336	262
LADGATE	32	10000	0.181	1
COUNTS	ex8_4_1	32	100	225	225
LADGATE	19	10000	0.158	1
COUNTS	st_e07	19	60	199	199
LADGATE	26	10000	0.169	1
COUNTS	ex1225	26	66	171	161
LADGATE	969	10000	0.549	1
COUNTS	ndcc13	969	5882	525212	324727
LADGATE	1224	10000	0.310	1
COUNTS	syn10m04m	1224	3384	13501	13473
LADGATE	18	10000	0.171	1
COUNTS	ex5_2_4	18	62	204	193
LADGATE	72	10000	0.247	1
COUNTS	st_m2	72	1226	16331	16331
LADGATE	16	10000	0.148	1
COUNTS	st_bpk1	16	44	115	108
LADGATE	736	10000	0.562	1
COUNTS	multiplants_stg1	736	3594	197998	155496
LADGATE	11251	10000	0.867	0
COUNTS	powerflow0300p	11251	41918	304705	293009
LADGATE	33155	10000	0.642	0
COUNTS	nd_netgen-3000-1-1-b-b-ns_7	33155	90000	922197	885186
LADGATE	803	10000	0.516	1
COUNTS	sonet23v4	803	6462	139703	94348
LADGATE	1649	10000	0.456	1
COUNTS	pooling_sppa0pq	1649	24192	3745896	1234887
LADGATE	645	10000	0.553	1
COUNTS	multiplants_mtg1b	645	4404	229415	152043
LADGATE	338	10000	0.265	1
COUNTS	sssd18-08persp	338	1168	4654	4654
LADGATE	19	10000	0.169	1
COUNTS	ex9_1_2	19	54	188	179
LADGATE	3670	10000	0.792	1
COUNTS	crudeoil_lee1_07	3670	19322	4746188	3553352
LADGATE	31	10000	0.171	1
COUNTS	pooling_haverly1tp	31	96	423	403
LADGATE	230	10000	0.232	1
COUNTS	waterund08	230	1290	35284	30110
LADGATE	76	10000	0.157	1
COUNTS	kall_diffcircles_6	76	302	1511	1511
LADGATE	440	10000	0.432	1
COUNTS	chimera_mgw-c8-439-onc8-001	440	3040	106479	80090
LADGATE	160	10000	0.267	1
COUNTS	waterund11	160	828	14818	10705
LADGATE	16364	10000	0.772	0
COUNTS	chp_shorttermplan2d	16364	52108	4089003	2104724
LADGATE	156	10000	0.319	1
COUNTS	sporttournament18	156	886	17568	13621
COUNTS	cvxnonsep_psig30	30	870	9455	9455
LADGATE	6089	10000	0.412	1
COUNTS	ringpack_20_2	6089	40368	1872174	707413
LADGATE	1386	10000	0.334	1
COUNTS	blend718	1386	4310	70355	61466
LADGATE	115	10000	0.294	1
COUNTS	wastepaper4	115	724	9711	7183
LADGATE	2450	10000	0.419	1
COUNTS	squfl010-040persp	2450	7200	22825	22825
LADGATE	10429	10000	0.973	0
COUNTS	crudeoil_lee4_06	10429	55492	65337120	32948139
LADGATE	1746	10000	0.515	1
COUNTS	netmod_kar1	1746	4928	56838	43864
LADGATE	14	10000	0.115	1
COUNTS	ex8_1_7	14	46	137	128
LADGATE	108	10000	0.214	1
COUNTS	graphpart_3g-0333-0333	108	648	44928	36228
LADGATE	760	10000	0.347	1
COUNTS	slay05h	760	2080	9815	8795
LADGATE	156	10000	0.300	1
COUNTS	korcns	156	712	7241	6599
LADGATE	5065	10000	0.679	1
COUNTS	powerflow0118p	5065	18730	121503	117447
LADGATE	4799	10000	0.716	1
COUNTS	sfacloc2_3_80	4799	20600	84672	81119
LADGATE	6028	10000	0.560	1
COUNTS	rsyn0820m04m	6028	17372	196890	152996
LADGATE	1046	10000	0.273	1
COUNTS	hydroenergy1	1046	3024	14089	14089
LADGATE	181	10000	0.199	1
COUNTS	maxmin	181	1440	8405	8405
LADGATE	8	10000	0.106	1
COUNTS	st_ht	8	18	51	44
LADGATE	6418	10000	0.850	1
COUNTS	crudeoil_lee2_06	6418	34646	23299675	17666549
LADGATE	3183	10000	0.466	1
COUNTS	kan_r3_h1_n4	3183	14062	104945	98731
LADGATE	378	10000	0.305	1
COUNTS	primary	378	5610	109639	95258
LADGATE	1071	10000	0.305	1
COUNTS	syn10m03hfsg	1071	2772	9890	9812
LADGATE	36	10000	0.192	1
COUNTS	wastewater02m1	36	138	848	790
LADGATE	4620	10000	0.384	1
COUNTS	supplychainr1_022020	4620	15680	273140	273100
LADGATE	3800	10000	0.254	1
COUNTS	squfl025-025persp	3800	11250	49925	49925
LADGATE	17999	10000	0.788	0
COUNTS	ringpack_30_2	17999	121458	12394600	2873684
COUNTS	nuclear104	39098	257806	103156931	78332024
LADGATE	4952	10000	0.587	1
COUNTS	chp_shorttermplan1a	4952	15700	376486	301275
LADGATE	555	10000	0.423	1
COUNTS	rocket50	555	3488	19983	19265
LADGATE	8508	10000	0.767	1
COUNTS	rsyn0840m04m	8508	24272	229914	186634
LADGATE	11716	10000	0.733	0
COUNTS	mpbp_21	11716	37660	1691114	1456963
LADGATE	172	10000	0.237	1
COUNTS	orth_d4m6_pl	172	1096	10938	10703
LADGATE	1681	10000	0.487	1
COUNTS	kall_circlespolygons_c1p5b	1681	7432	201759	193841
COUNTS	acopf_case9241pegase_qcqp	313068	1292408	34647355	33736789
LADGATE	33	10000	0.185	1
COUNTS	ex1223	33	82	244	244
LADGATE	10	10000	0.124	1
COUNTS	ex6_1_4	10	48	197	153
LADGATE	403	10000	0.302	1
COUNTS	powerflow0014r	403	1630	10761	10361
LADGATE	2065	10000	0.288	1
COUNTS	knp5-43	2065	31132	3517788	3517788
LADGATE	21688	10000	0.823	0
COUNTS	gabriel09	21688	89702	29373994	26207456
LADGATE	32	10000	0.173	1
COUNTS	tln2	32	88	233	233
LADGATE	22	10000	0.149	1
COUNTS	prob02	22	76	267	232
LADGATE	1422	10000	0.339	1
COUNTS	blend146	1422	4460	78102	64296
LADGATE	4518	10000	0.456	1
COUNTS	mpbp_46	4518	14492	499547	448091
LADGATE	413	10000	0.367	1
COUNTS	tls6	413	2860	18483	17511
LADGATE	21925	10000	0.474	0
COUNTS	emfl100_5_5	21925	52300	221650	221650
LADGATE	341	10000	0.187	1
COUNTS	qspp_0_11_0_1_10_1	341	44264	3563707	3531915
LADGATE	403	10000	0.289	1
COUNTS	p_ball_10b_5p_4d_m	403	1484	13581	13288
LADGATE	90	10000	0.246	1
COUNTS	st_rv9	90	840	6691	6321
LADGATE	3486	10000	0.499	1
COUNTS	rsyn0840m02m	3486	9576	47529	45000
LADGATE	22	10000	0.160	1
COUNTS	nvs05	22	84	277	266
COUNTS	autocorr_bern25-19	28	612	5278	5278
LADGATE	356	10000	0.270	1
COUNTS	sssd20-08persp	356	1232	4960	4960
LADGATE	827	10000	0.590	1
COUNTS	multiplants_stg5	827	3804	377794	155722
LADGATE	2032	10000	0.669	1
COUNTS	chimera_rfr-02	2032	15140	3860441	2515546
LADGATE	726	10000	0.552	1
COUNTS	multiplants_stg1a	726	3510	142058	121443
LADGATE	170	10000	0.236	1
COUNTS	pooling_adhya4pq	170	932	24314	16639
LADGATE	17493	10000	0.750	0
COUNTS	nuclear10a	17493	163816	82406325	55754381
LADGATE	874	10000	0.547	1
COUNTS	sonet24v5	874	7260	185654	110276
COUNTS	transswitch2736spr	69651	331010	7933133	7281507
LADGATE	8992	10000	0.546	1
COUNTS	chp_shorttermplan2a	8992	26288	821014	577543
LADGATE	1001	10000	0.277	1
COUNTS	catmix200	1001	5592	18173	18164
COUNTS	nvs23	27	252	1921	1221
LADGATE	20	10000	0.142	1
COUNTS	oaer	20	40	107	107
LADGATE	168	10000	0.192	1
COUNTS	hybriddynamic_fixed	168	388	1103	1103
LADGATE	16747	10000	0.606	0
COUNTS	edgecross24-115	16747	77352	35096942	28685704
LADGATE	1178	10000	0.302	1
COUNTS	space25	1178	4334	23567	22528
LADGATE	23999	10000	0.645	0
COUNTS	methanol400	23999	151728	2586036	1864047
LADGATE	1218	10000	0.498	1
COUNTS	pooling_foulds5tp	1218	8364	251833	171941
LADGATE	5040	10000	0.617	1
COUNTS	pooling_sppa9tp	5040	121302	104609262	16877457
COUNTS	st_miqp2	10	18	37	37
COUNTS	autocorr_bern30-23	33	878	8940	8940
LADGATE	9858	10000	0.808	1
COUNTS	mpbp_15	9858	31692	1496502	1197372
COUNTS	cvxnonsep_psig30r	126	250	501	501
LADGATE	1590	10000	0.469	1
COUNTS	rsyn0830hfsg	1590	4100	16168	15383
LADGATE	1271	10000	0.527	1
COUNTS	crudeoil_pooling_ct1	1271	4642	125127	93863
LADGATE	800	10000	0.559	1
COUNTS	multiplants_stg1c	800	3894	150039	143020
LADGATE	11	10000	0.118	1
COUNTS	st_pan1	11	32	123	94
LADGATE	814	10000	0.586	1
COUNTS	multiplants_stg1b	814	3992	308612	187593
LADGATE	11999	10000	0.665	0
COUNTS	methanol200	11999	76128	1290836	905976
LADGATE	26778	10000	0.630	0
COUNTS	faclay35	26778	132380	33630126	32021838
LADGATE	13175	10000	0.304	0
COUNTS	emfl050_5_5	13175	32300	155400	155400
COUNTS	transswitch2383wpr	59853	277562	3946309	3861509
LADGATE	1120	10000	0.522	1
COUNTS	chimera_lga-01	1120	6400	668019	496307
LADGATE	4596	10000	0.660	1
COUNTS	gasprod_sarawak16	4596	15316	213850	196064
LADGATE	15904	10000	1.024	0
COUNTS	crudeoil_lee4_09	15904	101792	208785578	130655525
LADGATE	44909	10000	0.989	0
COUNTS	arki0013	44909	160172	390472987	157005417
LADGATE	42	10000	0.160	1
COUNTS	st_m1	42	432	3097	3097
LADGATE	5310	10000	0.677	1
COUNTS	mpbp_47	5310	17098	730624	652248
LADGATE	821	10000	0.494	1
COUNTS	rsyn0815m	821	2242	8260	7745
LADGATE	7993	10000	1.001	1
COUNTS	arki0016	7993	37208	878890	836006
LADGATE	18	10000	0.152	1
COUNTS	st_glmp_ss2	18	48	121	121
LADGATE	2670	10000	0.681	1
COUNTS	rsyn0810m02hfsg	2670	6964	36862	34753
LADGATE	55	10000	0.161	1
COUNTS	pointpack06	55	276	1497	1497
LADGATE	6328	10000	0.353	1
COUNTS	syn40m04hfsg	6328	16896	76232	73873
LADGATE	258	10000	0.235	1
COUNTS	clay0304m	258	840	2742	2742
LADGATE	1218	10000	0.411	1
COUNTS	pooling_foulds5pq	1218	8300	159641	159641
LADGATE	1000	10000	0.436	1
COUNTS	clay0305hfsg	1000	2910	12260	11240
LADGATE	64	10000	0.230	1
COUNTS	st_test8	64	232	2343	1964
COUNTS	gams05	17364	252910	6179750712	3259322396
LADGATE	31	10000	0.184	1
COUNTS	sporttournament08	31	156	862	862
LADGATE	1121	10000	0.383	1
COUNTS	powerflow0030p	1121	4194	24944	23642
LADGATE	22407	10000	0.867	0
COUNTS	popdynm200	22407	105584	2567878	2457904
LADGATE	11120	10000	0.843	0
COUNTS	mpbp_35	11120	40790	3037207	977650
LADGATE	1492	10000	0.419	1
COUNTS	syn30m02m	1492	3936	13752	13455
LADGATE	481	10000	0.353	1
COUNTS	wastewater13m1	481	3252	60135	60068
LADGATE	1022	10000	0.321	1
COUNTS	syn40hfsg	1022	2624	8432	8155
LADGATE	69	10000	0.196	1
COUNTS	sep1	69	206	1097	1047
LADGATE	2508	10000	0.481	1
COUNTS	syn30m03m	2508	6804	26806	26552
COUNTS	st_qpc-m3a	30	304	2330	1574
LADGATE	2644	10000	0.764	1
COUNTS	crudeoil_pooling_ct3	2644	11426	1381490	851084
LADGATE	634	10000	0.402	1
COUNTS	space25a	634	3246	29078	27875
COUNTS	autocorr_bern20-15	23	394	2784	2784
LADGATE	35	10000	0.183	1
COUNTS	ex7_2_1	35	134	352	341
LADGATE	2092	10000	0.661	1
COUNTS	hydroenergy2	2092	6236	69051	56014
LADGATE	514	10000	0.399	1
COUNTS	pooling_digabel19	514	5340	325989	277303
LADGATE	132	10000	0.232	1
COUNTS	clay0203m	132	420	1348	1348
LADGATE	13680	10000	0.375	0
COUNTS	squfl030-150	13680	36000	252605	252605

--- every order() call, slowest first (TSV) ---
secs	matrix	n	nnz	ratio
1.1462	gabriel10	244056	1148210	0.9285
1.1044	acopf_case9241pegase_qcqp	313068	1292408	0.9737
1.0448	gams05	17364	252910	0.5274
1.0303	crudeoil_lee4_10	17809	120632	0.6253
1.0250	crudeoil_lee4_09	15904	101792	0.6258
1.0235	arki0016	7993	37208	0.9512
1.0122	nuclear104	39098	257806	0.7593
0.9907	arki0013	44909	160172	0.4021
0.9739	crudeoil_lee4_06	10429	55492	0.5043
0.9285	transswitch0300p	11659	48446	0.9351
0.9076	mpbp_48	28368	91016	0.4772
0.8771	crudeoil_pooling_dt3	30660	152210	0.7100
0.8679	popdynm200	22407	105584	0.9572
0.8678	powerflow0300p	11251	41918	0.9616
0.8589	crudeoil_lee2_06	6418	34646	0.7582
0.8434	mpbp_35	11120	40790	0.3219
0.8403	mpbp_15	9858	31692	0.8001
0.8357	pooling_sppc3pq	23173	893724	0.2822
0.8235	gabriel09	21688	89702	0.8922
0.8116	faclay75	272878	1379706	0.9405
0.7980	crudeoil_lee1_07	3670	19322	0.7487
0.7887	ringpack_30_2	17999	121458	0.2318
0.7866	rsyn0840m04m	8508	24272	0.8118
0.7790	pinene200	19995	97990	0.8350
0.7747	crudeoil_pooling_ct3	2644	11426	0.6161
0.7726	chp_shorttermplan2d	16364	52108	0.5147
0.7663	rsyn0805m03m	2868	8270	0.8995
0.7632	chp_partload	5211	16740	0.7353
0.7538	procurement1large	14416	41068	0.5323
0.7537	crudeoil_pooling_dt2	18742	75910	0.6638
0.7529	chimera_selby-c16-02	2031	10878	0.5373
0.7508	nuclear10a	17493	163816	0.6766
0.7490	mpbp_07	9532	30810	0.9127
0.7449	chimera_selby-c16-01	2031	10964	0.6744
0.7336	mpbp_21	11716	37660	0.8615
0.7317	sfacloc2_3_80	4799	20600	0.9580
0.7060	rsyn0810m02hfsg	2670	6964	0.9428
0.7025	mpbp_34	11556	40860	0.2887
0.6935	powerflow0118p	5065	18730	0.9666
0.6924	sfacloc2_4_80	5067	21424	0.9584
0.6884	mpbp_47	5310	17098	0.8927
0.6833	pooling_sppb5pq	18529	674470	0.4077
0.6774	hydroenergy2	2092	6236	0.8112
0.6760	gasprod_sarawak16	4596	15316	0.9168
0.6754	chimera_rfr-02	2032	15140	0.6516
0.6658	methanol200	11999	76128	0.7019
0.6557	rsyn0815m04m	5456	15756	0.7820
0.6461	methanol400	23999	151728	0.7208
0.6425	nd_netgen-3000-1-1-b-b-ns_7	33155	90000	0.9599
0.6370	gasprod_sarawak81	22536	75636	0.9199
0.6322	batchs201210m	5188	17910	0.8685
0.6308	faclay35	26778	132380	0.9522
0.6294	chimera_k64ising-02	1225	3846	0.6080
0.6244	pooling_sppa9tp	5040	121302	0.1613
0.6231	popdynm25	2807	13904	0.7966
0.6220	transswitch2383wpr	59853	277562	0.9785
0.6180	rsyn0820m02m	2486	6932	0.9339
0.6145	waste	4825	21504	0.8654
0.6069	chimera_mgw-c16-2031-01	2032	15900	0.7814
0.6061	edgecross24-115	16747	77352	0.8173
0.6008	multiplants_stg5	827	3804	0.4122
0.5994	chp_shorttermplan1a	4952	15700	0.8002
0.5973	syn40m04m	4960	13792	0.9591
0.5950	multiplants_stg1b	814	3992	0.6079
0.5897	crudeoil_li05	4225	14628	0.7847
0.5793	rsyn0810m04m	4772	13836	0.7829
0.5740	rsyn0820m04m	6028	17372	0.7771
0.5730	multiplants_stg1	736	3594	0.7853
0.5695	multiplants_stg1c	800	3894	0.9532
0.5680	chp_shorttermplan2a	8992	26288	0.7035
0.5663	unitcommit_200_100_1_mod_8	146830	476332	0.9764
0.5630	multiplants_mtg1b	645	4404	0.6627
0.5630	multiplants_stg1a	726	3510	0.8549
0.5581	ndcc13	969	5882	0.6183
0.5572	sonet24v5	874	7260	0.5940
0.5554	transswitch2736spr	69651	331010	0.9179
0.5553	rsyn0815m02hfsg	3054	7968	0.9285
0.5537	sporttournament48	1131	6676	0.6461
0.5485	nuclear25a	1942	16030	0.5747
0.5376	ndcc12	974	5982	0.9533
0.5373	crudeoil_pooling_ct1	1271	4642	0.7501
0.5361	oil	3270	8430	0.9572
0.5341	netmod_kar1	1746	4928	0.7717
0.5339	batchs121208m	3404	11462	0.9332
0.5314	chimera_lga-01	1120	6400	0.7430
0.5269	sonet23v4	803	6462	0.6753
0.5171	rsyn0830m04m	7252	20752	0.8100
0.5131	rsyn0840m02m	3486	9576	0.9468
0.5087	torsion50	2508	29808	0.6618
0.5077	pooling_foulds5tp	1218	8364	0.6828
0.5064	p_ball_30b_7p_2d_h	2207	7516	0.9968
0.5059	rsyn0815m	821	2242	0.9377
0.4962	kall_circlespolygons_c1p5b	1681	7432	0.9608
0.4949	syn30m03m	2508	6804	0.9905
0.4914	squfl020-150	9170	24000	1.0000
0.4848	rsyn0830hfsg	1590	4100	0.9514
0.4763	qapw	705	87496	1.0000
0.4756	kan_r3_h1_n4	3183	14062	0.9408
0.4755	faclay30	16678	82242	0.9552
0.4740	emfl100_5_5	21925	52300	1.0000
0.4726	pooling_sppc1pq	14100	477680	0.1683
0.4711	mpbp_46	4518	14492	0.8970
0.4672	slay09h	2718	7488	0.8982
0.4652	risk2bpb	1462	5396	0.5574
0.4641	nd_netgen-2000-3-4-b-a-ns_7	22074	60000	0.9446
0.4635	squfl015-060	2775	7200	1.0000
0.4602	pooling_sppa0pq	1649	24192	0.3297
0.4597	gancns	548	2800	0.8502
0.4505	sonet21v6	8232	40744	0.9650
0.4484	cont6-qq	120395	557994	0.6962
0.4480	ndcc12persp	1112	5522	0.9521
0.4480	clay0305hfsg	1000	2910	0.9168
0.4468	chimera_mgw-c8-439-onc8-001	440	3040	0.7522
0.4461	pooling_foulds4pq	1294	8302	0.9989
0.4438	arki0002	4432	11248	0.9764
0.4433	kall_circlesrectangles_c6r39	1306	5378	0.9850
0.4401	chimera_mgw-c8-439-onc8-002	440	3038	0.8835
0.4389	maxcsp-langford-3-11	660	29646	0.3098
0.4385	supplychainr1_053050	16640	57800	1.0000
0.4367	rocket50	555	3488	0.9641
0.4351	syn30m02m	1492	3936	0.9784
0.4307	squfl010-040persp	2450	7200	1.0000
0.4306	ringpack_20_3	6709	45220	0.3584
0.4300	forest	713	2658	0.9933
0.4256	ringpack_20_2	6089	40368	0.3779
0.4250	pooling_foulds5pq	1218	8300	1.0000
0.4230	kissing2	20772	401024	1.0000
0.4148	glider400	10017	49624	0.8781
0.4139	space25a	634	3246	0.9586
0.4088	pooling_digabel19	514	5340	0.8507
0.4080	waternd2	615	2580	0.4806
0.4018	supplychainr1_022020	4620	15680	0.9999
0.3960	powerflow0030p	1121	4194	0.9478
0.3898	syn15m04m	1908	5288	0.9652
0.3873	edgecross10-030	1053	4654	0.7406
0.3837	squfl010-080	2490	6400	1.0000
0.3821	pooling_sppa9pq	5030	120730	0.6312
0.3815	rsyn0840m	1159	3168	0.9404
0.3806	p_ball_30b_5p_2d_h	1543	5224	0.9961
0.3798	tls6	413	2860	0.9474
0.3757	squfl030-150	13680	36000	1.0000
0.3718	syn40m04hfsg	6328	16896	0.9691
0.3642	wastewater13m1	481	3252	0.9989
0.3617	edgecross14-156	3097	19664	0.9254
0.3603	slay05h	760	2080	0.8961
0.3530	squfl025-030	2305	6000	1.0000
0.3522	sfacloc2_4_90	1491	4500	0.9104
0.3494	clay0204hfsg	590	1696	0.9116
0.3485	blend146	1422	4460	0.8232
0.3462	blend718	1386	4310	0.8737
0.3425	blend721	1428	4548	0.8528
0.3423	sonetgr17	440	2958	0.8190
0.3400	sporttournament18	156	886	0.7753
0.3370	edgecross10-040	1053	5116	0.8868
0.3367	syn40m	560	1528	0.9644
0.3339	syn40hfsg	1022	2624	0.9671
0.3291	p_ball_10b_7p_3d_h	1236	4186	0.9739
0.3243	edgecross10-090	1053	5204	0.8181
0.3238	syn10m04m	1224	3384	0.9979
0.3222	maxcsp-ehi-85-297-71	2372	207996	0.8040
0.3219	syn10m03hfsg	1071	2772	0.9921
0.3207	edgecross10-080	1053	5940	0.9638
0.3185	waterund14	333	2204	0.3600
0.3185	korcns	156	712	0.9113
0.3176	ex8_3_9	123	834	0.7643
0.3170	o9_ar4_1	1049	4336	0.9177
0.3169	powerflow0014r	403	1630	0.9628
0.3149	primary	378	5610	0.8688
0.3143	fo9_ar25_1	1049	4336	0.9177
0.3132	space25	1178	4334	0.9559
0.3130	wastepaper4	115	724	0.7397
0.3121	slay08m	660	2016	1.0000
0.3114	ex1265a	123	560	0.9498
0.3065	qspp_0_14_0_1_10_1	560	120274	0.9950
0.3043	emfl050_5_5	13175	32300	1.0000
0.3033	st_e31	301	744	0.9389
0.3023	syn15hfsg	399	1022	0.9915
0.3022	p_ball_10b_5p_4d_m	403	1484	0.9784
0.2978	wastepaper6	191	1416	1.0000
0.2959	p_ball_10b_5p_2d_m	293	964	0.9848
0.2926	knp5-43	2065	31132	1.0000
0.2900	waterund01	96	404	0.7297
0.2872	catmix200	1001	5592	0.9995
0.2841	sssd20-08persp	356	1232	1.0000
0.2840	demo7	155	618	0.9573
0.2835	waterund11	160	828	0.7224
0.2831	hydroenergy1	1046	3024	1.0000
0.2825	catmix400	2001	11192	0.9998
0.2810	squfl015-080persp	7295	21600	1.0000
0.2808	graphpart_clique-30	120	2790	0.7961
0.2805	sssd18-08persp	338	1168	1.0000
0.2747	pooling_rt2tp	118	654	0.9864
0.2731	sssd25-08	401	1200	1.0000
0.2723	lop97icx	1073	2118	0.8078
0.2713	slay07m	497	1512	1.0000
0.2706	squfl025-025persp	3800	11250	1.0000
0.2681	knp5-44	2157	32604	1.0000
0.2660	chain200	601	2396	1.0000
0.2657	wastewater05m1	98	536	0.6874
0.2639	st_m2	72	1226	1.0000
0.2638	genpooling_lee2	221	1048	0.7051
0.2631	st_rv9	90	840	0.9447
0.2627	emfl100_3_3	6885	15948	1.0000
0.2619	graphpart_clique-20	80	1260	0.7985
0.2549	clay0204m	222	704	1.0000
0.2541	st_test8	64	232	0.8382
0.2526	pooling_adhya4pq	170	932	0.6843
0.2522	graphpart_3g-0244-0244	128	672	0.9727
0.2521	orth_d4m6_pl	172	1096	0.9785
0.2501	clay0304m	258	840	1.0000
0.2480	clay0203m	132	420	1.0000
0.2480	slay04m	146	432	1.0000
0.2454	waterund08	230	1290	0.8534
0.2445	slay06m	357	1080	1.0000
0.2384	slay05m	240	720	1.0000
0.2377	prolog	64	292	0.9839
0.2350	pooling_adhya4tp	170	936	0.7667
0.2341	qspp_0_13_0_1_10_1	481	88522	0.9948
0.2300	graphpart_clique-70	280	14910	0.8103
0.2286	graphpart_3g-0333-0333	108	648	0.8064
0.2279	tspn08	72	668	0.6863
0.2191	ex1263a	94	390	1.0000
0.2176	chain400	1201	4796	1.0000
0.2173	elf	124	376	0.7951
0.2165	sssd15-04	163	440	1.0000
0.2134	sep1	69	206	0.9544
0.2121	wastewater02m1	36	138	0.9316
0.2114	maxmin	181	1440	1.0000
0.2112	csched1	110	376	1.0000
0.2095	hybriddynamic_fixed	168	388	1.0000
0.2034	ex1223	33	82	1.0000
0.2032	sporttournament08	31	156	1.0000
0.2031	st_rv2	40	340	1.0000
0.2011	ex7_2_1	35	134	0.9688
0.2004	ex8_4_1	32	100	1.0000
0.1972	qspp_0_10_0_1_10_1	280	29636	0.9946
0.1960	meanvar-orl400_05_e_7	5205	174804	0.9998
0.1942	meanvar-orl400_05_e_8	4405	171604	1.0000
0.1921	qspp_0_11_0_1_10_1	341	44264	0.9911
0.1912	tln2	32	88	1.0000
0.1903	ex5_2_4	18	62	0.9461
0.1897	st_bpaf1a	30	120	0.9310
0.1896	pooling_haverly1pq	31	96	0.9782
0.1885	pooling_haverly1tp	31	96	0.9527
0.1872	st_jcbpaf2	36	246	0.9437
0.1871	ex1225	26	66	0.9415
0.1861	ex9_1_2	19	54	0.9521
0.1844	ex1223b	25	66	1.0000
0.1834	ex2_1_3	31	72	1.0000
0.1830	ex9_2_6	28	68	1.0000
0.1786	nvs05	22	84	0.9603
0.1764	pointpack06	55	276	1.0000
0.1761	st_m1	42	432	1.0000
0.1753	st_e07	19	60	1.0000
0.1725	pointpack04	29	120	1.0000
0.1720	kall_diffcircles_6	76	302	1.0000
0.1682	st_glmp_ss2	18	48	1.0000
0.1659	prob02	22	76	0.8689
0.1641	st_bpk1	16	44	0.9391
0.1604	st_glmp_ss1	24	66	1.0000
0.1580	st_ph13	23	68	0.8599
0.1578	oaer	20	40	1.0000
0.1542	st_ph1	16	58	0.8504
0.1541	ex3_1_3	18	36	0.9222
0.1529	watercontamination0303r	1310	37028	1.0000
0.1487	st_qpk3	55	548	0.6881
0.1466	qap	255	43748	0.9605
0.1386	ex6_1_4	10	48	0.7766
0.1350	nvs02	11	46	1.0000
0.1325	st_pan1	11	32	0.7642
0.1318	st_bsj2	13	40	0.7972
0.1317	ex9_2_4	15	36	1.0000
0.1303	ex8_1_7	14	46	0.9343
0.1271	himmel11	14	60	1.0000
0.1264	ex14_1_8	11	30	1.0000
0.1215	st_ht	8	18	0.8627
0.1152	st_e22	12	30	0.9091
0.0002	polygon75	5846	49652	1.0000
0.0001	pedigree_sim400	351	23546	0.9997
0.0001	camshape400	2000	7188	1.0000
0.0000	autocorr_bern40-30	43	1534	1.0000
0.0000	autocorr_bern35-35fix	38	1264	1.0000
0.0000	smallinvDAXr1b010-011	39	1120	0.9859
0.0000	autocorr_bern30-23	33	878	1.0000
0.0000	cvxnonsep_psig30	30	870	1.0000
0.0000	autocorr_bern25-19	28	612	1.0000
0.0000	autocorr_bern20-15	23	394	1.0000
0.0000	st_qpc-m3a	30	304	0.6755
0.0000	nvs23	27	252	0.6356
0.0000	cvxnonsep_psig20	20	380	1.0000
0.0000	cvxnonsep_normcon40r	162	322	1.0000
0.0000	nvs19	24	200	0.6534
0.0000	st_iqpbk1	22	98	1.0000
0.0000	st_e25	20	92	0.7798
0.0000	cvxnonsep_normcon20r	82	162	1.0000
0.0000	cvxnonsep_psig30r	126	250	1.0000
0.0000	st_e24	10	26	0.8906
0.0000	st_e41	8	32	1.0000
0.0000	st_miqp2	10	18	1.0000
0.0000	cvxnonsep_psig20r	86	170	1.0000
matrices under 0.010s: 23/300
matrices under 0.050s: 23/300
matrices under 0.100s: 23/300
matrices under 0.200s: 65/300
matrices under 0.400s: 168/300

--- per-bucket ---
lt_1k    count=147   geomean=0.8875
1k_10k   count=108   geomean=0.8395
gt_10k   count=45    geomean=0.6862
SCORE = 0.792573
WORST order() = 1.146 s
FORCEAUDIT	stage1b_sites=39	force_fires=0	unsound=0	core_total_mismatch=0	max_drift_ppm=0	worst_incumbent=0	worst_adopted=0	tie_window_opened=16	tie_pass_run=2
ok

test result: ok. 1 passed; 0 failed; 0 ignored; 0 measured; 164 filtered out; finished in 121.08s

