warning: unused doc comment
    --> candidate-worker/src/../../src/ordering/mod.rs:1139:1
     |
1139 | / /// TEST-ONLY sweep switch for the mid-size `rgreedy` stream opened by the 0154
1140 | | /// engine census. Returns `(ops_budget, gate_variant, stream_count)`; a zero
1141 | | /// budget disables the stream, which is what production compiles to — the
1142 | | /// switch can never change a submitted ordering. Configured through
1143 | | /// `SSI_MID_ENGINE="<variant>:<budget>[:<streams>]"` so one build can sweep
1144 | | /// several gate/budget points.
     | |_------------------------------^
     |   |
     |   rustdoc does not generate documentation for macro invocations
     |
     = help: to document an item produced by a macro, the macro must produce the documentation as part of its expansion
     = note: `#[warn(unused_doc_comments)]` (part of `#[warn(unused)]`) on by default

warning: unused doc comment
    --> candidate-worker/src/../../src/ordering/mod.rs:1407:1
     |
1407 | / /// TEST-ONLY kill switch for the heavy-tier arm (metrics + no-dense AMD +
1408 | | /// extra AMF α), so a probe can A/B the arm in one process.
     | |_-----------------------------------------------------------^
     |   |
     |   rustdoc does not generate documentation for macro invocations
     |
     = help: to document an item produced by a macro, the macro must produce the documentation as part of its expansion

warning: unused doc comment
   --> candidate-worker/src/../../src/ordering/parallel.rs:334:1
    |
334 | / /// TEST-ONLY switch forcing every batch onto the sequential path, so a probe
335 | | /// can run the SAME `order()` both ways in one process and compare the
336 | | /// returned permutations element by element. Production builds compile
337 | | /// [`force_sequential`] down to a constant `false`.
    | |_---------------------------------------------------^
    |   |
    |   rustdoc does not generate documentation for macro invocations
    |
    = help: to document an item produced by a macro, the macro must produce the documentation as part of its expansion

warning: unused doc comment
   --> candidate-worker/src/../../src/ordering/parallel.rs:368:1
    |
368 | / /// TEST-ONLY per-phase wall-clock marks: `phase_mark(label, t0)` appends
369 | | /// `(label, secs since t0)`; `phase_take()` drains them. Lets a probe see which
370 | | /// stage of `order()` sets a row's critical path. Never compiled into the
371 | | /// shipped binary.
    | |_------------------^
    |   |
    |   rustdoc does not generate documentation for macro invocations
    |
    = help: to document an item produced by a macro, the macro must produce the documentation as part of its expansion

warning: unused doc comment
    --> candidate-worker/src/../../src/ordering/mod.rs:5072:5
     |
5072 | /     /// ── 0192: the window is the frontier's own chain scope ─────────────────
5073 | |     /// The chain no longer reaches above n = 10 000 (see `PEO_ALT_MAX_N`), so
5074 | |     /// the draw takes over the whole band the chain used to own. Measured on the
5075 | |     /// 300 dev rows: with the window at 50 000 instead of 12 000 the draw adds
...    |
5081 | |     /// spender there), and its worst row is 1.127 s against the frontier's
5082 | |     /// 1.160 s base, so the wide band stays below the frontier's own footprint.
     | |________________________________________________________________________________^
5083 |       #[cfg(test)]
5084 | /     let window_n: usize = std::env::var("SSI_TERM_WIN_N")
5085 | |         .ok()
5086 | |         .and_then(|v| v.trim().parse::<usize>().ok())
5087 | |         .unwrap_or(50_000);
     | |___________________________- rustdoc does not generate documentation for statements
     |
     = help: use `//` for a plain comment

warning: unused doc comment
    --> candidate-worker/src/../../src/ordering/mod.rs:5224:9
     |
5224 | /         /// `nnz < 3n` = the sparse band of the 0184 price law (66 of the 300 dev
5225 | |         /// rows, all of them in-window). Structural, never per-matrix.
     | |_______________________________________________________________________^
5226 | /         let shipped_ladder = || {
5227 | |             if nnz < 3 * n {
5228 | |                 SHIPPED_SPARSE_LADDER.to_vec()
5229 | |             } else {
...    |
5232 | |         };
     | |__________- rustdoc does not generate documentation for statements
     |
     = help: use `//` for a plain comment

warning: variable does not need to be mutable
    --> candidate-worker/src/../../src/ordering/probe.rs:4142:9
     |
4142 |     let mut next = |s: &mut u64| -> u64 {
     |         ----^^^^
     |         |
     |         help: remove this `mut`
     |
     = note: `#[warn(unused_mut)]` (part of `#[warn(unused)]`) on by default

warning: value assigned to `d` is never read
   --> candidate-worker/src/../../src/ordering/rgreedy.rs:396:29
    |
396 |                 let mut d = 0u32;
    |                             ^^^^
    |
    = help: maybe it is overwritten before being read?
    = note: `#[warn(unused_assignments)]` (part of `#[warn(unused)]`) on by default

warning: constant `LADDER_STRIDE_KEEP` is never used
   --> candidate-worker/src/../../src/ordering/mod.rs:544:7
    |
544 | const LADDER_STRIDE_KEEP: bool = true;
    |       ^^^^^^^^^^^^^^^^^^
    |
    = note: `#[warn(dead_code)]` (part of `#[warn(unused)]`) on by default

warning: constant `SUBTREE_MAX_N` is never used
   --> candidate-worker/src/../../src/ordering/mod.rs:771:7
    |
771 | const SUBTREE_MAX_N: usize = 250_000;
    |       ^^^^^^^^^^^^^

warning: function `refine` is never used
  --> candidate-worker/src/../../src/ordering/completion.rs:12:15
   |
12 | pub(super) fn refine(
   |               ^^^^^^

warning: type alias `PermFn` is never used
  --> candidate-worker/src/../../src/ordering/parallel.rs:80:17
   |
80 | pub(crate) type PermFn<'a> = Box<dyn Fn() -> Option<Vec<usize>> + Sync + 'a>;
   |                 ^^^^^^

warning: function `run_perms` is never used
   --> candidate-worker/src/../../src/ordering/parallel.rs:188:15
    |
188 | pub(crate) fn run_perms(
    |               ^^^^^^^^^

warning: function `accept` is never used
   --> candidate-worker/src/../../src/ordering/parallel.rs:313:15
    |
313 | pub(crate) fn accept(results: &mut [CandOut], best_flops: &mut u64, best_perm: &mut Vec<usize>) -> bool {
    |               ^^^^^^

warning: function `minl_is_clique` is never used
   --> candidate-worker/src/../../src/ordering/minl.rs:136:4
    |
136 | fn minl_is_clique(adj: &[Vec<u32>], c: &[u32], ops: &mut i64) -> bool {
    |    ^^^^^^^^^^^^^^

warning: function `minl_try_delete_edge` is never used
   --> candidate-worker/src/../../src/ordering/minl.rs:232:4
    |
232 | fn minl_try_delete_edge(
    |    ^^^^^^^^^^^^^^^^^^^^

warning: function `run_sequential_180` is never used
   --> candidate-worker/src/../../src/ordering/indep_first.rs:600:4
    |
600 | fn run_sequential_180(sp: &ScoringPattern, ledger: u64) -> Option<(u64, Vec<usize>)> {
    |    ^^^^^^^^^^^^^^^^^^

warning: function `reset` is never used
   --> candidate-worker/src/../../src/ordering/mod.rs:485:19
    |
485 |     pub(crate) fn reset() {
    |                   ^^^^^

warning: `ssi-candidate-worker` (bin "ssi-candidate-worker" test) generated 18 warnings (run `cargo fix --bin "ssi-candidate-worker" -p ssi-candidate-worker --tests` to apply 1 suggestion)
    Finished `release` profile [optimized] target(s) in 0.01s
     Running unittests src/main.rs (target/release/deps/ssi_candidate_worker-9bc17c144118ca64)

running 1 test
test ordering::probe::probe_timing_and_score ... LADGATE	8000	10000	0.893	1
COUNTS	sc_n8000_d10	8000	80000	21908749090	21501600239
LADGATE	8000	10000	0.963	1
COUNTS	sc_n8000_d14	8000	112000	36532267681	36151561668
LADGATE	8000	10000	1.054	1
COUNTS	sc_n8000_d16	8000	128000	42793720026	42448229785
LADGATE	8000	10000	0.835	1
COUNTS	sc_n8000_d20	8000	160000	54209713044	54076416798
LADGATE	8000	10000	0.966	1
COUNTS	sc_n8000_d24	8000	192000	63791022447	63310690153
COUNTS	sc_n8000_d28	8000	224000	71615578450	71130253599
LADGATE	9000	10000	0.945	1
COUNTS	sc_n9000_d10	9000	90000	31443058347	31188434283
LADGATE	9000	10000	1.128	1
COUNTS	sc_n9000_d14	9000	126000	52572764845	51797431148
LADGATE	9000	10000	1.006	1
COUNTS	sc_n9000_d16	9000	144000	61216493879	60470496874
LADGATE	9000	10000	0.720	1
COUNTS	sc_n9000_d20	9000	180000	77154495965	76492532376
COUNTS	sc_n9000_d24	9000	216000	90858158533	90107094559
COUNTS	sc_n9000_d28	9000	252000	102412540682	101887964320
LADGATE	9950	10000	1.064	1
COUNTS	sc_n9950_d10	9950	99500	42575353993	41604878194
LADGATE	9950	10000	1.040	1
COUNTS	sc_n9950_d14	9950	139300	69633831128	69145322215
LADGATE	9950	10000	0.842	1
COUNTS	sc_n9950_d16	9950	159200	82826912715	81737541005
LADGATE	9950	10000	0.917	1
COUNTS	sc_n9950_d20	9950	199000	103999314503	103169152576
COUNTS	sc_n9950_d24	9950	238800	122057527835	121356946749
COUNTS	sc_n9950_d28	9950	278600	138326872541	137826627183

--- every order() call, slowest first (TSV) ---
secs	matrix	n	nnz	ratio
1.1603	sc_n9000_d14	9000	126000	0.9853
1.0937	sc_n9950_d10	9950	99500	0.9772
1.0851	sc_n8000_d16	8000	128000	0.9919
1.0712	sc_n9950_d14	9950	139300	0.9930
1.0392	sc_n9000_d16	9000	144000	0.9878
0.9993	sc_n8000_d24	8000	192000	0.9925
0.9936	sc_n8000_d14	8000	112000	0.9896
0.9753	sc_n9000_d10	9000	90000	0.9919
0.9515	sc_n9950_d20	9950	199000	0.9920
0.9457	sc_n9950_d28	9950	278600	0.9964
0.9210	sc_n8000_d10	8000	80000	0.9814
0.9037	sc_n9000_d28	9000	252000	0.9949
0.8729	sc_n9950_d16	9950	159200	0.9868
0.8673	sc_n8000_d20	8000	160000	0.9975
0.7971	sc_n9000_d24	9000	216000	0.9917
0.7538	sc_n9000_d20	9000	180000	0.9914
0.7431	sc_n9950_d24	9950	238800	0.9943
0.7026	sc_n8000_d28	8000	224000	0.9932
matrices under 0.010s: 0/18
matrices under 0.050s: 0/18
matrices under 0.100s: 0/18
matrices under 0.200s: 0/18
matrices under 0.400s: 0/18

--- per-bucket ---
1k_10k   count=18    geomean=0.9905
SCORE = 0.990479
WORST order() = 1.160 s
FORCEAUDIT	stage1b_sites=6	force_fires=0	unsound=0	core_total_mismatch=0	max_drift_ppm=0	worst_incumbent=0	worst_adopted=0	tie_window_opened=0	tie_pass_run=0
ok

test result: ok. 1 passed; 0 failed; 0 ignored; 0 measured; 164 filtered out; finished in 17.49s

