### 0203-V2 fill_deep, SHIP_ENV, FENCE BOUND forced to 1e9 (gate CLOSED for high-fill rows) -> must be the shipped single rung
warning: unused doc comment
    --> candidate-worker/src/../../src/ordering/mod.rs:1184:1
     |
1184 | / /// TEST-ONLY sweep switch for the mid-size `rgreedy` stream opened by the 0154
1185 | | /// engine census. Returns `(ops_budget, gate_variant, stream_count)`; a zero
1186 | | /// budget disables the stream, which is what production compiles to — the
1187 | | /// switch can never change a submitted ordering. Configured through
1188 | | /// `SSI_MID_ENGINE="<variant>:<budget>[:<streams>]"` so one build can sweep
1189 | | /// several gate/budget points.
     | |_------------------------------^
     |   |
     |   rustdoc does not generate documentation for macro invocations
     |
     = help: to document an item produced by a macro, the macro must produce the documentation as part of its expansion
     = note: `#[warn(unused_doc_comments)]` (part of `#[warn(unused)]`) on by default

warning: unused doc comment
    --> candidate-worker/src/../../src/ordering/mod.rs:1452:1
     |
1452 | / /// TEST-ONLY kill switch for the heavy-tier arm (metrics + no-dense AMD +
1453 | | /// extra AMF α), so a probe can A/B the arm in one process.
     | |_-----------------------------------------------------------^
     |   |
     |   rustdoc does not generate documentation for macro invocations
     |
     = help: to document an item produced by a macro, the macro must produce the documentation as part of its expansion

warning: unused doc comment
   --> candidate-worker/src/../../src/ordering/parallel.rs:334:1
    |
334 | / /// TEST-ONLY switch forcing every batch onto the sequential path, so a probe
335 | | /// can run the SAME `order()` both ways in one process and compare the
336 | | /// returned permutations element by element. Production builds compile
337 | | /// [`force_sequential`] down to a constant `false`.
    | |_---------------------------------------------------^
    |   |
    |   rustdoc does not generate documentation for macro invocations
    |
    = help: to document an item produced by a macro, the macro must produce the documentation as part of its expansion

warning: unused doc comment
   --> candidate-worker/src/../../src/ordering/parallel.rs:368:1
    |
368 | / /// TEST-ONLY per-phase wall-clock marks: `phase_mark(label, t0)` appends
369 | | /// `(label, secs since t0)`; `phase_take()` drains them. Lets a probe see which
370 | | /// stage of `order()` sets a row's critical path. Never compiled into the
371 | | /// shipped binary.
    | |_------------------^
    |   |
    |   rustdoc does not generate documentation for macro invocations
    |
    = help: to document an item produced by a macro, the macro must produce the documentation as part of its expansion

warning: unused doc comment
    --> candidate-worker/src/../../src/ordering/mod.rs:5115:5
     |
5115 | /     /// ── 0192: the window is the frontier's own chain scope ─────────────────
5116 | |     /// The chain no longer reaches above n = 10 000 (see `PEO_ALT_MAX_N`), so
5117 | |     /// the draw takes over the whole band the chain used to own. Measured on the
5118 | |     /// 300 dev rows: with the window at 50 000 instead of 12 000 the draw adds
...    |
5124 | |     /// spender there), and its worst row is 1.127 s against the frontier's
5125 | |     /// 1.160 s base, so the wide band stays below the frontier's own footprint.
     | |________________________________________________________________________________^
5126 |       #[cfg(test)]
5127 | /     let window_n: usize = std::env::var("SSI_TERM_WIN_N")
5128 | |         .ok()
5129 | |         .and_then(|v| v.trim().parse::<usize>().ok())
5130 | |         .unwrap_or(50_000);
     | |___________________________- rustdoc does not generate documentation for statements
     |
     = help: use `//` for a plain comment

warning: unused doc comment
    --> candidate-worker/src/../../src/ordering/mod.rs:5302:9
     |
5302 | /         /// `nnz < 3n` = the sparse band of the 0184 price law (66 of the 300 dev
5303 | |         /// rows, all of them in-window). Structural, never per-matrix.
     | |_______________________________________________________________________^
5304 | /         let shipped_ladder = || {
5305 | |             if nnz < 3 * n {
5306 | |                 #[cfg(test)]
5307 | |                 if let Some(r) = band_rung_override("SSI_LADDER_SPARSE") {
...    |
5324 | |         };
     | |__________- rustdoc does not generate documentation for statements
     |
     = help: use `//` for a plain comment

warning: variable does not need to be mutable
    --> candidate-worker/src/../../src/ordering/probe.rs:4142:9
     |
4142 |     let mut next = |s: &mut u64| -> u64 {
     |         ----^^^^
     |         |
     |         help: remove this `mut`
     |
     = note: `#[warn(unused_mut)]` (part of `#[warn(unused)]`) on by default

warning: value assigned to `d` is never read
   --> candidate-worker/src/../../src/ordering/rgreedy.rs:396:29
    |
396 |                 let mut d = 0u32;
    |                             ^^^^
    |
    = help: maybe it is overwritten before being read?
    = note: `#[warn(unused_assignments)]` (part of `#[warn(unused)]`) on by default

warning: constant `LADDER_STRIDE_KEEP` is never used
   --> candidate-worker/src/../../src/ordering/mod.rs:589:7
    |
589 | const LADDER_STRIDE_KEEP: bool = true;
    |       ^^^^^^^^^^^^^^^^^^
    |
    = note: `#[warn(dead_code)]` (part of `#[warn(unused)]`) on by default

warning: constant `SUBTREE_MAX_N` is never used
   --> candidate-worker/src/../../src/ordering/mod.rs:816:7
    |
816 | const SUBTREE_MAX_N: usize = 250_000;
    |       ^^^^^^^^^^^^^

warning: function `refine` is never used
  --> candidate-worker/src/../../src/ordering/completion.rs:12:15
   |
12 | pub(super) fn refine(
   |               ^^^^^^

warning: type alias `PermFn` is never used
  --> candidate-worker/src/../../src/ordering/parallel.rs:80:17
   |
80 | pub(crate) type PermFn<'a> = Box<dyn Fn() -> Option<Vec<usize>> + Sync + 'a>;
   |                 ^^^^^^

warning: function `run_perms` is never used
   --> candidate-worker/src/../../src/ordering/parallel.rs:188:15
    |
188 | pub(crate) fn run_perms(
    |               ^^^^^^^^^

warning: function `accept` is never used
   --> candidate-worker/src/../../src/ordering/parallel.rs:313:15
    |
313 | pub(crate) fn accept(results: &mut [CandOut], best_flops: &mut u64, best_perm: &mut Vec<usize>) -> bool {
    |               ^^^^^^

warning: function `minl_is_clique` is never used
   --> candidate-worker/src/../../src/ordering/minl.rs:136:4
    |
136 | fn minl_is_clique(adj: &[Vec<u32>], c: &[u32], ops: &mut i64) -> bool {
    |    ^^^^^^^^^^^^^^

warning: function `minl_try_delete_edge` is never used
   --> candidate-worker/src/../../src/ordering/minl.rs:232:4
    |
232 | fn minl_try_delete_edge(
    |    ^^^^^^^^^^^^^^^^^^^^

warning: function `run_sequential_180` is never used
   --> candidate-worker/src/../../src/ordering/indep_first.rs:600:4
    |
600 | fn run_sequential_180(sp: &ScoringPattern, ledger: u64) -> Option<(u64, Vec<usize>)> {
    |    ^^^^^^^^^^^^^^^^^^

warning: function `reset` is never used
   --> candidate-worker/src/../../src/ordering/mod.rs:518:19
    |
518 |     pub(crate) fn reset() {
    |                   ^^^^^

warning: `ssi-candidate-worker` (bin "ssi-candidate-worker" test) generated 18 warnings (run `cargo fix --bin "ssi-candidate-worker" -p ssi-candidate-worker --tests` to apply 1 suggestion)
    Finished `release` profile [optimized] target(s) in 0.01s
     Running unittests src/main.rs (target/release/deps/ssi_candidate_worker-9bc17c144118ca64)

running 1 test
LADGATE	8000	10000	1.293	1
COUNTS	deep_n8000_d16	8000	128000	42949498024	42407383747
LADGATE	8000	10000	0.783	1
COUNTS	deep_n8000_d24	8000	192000	64258512954	63444666077
LADGATE	9950	10000	1.008	1
COUNTS	deep_n9950_d16	9950	159200	82386475579	81489536541
COUNTS	deep_n9950_d24	9950	238800	122542523666	122172135731
LADGATE	6000	10000	0.836	4
COUNTS	deep_n6000_d16	6000	96000	18074526705	17912932381

--- every order() call, slowest first (TSV) ---
secs	matrix	n	nnz	ratio
1.3565	deep_n8000_d16	8000	128000	0.9874
1.1455	deep_n9950_d24	9950	238800	0.9970
1.0926	deep_n9950_d16	9950	159200	0.9891
0.9372	deep_n6000_d16	6000	96000	0.9911
0.8545	deep_n8000_d24	8000	192000	0.9873
matrices under 0.010s: 0/5
matrices under 0.050s: 0/5
matrices under 0.100s: 0/5
matrices under 0.200s: 0/5
matrices under 0.400s: 0/5

--- per-bucket ---
1k_10k   count=5     geomean=0.9904
SCORE = 0.990366
WORST order() = 1.356 s
FORCEAUDIT	stage1b_sites=1	force_fires=0	unsound=0	core_total_mismatch=0	max_drift_ppm=0	worst_incumbent=0	worst_adopted=0	tie_window_opened=0	tie_pass_run=0
test ordering::probe::probe_timing_and_score ... ok

test result: ok. 1 passed; 0 failed; 0 ignored; 0 measured; 164 filtered out; finished in 5.56s

