warning: unused doc comment
    --> candidate-worker/src/../../src/ordering/mod.rs:1209:1
     |
1209 | / /// TEST-ONLY sweep switch for the mid-size `rgreedy` stream opened by the 0154
1210 | | /// engine census. Returns `(ops_budget, gate_variant, stream_count)`; a zero
1211 | | /// budget disables the stream, which is what production compiles to — the
1212 | | /// switch can never change a submitted ordering. Configured through
1213 | | /// `SSI_MID_ENGINE="<variant>:<budget>[:<streams>]"` so one build can sweep
1214 | | /// several gate/budget points.
     | |_------------------------------^
     |   |
     |   rustdoc does not generate documentation for macro invocations
     |
     = help: to document an item produced by a macro, the macro must produce the documentation as part of its expansion
     = note: `#[warn(unused_doc_comments)]` (part of `#[warn(unused)]`) on by default

warning: unused doc comment
    --> candidate-worker/src/../../src/ordering/mod.rs:1477:1
     |
1477 | / /// TEST-ONLY kill switch for the heavy-tier arm (metrics + no-dense AMD +
1478 | | /// extra AMF α), so a probe can A/B the arm in one process.
     | |_-----------------------------------------------------------^
     |   |
     |   rustdoc does not generate documentation for macro invocations
     |
     = help: to document an item produced by a macro, the macro must produce the documentation as part of its expansion

warning: unused doc comment
   --> candidate-worker/src/../../src/ordering/parallel.rs:334:1
    |
334 | / /// TEST-ONLY switch forcing every batch onto the sequential path, so a probe
335 | | /// can run the SAME `order()` both ways in one process and compare the
336 | | /// returned permutations element by element. Production builds compile
337 | | /// [`force_sequential`] down to a constant `false`.
    | |_---------------------------------------------------^
    |   |
    |   rustdoc does not generate documentation for macro invocations
    |
    = help: to document an item produced by a macro, the macro must produce the documentation as part of its expansion

warning: unused doc comment
   --> candidate-worker/src/../../src/ordering/parallel.rs:368:1
    |
368 | / /// TEST-ONLY per-phase wall-clock marks: `phase_mark(label, t0)` appends
369 | | /// `(label, secs since t0)`; `phase_take()` drains them. Lets a probe see which
370 | | /// stage of `order()` sets a row's critical path. Never compiled into the
371 | | /// shipped binary.
    | |_------------------^
    |   |
    |   rustdoc does not generate documentation for macro invocations
    |
    = help: to document an item produced by a macro, the macro must produce the documentation as part of its expansion

warning: unused doc comment
    --> candidate-worker/src/../../src/ordering/mod.rs:5175:5
     |
5175 | /     /// ── 0192: the window is the frontier's own chain scope ─────────────────
5176 | |     /// The chain no longer reaches above n = 10 000 (see `PEO_ALT_MAX_N`), so
5177 | |     /// the draw takes over the whole band the chain used to own. Measured on the
5178 | |     /// 300 dev rows: with the window at 50 000 instead of 12 000 the draw adds
...    |
5184 | |     /// spender there), and its worst row is 1.127 s against the frontier's
5185 | |     /// 1.160 s base, so the wide band stays below the frontier's own footprint.
     | |________________________________________________________________________________^
5186 |       #[cfg(test)]
5187 | /     let window_n: usize = std::env::var("SSI_TERM_WIN_N")
5188 | |         .ok()
5189 | |         .and_then(|v| v.trim().parse::<usize>().ok())
5190 | |         .unwrap_or(50_000);
     | |___________________________- rustdoc does not generate documentation for statements
     |
     = help: use `//` for a plain comment

warning: unused doc comment
    --> candidate-worker/src/../../src/ordering/mod.rs:5363:9
     |
5363 | /         /// `nnz < 3n` = the sparse band of the 0184 price law (66 of the 300 dev
5364 | |         /// rows, all of them in-window). Structural, never per-matrix.
     | |_______________________________________________________________________^
5365 | /         let shipped_ladder = || {
5366 | |             if nnz < 3 * n {
5367 | |                 #[cfg(test)]
5368 | |                 if let Some(r) = band_rung_override("SSI_LADDER_SPARSE") {
...    |
5387 | |         };
     | |__________- rustdoc does not generate documentation for statements
     |
     = help: use `//` for a plain comment

warning: variable does not need to be mutable
    --> candidate-worker/src/../../src/ordering/probe.rs:4142:9
     |
4142 |     let mut next = |s: &mut u64| -> u64 {
     |         ----^^^^
     |         |
     |         help: remove this `mut`
     |
     = note: `#[warn(unused_mut)]` (part of `#[warn(unused)]`) on by default

warning: value assigned to `d` is never read
   --> candidate-worker/src/../../src/ordering/rgreedy.rs:396:29
    |
396 |                 let mut d = 0u32;
    |                             ^^^^
    |
    = help: maybe it is overwritten before being read?
    = note: `#[warn(unused_assignments)]` (part of `#[warn(unused)]`) on by default

warning: constant `LADDER_STRIDE_KEEP` is never used
   --> candidate-worker/src/../../src/ordering/mod.rs:614:7
    |
614 | const LADDER_STRIDE_KEEP: bool = true;
    |       ^^^^^^^^^^^^^^^^^^
    |
    = note: `#[warn(dead_code)]` (part of `#[warn(unused)]`) on by default

warning: constant `SUBTREE_MAX_N` is never used
   --> candidate-worker/src/../../src/ordering/mod.rs:841:7
    |
841 | const SUBTREE_MAX_N: usize = 250_000;
    |       ^^^^^^^^^^^^^

warning: function `refine` is never used
  --> candidate-worker/src/../../src/ordering/completion.rs:12:15
   |
12 | pub(super) fn refine(
   |               ^^^^^^

warning: type alias `PermFn` is never used
  --> candidate-worker/src/../../src/ordering/parallel.rs:80:17
   |
80 | pub(crate) type PermFn<'a> = Box<dyn Fn() -> Option<Vec<usize>> + Sync + 'a>;
   |                 ^^^^^^

warning: function `run_perms` is never used
   --> candidate-worker/src/../../src/ordering/parallel.rs:188:15
    |
188 | pub(crate) fn run_perms(
    |               ^^^^^^^^^

warning: function `accept` is never used
   --> candidate-worker/src/../../src/ordering/parallel.rs:313:15
    |
313 | pub(crate) fn accept(results: &mut [CandOut], best_flops: &mut u64, best_perm: &mut Vec<usize>) -> bool {
    |               ^^^^^^

warning: function `minl_is_clique` is never used
   --> candidate-worker/src/../../src/ordering/minl.rs:136:4
    |
136 | fn minl_is_clique(adj: &[Vec<u32>], c: &[u32], ops: &mut i64) -> bool {
    |    ^^^^^^^^^^^^^^

warning: function `minl_try_delete_edge` is never used
   --> candidate-worker/src/../../src/ordering/minl.rs:232:4
    |
232 | fn minl_try_delete_edge(
    |    ^^^^^^^^^^^^^^^^^^^^

warning: function `run_sequential_180` is never used
   --> candidate-worker/src/../../src/ordering/indep_first.rs:600:4
    |
600 | fn run_sequential_180(sp: &ScoringPattern, ledger: u64) -> Option<(u64, Vec<usize>)> {
    |    ^^^^^^^^^^^^^^^^^^

warning: function `reset` is never used
   --> candidate-worker/src/../../src/ordering/mod.rs:518:19
    |
518 |     pub(crate) fn reset() {
    |                   ^^^^^

warning: `ssi-candidate-worker` (bin "ssi-candidate-worker" test) generated 18 warnings (run `cargo fix --bin "ssi-candidate-worker" -p ssi-candidate-worker --tests` to apply 1 suggestion)
    Finished `release` profile [optimized] target(s) in 0.02s
     Running unittests src/main.rs (target/release/deps/ssi_candidate_worker-9bc17c144118ca64)

running 1 test
RATIOGATE	1.0	true	0
LADGATE	357	10000	0.234	4
COUNTS	slay06m	357	1080	4025	4025
RATIOGATE	1.0	true	0
LADGATE	401	10000	0.272	1
COUNTS	sssd25-08	401	1200	5389	5389
RATIOGATE	0.9	true	0
LADGATE	4772	10000	0.573	1
COUNTS	rsyn0810m04m	4772	13836	147553	115517
COUNTS	pooling_sppc3pq	23173	893724	1153877333	325595394
RATIOGATE	0.9	true	0
LADGATE	1131	10000	0.538	4
COUNTS	sporttournament48	1131	6676	919582	594138
RATIOGATE	1.0	true	0
LADGATE	5030	10000	0.368	4
COUNTS	pooling_sppa9pq	5030	120730	23971280	15130622
RATIOGATE	1.0	true	0
LADGATE	1053	10000	0.287	4
COUNTS	edgecross10-090	1053	5204	126115	103179
COUNTS	maxcsp-ehi-85-297-71	2372	207996	1381768944	1110971341
RATIOGATE	1.0	true	0
LADGATE	30	10000	0.183	4
COUNTS	st_bpaf1a	30	120	623	580
RATIOGATE	0.8	true	0
LADGATE	1462	10000	0.448	4
COUNTS	risk2bpb	1462	5396	118471	66041
RATIOGATE	1.0	true	0
LADGATE	255	10000	0.153	4
COUNTS	qap	255	43748	3802533	3650113
RATIOGATE	0.9	true	0
LADGATE	7252	10000	0.524	1
COUNTS	rsyn0830m04m	7252	20752	212130	171821
RATIOGATE	0.9	true	0
LADGATE	1073	10000	0.265	1
COUNTS	lop97icx	1073	2118	79286	64044
RATIOGATE	1.0	true	0
LADGATE	1201	10000	0.210	4
COUNTS	chain400	1201	4796	16382	16382
RATIOGATE	0.9	true	0
LADGATE	9532	10000	0.745	4
COUNTS	mpbp_07	9532	30810	1368477	1248947
RATIOGATE	1.0	true	0
LADGATE	440	10000	0.327	4
COUNTS	sonetgr17	440	2958	37814	30820
RATIOGATE	1.0	true	0
LADGATE	2207	10000	0.417	4
COUNTS	p_ball_30b_7p_2d_h	2207	7516	42456	42319
RATIOGATE	0.9	true	0
LADGATE	19995	10000	0.744	0
COUNTS	pinene200	19995	97990	1358716	1134463
COUNTS	unitcommit_200_100_1_mod_8	146830	476332	3053940	2981835
RATIOGATE	1.0	true	0
LADGATE	123	10000	0.301	4
COUNTS	ex8_3_9	123	834	15050	11503
RATIOGATE	1.0	true	0
LADGATE	2486	10000	0.565	1
COUNTS	rsyn0820m02m	2486	6932	38190	35665
RATIOGATE	1.0	true	0
LADGATE	293	10000	0.272	4
COUNTS	p_ball_10b_5p_2d_m	293	964	6648	6547
RATIOGATE	0.9	true	0
LADGATE	170	10000	0.217	4
COUNTS	pooling_adhya4tp	170	936	26842	20581
RATIOGATE	1.0	true	0
LADGATE	7295	10000	0.246	1
COUNTS	squfl015-080persp	7295	21600	74520	74520
RATIOGATE	1.0	true	0
LADGATE	1053	10000	0.296	4
COUNTS	edgecross10-080	1053	5940	170814	164639
RATIOGATE	1.0	true	0
LADGATE	590	10000	0.340	1
COUNTS	clay0204hfsg	590	1696	7198	6562
RATIOGATE	1.0	true	0
LADGATE	13	10000	0.121	4
COUNTS	st_bsj2	13	40	143	114
RATIOGATE	1.0	true	0
LADGATE	440	10000	0.411	4
COUNTS	chimera_mgw-c8-439-onc8-002	440	3038	97870	86464
RATIOGATE	0.9	true	0
LADGATE	5188	10000	0.570	4
COUNTS	batchs201210m	5188	17910	349298	303381
RATIOGATE	0.8	true	0
LADGATE	5456	10000	0.624	1
COUNTS	rsyn0815m04m	5456	15756	184352	144170
RATIOGATE	1.0	true	0
LADGATE	560	10000	0.323	1
COUNTS	syn40m	560	1528	5007	4829
RATIOGATE	1.0	true	0
LADGATE	2157	10000	0.263	4
COUNTS	knp5-44	2157	32604	3764003	3764003
RATIOGATE	1.0	true	0
LADGATE	94	10000	0.205	4
COUNTS	ex1263a	94	390	2098	2098
COUNTS	st_e41	8	32	88	88
RATIOGATE	1.0	true	0
LADGATE	2305	10000	0.327	1
COUNTS	squfl025-030	2305	6000	42305	42305
RATIOGATE	0.8	true	0
LADGATE	98	10000	0.250	4
COUNTS	wastewater05m1	98	536	11690	8005
COUNTS	cvxnonsep_psig20	20	380	2870	2870
RATIOGATE	1.0	true	0
LADGATE	4405	10000	0.194	4
COUNTS	meanvar-orl400_05_e_8	4405	171604	21923414	21922611
RATIOGATE	1.0	true	0
LADGATE	301	10000	0.302	1
COUNTS	st_e31	301	744	4534	4257
COUNTS	pooling_sppc1pq	14100	477680	812210652	136686008
RATIOGATE	1.0	true	0
LADGATE	31	10000	0.171	4
COUNTS	pooling_haverly1pq	31	96	412	403
RATIOGATE	1.0	true	0
LADGATE	128	10000	0.238	4
COUNTS	graphpart_3g-0244-0244	128	672	33446	32534
RATIOGATE	0.9	true	0
LADGATE	80	10000	0.244	4
COUNTS	graphpart_clique-20	80	1260	34885	27856
RATIOGATE	0.9	true	0
LADGATE	28368	10000	0.911	0
COUNTS	mpbp_48	28368	91016	33835023	16144599
COUNTS	pooling_sppb5pq	18529	674470	523815053	213571545
RATIOGATE	1.0	true	0
LADGATE	497	10000	0.260	4
COUNTS	slay07m	497	1512	5740	5740
COUNTS	nvs19	24	200	1353	884
RATIOGATE	1.0	true	0
LADGATE	3270	10000	0.521	1
COUNTS	oil	3270	8430	36313	34760
RATIOGATE	1.0	true	0
LADGATE	2775	10000	0.445	1
COUNTS	squfl015-060	2775	7200	36400	36400
RATIOGATE	1.0	true	0
LADGATE	1112	10000	0.424	4
COUNTS	ndcc12persp	1112	5522	299115	284793
COUNTS	kissing2	20772	401024	156414018	156414018
RATIOGATE	0.8	true	0
LADGATE	1942	10000	0.537	4
COUNTS	nuclear25a	1942	16030	1977163	1112952
RATIOGATE	1.0	true	0
LADGATE	222	10000	0.244	4
COUNTS	clay0204m	222	704	2330	2330
RATIOGATE	1.0	true	0
LADGATE	23	10000	0.136	1
COUNTS	st_ph13	23	68	207	178
RATIOGATE	1.0	true	0
LADGATE	1053	10000	0.389	4
COUNTS	edgecross10-030	1053	4654	135854	100608
RATIOGATE	1.0	true	0
LADGATE	601	10000	0.250	4
COUNTS	chain200	601	2396	8182	8182
RATIOGATE	1.0	true	0
LADGATE	25	10000	0.167	1
COUNTS	ex1223b	25	66	178	178
RATIOGATE	1.0	true	0
LADGATE	2718	10000	0.452	1
COUNTS	slay09h	2718	7488	36057	32385
RATIOGATE	1.0	true	0
LADGATE	974	10000	0.522	4
COUNTS	ndcc12	974	5982	345696	329556
RATIOGATE	1.0	true	0
LADGATE	1306	10000	0.408	4
COUNTS	kall_circlesrectangles_c6r39	1306	5378	75744	74610
RATIOGATE	1.0	true	0
LADGATE	9170	10000	0.441	1
COUNTS	squfl020-150	9170	24000	135020	135020
COUNTS	autocorr_bern40-30	43	1534	20034	20034
RATIOGATE	1.0	true	0
LADGATE	660	10000	0.292	4
COUNTS	slay08m	660	2016	7796	7796
RATIOGATE	0.8	true	0
LADGATE	2032	10000	0.592	4
COUNTS	chimera_mgw-c16-2031-01	2032	15900	3328073	2600520
RATIOGATE	1.0	true	0
LADGATE	713	10000	0.402	4
COUNTS	forest	713	2658	10614	10543
RATIOGATE	1.0	true	0
LADGATE	280	10000	0.184	4
COUNTS	qspp_0_10_0_1_10_1	280	29636	1942907	1932414
RATIOGATE	1.0	true	0
LADGATE	16	10000	0.139	4
COUNTS	st_ph1	16	58	274	233
RATIOGATE	0.9	true	0
LADGATE	124	10000	0.198	4
COUNTS	elf	124	376	2733	2173
RATIOGATE	1.0	true	0
LADGATE	18	10000	0.143	1
COUNTS	ex3_1_3	18	36	90	83
COUNTS	cvxnonsep_normcon40r	162	322	645	645
RATIOGATE	1.0	true	0
LADGATE	155	10000	0.274	4
COUNTS	demo7	155	618	3579	3426
RATIOGATE	1.0	true	0
LADGATE	615	10000	0.374	4
COUNTS	waternd2	615	2580	155674	74817
RATIOGATE	1.0	true	0
LADGATE	64	10000	0.219	4
COUNTS	prolog	64	292	1245	1225
RATIOGATE	1.0	true	0
LADGATE	11	10000	0.111	1
COUNTS	ex14_1_8	11	30	80	80
COUNTS	faclay75	272878	1379706	3204527350	3013800414
RATIOGATE	1.0	true	0
LADGATE	55	10000	0.139	4
COUNTS	st_qpk3	55	548	5467	3762
RATIOGATE	0.3	true	0
LADGATE	11556	10000	0.718	0
COUNTS	mpbp_34	11556	40860	3093917	893365
COUNTS	cvxnonsep_normcon20r	82	162	325	325
COUNTS	cvxnonsep_psig20r	86	170	341	341
RATIOGATE	0.7	true	0
LADGATE	18742	10000	0.734	0
COUNTS	crudeoil_pooling_dt2	18742	75910	14985540	9947932
RATIOGATE	0.9	true	0
LADGATE	2868	10000	0.724	1
COUNTS	rsyn0805m03m	2868	8270	60979	54853
COUNTS	st_iqpbk1	22	98	295	295
RATIOGATE	1.0	true	0
LADGATE	96	10000	0.270	4
COUNTS	waterund01	96	404	4546	3317
RATIOGATE	1.0	true	0
LADGATE	29	10000	0.158	4
COUNTS	pointpack04	29	120	577	577
RATIOGATE	1.0	true	0
LADGATE	12	10000	0.102	1
COUNTS	st_e22	12	30	77	70
RATIOGATE	1.0	true	0
LADGATE	16678	10000	0.477	0
COUNTS	faclay30	16678	82242	13452923	12850431
RATIOGATE	1.0	true	0
LADGATE	4432	10000	0.418	1
COUNTS	arki0002	4432	11248	683476	667374
RATIOGATE	0.9	true	0
LADGATE	11659	10000	0.938	0
COUNTS	transswitch0300p	11659	48446	404940	378674
RATIOGATE	0.7	true	0
LADGATE	30660	10000	0.872	0
COUNTS	crudeoil_pooling_dt3	30660	152210	48975085	33883414
RATIOGATE	0.9	true	0
LADGATE	22536	10000	0.751	0
COUNTS	gasprod_sarawak81	22536	75636	1030380	941231
RATIOGATE	0.4	true	0
LADGATE	660	10000	0.423	4
COUNTS	maxcsp-langford-3-11	660	29646	33444033	10360919
RATIOGATE	1.0	true	0
LADGATE	1543	10000	0.340	4
COUNTS	p_ball_30b_5p_2d_h	1543	5224	25843	25742
RATIOGATE	0.7	true	0
LADGATE	6709	10000	0.376	4
COUNTS	ringpack_20_3	6709	45220	2415136	865627
RATIOGATE	0.9	true	0
LADGATE	4825	10000	0.556	4
COUNTS	waste	4825	21504	1468261	1270649
RATIOGATE	1.0	true	0
LADGATE	2001	10000	0.252	4
COUNTS	catmix400	2001	11192	36373	36364
RATIOGATE	0.9	true	0
LADGATE	3054	10000	0.551	1
COUNTS	rsyn0815m02hfsg	3054	7968	44604	41416
RATIOGATE	1.0	true	0
LADGATE	1236	10000	0.304	4
COUNTS	p_ball_10b_7p_3d_h	1236	4186	24380	23744
RATIOGATE	0.8	true	0
LADGATE	1225	10000	0.612	4
COUNTS	chimera_k64ising-02	1225	3846	613390	372954
RATIOGATE	0.9	true	0
LADGATE	3404	10000	0.501	4
COUNTS	batchs121208m	3404	11462	138030	128816
RATIOGATE	1.0	true	0
LADGATE	11	10000	0.111	4
COUNTS	nvs02	11	46	142	142
RATIOGATE	1.0	true	0
LADGATE	191	10000	0.275	4
COUNTS	wastepaper6	191	1416	16611	16611
RATIOGATE	1.0	true	0
LADGATE	399	10000	0.278	1
COUNTS	syn15hfsg	399	1022	3300	3272
RATIOGATE	1.0	true	0
LADGATE	36	10000	0.171	4
COUNTS	st_jcbpaf2	36	246	1635	1543
COUNTS	camshape400	2000	7188	16768	16768
RATIOGATE	1.0	true	0
LADGATE	120	10000	0.265	4
COUNTS	graphpart_clique-30	120	2790	114505	91153
RATIOGATE	1.0	true	0
LADGATE	280	10000	0.222	4
COUNTS	graphpart_clique-70	280	14910	1413012	1144894
COUNTS	smallinvDAXr1b010-011	39	1120	13510	13319
RATIOGATE	1.0	true	0
LADGATE	22074	10000	0.476	0
COUNTS	nd_netgen-2000-3-4-b-a-ns_7	22074	60000	289420	273394
RATIOGATE	1.0	true	0
LADGATE	240	10000	0.242	4
COUNTS	slay05m	240	720	2635	2635
RATIOGATE	0.8	true	0
LADGATE	2031	10000	0.736	4
COUNTS	chimera_selby-c16-01	2031	10964	3605628	2431621
RATIOGATE	1.0	true	0
LADGATE	110	10000	0.193	4
COUNTS	csched1	110	376	975	975
RATIOGATE	1.0	true	0
LADGATE	1310	10000	0.151	4
COUNTS	watercontamination0303r	1310	37028	2171882	2171882
RATIOGATE	1.0	true	0
LADGATE	15	10000	0.116	1
COUNTS	ex9_2_4	15	36	117	117
RATIOGATE	1.0	true	0
LADGATE	163	10000	0.197	1
COUNTS	sssd15-04	163	440	1625	1625
COUNTS	autocorr_bern35-35fix	38	1264	16214	16214
RATIOGATE	0.9	true	0
LADGATE	1491	10000	0.321	4
COUNTS	sfacloc2_4_90	1491	4500	31682	28843
COUNTS	cont6-qq	120395	557994	835894090	581918900
RATIOGATE	1.0	true	0
LADGATE	5205	10000	0.183	4
COUNTS	meanvar-orl400_05_e_7	5205	174804	21939414	21935811
RATIOGATE	0.9	true	0
LADGATE	10017	10000	0.404	0
COUNTS	glider400	10017	49624	373018	327551
RATIOGATE	1.0	true	0
LADGATE	4960	10000	0.569	1
COUNTS	syn40m04m	4960	13792	65982	63282
RATIOGATE	1.0	true	0
LADGATE	31	10000	0.164	1
COUNTS	ex2_1_3	31	72	189	189
RATIOGATE	1.0	true	0
LADGATE	705	10000	0.439	4
COUNTS	qapw	705	87496	12183146	12183146
RATIOGATE	1.0	true	0
LADGATE	14	10000	0.115	4
COUNTS	himmel11	14	60	198	198
RATIOGATE	1.0	true	0
LADGATE	1908	10000	0.388	1
COUNTS	syn15m04m	1908	5288	26094	25187
RATIOGATE	1.0	true	0
LADGATE	118	10000	0.281	4
COUNTS	pooling_rt2tp	118	654	5876	5796
RATIOGATE	0.9	true	0
LADGATE	333	10000	0.306	4
COUNTS	waterund14	333	2204	200484	72184
RATIOGATE	0.7	true	0
LADGATE	17809	10000	1.037	0
COUNTS	crudeoil_lee4_10	17809	120632	294531623	184173410
RATIOGATE	1.0	true	0
LADGATE	1294	10000	0.408	4
COUNTS	pooling_foulds4pq	1294	8302	138692	138540
RATIOGATE	1.0	true	0
LADGATE	3097	10000	0.328	4
COUNTS	edgecross14-156	3097	19664	1487933	1376964
RATIOGATE	1.0	true	0
LADGATE	72	10000	0.221	4
COUNTS	tspn08	72	668	11074	7600
RATIOGATE	0.8	true	0
LADGATE	4225	10000	0.556	4
COUNTS	crudeoil_li05	4225	14628	680022	533589
RATIOGATE	0.8	true	0
LADGATE	14416	10000	0.724	0
COUNTS	procurement1large	14416	41068	13858240	7376882
RATIOGATE	1.0	true	0
LADGATE	1428	10000	0.311	4
COUNTS	blend721	1428	4548	77560	66143
RATIOGATE	0.9	true	0
LADGATE	2031	10000	0.721	4
COUNTS	chimera_selby-c16-02	2031	10878	4280329	2299955
RATIOGATE	1.0	true	0
LADGATE	16640	10000	0.404	0
COUNTS	supplychainr1_053050	16640	57800	2173490	2173490
RATIOGATE	1.0	true	0
LADGATE	5067	10000	0.623	4
COUNTS	sfacloc2_4_80	5067	21424	93048	88884
COUNTS	st_e24	10	26	64	57
test ordering::probe::probe_timing_and_score has been running for over 60 seconds
RATIOGATE	0.9	true	0
LADGATE	1053	10000	0.310	4
COUNTS	edgecross10-040	1053	5116	161851	143522
RATIOGATE	1.0	true	0
LADGATE	8232	10000	0.412	4
COUNTS	sonet21v6	8232	40744	1643311	1585871
RATIOGATE	1.0	true	0
LADGATE	2490	10000	0.340	1
COUNTS	squfl010-080	2490	6400	27665	27665
RATIOGATE	0.7	true	0
LADGATE	221	10000	0.251	4
COUNTS	genpooling_lee2	221	1048	19895	14028
RATIOGATE	1.0	true	0
LADGATE	2807	10000	0.596	4
COUNTS	popdynm25	2807	13904	360081	286846
RATIOGATE	0.8	true	0
LADGATE	5211	10000	0.719	4
COUNTS	chp_partload	5211	16740	509170	374408
RATIOGATE	1.0	true	0
LADGATE	560	10000	0.297	4
COUNTS	qspp_0_14_0_1_10_1	560	120274	16119226	16017111
RATIOGATE	1.0	true	0
LADGATE	24	10000	0.147	1
COUNTS	st_glmp_ss1	24	66	160	160
RATIOGATE	1.0	true	0
LADGATE	2508	10000	0.491	4
COUNTS	torsion50	2508	29808	1691033	1119177
RATIOGATE	1.0	true	0
LADGATE	40	10000	0.183	4
COUNTS	st_rv2	40	340	2045	2045
RATIOGATE	1.0	true	0
LADGATE	6885	10000	0.233	1
COUNTS	emfl100_3_3	6885	15948	55506	55506
COUNTS	pedigree_sim400	351	23546	1183471	1183168
COUNTS	polygon75	5846	49652	1171822	1171822
COUNTS	gabriel10	244056	1148210	1365442310	1267760679
RATIOGATE	1.0	true	0
LADGATE	1049	10000	0.304	4
COUNTS	fo9_ar25_1	1049	4336	41668	38237
RATIOGATE	1.0	true	0
LADGATE	1159	10000	0.346	1
COUNTS	rsyn0840m	1159	3168	11274	10602
RATIOGATE	1.0	true	0
LADGATE	548	10000	0.404	4
COUNTS	gancns	548	2800	69234	58861
RATIOGATE	1.0	true	0
LADGATE	1049	10000	0.279	4
COUNTS	o9_ar4_1	1049	4336	41668	38237
RATIOGATE	1.0	true	0
LADGATE	123	10000	0.280	4
COUNTS	ex1265a	123	560	3948	3750
RATIOGATE	1.0	true	0
LADGATE	28	10000	0.160	1
COUNTS	ex9_2_6	28	68	190	190
RATIOGATE	1.0	true	0
LADGATE	481	10000	0.231	4
COUNTS	qspp_0_13_0_1_10_1	481	88522	10150185	10090364
RATIOGATE	1.0	true	0
LADGATE	146	10000	0.229	1
COUNTS	slay04m	146	432	1554	1554
COUNTS	st_e25	20	92	336	262
RATIOGATE	1.0	true	0
LADGATE	32	10000	0.176	4
COUNTS	ex8_4_1	32	100	225	225
RATIOGATE	1.0	true	0
LADGATE	19	10000	0.159	4
COUNTS	st_e07	19	60	199	199
RATIOGATE	1.0	true	0
LADGATE	26	10000	0.164	1
COUNTS	ex1225	26	66	171	161
RATIOGATE	0.7	true	0
LADGATE	969	10000	0.506	4
COUNTS	ndcc13	969	5882	525212	324727
RATIOGATE	1.0	true	0
LADGATE	1224	10000	0.301	1
COUNTS	syn10m04m	1224	3384	13501	13473
RATIOGATE	1.0	true	0
LADGATE	18	10000	0.152	4
COUNTS	ex5_2_4	18	62	204	193
RATIOGATE	1.0	true	0
LADGATE	72	10000	0.214	4
COUNTS	st_m2	72	1226	16331	16331
RATIOGATE	1.0	true	0
LADGATE	16	10000	0.136	1
COUNTS	st_bpk1	16	44	115	108
RATIOGATE	0.9	true	0
LADGATE	736	10000	0.526	4
COUNTS	multiplants_stg1	736	3594	197998	155496
RATIOGATE	1.0	true	0
LADGATE	11251	10000	0.847	0
COUNTS	powerflow0300p	11251	41918	304705	293009
RATIOGATE	1.0	true	0
LADGATE	33155	10000	0.634	0
COUNTS	nd_netgen-3000-1-1-b-b-ns_7	33155	90000	922197	885186
RATIOGATE	1.0	true	0
LADGATE	803	10000	0.504	4
COUNTS	sonet23v4	803	6462	139703	94348
RATIOGATE	0.8	true	0
LADGATE	1649	10000	0.446	4
COUNTS	pooling_sppa0pq	1649	24192	3745896	1234887
RATIOGATE	0.8	true	0
LADGATE	645	10000	0.519	4
COUNTS	multiplants_mtg1b	645	4404	229415	152043
RATIOGATE	1.0	true	0
LADGATE	338	10000	0.266	4
COUNTS	sssd18-08persp	338	1168	4654	4654
RATIOGATE	1.0	true	0
LADGATE	19	10000	0.158	1
COUNTS	ex9_1_2	19	54	188	179
RATIOGATE	0.8	true	0
LADGATE	3670	10000	0.743	4
COUNTS	crudeoil_lee1_07	3670	19322	4746188	3542885
RATIOGATE	1.0	true	0
LADGATE	31	10000	0.171	4
COUNTS	pooling_haverly1tp	31	96	423	403
RATIOGATE	1.0	true	0
LADGATE	230	10000	0.232	4
COUNTS	waterund08	230	1290	35284	30110
RATIOGATE	1.0	true	0
LADGATE	76	10000	0.159	4
COUNTS	kall_diffcircles_6	76	302	1511	1511
RATIOGATE	0.9	true	0
LADGATE	440	10000	0.411	4
COUNTS	chimera_mgw-c8-439-onc8-001	440	3040	106479	80090
RATIOGATE	0.9	true	0
LADGATE	160	10000	0.265	4
COUNTS	waterund11	160	828	14818	10705
RATIOGATE	0.7	true	0
LADGATE	16364	10000	0.792	0
COUNTS	chp_shorttermplan2d	16364	52108	4089003	2104724
RATIOGATE	1.0	true	0
LADGATE	156	10000	0.303	4
COUNTS	sporttournament18	156	886	17568	13621
COUNTS	cvxnonsep_psig30	30	870	9455	9455
RATIOGATE	0.7	true	0
LADGATE	6089	10000	0.377	4
COUNTS	ringpack_20_2	6089	40368	1872174	707413
RATIOGATE	1.0	true	0
LADGATE	1386	10000	0.320	4
COUNTS	blend718	1386	4310	70355	61466
RATIOGATE	1.0	true	0
LADGATE	115	10000	0.288	4
COUNTS	wastepaper4	115	724	9711	7183
RATIOGATE	1.0	true	0
LADGATE	2450	10000	0.398	1
COUNTS	squfl010-040persp	2450	7200	22825	22825
RATIOGATE	0.6	true	0
LADGATE	10429	10000	0.969	0
COUNTS	crudeoil_lee4_06	10429	55492	65337120	32948139
RATIOGATE	0.9	true	0
LADGATE	1746	10000	0.514	1
COUNTS	netmod_kar1	1746	4928	56838	43864
RATIOGATE	1.0	true	0
LADGATE	14	10000	0.114	4
COUNTS	ex8_1_7	14	46	137	128
RATIOGATE	1.0	true	0
LADGATE	108	10000	0.208	4
COUNTS	graphpart_3g-0333-0333	108	648	44928	36228
RATIOGATE	1.0	true	0
LADGATE	760	10000	0.354	1
COUNTS	slay05h	760	2080	9815	8795
RATIOGATE	1.0	true	0
LADGATE	156	10000	0.314	4
COUNTS	korcns	156	712	7241	6599
RATIOGATE	1.0	true	0
LADGATE	5065	10000	0.653	4
COUNTS	powerflow0118p	5065	18730	121503	117447
RATIOGATE	1.0	true	0
LADGATE	4799	10000	0.663	4
COUNTS	sfacloc2_3_80	4799	20600	84672	81119
RATIOGATE	0.8	true	0
LADGATE	6028	10000	0.541	1
COUNTS	rsyn0820m04m	6028	17372	196890	152996
RATIOGATE	1.0	true	0
LADGATE	1046	10000	0.269	1
COUNTS	hydroenergy1	1046	3024	14089	14089
RATIOGATE	1.0	true	0
LADGATE	181	10000	0.198	4
COUNTS	maxmin	181	1440	8405	8405
RATIOGATE	1.0	true	0
LADGATE	8	10000	0.107	1
COUNTS	st_ht	8	18	51	44
RATIOGATE	0.8	true	0
LADGATE	6418	10000	0.822	4
COUNTS	crudeoil_lee2_06	6418	34646	23299675	16680943
RATIOGATE	0.9	true	0
LADGATE	3183	10000	0.455	4
COUNTS	kan_r3_h1_n4	3183	14062	104945	98731
RATIOGATE	1.0	true	0
LADGATE	378	10000	0.294	4
COUNTS	primary	378	5610	109639	95258
RATIOGATE	1.0	true	0
LADGATE	1071	10000	0.301	1
COUNTS	syn10m03hfsg	1071	2772	9890	9812
RATIOGATE	1.0	true	0
LADGATE	36	10000	0.191	4
COUNTS	wastewater02m1	36	138	848	790
RATIOGATE	1.0	true	0
LADGATE	4620	10000	0.370	4
COUNTS	supplychainr1_022020	4620	15680	273140	273100
RATIOGATE	1.0	true	0
LADGATE	3800	10000	0.241	1
COUNTS	squfl025-025persp	3800	11250	49925	49925
RATIOGATE	0.6	true	0
LADGATE	17999	10000	0.756	0
COUNTS	ringpack_30_2	17999	121458	12394600	2873684
COUNTS	nuclear104	39098	257806	103156931	78332024
RATIOGATE	0.9	true	0
LADGATE	4952	10000	0.568	4
COUNTS	chp_shorttermplan1a	4952	15700	376486	301275
RATIOGATE	1.0	true	0
LADGATE	555	10000	0.408	4
COUNTS	rocket50	555	3488	19983	19265
RATIOGATE	0.9	true	0
LADGATE	8508	10000	0.748	1
COUNTS	rsyn0840m04m	8508	24272	229914	186634
RATIOGATE	0.9	true	0
LADGATE	11716	10000	0.718	0
COUNTS	mpbp_21	11716	37660	1691114	1456963
RATIOGATE	1.0	true	0
LADGATE	172	10000	0.243	4
COUNTS	orth_d4m6_pl	172	1096	10938	10703
RATIOGATE	1.0	true	0
LADGATE	1681	10000	0.466	4
COUNTS	kall_circlespolygons_c1p5b	1681	7432	201759	193841
COUNTS	acopf_case9241pegase_qcqp	313068	1292408	34647355	33736789
RATIOGATE	1.0	true	0
LADGATE	33	10000	0.178	1
COUNTS	ex1223	33	82	244	244
RATIOGATE	1.0	true	0
LADGATE	10	10000	0.124	4
COUNTS	ex6_1_4	10	48	197	153
RATIOGATE	1.0	true	0
LADGATE	403	10000	0.298	4
COUNTS	powerflow0014r	403	1630	10761	10361
RATIOGATE	1.0	true	0
LADGATE	2065	10000	0.277	4
COUNTS	knp5-43	2065	31132	3517788	3517788
RATIOGATE	0.9	true	0
LADGATE	21688	10000	0.790	0
COUNTS	gabriel09	21688	89702	29373994	26366112
RATIOGATE	1.0	true	0
LADGATE	32	10000	0.172	1
COUNTS	tln2	32	88	233	233
RATIOGATE	1.0	true	0
LADGATE	22	10000	0.152	4
COUNTS	prob02	22	76	267	232
RATIOGATE	1.0	true	0
LADGATE	1422	10000	0.332	4
COUNTS	blend146	1422	4460	78102	64296
RATIOGATE	0.9	true	0
LADGATE	4518	10000	0.450	4
COUNTS	mpbp_46	4518	14492	499547	448091
RATIOGATE	1.0	true	0
LADGATE	413	10000	0.364	4
COUNTS	tls6	413	2860	18483	17511
RATIOGATE	1.0	true	0
LADGATE	21925	10000	0.464	0
COUNTS	emfl100_5_5	21925	52300	221650	221650
RATIOGATE	1.0	true	0
LADGATE	341	10000	0.195	4
COUNTS	qspp_0_11_0_1_10_1	341	44264	3563707	3531915
RATIOGATE	1.0	true	0
LADGATE	403	10000	0.294	4
COUNTS	p_ball_10b_5p_4d_m	403	1484	13581	13288
RATIOGATE	1.0	true	0
LADGATE	90	10000	0.251	4
COUNTS	st_rv9	90	840	6691	6321
RATIOGATE	1.0	true	0
LADGATE	3486	10000	0.494	1
COUNTS	rsyn0840m02m	3486	9576	47529	45000
RATIOGATE	1.0	true	0
LADGATE	22	10000	0.158	4
COUNTS	nvs05	22	84	277	266
COUNTS	autocorr_bern25-19	28	612	5278	5278
RATIOGATE	1.0	true	0
LADGATE	356	10000	0.264	4
COUNTS	sssd20-08persp	356	1232	4960	4960
RATIOGATE	1.0	true	0
LADGATE	827	10000	0.537	4
COUNTS	multiplants_stg5	827	3804	377794	155722
RATIOGATE	0.8	true	0
LADGATE	2032	10000	0.645	4
COUNTS	chimera_rfr-02	2032	15140	3860441	2490531
RATIOGATE	1.0	true	0
LADGATE	726	10000	0.556	4
COUNTS	multiplants_stg1a	726	3510	142058	121443
RATIOGATE	0.8	true	0
LADGATE	170	10000	0.241	4
COUNTS	pooling_adhya4pq	170	932	24314	16556
RATIOGATE	0.7	true	0
LADGATE	17493	10000	0.731	0
COUNTS	nuclear10a	17493	163816	82406325	55754381
RATIOGATE	1.0	true	0
LADGATE	874	10000	0.534	4
COUNTS	sonet24v5	874	7260	185654	110276
COUNTS	transswitch2736spr	69651	331010	7933133	7281507
RATIOGATE	1.0	true	0
LADGATE	8992	10000	0.525	1
COUNTS	chp_shorttermplan2a	8992	26288	821014	577543
RATIOGATE	1.0	true	0
LADGATE	1001	10000	0.239	4
COUNTS	catmix200	1001	5592	18173	18164
COUNTS	nvs23	27	252	1921	1221
RATIOGATE	1.0	true	0
LADGATE	20	10000	0.146	1
COUNTS	oaer	20	40	107	107
RATIOGATE	1.0	true	0
LADGATE	168	10000	0.195	1
COUNTS	hybriddynamic_fixed	168	388	1103	1103
RATIOGATE	0.9	true	0
LADGATE	16747	10000	0.589	0
COUNTS	edgecross24-115	16747	77352	35096942	28685704
RATIOGATE	1.0	true	0
LADGATE	1178	10000	0.323	4
COUNTS	space25	1178	4334	23567	22528
RATIOGATE	0.7	true	0
LADGATE	23999	10000	0.679	0
COUNTS	methanol400	23999	151728	2586036	1864047
RATIOGATE	1.0	true	0
LADGATE	1218	10000	0.473	4
COUNTS	pooling_foulds5tp	1218	8364	251833	171941
RATIOGATE	0.4	true	0
LADGATE	5040	10000	0.606	4
COUNTS	pooling_sppa9tp	5040	121302	104609262	16762686
COUNTS	st_miqp2	10	18	37	37
COUNTS	autocorr_bern30-23	33	878	8940	8940
RATIOGATE	0.8	true	0
LADGATE	9858	10000	0.774	4
COUNTS	mpbp_15	9858	31692	1496502	1197372
COUNTS	cvxnonsep_psig30r	126	250	501	501
RATIOGATE	1.0	true	0
LADGATE	1590	10000	0.443	1
COUNTS	rsyn0830hfsg	1590	4100	16168	15383
RATIOGATE	1.0	true	0
LADGATE	1271	10000	0.526	4
COUNTS	crudeoil_pooling_ct1	1271	4642	125127	93863
RATIOGATE	1.0	true	0
LADGATE	800	10000	0.534	4
COUNTS	multiplants_stg1c	800	3894	150039	143020
RATIOGATE	1.0	true	0
LADGATE	11	10000	0.120	1
COUNTS	st_pan1	11	32	123	94
RATIOGATE	1.0	true	0
LADGATE	814	10000	0.563	4
COUNTS	multiplants_stg1b	814	3992	308612	187593
RATIOGATE	1.0	true	0
LADGATE	11999	10000	0.661	0
COUNTS	methanol200	11999	76128	1290836	905976
RATIOGATE	1.0	true	0
LADGATE	26778	10000	0.639	0
COUNTS	faclay35	26778	132380	33630126	32021838
RATIOGATE	1.0	true	0
LADGATE	13175	10000	0.290	0
COUNTS	emfl050_5_5	13175	32300	155400	155400
COUNTS	transswitch2383wpr	59853	277562	3946309	3861509
RATIOGATE	0.7	true	0
LADGATE	1120	10000	0.499	4
COUNTS	chimera_lga-01	1120	6400	668019	495834
RATIOGATE	0.9	true	0
LADGATE	4596	10000	0.632	4
COUNTS	gasprod_sarawak16	4596	15316	213850	196064
RATIOGATE	0.6	true	0
LADGATE	15904	10000	1.004	0
COUNTS	crudeoil_lee4_09	15904	101792	208785578	130655525
RATIOGATE	0.6	true	0
LADGATE	44909	10000	0.986	0
COUNTS	arki0013	44909	160172	390472987	157005417
RATIOGATE	1.0	true	0
LADGATE	42	10000	0.159	4
COUNTS	st_m1	42	432	3097	3097
RATIOGATE	0.9	true	0
LADGATE	5310	10000	0.630	4
COUNTS	mpbp_47	5310	17098	730624	652248
RATIOGATE	1.0	true	0
LADGATE	821	10000	0.454	1
COUNTS	rsyn0815m	821	2242	8260	7745
RATIOGATE	1.0	true	0
LADGATE	7993	10000	0.873	4
COUNTS	arki0016	7993	37208	878890	836006
RATIOGATE	1.0	true	0
LADGATE	18	10000	0.147	1
COUNTS	st_glmp_ss2	18	48	121	121
RATIOGATE	1.0	true	0
LADGATE	2670	10000	0.646	1
COUNTS	rsyn0810m02hfsg	2670	6964	36862	34753
RATIOGATE	1.0	true	0
LADGATE	55	10000	0.158	4
COUNTS	pointpack06	55	276	1497	1497
RATIOGATE	1.0	true	0
LADGATE	6328	10000	0.342	1
COUNTS	syn40m04hfsg	6328	16896	76232	73873
RATIOGATE	1.0	true	0
LADGATE	258	10000	0.231	4
COUNTS	clay0304m	258	840	2742	2742
RATIOGATE	1.0	true	0
LADGATE	1218	10000	0.374	4
COUNTS	pooling_foulds5pq	1218	8300	159641	159641
RATIOGATE	1.0	true	0
LADGATE	1000	10000	0.433	1
COUNTS	clay0305hfsg	1000	2910	12260	11240
RATIOGATE	1.0	true	0
LADGATE	64	10000	0.210	4
COUNTS	st_test8	64	232	2343	1964
COUNTS	gams05	17364	252910	6179750712	3259322396
RATIOGATE	1.0	true	0
LADGATE	31	10000	0.179	4
COUNTS	sporttournament08	31	156	862	862
RATIOGATE	1.0	true	0
LADGATE	1121	10000	0.354	4
COUNTS	powerflow0030p	1121	4194	24944	23642
RATIOGATE	0.9	true	0
LADGATE	22407	10000	0.893	0
COUNTS	popdynm200	22407	105584	2567878	2436690
RATIOGATE	0.4	true	0
LADGATE	11120	10000	0.849	0
COUNTS	mpbp_35	11120	40790	3037207	977650
RATIOGATE	1.0	true	0
LADGATE	1492	10000	0.417	1
COUNTS	syn30m02m	1492	3936	13752	13455
RATIOGATE	1.0	true	0
LADGATE	481	10000	0.345	4
COUNTS	wastewater13m1	481	3252	60135	60068
RATIOGATE	1.0	true	0
LADGATE	1022	10000	0.336	1
COUNTS	syn40hfsg	1022	2624	8432	8155
RATIOGATE	1.0	true	0
LADGATE	69	10000	0.201	1
COUNTS	sep1	69	206	1097	1047
RATIOGATE	1.0	true	0
LADGATE	2508	10000	0.461	1
COUNTS	syn30m03m	2508	6804	26806	26552
COUNTS	st_qpc-m3a	30	304	2330	1574
RATIOGATE	0.7	true	0
LADGATE	2644	10000	0.738	4
COUNTS	crudeoil_pooling_ct3	2644	11426	1381490	861004
RATIOGATE	1.0	true	0
LADGATE	634	10000	0.409	4
COUNTS	space25a	634	3246	29078	27875
COUNTS	autocorr_bern20-15	23	394	2784	2784
RATIOGATE	1.0	true	0
LADGATE	35	10000	0.183	4
COUNTS	ex7_2_1	35	134	352	341
RATIOGATE	0.9	true	0
LADGATE	2092	10000	0.649	1
COUNTS	hydroenergy2	2092	6236	69051	56014
RATIOGATE	0.9	true	0
LADGATE	514	10000	0.403	4
COUNTS	pooling_digabel19	514	5340	325989	276393
RATIOGATE	1.0	true	0
LADGATE	132	10000	0.234	4
COUNTS	clay0203m	132	420	1348	1348
RATIOGATE	1.0	true	0
LADGATE	13680	10000	0.366	0
COUNTS	squfl030-150	13680	36000	252605	252605

--- every order() call, slowest first (TSV) ---
secs	matrix	n	nnz	ratio
1.1272	acopf_case9241pegase_qcqp	313068	1292408	0.9737
1.0379	crudeoil_lee4_10	17809	120632	0.6253
1.0316	gabriel10	244056	1148210	0.9285
1.0049	crudeoil_lee4_09	15904	101792	0.6258
1.0007	nuclear104	39098	257806	0.7593
0.9872	arki0013	44909	160172	0.4021
0.9867	arki0016	7993	37208	0.9512
0.9691	crudeoil_lee4_06	10429	55492	0.5043
0.9388	transswitch0300p	11659	48446	0.9351
0.9362	gams05	17364	252910	0.5274
0.9290	mpbp_07	9532	30810	0.9127
0.9141	mpbp_15	9858	31692	0.8001
0.9115	mpbp_48	28368	91016	0.4772
0.8933	popdynm200	22407	105584	0.9489
0.8786	crudeoil_lee2_06	6418	34646	0.7159
0.8730	crudeoil_pooling_dt3	30660	152210	0.6919
0.8552	faclay75	272878	1379706	0.9405
0.8525	chp_partload	5211	16740	0.7353
0.8490	mpbp_35	11120	40790	0.3219
0.8476	powerflow0300p	11251	41918	0.9616
0.8259	crudeoil_pooling_ct3	2644	11426	0.6232
0.8209	pooling_sppc3pq	23173	893724	0.2822
0.8078	crudeoil_lee1_07	3670	19322	0.7465
0.8069	sfacloc2_3_80	4799	20600	0.9580
0.8028	powerflow0118p	5065	18730	0.9666
0.8006	chimera_selby-c16-01	2031	10964	0.6744
0.7927	chp_shorttermplan2d	16364	52108	0.5147
0.7909	gabriel09	21688	89702	0.8976
0.7742	chimera_selby-c16-02	2031	10878	0.5373
0.7678	rsyn0840m04m	8508	24272	0.8118
0.7639	gasprod_sarawak16	4596	15316	0.9168
0.7610	sfacloc2_4_80	5067	21424	0.9552
0.7575	mpbp_47	5310	17098	0.8927
0.7568	ringpack_30_2	17999	121458	0.2318
0.7519	gasprod_sarawak81	22536	75636	0.9135
0.7448	pinene200	19995	97990	0.8350
0.7389	rsyn0805m03m	2868	8270	0.8995
0.7343	crudeoil_pooling_dt2	18742	75910	0.6638
0.7317	nuclear10a	17493	163816	0.6766
0.7249	procurement1large	14416	41068	0.5323
0.7181	chp_shorttermplan1a	4952	15700	0.8002
0.7180	mpbp_34	11556	40860	0.2887
0.7179	mpbp_21	11716	37660	0.8615
0.7158	chimera_k64ising-02	1225	3846	0.6080
0.7063	batchs201210m	5188	17910	0.8685
0.7046	chimera_rfr-02	2032	15140	0.6451
0.6993	crudeoil_li05	4225	14628	0.7847
0.6960	popdynm25	2807	13904	0.7966
0.6795	methanol400	23999	151728	0.7208
0.6696	rsyn0810m02hfsg	2670	6964	0.9428
0.6693	multiplants_stg1b	814	3992	0.6079
0.6670	hydroenergy2	2092	6236	0.8112
0.6666	multiplants_stg1a	726	3510	0.8549
0.6610	methanol200	11999	76128	0.7019
0.6603	chimera_mgw-c16-2031-01	2032	15900	0.7814
0.6591	sporttournament48	1131	6676	0.6461
0.6521	waste	4825	21504	0.8654
0.6513	pooling_sppb5pq	18529	674470	0.4077
0.6492	multiplants_stg5	827	3804	0.4122
0.6466	pooling_sppa9tp	5040	121302	0.1602
0.6432	rsyn0815m04m	5456	15756	0.7820
0.6425	sonet24v5	874	7260	0.5940
0.6423	multiplants_stg1	736	3594	0.7853
0.6397	faclay35	26778	132380	0.9522
0.6380	batchs121208m	3404	11462	0.9332
0.6363	multiplants_stg1c	800	3894	0.9532
0.6349	nd_netgen-3000-1-1-b-b-ns_7	33155	90000	0.9599
0.6335	crudeoil_pooling_ct1	1271	4642	0.7501
0.6223	multiplants_mtg1b	645	4404	0.6627
0.6219	transswitch2383wpr	59853	277562	0.9785
0.6123	ndcc12	974	5982	0.9533
0.6064	sonet23v4	803	6462	0.6753
0.6049	nuclear25a	1942	16030	0.5629
0.5953	chimera_lga-01	1120	6400	0.7422
0.5932	ndcc13	969	5882	0.6183
0.5902	torsion50	2508	29808	0.6618
0.5895	edgecross24-115	16747	77352	0.8173
0.5868	syn40m04m	4960	13792	0.9591
0.5860	rsyn0810m04m	4772	13836	0.7829
0.5795	kall_circlespolygons_c1p5b	1681	7432	0.9608
0.5781	rsyn0820m02m	2486	6932	0.9339
0.5762	pooling_foulds5tp	1218	8364	0.6828
0.5709	transswitch2736spr	69651	331010	0.9179
0.5699	rsyn0815m02hfsg	3054	7968	0.9285
0.5687	mpbp_46	4518	14492	0.8970
0.5681	kan_r3_h1_n4	3183	14062	0.9408
0.5640	p_ball_30b_7p_2d_h	2207	7516	0.9968
0.5603	risk2bpb	1462	5396	0.5574
0.5540	rsyn0820m04m	6028	17372	0.7771
0.5521	rocket50	555	3488	0.9641
0.5520	sonet21v6	8232	40744	0.9650
0.5518	chimera_mgw-c8-439-onc8-001	440	3040	0.7522
0.5512	unitcommit_200_100_1_mod_8	146830	476332	0.9764
0.5497	chimera_mgw-c8-439-onc8-002	440	3038	0.8835
0.5468	chp_shorttermplan2a	8992	26288	0.7035
0.5383	rsyn0830m04m	7252	20752	0.8100
0.5373	gancns	548	2800	0.8502
0.5358	oil	3270	8430	0.9572
0.5336	netmod_kar1	1746	4928	0.7717
0.5327	space25a	634	3246	0.9586
0.5321	supplychainr1_022020	4620	15680	0.9999
0.5240	forest	713	2658	0.9933
0.5239	ndcc12persp	1112	5522	0.9521
0.5136	qapw	705	87496	1.0000
0.5136	pooling_sppa0pq	1649	24192	0.3297
0.5126	pooling_foulds4pq	1294	8302	0.9989
0.5092	kall_circlesrectangles_c6r39	1306	5378	0.9850
0.5091	rsyn0840m02m	3486	9576	0.9468
0.5063	maxcsp-langford-3-11	660	29646	0.3098
0.5017	korcns	156	712	0.9113
0.4994	ringpack_20_3	6709	45220	0.3584
0.4993	sporttournament18	156	886	0.7753
0.4981	tls6	413	2860	0.9474
0.4977	pooling_digabel19	514	5340	0.8479
0.4881	edgecross10-030	1053	4654	0.7406
0.4877	waternd2	615	2580	0.4806
0.4845	ex1265a	123	560	0.9498
0.4830	wastepaper4	115	724	0.7397
0.4807	ex8_3_9	123	834	0.7643
0.4805	ringpack_20_2	6089	40368	0.3779
0.4791	squfl020-150	9170	24000	1.0000
0.4775	faclay30	16678	82242	0.9552
0.4763	syn30m03m	2508	6804	0.9905
0.4761	nd_netgen-2000-3-4-b-a-ns_7	22074	60000	0.9446
0.4711	pooling_foulds5pq	1218	8300	1.0000
0.4693	powerflow0030p	1121	4194	0.9478
0.4686	slay09h	2718	7488	0.8982
0.4665	rsyn0815m	821	2242	0.9377
0.4655	pooling_sppc1pq	14100	477680	0.1683
0.4641	emfl100_5_5	21925	52300	1.0000
0.4630	sonetgr17	440	2958	0.8150
0.4606	wastewater13m1	481	3252	0.9989
0.4605	waterund01	96	404	0.7297
0.4587	squfl015-060	2775	7200	1.0000
0.4585	rsyn0830hfsg	1590	4100	0.9514
0.4558	demo7	155	618	0.9573
0.4492	p_ball_30b_5p_2d_h	1543	5224	0.9961
0.4483	powerflow0014r	403	1630	0.9628
0.4466	cont6-qq	120395	557994	0.6962
0.4463	space25	1178	4334	0.9559
0.4463	wastepaper6	191	1416	1.0000
0.4453	pooling_rt2tp	118	654	0.9864
0.4446	clay0305hfsg	1000	2910	0.9168
0.4441	blend146	1422	4460	0.8232
0.4423	waterund14	333	2204	0.3600
0.4399	arki0002	4432	11248	0.9764
0.4373	waterund11	160	828	0.7224
0.4362	wastewater05m1	98	536	0.6848
0.4348	graphpart_clique-30	120	2790	0.7961
0.4337	syn30m02m	1492	3936	0.9784
0.4336	sfacloc2_4_90	1491	4500	0.9104
0.4284	p_ball_10b_5p_2d_m	293	964	0.9848
0.4277	p_ball_10b_5p_4d_m	403	1484	0.9784
0.4266	blend718	1386	4310	0.8737
0.4263	st_rv9	90	840	0.9447
0.4263	blend721	1428	4548	0.8528
0.4249	p_ball_10b_7p_3d_h	1236	4186	0.9739
0.4242	graphpart_clique-20	80	1260	0.7985
0.4240	slay05m	240	720	1.0000
0.4210	edgecross14-156	3097	19664	0.9254
0.4200	slay08m	660	2016	1.0000
0.4188	prolog	64	292	0.9839
0.4181	st_test8	64	232	0.8382
0.4117	kissing2	20772	401024	1.0000
0.4109	squfl010-040persp	2450	7200	1.0000
0.4102	pooling_sppa9pq	5030	120730	0.6312
0.4099	sssd18-08persp	338	1168	1.0000
0.4086	pooling_adhya4pq	170	932	0.6809
0.4076	sssd20-08persp	356	1232	1.0000
0.4071	fo9_ar25_1	1049	4336	0.9177
0.4045	supplychainr1_053050	16640	57800	1.0000
0.4040	glider400	10017	49624	0.8781
0.4029	clay0203m	132	420	1.0000
0.4026	syn15m04m	1908	5288	0.9652
0.4001	edgecross10-040	1053	5116	0.8868
0.3990	clay0204m	222	704	1.0000
0.3976	graphpart_3g-0244-0244	128	672	0.9727
0.3960	primary	378	5610	0.8688
0.3952	genpooling_lee2	221	1048	0.7051
0.3925	ex1263a	94	390	1.0000
0.3921	orth_d4m6_pl	172	1096	0.9785
0.3920	slay07m	497	1512	1.0000
0.3881	chain200	601	2396	1.0000
0.3877	elf	124	376	0.7951
0.3875	o9_ar4_1	1049	4336	0.9177
0.3864	wastewater02m1	36	138	0.9316
0.3818	edgecross10-090	1053	5204	0.8181
0.3786	clay0304m	258	840	1.0000
0.3779	csched1	110	376	1.0000
0.3770	edgecross10-080	1053	5940	0.9638
0.3731	slay06m	357	1080	1.0000
0.3727	st_m2	72	1226	1.0000
0.3725	st_rv2	40	340	1.0000
0.3716	waterund08	230	1290	0.8534
0.3699	tspn08	72	668	0.6863
0.3698	catmix400	2001	11192	0.9998
0.3672	slay05h	760	2080	0.8961
0.3668	sporttournament08	31	156	1.0000
0.3667	ex7_2_1	35	134	0.9688
0.3665	squfl030-150	13680	36000	1.0000
0.3663	st_bpaf1a	30	120	0.9310
0.3656	pooling_adhya4tp	170	936	0.7667
0.3655	ex8_4_1	32	100	1.0000
0.3609	squfl010-080	2490	6400	1.0000
0.3605	syn40m04hfsg	6328	16896	0.9691
0.3583	rsyn0840m	1159	3168	0.9404
0.3548	graphpart_3g-0333-0333	108	648	0.8064
0.3546	clay0204hfsg	590	1696	0.9116
0.3544	knp5-43	2065	31132	1.0000
0.3530	catmix200	1001	5592	0.9995
0.3488	syn40hfsg	1022	2624	0.9671
0.3486	pooling_haverly1tp	31	96	0.9527
0.3485	pooling_haverly1pq	31	96	0.9782
0.3472	squfl025-030	2305	6000	1.0000
0.3423	st_jcbpaf2	36	246	0.9437
0.3372	syn40m	560	1528	0.9644
0.3356	st_e07	19	60	1.0000
0.3332	chain400	1201	4796	1.0000
0.3308	nvs05	22	84	0.9603
0.3251	maxcsp-ehi-85-297-71	2372	207996	0.8040
0.3248	graphpart_clique-70	280	14910	0.8103
0.3246	qspp_0_14_0_1_10_1	560	120274	0.9937
0.3229	st_m1	42	432	1.0000
0.3228	knp5-44	2157	32604	1.0000
0.3220	pointpack04	29	120	1.0000
0.3213	maxmin	181	1440	1.0000
0.3207	ex5_2_4	18	62	0.9461
0.3184	prob02	22	76	0.8689
0.3179	syn10m03hfsg	1071	2772	0.9921
0.3175	st_e31	301	744	0.9389
0.3130	syn10m04m	1224	3384	0.9979
0.3101	pointpack06	55	276	1.0000
0.3081	kall_diffcircles_6	76	302	1.0000
0.2950	st_ph1	16	58	0.8504
0.2930	syn15hfsg	399	1022	0.9915
0.2902	emfl050_5_5	13175	32300	1.0000
0.2867	meanvar-orl400_05_e_7	5205	174804	0.9998
0.2861	sssd25-08	401	1200	1.0000
0.2834	meanvar-orl400_05_e_8	4405	171604	1.0000
0.2793	hydroenergy1	1046	3024	1.0000
0.2760	ex6_1_4	10	48	0.7766
0.2760	lop97icx	1073	2118	0.8078
0.2734	nvs02	11	46	1.0000
0.2721	himmel11	14	60	1.0000
0.2717	ex8_1_7	14	46	0.9343
0.2681	st_bsj2	13	40	0.7972
0.2624	squfl015-080persp	7295	21600	1.0000
0.2588	st_qpk3	55	548	0.6881
0.2572	squfl025-025persp	3800	11250	1.0000
0.2570	qspp_0_13_0_1_10_1	481	88522	0.9941
0.2552	emfl100_3_3	6885	15948	1.0000
0.2451	slay04m	146	432	1.0000
0.2215	sep1	69	206	0.9544
0.2141	sssd15-04	163	440	1.0000
0.2125	hybriddynamic_fixed	168	388	1.0000
0.2116	qspp_0_10_0_1_10_1	280	29636	0.9946
0.2045	qspp_0_11_0_1_10_1	341	44264	0.9911
0.1967	ex1223	33	82	1.0000
0.1926	watercontamination0303r	1310	37028	1.0000
0.1900	tln2	32	88	1.0000
0.1867	qap	255	43748	0.9599
0.1848	ex1223b	25	66	1.0000
0.1816	ex2_1_3	31	72	1.0000
0.1815	ex1225	26	66	0.9415
0.1776	ex9_2_6	28	68	1.0000
0.1759	ex9_1_2	19	54	0.9521
0.1632	st_glmp_ss2	18	48	1.0000
0.1629	st_glmp_ss1	24	66	1.0000
0.1619	oaer	20	40	1.0000
0.1586	ex3_1_3	18	36	0.9222
0.1518	st_bpk1	16	44	0.9391
0.1509	st_ph13	23	68	0.8599
0.1348	st_pan1	11	32	0.7642
0.1317	ex9_2_4	15	36	1.0000
0.1265	ex14_1_8	11	30	1.0000
0.1223	st_ht	8	18	0.8627
0.1163	st_e22	12	30	0.9091
0.0002	polygon75	5846	49652	1.0000
0.0001	pedigree_sim400	351	23546	0.9997
0.0001	camshape400	2000	7188	1.0000
0.0000	autocorr_bern40-30	43	1534	1.0000
0.0000	smallinvDAXr1b010-011	39	1120	0.9859
0.0000	autocorr_bern35-35fix	38	1264	1.0000
0.0000	autocorr_bern30-23	33	878	1.0000
0.0000	cvxnonsep_psig30	30	870	1.0000
0.0000	autocorr_bern25-19	28	612	1.0000
0.0000	autocorr_bern20-15	23	394	1.0000
0.0000	st_qpc-m3a	30	304	0.6755
0.0000	cvxnonsep_psig20	20	380	1.0000
0.0000	nvs23	27	252	0.6356
0.0000	cvxnonsep_normcon40r	162	322	1.0000
0.0000	nvs19	24	200	0.6534
0.0000	st_iqpbk1	22	98	1.0000
0.0000	st_e25	20	92	0.7798
0.0000	cvxnonsep_psig30r	126	250	1.0000
0.0000	st_e41	8	32	1.0000
0.0000	st_e24	10	26	0.8906
0.0000	cvxnonsep_normcon20r	82	162	1.0000
0.0000	st_miqp2	10	18	1.0000
0.0000	cvxnonsep_psig20r	86	170	1.0000
matrices under 0.010s: 23/300
matrices under 0.050s: 23/300
matrices under 0.100s: 23/300
matrices under 0.200s: 43/300
matrices under 0.400s: 125/300

--- per-bucket ---
lt_1k    count=147   geomean=0.8873
1k_10k   count=108   geomean=0.8388
gt_10k   count=45    geomean=0.6857
SCORE = 0.792110
WORST order() = 1.127 s
FORCEAUDIT	stage1b_sites=39	force_fires=10	unsound=0	core_total_mismatch=0	max_drift_ppm=0	worst_incumbent=0	worst_adopted=0	tie_window_opened=0	tie_pass_run=0
test ordering::probe::probe_timing_and_score ... ok

test result: ok. 1 passed; 0 failed; 0 ignored; 0 measured; 164 filtered out; finished in 137.46s

