warning: unused doc comment
    --> candidate-worker/src/../../src/ordering/mod.rs:1200:1
     |
1200 | / /// TEST-ONLY sweep switch for the mid-size `rgreedy` stream opened by the 0154
1201 | | /// engine census. Returns `(ops_budget, gate_variant, stream_count)`; a zero
1202 | | /// budget disables the stream, which is what production compiles to — the
1203 | | /// switch can never change a submitted ordering. Configured through
1204 | | /// `SSI_MID_ENGINE="<variant>:<budget>[:<streams>]"` so one build can sweep
1205 | | /// several gate/budget points.
     | |_------------------------------^
     |   |
     |   rustdoc does not generate documentation for macro invocations
     |
     = help: to document an item produced by a macro, the macro must produce the documentation as part of its expansion
     = note: `#[warn(unused_doc_comments)]` (part of `#[warn(unused)]`) on by default

warning: unused doc comment
    --> candidate-worker/src/../../src/ordering/mod.rs:1468:1
     |
1468 | / /// TEST-ONLY kill switch for the heavy-tier arm (metrics + no-dense AMD +
1469 | | /// extra AMF α), so a probe can A/B the arm in one process.
     | |_-----------------------------------------------------------^
     |   |
     |   rustdoc does not generate documentation for macro invocations
     |
     = help: to document an item produced by a macro, the macro must produce the documentation as part of its expansion

warning: unused doc comment
   --> candidate-worker/src/../../src/ordering/parallel.rs:334:1
    |
334 | / /// TEST-ONLY switch forcing every batch onto the sequential path, so a probe
335 | | /// can run the SAME `order()` both ways in one process and compare the
336 | | /// returned permutations element by element. Production builds compile
337 | | /// [`force_sequential`] down to a constant `false`.
    | |_---------------------------------------------------^
    |   |
    |   rustdoc does not generate documentation for macro invocations
    |
    = help: to document an item produced by a macro, the macro must produce the documentation as part of its expansion

warning: unused doc comment
   --> candidate-worker/src/../../src/ordering/parallel.rs:368:1
    |
368 | / /// TEST-ONLY per-phase wall-clock marks: `phase_mark(label, t0)` appends
369 | | /// `(label, secs since t0)`; `phase_take()` drains them. Lets a probe see which
370 | | /// stage of `order()` sets a row's critical path. Never compiled into the
371 | | /// shipped binary.
    | |_------------------^
    |   |
    |   rustdoc does not generate documentation for macro invocations
    |
    = help: to document an item produced by a macro, the macro must produce the documentation as part of its expansion

warning: unused doc comment
    --> candidate-worker/src/../../src/ordering/mod.rs:5159:5
     |
5159 | /     /// ── 0192: the window is the frontier's own chain scope ─────────────────
5160 | |     /// The chain no longer reaches above n = 10 000 (see `PEO_ALT_MAX_N`), so
5161 | |     /// the draw takes over the whole band the chain used to own. Measured on the
5162 | |     /// 300 dev rows: with the window at 50 000 instead of 12 000 the draw adds
...    |
5168 | |     /// spender there), and its worst row is 1.127 s against the frontier's
5169 | |     /// 1.160 s base, so the wide band stays below the frontier's own footprint.
     | |________________________________________________________________________________^
5170 |       #[cfg(test)]
5171 | /     let window_n: usize = std::env::var("SSI_TERM_WIN_N")
5172 | |         .ok()
5173 | |         .and_then(|v| v.trim().parse::<usize>().ok())
5174 | |         .unwrap_or(50_000);
     | |___________________________- rustdoc does not generate documentation for statements
     |
     = help: use `//` for a plain comment

warning: unused doc comment
    --> candidate-worker/src/../../src/ordering/mod.rs:5346:9
     |
5346 | /         /// `nnz < 3n` = the sparse band of the 0184 price law (66 of the 300 dev
5347 | |         /// rows, all of them in-window). Structural, never per-matrix.
     | |_______________________________________________________________________^
5348 | /         let shipped_ladder = || {
5349 | |             if nnz < 3 * n {
5350 | |                 #[cfg(test)]
5351 | |                 if let Some(r) = band_rung_override("SSI_LADDER_SPARSE") {
...    |
5368 | |         };
     | |__________- rustdoc does not generate documentation for statements
     |
     = help: use `//` for a plain comment

warning: variable does not need to be mutable
    --> candidate-worker/src/../../src/ordering/probe.rs:4142:9
     |
4142 |     let mut next = |s: &mut u64| -> u64 {
     |         ----^^^^
     |         |
     |         help: remove this `mut`
     |
     = note: `#[warn(unused_mut)]` (part of `#[warn(unused)]`) on by default

warning: value assigned to `d` is never read
   --> candidate-worker/src/../../src/ordering/rgreedy.rs:396:29
    |
396 |                 let mut d = 0u32;
    |                             ^^^^
    |
    = help: maybe it is overwritten before being read?
    = note: `#[warn(unused_assignments)]` (part of `#[warn(unused)]`) on by default

warning: constant `LADDER_STRIDE_KEEP` is never used
   --> candidate-worker/src/../../src/ordering/mod.rs:605:7
    |
605 | const LADDER_STRIDE_KEEP: bool = true;
    |       ^^^^^^^^^^^^^^^^^^
    |
    = note: `#[warn(dead_code)]` (part of `#[warn(unused)]`) on by default

warning: constant `SUBTREE_MAX_N` is never used
   --> candidate-worker/src/../../src/ordering/mod.rs:832:7
    |
832 | const SUBTREE_MAX_N: usize = 250_000;
    |       ^^^^^^^^^^^^^

warning: function `refine` is never used
  --> candidate-worker/src/../../src/ordering/completion.rs:12:15
   |
12 | pub(super) fn refine(
   |               ^^^^^^

warning: type alias `PermFn` is never used
  --> candidate-worker/src/../../src/ordering/parallel.rs:80:17
   |
80 | pub(crate) type PermFn<'a> = Box<dyn Fn() -> Option<Vec<usize>> + Sync + 'a>;
   |                 ^^^^^^

warning: function `run_perms` is never used
   --> candidate-worker/src/../../src/ordering/parallel.rs:188:15
    |
188 | pub(crate) fn run_perms(
    |               ^^^^^^^^^

warning: function `accept` is never used
   --> candidate-worker/src/../../src/ordering/parallel.rs:313:15
    |
313 | pub(crate) fn accept(results: &mut [CandOut], best_flops: &mut u64, best_perm: &mut Vec<usize>) -> bool {
    |               ^^^^^^

warning: function `minl_is_clique` is never used
   --> candidate-worker/src/../../src/ordering/minl.rs:136:4
    |
136 | fn minl_is_clique(adj: &[Vec<u32>], c: &[u32], ops: &mut i64) -> bool {
    |    ^^^^^^^^^^^^^^

warning: function `minl_try_delete_edge` is never used
   --> candidate-worker/src/../../src/ordering/minl.rs:232:4
    |
232 | fn minl_try_delete_edge(
    |    ^^^^^^^^^^^^^^^^^^^^

warning: function `run_sequential_180` is never used
   --> candidate-worker/src/../../src/ordering/indep_first.rs:600:4
    |
600 | fn run_sequential_180(sp: &ScoringPattern, ledger: u64) -> Option<(u64, Vec<usize>)> {
    |    ^^^^^^^^^^^^^^^^^^

warning: function `reset` is never used
   --> candidate-worker/src/../../src/ordering/mod.rs:518:19
    |
518 |     pub(crate) fn reset() {
    |                   ^^^^^

warning: `ssi-candidate-worker` (bin "ssi-candidate-worker" test) generated 18 warnings (run `cargo fix --bin "ssi-candidate-worker" -p ssi-candidate-worker --tests` to apply 1 suggestion)
    Finished `release` profile [optimized] target(s) in 0.01s
     Running unittests src/main.rs (target/release/deps/ssi_candidate_worker-9bc17c144118ca64)

running 1 test
LADGATE	28368	10000	0.835	0
PHASES	mpbp_48	0.8358	1.portfolio=0.2362/0.4938	1b.indep=0.0851/0.4938	2.descent=0.0009/0.4938	3.search=0.0009/0.4938	4.subtree=0.1390/0.4858	4b.indep-accept=0.0010/0.4858	5.terminal=0.0080/0.4858	6.extra=0.0010/0.4858	7.telos=0.0010/0.4858	8.cleanup=0.0010/0.4858	9.reduce=0.0271/0.4858	10.completion=0.0092/0.4858	11.corecand=0.0009/0.4858	12.peo=0.0715/0.4811	13p.prep=0.0463/0.0000	13p.seeds=8.0000/0.0000	13p.rounds=18.0000/0.0000	13p.ledger=3775285.0000/0.0000	13p.recon=0.0186/0.0000	13p.mcs=0.0409/0.0000	13.alt=0.1278/0.4811	14.transplant=0.0134/0.4805	15.minl=0.1068/0.4772	15.peel=0.0008/0.4772	16.late=0.0008/0.4772	17.final=0.0079/0.4772	18.simp=0.0008/0.4772	19.five=0.0008/0.4772	20.lt1k=0.0008/0.4772	21.comp=0.0009/0.4772	22.win=0.0009/0.4772	final=0.4772
COUNTS	mpbp_48	28368	91016	33835023	16144599
PHASES	kissing2	0.4214	1.portfolio=0.0832/1.0000	1b.indep=0.1105/1.0000	2.descent=0.0018/1.0000	3.search=0.0018/1.0000	4.subtree=0.0092/1.0000	4b.indep-accept=0.0018/1.0000	5.terminal=0.0018/1.0000	6.extra=0.0017/1.0000	7.telos=0.0018/1.0000	8.cleanup=0.0018/1.0000	9.reduce=0.0590/1.0000	10.completion=0.0019/1.0000	11.corecand=0.0020/1.0000	12.peo=0.0071/1.0000	13p.prep=0.0052/0.0000	13p.seeds=1.0000/0.0000	13p.rounds=1.0000/0.0000	13p.ledger=903802.0000/0.0000	13p.recon=0.0062/0.0000	13p.mcs=0.0061/0.0000	13.alt=0.0252/1.0000	14.transplant=0.0020/1.0000	15.minl=0.0634/1.0000	15.peel=0.0019/1.0000	16.late=0.0019/1.0000	17.final=0.0021/1.0000	18.simp=0.0020/1.0000	19.five=0.0020/1.0000	20.lt1k=0.0019/1.0000	21.comp=0.0019/1.0000	22.win=0.0019/1.0000	final=1.0000
COUNTS	kissing2	20772	401024	156414018	156414018
PHASES	faclay75	0.8684	1.portfolio=0.1821/0.9405	1b.indep=0.1955/0.9405	2.descent=0.0116/0.9405	3.search=0.0112/0.9405	4.subtree=0.0113/0.9405	4b.indep-accept=0.0111/0.9405	5.terminal=0.0112/0.9405	6.extra=0.0112/0.9405	7.telos=0.0114/0.9405	8.cleanup=0.0112/0.9405	9.reduce=0.0966/0.9405	10.completion=0.0099/0.9405	11.corecand=0.0098/0.9405	12.peo=0.0099/0.9405	13p.prep=0.0000/0.0000	13p.seeds=0.0000/0.0000	13p.rounds=0.0000/0.0000	13p.ledger=0.0000/0.0000	13p.recon=0.0000/0.0000	13p.mcs=0.0000/0.0000	13.alt=0.0110/0.9405	14.transplant=0.0112/0.9405	15.minl=0.0225/0.9405	15.peel=0.0114/0.9405	16.late=0.0113/0.9405	17.final=0.0112/0.9405	18.simp=0.0113/0.9405	19.five=0.0113/0.9405	20.lt1k=0.0113/0.9405	21.comp=0.0113/0.9405	22.win=0.0112/0.9405	final=0.9405
COUNTS	faclay75	272878	1379706	3204527350	3013800414
LADGATE	11659	10000	0.834	0
PHASES	transswitch0300p	0.8341	1.portfolio=0.1546/0.9724	1b.indep=0.0353/0.9724	2.descent=0.0167/0.9724	3.search=0.0005/0.9724	4.subtree=0.1434/0.9419	4b.indep-accept=0.0005/0.9419	5.terminal=0.0055/0.9419	6.extra=0.0005/0.9419	7.telos=0.0005/0.9419	8.cleanup=0.0320/0.9411	9.reduce=0.1399/0.9411	10.completion=0.0142/0.9387	11.corecand=0.0005/0.9387	12.peo=0.0055/0.9387	13p.prep=0.0592/0.0000	13p.seeds=8.0000/0.0000	13p.rounds=33.0000/0.0000	13p.ledger=3723829.0000/0.0000	13p.recon=0.0203/0.0001	13p.mcs=0.0450/0.0000	13.alt=0.1603/0.9387	14.transplant=0.0128/0.9372	15.minl=0.0659/0.9365	15.peel=0.0005/0.9365	16.late=0.0004/0.9365	17.final=0.0070/0.9365	18.simp=0.0005/0.9365	19.five=0.0131/0.9354	20.lt1k=0.0005/0.9354	21.comp=0.0004/0.9354	22.win=0.0195/0.9354	final=0.9351
COUNTS	transswitch0300p	11659	48446	404940	378674
LADGATE	17809	10000	0.995	0
PHASES	crudeoil_lee4_10	0.9960	1.portfolio=0.4177/0.6858	1b.indep=0.1219/0.6858	2.descent=0.0012/0.6858	3.search=0.0012/0.6858	4.subtree=0.1400/0.6763	4b.indep-accept=0.0010/0.6512	5.terminal=0.0090/0.6512	6.extra=0.0011/0.6512	7.telos=0.0010/0.6512	8.cleanup=0.0011/0.6512	9.reduce=0.0931/0.6512	10.completion=0.0043/0.6512	11.corecand=0.0010/0.6512	12.peo=0.0239/0.6417	13p.prep=0.0370/0.0000	13p.seeds=8.0000/0.0000	13p.rounds=10.0000/0.0000	13p.ledger=3414409.0000/0.0000	13p.recon=0.0166/0.0000	13p.mcs=0.0377/0.0000	13.alt=0.1034/0.6417	14.transplant=0.0129/0.6278	15.minl=0.0186/0.6278	15.peel=0.0010/0.6278	16.late=0.0010/0.6278	17.final=0.0382/0.6253	18.simp=0.0011/0.6253	19.five=0.0011/0.6253	20.lt1k=0.0011/0.6253	21.comp=0.0011/0.6253	22.win=0.0011/0.6253	final=0.6253
COUNTS	crudeoil_lee4_10	17809	120632	294531623	184173410
PHASES	gabriel10	1.0148	1.portfolio=0.3686/0.9480	1b.indep=0.1474/0.9285	2.descent=0.0112/0.9285	3.search=0.0112/0.9285	4.subtree=0.0109/0.9285	4b.indep-accept=0.0121/0.9285	5.terminal=0.0113/0.9285	6.extra=0.0111/0.9285	7.telos=0.0111/0.9285	8.cleanup=0.0112/0.9285	9.reduce=0.1196/0.9285	10.completion=0.0111/0.9285	11.corecand=0.0114/0.9285	12.peo=0.0533/0.9285	13p.prep=0.0000/0.0000	13p.seeds=0.0000/0.0000	13p.rounds=0.0000/0.0000	13p.ledger=0.0000/0.0000	13p.recon=0.0000/0.0000	13p.mcs=0.0000/0.0000	13.alt=0.0113/0.9285	14.transplant=0.0112/0.9285	15.minl=0.0223/0.9285	15.peel=0.0115/0.9285	16.late=0.0113/0.9285	17.final=0.0114/0.9285	18.simp=0.0115/0.9285	19.five=0.0112/0.9285	20.lt1k=0.0111/0.9285	21.comp=0.0113/0.9285	22.win=0.0112/0.9285	final=0.9285
COUNTS	gabriel10	244056	1148210	1365442310	1267760679
PHASES	nuclear104	0.9909	1.portfolio=0.2296/1.0000	1b.indep=0.1869/1.0000	2.descent=0.0016/1.0000	3.search=0.0016/1.0000	4.subtree=0.1627/0.9933	4b.indep-accept=0.0016/0.9933	5.terminal=0.0016/0.9933	6.extra=0.0016/0.9933	7.telos=0.0017/0.9933	8.cleanup=0.0016/0.9933	9.reduce=0.1528/0.8997	10.completion=0.0018/0.8997	11.corecand=0.0016/0.8997	12.peo=0.0330/0.7846	13p.prep=0.0379/0.0000	13p.seeds=5.0000/0.0000	13p.rounds=8.0000/0.0000	13p.ledger=3510306.0000/0.0000	13p.recon=0.0180/0.0000	13p.mcs=0.0407/0.0000	13.alt=0.1141/0.7846	14.transplant=0.0111/0.7600	15.minl=0.0127/0.7600	15.peel=0.0016/0.7600	16.late=0.0016/0.7600	17.final=0.0422/0.7593	18.simp=0.0016/0.7593	19.five=0.0017/0.7593	20.lt1k=0.0016/0.7593	21.comp=0.0017/0.7593	22.win=0.0016/0.7593	final=0.7593
COUNTS	nuclear104	39098	257806	103156931	78332024
PHASES	acopf_case9241pegase_qcqp	1.1132	1.portfolio=0.2976/0.9737	1b.indep=0.2172/0.9737	2.descent=0.0173/0.9737	3.search=0.0173/0.9737	4.subtree=0.0173/0.9737	4b.indep-accept=0.0173/0.9737	5.terminal=0.0172/0.9737	6.extra=0.0174/0.9737	7.telos=0.0172/0.9737	8.cleanup=0.0172/0.9737	9.reduce=0.0907/0.9737	10.completion=0.0173/0.9737	11.corecand=0.0173/0.9737	12.peo=0.0173/0.9737	13p.prep=0.0000/0.0000	13p.seeds=0.0000/0.0000	13p.rounds=0.0000/0.0000	13p.ledger=0.0000/0.0000	13p.recon=0.0000/0.0000	13p.mcs=0.0000/0.0000	13.alt=0.0173/0.9737	14.transplant=0.0173/0.9737	15.minl=0.0346/0.9737	15.peel=0.0173/0.9737	16.late=0.0172/0.9737	17.final=0.0173/0.9737	18.simp=0.0172/0.9737	19.five=0.0173/0.9737	20.lt1k=0.0171/0.9737	21.comp=0.0173/0.9737	22.win=0.0172/0.9737	final=0.9737
COUNTS	acopf_case9241pegase_qcqp	313068	1292408	34647355	33736789
LADGATE	44909	10000	0.940	0
PHASES	arki0013	0.9417	1.portfolio=0.2122/0.6159	1b.indep=0.1375/0.4393	2.descent=0.0019/0.4393	3.search=0.0018/0.4393	4.subtree=0.1581/0.4328	4b.indep-accept=0.0020/0.4328	5.terminal=0.0137/0.4328	6.extra=0.0019/0.4328	7.telos=0.0019/0.4328	8.cleanup=0.0020/0.4328	9.reduce=0.0933/0.4328	10.completion=0.0020/0.4328	11.corecand=0.0019/0.4328	12.peo=0.0390/0.4215	13p.prep=0.0698/0.0000	13p.seeds=8.0000/0.0000	13p.rounds=12.0000/0.0000	13p.ledger=3763668.0000/0.0000	13p.recon=0.0239/0.0000	13p.mcs=0.0515/0.0000	13.alt=0.1686/0.4215	14.transplant=0.0169/0.4024	15.minl=0.0264/0.4024	15.peel=0.0019/0.4024	16.late=0.0020/0.4024	17.final=0.0495/0.4021	18.simp=0.0020/0.4021	19.five=0.0021/0.4021	20.lt1k=0.0025/0.4021	21.comp=0.0021/0.4021	22.win=0.0020/0.4021	final=0.4021
COUNTS	arki0013	44909	160172	390472987	157005417
PHASES	gams05	0.8857	1.portfolio=0.2251/0.7945	1b.indep=0.2405/0.5388	2.descent=0.0020/0.5388	3.search=0.0020/0.5388	4.subtree=0.1115/0.5276	4b.indep-accept=0.0019/0.5276	5.terminal=0.0019/0.5276	6.extra=0.0019/0.5276	7.telos=0.0020/0.5276	8.cleanup=0.0020/0.5276	9.reduce=0.1663/0.5276	10.completion=0.0019/0.5276	11.corecand=0.0020/0.5276	12.peo=0.0059/0.5276	13p.prep=0.0314/0.0000	13p.seeds=8.0000/0.0000	13p.rounds=8.0000/0.0000	13p.ledger=0.0000/0.0000	13p.recon=0.0000/0.0000	13p.mcs=0.0000/0.0000	13.alt=0.0356/0.5276	14.transplant=0.0125/0.5274	15.minl=0.0202/0.5274	15.peel=0.0020/0.5274	16.late=0.0020/0.5274	17.final=0.0125/0.5274	18.simp=0.0020/0.5274	19.five=0.0020/0.5274	20.lt1k=0.0019/0.5274	21.comp=0.0019/0.5274	22.win=0.0020/0.5274	final=0.5274
COUNTS	gams05	17364	252910	6179750712	3259322396

--- every order() call, slowest first (TSV) ---
secs	matrix	n	nnz	ratio
1.1132	acopf_case9241pegase_qcqp	313068	1292408	0.9737
1.0148	gabriel10	244056	1148210	0.9285
0.9960	crudeoil_lee4_10	17809	120632	0.6253
0.9909	nuclear104	39098	257806	0.7593
0.9417	arki0013	44909	160172	0.4021
0.8857	gams05	17364	252910	0.5274
0.8684	faclay75	272878	1379706	0.9405
0.8358	mpbp_48	28368	91016	0.4772
0.8341	transswitch0300p	11659	48446	0.9351
0.4214	kissing2	20772	401024	1.0000
matrices under 0.010s: 0/10
matrices under 0.050s: 0/10
matrices under 0.100s: 0/10
matrices under 0.200s: 0/10
matrices under 0.400s: 0/10

--- per-bucket ---
gt_10k   count=10    geomean=0.7215
SCORE = 0.721456
WORST order() = 1.113 s
FORCEAUDIT	stage1b_sites=4	force_fires=2	unsound=0	core_total_mismatch=0	max_drift_ppm=0	worst_incumbent=0	worst_adopted=0	tie_window_opened=0	tie_pass_run=0
test ordering::probe::probe_timing_and_score ... ok

test result: ok. 1 passed; 0 failed; 0 ignored; 0 measured; 164 filtered out; finished in 10.22s

