warning: unused doc comment
    --> candidate-worker/src/../../src/ordering/mod.rs:1209:1
     |
1209 | / /// TEST-ONLY sweep switch for the mid-size `rgreedy` stream opened by the 0154
1210 | | /// engine census. Returns `(ops_budget, gate_variant, stream_count)`; a zero
1211 | | /// budget disables the stream, which is what production compiles to — the
1212 | | /// switch can never change a submitted ordering. Configured through
1213 | | /// `SSI_MID_ENGINE="<variant>:<budget>[:<streams>]"` so one build can sweep
1214 | | /// several gate/budget points.
     | |_------------------------------^
     |   |
     |   rustdoc does not generate documentation for macro invocations
     |
     = help: to document an item produced by a macro, the macro must produce the documentation as part of its expansion
     = note: `#[warn(unused_doc_comments)]` (part of `#[warn(unused)]`) on by default

warning: unused doc comment
    --> candidate-worker/src/../../src/ordering/mod.rs:1477:1
     |
1477 | / /// TEST-ONLY kill switch for the heavy-tier arm (metrics + no-dense AMD +
1478 | | /// extra AMF α), so a probe can A/B the arm in one process.
     | |_-----------------------------------------------------------^
     |   |
     |   rustdoc does not generate documentation for macro invocations
     |
     = help: to document an item produced by a macro, the macro must produce the documentation as part of its expansion

warning: unused doc comment
   --> candidate-worker/src/../../src/ordering/parallel.rs:334:1
    |
334 | / /// TEST-ONLY switch forcing every batch onto the sequential path, so a probe
335 | | /// can run the SAME `order()` both ways in one process and compare the
336 | | /// returned permutations element by element. Production builds compile
337 | | /// [`force_sequential`] down to a constant `false`.
    | |_---------------------------------------------------^
    |   |
    |   rustdoc does not generate documentation for macro invocations
    |
    = help: to document an item produced by a macro, the macro must produce the documentation as part of its expansion

warning: unused doc comment
   --> candidate-worker/src/../../src/ordering/parallel.rs:368:1
    |
368 | / /// TEST-ONLY per-phase wall-clock marks: `phase_mark(label, t0)` appends
369 | | /// `(label, secs since t0)`; `phase_take()` drains them. Lets a probe see which
370 | | /// stage of `order()` sets a row's critical path. Never compiled into the
371 | | /// shipped binary.
    | |_------------------^
    |   |
    |   rustdoc does not generate documentation for macro invocations
    |
    = help: to document an item produced by a macro, the macro must produce the documentation as part of its expansion

warning: unused doc comment
    --> candidate-worker/src/../../src/ordering/mod.rs:5175:5
     |
5175 | /     /// ── 0192: the window is the frontier's own chain scope ─────────────────
5176 | |     /// The chain no longer reaches above n = 10 000 (see `PEO_ALT_MAX_N`), so
5177 | |     /// the draw takes over the whole band the chain used to own. Measured on the
5178 | |     /// 300 dev rows: with the window at 50 000 instead of 12 000 the draw adds
...    |
5184 | |     /// spender there), and its worst row is 1.127 s against the frontier's
5185 | |     /// 1.160 s base, so the wide band stays below the frontier's own footprint.
     | |________________________________________________________________________________^
5186 |       #[cfg(test)]
5187 | /     let window_n: usize = std::env::var("SSI_TERM_WIN_N")
5188 | |         .ok()
5189 | |         .and_then(|v| v.trim().parse::<usize>().ok())
5190 | |         .unwrap_or(50_000);
     | |___________________________- rustdoc does not generate documentation for statements
     |
     = help: use `//` for a plain comment

warning: unused doc comment
    --> candidate-worker/src/../../src/ordering/mod.rs:5362:9
     |
5362 | /         /// `nnz < 3n` = the sparse band of the 0184 price law (66 of the 300 dev
5363 | |         /// rows, all of them in-window). Structural, never per-matrix.
     | |_______________________________________________________________________^
5364 | /         let shipped_ladder = || {
5365 | |             if nnz < 3 * n {
5366 | |                 #[cfg(test)]
5367 | |                 if let Some(r) = band_rung_override("SSI_LADDER_SPARSE") {
...    |
5396 | |         };
     | |__________- rustdoc does not generate documentation for statements
     |
     = help: use `//` for a plain comment

warning: variable does not need to be mutable
    --> candidate-worker/src/../../src/ordering/probe.rs:4142:9
     |
4142 |     let mut next = |s: &mut u64| -> u64 {
     |         ----^^^^
     |         |
     |         help: remove this `mut`
     |
     = note: `#[warn(unused_mut)]` (part of `#[warn(unused)]`) on by default

warning: value assigned to `d` is never read
   --> candidate-worker/src/../../src/ordering/rgreedy.rs:396:29
    |
396 |                 let mut d = 0u32;
    |                             ^^^^
    |
    = help: maybe it is overwritten before being read?
    = note: `#[warn(unused_assignments)]` (part of `#[warn(unused)]`) on by default

warning: constant `LADDER_STRIDE_KEEP` is never used
   --> candidate-worker/src/../../src/ordering/mod.rs:614:7
    |
614 | const LADDER_STRIDE_KEEP: bool = true;
    |       ^^^^^^^^^^^^^^^^^^
    |
    = note: `#[warn(dead_code)]` (part of `#[warn(unused)]`) on by default

warning: constant `SUBTREE_MAX_N` is never used
   --> candidate-worker/src/../../src/ordering/mod.rs:841:7
    |
841 | const SUBTREE_MAX_N: usize = 250_000;
    |       ^^^^^^^^^^^^^

warning: function `refine` is never used
  --> candidate-worker/src/../../src/ordering/completion.rs:12:15
   |
12 | pub(super) fn refine(
   |               ^^^^^^

warning: type alias `PermFn` is never used
  --> candidate-worker/src/../../src/ordering/parallel.rs:80:17
   |
80 | pub(crate) type PermFn<'a> = Box<dyn Fn() -> Option<Vec<usize>> + Sync + 'a>;
   |                 ^^^^^^

warning: function `run_perms` is never used
   --> candidate-worker/src/../../src/ordering/parallel.rs:188:15
    |
188 | pub(crate) fn run_perms(
    |               ^^^^^^^^^

warning: function `accept` is never used
   --> candidate-worker/src/../../src/ordering/parallel.rs:313:15
    |
313 | pub(crate) fn accept(results: &mut [CandOut], best_flops: &mut u64, best_perm: &mut Vec<usize>) -> bool {
    |               ^^^^^^

warning: function `minl_is_clique` is never used
   --> candidate-worker/src/../../src/ordering/minl.rs:136:4
    |
136 | fn minl_is_clique(adj: &[Vec<u32>], c: &[u32], ops: &mut i64) -> bool {
    |    ^^^^^^^^^^^^^^

warning: function `minl_try_delete_edge` is never used
   --> candidate-worker/src/../../src/ordering/minl.rs:232:4
    |
232 | fn minl_try_delete_edge(
    |    ^^^^^^^^^^^^^^^^^^^^

warning: function `run_sequential_180` is never used
   --> candidate-worker/src/../../src/ordering/indep_first.rs:600:4
    |
600 | fn run_sequential_180(sp: &ScoringPattern, ledger: u64) -> Option<(u64, Vec<usize>)> {
    |    ^^^^^^^^^^^^^^^^^^

warning: function `reset` is never used
   --> candidate-worker/src/../../src/ordering/mod.rs:518:19
    |
518 |     pub(crate) fn reset() {
    |                   ^^^^^

warning: `ssi-candidate-worker` (bin "ssi-candidate-worker" test) generated 18 warnings (run `cargo fix --bin "ssi-candidate-worker" -p ssi-candidate-worker --tests` to apply 1 suggestion)
    Finished `release` profile [optimized] target(s) in 0.01s
     Running unittests src/main.rs (target/probe/release/deps/ssi_candidate_worker-9bc17c144118ca64)

running 1 test
test ordering::probe::probe_engine_census ... CENSUS	name	n	nnz	amd	tip	tip_s	ratio	best	best_ratio	best_s	budget	won
RATIOGATE	1.0	false	90
LADGATE	5030	10000	0.368	0
CEN2	pooling_sppa9pq	15130622	0.369	15130622:0.085	15130622:0.123	15130622:0.154	15130622:0.170
CENSUS	pooling_sppa9pq	5030	120730	23971280	15130622	0.369	0.631198	15130622	0.631198	0.000	0	0
CEN2	maxcsp-ehi-85-297-71	1110971341	0.325	1110971341:0.023	1110971341:0.046	1110971341:0.067	1110971341:0.090
CENSUS	maxcsp-ehi-85-297-71	2372	207996	1381768944	1110971341	0.325	0.804021	1110971341	0.804021	0.000	0	0
RATIOGATE	1.0	false	90
LADGATE	255	10000	0.142	0
CEN2	qap	3652461	0.142	3650113:0.062	3650113:0.125	3650113:0.199	3650113:0.269
CENSUS	qap	255	43748	3802533	3652461	0.142	0.960534	3650113	0.959916	0.062	500000000	1
RATIOGATE	0.9	true	90
LADGATE	7252	10000	0.515	1
CEN2	rsyn0830m04m	171821	0.530	171801:0.138	171801:0.302	171801:0.400	171801:0.547
CENSUS	rsyn0830m04m	7252	20752	212130	171821	0.530	0.809980	171801	0.809885	0.138	500000000	1
RATIOGATE	0.9	false	90
LADGATE	9532	10000	0.807	0
CEN2	mpbp_07	1248947	0.808	1248947:0.226	1248947:0.326	1248947:0.438	1248947:0.552
CENSUS	mpbp_07	9532	30810	1368477	1248947	0.808	0.912655	1248947	0.912655	0.000	0	0
RATIOGATE	1.0	false	90
LADGATE	7295	10000	0.252	0
CEN2	squfl015-080persp	74520	0.253	74520:0.169	74520:0.348	74520:0.487	74520:0.666
CENSUS	squfl015-080persp	7295	21600	74520	74520	0.253	1.000000	74520	1.000000	0.000	0	0
RATIOGATE	1.0	false	90
LADGATE	2157	10000	0.256	0
CEN2	knp5-44	3764003	0.256	3764003:0.134	3764003:0.270	3764003:0.405	3764003:0.539
CENSUS	knp5-44	2157	32604	3764003	3764003	0.256	1.000000	3764003	1.000000	0.000	0	0
RATIOGATE	1.0	false	90
LADGATE	4405	10000	0.191	0
CEN2	meanvar-orl400_05_e_8	21922611	0.191	21922611:0.081	21922611:0.120	21922611:0.150	21922611:0.198
CENSUS	meanvar-orl400_05_e_8	4405	171604	21923414	21922611	0.191	0.999963	21922611	0.999963	0.000	0	0
RATIOGATE	1.0	false	90
LADGATE	9170	10000	0.449	0
CEN2	squfl020-150	135020	0.449	135020:0.194	135020:0.372	135020:0.533	135020:0.677
CENSUS	squfl020-150	9170	24000	135020	135020	0.449	1.000000	135020	1.000000	0.000	0	0
RATIOGATE	0.3	true	90
LADGATE	11556	10000	0.598	0
CEN2	mpbp_34	893365	0.598	893365:0.129	890389:0.248	890389:0.389	890389:0.517
CENSUS	mpbp_34	11556	40860	3093917	893365	0.598	0.288749	890389	0.287787	0.119	500000000	1
RATIOGATE	0.9	false	90
LADGATE	11659	10000	0.812	0
CEN2	transswitch0300p	378674	0.812	378674:0.168	378674:0.326	378674:0.476	378674:0.602
CENSUS	transswitch0300p	11659	48446	404940	378674	0.812	0.935136	378674	0.935136	0.000	0	0
RATIOGATE	0.7	true	90
LADGATE	6709	10000	0.402	4
CEN2	ringpack_20_3	865627	0.526	865627:0.113	865627:0.216	865627:0.318	865627:0.458
CENSUS	ringpack_20_3	6709	45220	2415136	865627	0.526	0.358417	865627	0.358417	0.000	0	0
RATIOGATE	1.0	false	90
LADGATE	1310	10000	0.145	0
CEN2	watercontamination0303r	2171882	0.145	2171882:0.042	2171882:0.073	2171882:0.112	2171882:0.143
CENSUS	watercontamination0303r	1310	37028	2171882	2171882	0.145	1.000000	2171882	1.000000	0.000	0	0
RATIOGATE	1.0	false	90
LADGATE	5205	10000	0.183	0
CEN2	meanvar-orl400_05_e_7	21935811	0.183	21935811:0.082	21935811:0.125	21935811:0.314	21935811:0.445
CENSUS	meanvar-orl400_05_e_7	5205	174804	21939414	21935811	0.183	0.999836	21935811	0.999836	0.000	0	0
RATIOGATE	0.9	true	90
LADGATE	10017	10000	0.369	0
CEN2	glider400	327551	0.369	327551:0.080	327551:0.185	327551:0.267	327551:0.414
CENSUS	glider400	10017	49624	373018	327551	0.369	0.878110	327551	0.878110	0.000	0	0
RATIOGATE	1.0	false	90
LADGATE	705	10000	0.450	0
CEN2	qapw	12183146	0.450	12183146:0.067	12183146:0.118	12183146:0.166	12183146:0.213
CENSUS	qapw	705	87496	12183146	12183146	0.450	1.000000	12183146	1.000000	0.000	0	0
RATIOGATE	1.0	false	90
LADGATE	8232	10000	0.387	0
CEN2	sonet21v6	1585871	0.387	1585871:0.152	1585871:0.288	1585871:0.394	1585871:0.497
CENSUS	sonet21v6	8232	40744	1643311	1585871	0.387	0.965046	1585871	0.965046	0.000	0	0
RATIOGATE	1.0	false	90
LADGATE	560	10000	0.285	0
CEN2	qspp_0_14_0_1_10_1	16038266	0.286	16038260:0.003	16021109:0.007	16017111:0.010	16017111:0.014
CENSUS	qspp_0_14_0_1_10_1	560	120274	16119226	16038266	0.286	0.994977	16017111	0.993665	0.003	500000000	1
RATIOGATE	1.0	false	90
LADGATE	6885	10000	0.217	0
CEN2	emfl100_3_3	55506	0.217	55506:0.247	55506:0.357	55506:0.554	55506:0.735
CENSUS	emfl100_3_3	6885	15948	55506	55506	0.217	1.000000	55506	1.000000	0.000	0	0
CEN2	polygon75	1171822	0.000	1171822:0.188	1171822:0.216	1171822:0.246	1171822:0.291
CENSUS	polygon75	5846	49652	1171822	1171822	0.000	1.000000	1171822	1.000000	0.000	0	0
RATIOGATE	1.0	false	90
LADGATE	481	10000	0.217	0
CEN2	qspp_0_13_0_1_10_1	10097446	0.217	10097446:0.008	10095353:0.015	10095353:0.021	10095353:0.029
CENSUS	qspp_0_13_0_1_10_1	481	88522	10150185	10097446	0.217	0.994804	10095353	0.994598	0.006	500000000	1
RATIOGATE	1.0	false	90
LADGATE	11251	10000	0.783	0
CEN2	powerflow0300p	293009	0.783	292481:0.125	292481:0.251	292481:0.336	292481:0.451
CENSUS	powerflow0300p	11251	41918	304705	293009	0.783	0.961615	292481	0.959883	0.125	500000000	1
RATIOGATE	0.7	true	90
LADGATE	6089	10000	0.375	4
CEN2	ringpack_20_2	707413	0.478	707413:0.097	707413:0.192	707413:0.320	707413:0.411
CENSUS	ringpack_20_2	6089	40368	1872174	707413	0.478	0.377856	707413	0.377856	0.000	0	0
RATIOGATE	0.6	true	90
LADGATE	10429	10000	0.942	0
CEN2	crudeoil_lee4_06	32948139	0.942	32858391:0.049	32858391:0.095	32858391:0.135	32858391:0.180
CENSUS	crudeoil_lee4_06	10429	55492	65337120	32948139	0.942	0.504279	32858391	0.502905	0.049	500000000	1
RATIOGATE	0.8	true	90
LADGATE	6028	10000	0.552	1
CEN2	rsyn0820m04m	152996	0.565	152992:0.145	152992:0.277	152992:0.385	152992:0.550
CENSUS	rsyn0820m04m	6028	17372	196890	152996	0.565	0.777063	152992	0.777043	0.145	500000000	1
RATIOGATE	0.8	true	90
LADGATE	6418	10000	0.832	4
CEN2	crudeoil_lee2_06	16680943	0.888	16680943:0.041	16680943:0.096	16680943:0.138	16680943:0.162
CENSUS	crudeoil_lee2_06	6418	34646	23299675	16680943	0.888	0.715930	16680943	0.715930	0.000	0	0
RATIOGATE	0.9	true	90
LADGATE	8508	10000	0.753	1
CEN2	rsyn0840m04m	186634	0.774	186630:0.145	186630:0.254	185811:0.386	185811:0.528
CENSUS	rsyn0840m04m	8508	24272	229914	186634	0.774	0.811756	185811	0.808176	0.132	500000000	1
RATIOGATE	0.9	true	90
LADGATE	11716	10000	0.738	0
CEN2	mpbp_21	1456963	0.738	1456963:0.207	1456963:0.307	1456963:0.425	1456963:0.575
CENSUS	mpbp_21	11716	37660	1691114	1456963	0.738	0.861540	1456963	0.861540	0.000	0	0
RATIOGATE	1.0	false	90
LADGATE	2065	10000	0.267	0
CEN2	knp5-43	3517788	0.267	3517788:0.119	3517788:0.238	3517788:0.357	3517788:0.475
CENSUS	knp5-43	2065	31132	3517788	3517788	0.267	1.000000	3517788	1.000000	0.000	0	0
RATIOGATE	1.0	false	90
LADGATE	341	10000	0.179	0
CEN2	qspp_0_11_0_1_10_1	3537346	0.179	3531915:0.018	3531915:0.050	3531915:0.076	3531915:0.106
CENSUS	qspp_0_11_0_1_10_1	341	44264	3563707	3537346	0.179	0.992603	3531915	0.991079	0.018	500000000	1
RATIOGATE	1.0	false	90
LADGATE	8992	10000	0.528	0
CEN2	chp_shorttermplan2a	577543	0.528	577543:0.043	577543:0.131	577543:0.184	577543:0.327
CENSUS	chp_shorttermplan2a	8992	26288	821014	577543	0.528	0.703451	577543	0.703451	0.000	0	0
RATIOGATE	0.4	true	90
LADGATE	5040	10000	0.619	4
CEN2	pooling_sppa9tp	16762686	0.658	16663741:0.040	16663741:0.056	16663741:0.142	16663741:0.158
CENSUS	pooling_sppa9tp	5040	121302	104609262	16762686	0.658	0.160241	16663741	0.159295	0.040	500000000	1
RATIOGATE	0.8	true	90
LADGATE	9858	10000	0.733	4
CEN2	mpbp_15	1197372	0.861	1194840:0.124	1193057:0.228	1193057:0.334	1193057:0.503
CENSUS	mpbp_15	9858	31692	1496502	1197372	0.861	0.800114	1193057	0.797230	0.104	500000000	1
RATIOGATE	1.0	false	90
LADGATE	11999	10000	0.659	0
CEN2	methanol200	905976	0.659	905976:0.079	905976:0.181	905976:0.308	905976:0.376
CENSUS	methanol200	11999	76128	1290836	905976	0.659	0.701852	905976	0.701852	0.000	0	0
RATIOGATE	1.0	false	90
LADGATE	7993	10000	0.871	0
CEN2	arki0016	836006	0.872	836006:0.109	836006:0.207	836006:0.313	836006:0.443
CENSUS	arki0016	7993	37208	878890	836006	0.872	0.951207	836006	0.951207	0.000	0	0
RATIOGATE	1.0	false	90
LADGATE	6328	10000	0.341	0
CEN2	syn40m04hfsg	73873	0.341	73873:0.152	73873:0.331	73873:0.455	73873:0.631
CENSUS	syn40m04hfsg	6328	16896	76232	73873	0.341	0.969055	73873	0.969055	0.000	0	0
RATIOGATE	0.4	true	90
LADGATE	11120	10000	0.778	0
CEN2	mpbp_35	977650	0.778	977650:0.088	977650:0.248	977650:0.407	977650:0.530
CENSUS	mpbp_35	11120	40790	3037207	977650	0.778	0.321891	977650	0.321891	0.000	0	0

ENGINE-CENSUS rows=37 wins=12 of the engine-affordable ungated class
lt_1k    count=5    geomean_now=0.9885 geomean_with_engine=0.9877
1k_10k   count=24   geomean_now=0.7692 geomean_with_engine=0.7687
gt_10k   count=8    geomean_now=0.6219 geomean_with_engine=0.6213
CLASS_SCORE now=0.776069 with-engine=0.775470 (delta -6.00 bips on this class)
LEVEL	k=0	budget=500000000	wins=10/37	added_total_s=4.0	mean_added=0.107	worst_tip_plus_added=1.033
LEVEL	k=1	budget=500000000	wins=12/37	added_total_s=7.3	mean_added=0.199	worst_tip_plus_added=1.138
LEVEL	k=2	budget=500000000	wins=12/37	added_total_s=10.8	mean_added=0.292	worst_tip_plus_added=1.288
LEVEL	k=3	budget=500000000	wins=12/37	added_total_s=14.5	mean_added=0.391	worst_tip_plus_added=1.414
ok

test result: ok. 1 passed; 0 failed; 0 ignored; 0 measured; 164 filtered out; finished in 32.97s

