warning: unused doc comment
    --> candidate-worker/src/../../src/ordering/mod.rs:1209:1
     |
1209 | / /// TEST-ONLY sweep switch for the mid-size `rgreedy` stream opened by the 0154
1210 | | /// engine census. Returns `(ops_budget, gate_variant, stream_count)`; a zero
1211 | | /// budget disables the stream, which is what production compiles to — the
1212 | | /// switch can never change a submitted ordering. Configured through
1213 | | /// `SSI_MID_ENGINE="<variant>:<budget>[:<streams>]"` so one build can sweep
1214 | | /// several gate/budget points.
     | |_------------------------------^
     |   |
     |   rustdoc does not generate documentation for macro invocations
     |
     = help: to document an item produced by a macro, the macro must produce the documentation as part of its expansion
     = note: `#[warn(unused_doc_comments)]` (part of `#[warn(unused)]`) on by default

warning: unused doc comment
    --> candidate-worker/src/../../src/ordering/mod.rs:1477:1
     |
1477 | / /// TEST-ONLY kill switch for the heavy-tier arm (metrics + no-dense AMD +
1478 | | /// extra AMF α), so a probe can A/B the arm in one process.
     | |_-----------------------------------------------------------^
     |   |
     |   rustdoc does not generate documentation for macro invocations
     |
     = help: to document an item produced by a macro, the macro must produce the documentation as part of its expansion

warning: unused doc comment
   --> candidate-worker/src/../../src/ordering/parallel.rs:334:1
    |
334 | / /// TEST-ONLY switch forcing every batch onto the sequential path, so a probe
335 | | /// can run the SAME `order()` both ways in one process and compare the
336 | | /// returned permutations element by element. Production builds compile
337 | | /// [`force_sequential`] down to a constant `false`.
    | |_---------------------------------------------------^
    |   |
    |   rustdoc does not generate documentation for macro invocations
    |
    = help: to document an item produced by a macro, the macro must produce the documentation as part of its expansion

warning: unused doc comment
   --> candidate-worker/src/../../src/ordering/parallel.rs:368:1
    |
368 | / /// TEST-ONLY per-phase wall-clock marks: `phase_mark(label, t0)` appends
369 | | /// `(label, secs since t0)`; `phase_take()` drains them. Lets a probe see which
370 | | /// stage of `order()` sets a row's critical path. Never compiled into the
371 | | /// shipped binary.
    | |_------------------^
    |   |
    |   rustdoc does not generate documentation for macro invocations
    |
    = help: to document an item produced by a macro, the macro must produce the documentation as part of its expansion

warning: unused doc comment
    --> candidate-worker/src/../../src/ordering/mod.rs:5175:5
     |
5175 | /     /// ── 0192: the window is the frontier's own chain scope ─────────────────
5176 | |     /// The chain no longer reaches above n = 10 000 (see `PEO_ALT_MAX_N`), so
5177 | |     /// the draw takes over the whole band the chain used to own. Measured on the
5178 | |     /// 300 dev rows: with the window at 50 000 instead of 12 000 the draw adds
...    |
5184 | |     /// spender there), and its worst row is 1.127 s against the frontier's
5185 | |     /// 1.160 s base, so the wide band stays below the frontier's own footprint.
     | |________________________________________________________________________________^
5186 |       #[cfg(test)]
5187 | /     let window_n: usize = std::env::var("SSI_TERM_WIN_N")
5188 | |         .ok()
5189 | |         .and_then(|v| v.trim().parse::<usize>().ok())
5190 | |         .unwrap_or(50_000);
     | |___________________________- rustdoc does not generate documentation for statements
     |
     = help: use `//` for a plain comment

warning: unused doc comment
    --> candidate-worker/src/../../src/ordering/mod.rs:5362:9
     |
5362 | /         /// `nnz < 3n` = the sparse band of the 0184 price law (66 of the 300 dev
5363 | |         /// rows, all of them in-window). Structural, never per-matrix.
     | |_______________________________________________________________________^
5364 | /         let shipped_ladder = || {
5365 | |             if nnz < 3 * n {
5366 | |                 #[cfg(test)]
5367 | |                 if let Some(r) = band_rung_override("SSI_LADDER_SPARSE") {
...    |
5396 | |         };
     | |__________- rustdoc does not generate documentation for statements
     |
     = help: use `//` for a plain comment

warning: variable does not need to be mutable
    --> candidate-worker/src/../../src/ordering/probe.rs:4142:9
     |
4142 |     let mut next = |s: &mut u64| -> u64 {
     |         ----^^^^
     |         |
     |         help: remove this `mut`
     |
     = note: `#[warn(unused_mut)]` (part of `#[warn(unused)]`) on by default

warning: value assigned to `d` is never read
   --> candidate-worker/src/../../src/ordering/rgreedy.rs:396:29
    |
396 |                 let mut d = 0u32;
    |                             ^^^^
    |
    = help: maybe it is overwritten before being read?
    = note: `#[warn(unused_assignments)]` (part of `#[warn(unused)]`) on by default

warning: constant `LADDER_STRIDE_KEEP` is never used
   --> candidate-worker/src/../../src/ordering/mod.rs:614:7
    |
614 | const LADDER_STRIDE_KEEP: bool = true;
    |       ^^^^^^^^^^^^^^^^^^
    |
    = note: `#[warn(dead_code)]` (part of `#[warn(unused)]`) on by default

warning: constant `SUBTREE_MAX_N` is never used
   --> candidate-worker/src/../../src/ordering/mod.rs:841:7
    |
841 | const SUBTREE_MAX_N: usize = 250_000;
    |       ^^^^^^^^^^^^^

warning: function `refine` is never used
  --> candidate-worker/src/../../src/ordering/completion.rs:12:15
   |
12 | pub(super) fn refine(
   |               ^^^^^^

warning: type alias `PermFn` is never used
  --> candidate-worker/src/../../src/ordering/parallel.rs:80:17
   |
80 | pub(crate) type PermFn<'a> = Box<dyn Fn() -> Option<Vec<usize>> + Sync + 'a>;
   |                 ^^^^^^

warning: function `run_perms` is never used
   --> candidate-worker/src/../../src/ordering/parallel.rs:188:15
    |
188 | pub(crate) fn run_perms(
    |               ^^^^^^^^^

warning: function `accept` is never used
   --> candidate-worker/src/../../src/ordering/parallel.rs:313:15
    |
313 | pub(crate) fn accept(results: &mut [CandOut], best_flops: &mut u64, best_perm: &mut Vec<usize>) -> bool {
    |               ^^^^^^

warning: function `minl_is_clique` is never used
   --> candidate-worker/src/../../src/ordering/minl.rs:136:4
    |
136 | fn minl_is_clique(adj: &[Vec<u32>], c: &[u32], ops: &mut i64) -> bool {
    |    ^^^^^^^^^^^^^^

warning: function `minl_try_delete_edge` is never used
   --> candidate-worker/src/../../src/ordering/minl.rs:232:4
    |
232 | fn minl_try_delete_edge(
    |    ^^^^^^^^^^^^^^^^^^^^

warning: function `run_sequential_180` is never used
   --> candidate-worker/src/../../src/ordering/indep_first.rs:600:4
    |
600 | fn run_sequential_180(sp: &ScoringPattern, ledger: u64) -> Option<(u64, Vec<usize>)> {
    |    ^^^^^^^^^^^^^^^^^^

warning: function `reset` is never used
   --> candidate-worker/src/../../src/ordering/mod.rs:518:19
    |
518 |     pub(crate) fn reset() {
    |                   ^^^^^

warning: `ssi-candidate-worker` (bin "ssi-candidate-worker" test) generated 18 warnings (run `cargo fix --bin "ssi-candidate-worker" -p ssi-candidate-worker --tests` to apply 1 suggestion)
    Finished `release` profile [optimized] target(s) in 0.01s
     Running unittests src/main.rs (target/probe/release/deps/ssi_candidate_worker-9bc17c144118ca64)

running 1 test
test ordering::probe::probe_timing_and_score ... RATIOGATE	1.0	false	90
LADGATE	357	10000	0.229	0
FANGATE	357	false	3	4025
COUNTS	slay06m	357	1080	4025	4025
RATIOGATE	1.0	false	90
LADGATE	401	10000	0.261	0
FANGATE	401	false	3	5389
COUNTS	sssd25-08	401	1200	5389	5389
RATIOGATE	0.9	true	90
LADGATE	4772	10000	0.578	1
FANGATE	4772	false	3	115517
COUNTS	rsyn0810m04m	4772	13836	147553	115517
COUNTS	pooling_sppc3pq	23173	893724	1153877333	325595394
RATIOGATE	0.9	false	90
LADGATE	1131	10000	0.534	0
FANGATE	1131	false	3	594138
COUNTS	sporttournament48	1131	6676	919582	594138
RATIOGATE	1.0	false	90
LADGATE	5030	10000	0.388	0
FANGATE	5030	true	3	15130622
COUNTS	pooling_sppa9pq	5030	120730	23971280	15130622
RATIOGATE	1.0	false	90
LADGATE	1053	10000	0.290	0
FANGATE	1053	false	3	103179
COUNTS	edgecross10-090	1053	5204	126115	103179
COUNTS	maxcsp-ehi-85-297-71	2372	207996	1381768944	1110971341
RATIOGATE	1.0	false	90
LADGATE	30	10000	0.172	0
FANGATE	30	false	3	580
COUNTS	st_bpaf1a	30	120	623	580
RATIOGATE	0.8	true	90
LADGATE	1462	10000	0.444	4
FANGATE	1462	false	3	66041
COUNTS	risk2bpb	1462	5396	118471	66041
RATIOGATE	1.0	false	90
LADGATE	255	10000	0.158	0
FANGATE	255	true	3	3652461
COUNTS	qap	255	43748	3802533	3650113
RATIOGATE	0.9	true	90
LADGATE	7252	10000	0.509	1
FANGATE	7252	true	3	171821
COUNTS	rsyn0830m04m	7252	20752	212130	166388
RATIOGATE	0.9	false	90
LADGATE	1073	10000	0.270	0
FANGATE	1073	false	3	64044
COUNTS	lop97icx	1073	2118	79286	64044
RATIOGATE	1.0	false	90
LADGATE	1201	10000	0.216	0
FANGATE	1201	false	3	16382
COUNTS	chain400	1201	4796	16382	16382
RATIOGATE	0.9	false	90
LADGATE	9532	10000	0.744	0
FANGATE	9532	true	3	1248947
COUNTS	mpbp_07	9532	30810	1368477	1248947
RATIOGATE	1.0	false	90
LADGATE	440	10000	0.337	0
FANGATE	440	false	3	30971
COUNTS	sonetgr17	440	2958	37814	30971
RATIOGATE	1.0	false	90
LADGATE	2207	10000	0.407	0
FANGATE	2207	false	3	42319
COUNTS	p_ball_30b_7p_2d_h	2207	7516	42456	42319
RATIOGATE	0.9	true	90
LADGATE	19995	10000	0.739	0
FANGATE	19995	false	3	1134463
COUNTS	pinene200	19995	97990	1358716	1134463
COUNTS	unitcommit_200_100_1_mod_8	146830	476332	3053940	2981835
RATIOGATE	1.0	false	90
LADGATE	123	10000	0.312	0
FANGATE	123	false	3	11503
COUNTS	ex8_3_9	123	834	15050	11503
RATIOGATE	1.0	false	90
LADGATE	2486	10000	0.550	0
FANGATE	2486	false	3	35665
COUNTS	rsyn0820m02m	2486	6932	38190	35665
RATIOGATE	1.0	false	90
LADGATE	293	10000	0.273	0
FANGATE	293	false	3	6547
COUNTS	p_ball_10b_5p_2d_m	293	964	6648	6547
RATIOGATE	0.9	true	90
LADGATE	170	10000	0.215	4
FANGATE	170	false	3	20581
COUNTS	pooling_adhya4tp	170	936	26842	20581
RATIOGATE	1.0	false	90
LADGATE	7295	10000	0.244	0
FANGATE	7295	true	3	74520
COUNTS	squfl015-080persp	7295	21600	74520	74520
RATIOGATE	1.0	false	90
LADGATE	1053	10000	0.294	0
FANGATE	1053	false	3	164639
COUNTS	edgecross10-080	1053	5940	170814	164639
RATIOGATE	1.0	false	90
LADGATE	590	10000	0.329	0
FANGATE	590	false	3	6562
COUNTS	clay0204hfsg	590	1696	7198	6562
RATIOGATE	1.0	false	90
LADGATE	13	10000	0.115	0
FANGATE	13	false	3	114
COUNTS	st_bsj2	13	40	143	114
RATIOGATE	1.0	false	90
LADGATE	440	10000	0.404	0
FANGATE	440	false	3	86464
COUNTS	chimera_mgw-c8-439-onc8-002	440	3038	97870	86464
RATIOGATE	0.9	false	90
LADGATE	5188	10000	0.572	0
FANGATE	5188	false	3	303381
COUNTS	batchs201210m	5188	17910	349298	303381
RATIOGATE	0.8	true	90
LADGATE	5456	10000	0.615	1
FANGATE	5456	false	3	144170
COUNTS	rsyn0815m04m	5456	15756	184352	144170
RATIOGATE	1.0	false	90
LADGATE	560	10000	0.323	0
FANGATE	560	false	3	4829
COUNTS	syn40m	560	1528	5007	4829
RATIOGATE	1.0	false	90
LADGATE	2157	10000	0.254	0
FANGATE	2157	true	3	3764003
COUNTS	knp5-44	2157	32604	3764003	3764003
RATIOGATE	1.0	false	90
LADGATE	94	10000	0.196	0
FANGATE	94	false	3	2098
COUNTS	ex1263a	94	390	2098	2098
COUNTS	st_e41	8	32	88	88
RATIOGATE	1.0	false	90
LADGATE	2305	10000	0.326	0
FANGATE	2305	false	3	42305
COUNTS	squfl025-030	2305	6000	42305	42305
RATIOGATE	0.8	true	90
LADGATE	98	10000	0.244	4
FANGATE	98	false	3	8005
COUNTS	wastewater05m1	98	536	11690	8005
COUNTS	cvxnonsep_psig20	20	380	2870	2870
RATIOGATE	1.0	false	90
LADGATE	4405	10000	0.188	0
FANGATE	4405	true	3	21922611
COUNTS	meanvar-orl400_05_e_8	4405	171604	21923414	21922611
RATIOGATE	1.0	false	90
LADGATE	301	10000	0.305	0
FANGATE	301	false	3	4257
COUNTS	st_e31	301	744	4534	4257
COUNTS	pooling_sppc1pq	14100	477680	812210652	136686008
RATIOGATE	1.0	false	90
LADGATE	31	10000	0.167	0
FANGATE	31	false	3	403
COUNTS	pooling_haverly1pq	31	96	412	403
RATIOGATE	1.0	false	90
LADGATE	128	10000	0.238	0
FANGATE	128	false	3	32534
COUNTS	graphpart_3g-0244-0244	128	672	33446	32534
RATIOGATE	0.9	false	90
LADGATE	80	10000	0.246	0
FANGATE	80	false	3	27856
COUNTS	graphpart_clique-20	80	1260	34885	27856
RATIOGATE	0.9	true	90
LADGATE	28368	10000	0.918	0
FANGATE	28368	false	3	16144599
COUNTS	mpbp_48	28368	91016	33835023	16144599
COUNTS	pooling_sppb5pq	18529	674470	523815053	213571545
RATIOGATE	1.0	false	90
LADGATE	497	10000	0.259	0
FANGATE	497	false	3	5740
COUNTS	slay07m	497	1512	5740	5740
COUNTS	nvs19	24	200	1353	884
RATIOGATE	1.0	false	90
LADGATE	3270	10000	0.535	0
FANGATE	3270	false	3	34760
COUNTS	oil	3270	8430	36313	34760
RATIOGATE	1.0	false	90
LADGATE	2775	10000	0.441	0
FANGATE	2775	false	3	36400
COUNTS	squfl015-060	2775	7200	36400	36400
RATIOGATE	1.0	false	90
LADGATE	1112	10000	0.417	0
FANGATE	1112	false	3	284793
COUNTS	ndcc12persp	1112	5522	299115	284793
COUNTS	kissing2	20772	401024	156414018	156414018
RATIOGATE	0.8	true	90
LADGATE	1942	10000	0.526	4
FANGATE	1942	false	3	1112952
COUNTS	nuclear25a	1942	16030	1977163	1112952
RATIOGATE	1.0	false	90
LADGATE	222	10000	0.228	0
FANGATE	222	false	3	2330
COUNTS	clay0204m	222	704	2330	2330
RATIOGATE	1.0	false	90
LADGATE	23	10000	0.130	0
FANGATE	23	false	3	178
COUNTS	st_ph13	23	68	207	178
RATIOGATE	1.0	false	90
LADGATE	1053	10000	0.370	0
FANGATE	1053	false	3	100608
COUNTS	edgecross10-030	1053	4654	135854	100608
RATIOGATE	1.0	false	90
LADGATE	601	10000	0.256	0
FANGATE	601	false	3	8182
COUNTS	chain200	601	2396	8182	8182
RATIOGATE	1.0	false	90
LADGATE	25	10000	0.163	0
FANGATE	25	false	3	178
COUNTS	ex1223b	25	66	178	178
RATIOGATE	1.0	false	90
LADGATE	2718	10000	0.444	0
FANGATE	2718	false	3	32385
COUNTS	slay09h	2718	7488	36057	32385
RATIOGATE	1.0	false	90
LADGATE	974	10000	0.520	0
FANGATE	974	false	3	329556
COUNTS	ndcc12	974	5982	345696	329556
RATIOGATE	1.0	false	90
LADGATE	1306	10000	0.398	0
FANGATE	1306	false	3	74610
COUNTS	kall_circlesrectangles_c6r39	1306	5378	75744	74610
RATIOGATE	1.0	false	90
LADGATE	9170	10000	0.453	0
FANGATE	9170	true	3	135020
COUNTS	squfl020-150	9170	24000	135020	135020
COUNTS	autocorr_bern40-30	43	1534	20034	20034
RATIOGATE	1.0	false	90
LADGATE	660	10000	0.288	0
FANGATE	660	false	3	7796
COUNTS	slay08m	660	2016	7796	7796
RATIOGATE	0.8	true	90
LADGATE	2032	10000	0.619	4
FANGATE	2032	false	3	2600520
COUNTS	chimera_mgw-c16-2031-01	2032	15900	3328073	2600520
RATIOGATE	1.0	false	90
LADGATE	713	10000	0.391	0
FANGATE	713	false	3	10543
COUNTS	forest	713	2658	10614	10543
RATIOGATE	1.0	false	90
LADGATE	280	10000	0.191	0
FANGATE	280	false	3	1932414
COUNTS	qspp_0_10_0_1_10_1	280	29636	1942907	1932414
RATIOGATE	1.0	false	90
LADGATE	16	10000	0.136	0
FANGATE	16	false	3	233
COUNTS	st_ph1	16	58	274	233
RATIOGATE	0.9	true	90
LADGATE	124	10000	0.194	4
FANGATE	124	false	3	2173
COUNTS	elf	124	376	2733	2173
RATIOGATE	1.0	false	90
LADGATE	18	10000	0.137	0
FANGATE	18	false	3	83
COUNTS	ex3_1_3	18	36	90	83
COUNTS	cvxnonsep_normcon40r	162	322	645	645
RATIOGATE	1.0	false	90
LADGATE	155	10000	0.272	0
FANGATE	155	false	3	3426
COUNTS	demo7	155	618	3579	3426
RATIOGATE	1.0	false	90
LADGATE	615	10000	0.368	0
FANGATE	615	false	3	74817
COUNTS	waternd2	615	2580	155674	74817
RATIOGATE	1.0	false	90
LADGATE	64	10000	0.215	0
FANGATE	64	false	3	1225
COUNTS	prolog	64	292	1245	1225
RATIOGATE	1.0	false	90
LADGATE	11	10000	0.107	0
FANGATE	11	false	3	80
COUNTS	ex14_1_8	11	30	80	80
COUNTS	faclay75	272878	1379706	3204527350	3013800414
RATIOGATE	1.0	false	90
LADGATE	55	10000	0.135	0
FANGATE	55	false	3	3762
COUNTS	st_qpk3	55	548	5467	3762
RATIOGATE	0.3	true	90
LADGATE	11556	10000	0.724	0
FANGATE	11556	true	3	893365
COUNTS	mpbp_34	11556	40860	3093917	890389
COUNTS	cvxnonsep_normcon20r	82	162	325	325
COUNTS	cvxnonsep_psig20r	86	170	341	341
RATIOGATE	0.7	true	90
LADGATE	18742	10000	0.739	0
FANGATE	18742	false	3	9947932
COUNTS	crudeoil_pooling_dt2	18742	75910	14985540	9947932
RATIOGATE	0.9	false	90
LADGATE	2868	10000	0.723	0
FANGATE	2868	false	3	54853
COUNTS	rsyn0805m03m	2868	8270	60979	54853
COUNTS	st_iqpbk1	22	98	295	295
RATIOGATE	1.0	false	90
LADGATE	96	10000	0.267	0
FANGATE	96	false	3	3317
COUNTS	waterund01	96	404	4546	3317
RATIOGATE	1.0	false	90
LADGATE	29	10000	0.156	0
FANGATE	29	false	3	577
COUNTS	pointpack04	29	120	577	577
RATIOGATE	1.0	false	90
LADGATE	12	10000	0.098	0
FANGATE	12	false	3	70
COUNTS	st_e22	12	30	77	70
RATIOGATE	1.0	false	90
LADGATE	16678	10000	0.488	0
FANGATE	16678	false	3	12850431
COUNTS	faclay30	16678	82242	13452923	12850431
RATIOGATE	1.0	false	90
LADGATE	4432	10000	0.424	0
FANGATE	4432	false	3	667374
COUNTS	arki0002	4432	11248	683476	667374
RATIOGATE	0.9	false	90
LADGATE	11659	10000	0.925	0
FANGATE	11659	true	3	378674
COUNTS	transswitch0300p	11659	48446	404940	378674
RATIOGATE	0.7	true	90
LADGATE	30660	10000	0.869	0
FANGATE	30660	false	3	33883414
COUNTS	crudeoil_pooling_dt3	30660	152210	48975085	33883414
RATIOGATE	0.9	false	90
LADGATE	22536	10000	0.767	0
FANGATE	22536	false	3	941231
COUNTS	gasprod_sarawak81	22536	75636	1030380	941231
RATIOGATE	0.4	true	90
LADGATE	660	10000	0.416	4
FANGATE	660	false	3	10360919
COUNTS	maxcsp-langford-3-11	660	29646	33444033	10360919
RATIOGATE	1.0	false	90
LADGATE	1543	10000	0.338	0
FANGATE	1543	false	3	25742
COUNTS	p_ball_30b_5p_2d_h	1543	5224	25843	25742
RATIOGATE	0.7	true	90
LADGATE	6709	10000	0.382	4
FANGATE	6709	true	3	865627
COUNTS	ringpack_20_3	6709	45220	2415136	865627
RATIOGATE	0.9	true	90
LADGATE	4825	10000	0.565	4
FANGATE	4825	false	3	1270649
COUNTS	waste	4825	21504	1468261	1270649
RATIOGATE	1.0	false	90
LADGATE	2001	10000	0.242	0
FANGATE	2001	false	3	36364
COUNTS	catmix400	2001	11192	36373	36364
RATIOGATE	0.9	false	90
LADGATE	3054	10000	0.552	0
FANGATE	3054	false	3	41416
COUNTS	rsyn0815m02hfsg	3054	7968	44604	41416
RATIOGATE	1.0	false	90
LADGATE	1236	10000	0.305	0
FANGATE	1236	false	3	23744
COUNTS	p_ball_10b_7p_3d_h	1236	4186	24380	23744
RATIOGATE	0.8	true	90
LADGATE	1225	10000	0.597	4
FANGATE	1225	false	3	372954
COUNTS	chimera_k64ising-02	1225	3846	613390	372954
RATIOGATE	0.9	false	90
LADGATE	3404	10000	0.489	0
FANGATE	3404	false	3	128816
COUNTS	batchs121208m	3404	11462	138030	128816
RATIOGATE	1.0	false	90
LADGATE	11	10000	0.106	0
FANGATE	11	false	3	142
COUNTS	nvs02	11	46	142	142
RATIOGATE	1.0	false	90
LADGATE	191	10000	0.265	0
FANGATE	191	false	3	16611
COUNTS	wastepaper6	191	1416	16611	16611
RATIOGATE	1.0	false	90
LADGATE	399	10000	0.274	0
FANGATE	399	false	3	3272
COUNTS	syn15hfsg	399	1022	3300	3272
RATIOGATE	1.0	false	90
LADGATE	36	10000	0.165	0
FANGATE	36	false	3	1543
COUNTS	st_jcbpaf2	36	246	1635	1543
COUNTS	camshape400	2000	7188	16768	16768
RATIOGATE	1.0	false	90
LADGATE	120	10000	0.263	0
FANGATE	120	false	3	91153
COUNTS	graphpart_clique-30	120	2790	114505	91153
RATIOGATE	1.0	false	90
LADGATE	280	10000	0.220	0
FANGATE	280	false	3	1144894
COUNTS	graphpart_clique-70	280	14910	1413012	1144894
COUNTS	smallinvDAXr1b010-011	39	1120	13510	13319
RATIOGATE	1.0	false	90
LADGATE	22074	10000	0.480	0
FANGATE	22074	false	3	273394
COUNTS	nd_netgen-2000-3-4-b-a-ns_7	22074	60000	289420	273394
RATIOGATE	1.0	false	90
LADGATE	240	10000	0.242	0
FANGATE	240	false	3	2635
COUNTS	slay05m	240	720	2635	2635
RATIOGATE	0.8	true	90
LADGATE	2031	10000	0.775	4
FANGATE	2031	false	3	2431621
COUNTS	chimera_selby-c16-01	2031	10964	3605628	2431621
RATIOGATE	1.0	false	90
LADGATE	110	10000	0.191	0
FANGATE	110	false	3	975
COUNTS	csched1	110	376	975	975
RATIOGATE	1.0	false	90
LADGATE	1310	10000	0.158	0
FANGATE	1310	true	3	2171882
COUNTS	watercontamination0303r	1310	37028	2171882	2171882
RATIOGATE	1.0	false	90
LADGATE	15	10000	0.116	0
FANGATE	15	false	3	117
COUNTS	ex9_2_4	15	36	117	117
RATIOGATE	1.0	false	90
LADGATE	163	10000	0.195	0
FANGATE	163	false	3	1625
COUNTS	sssd15-04	163	440	1625	1625
COUNTS	autocorr_bern35-35fix	38	1264	16214	16214
RATIOGATE	0.9	false	90
LADGATE	1491	10000	0.319	0
FANGATE	1491	false	3	28843
COUNTS	sfacloc2_4_90	1491	4500	31682	28843
COUNTS	cont6-qq	120395	557994	835894090	581918900
RATIOGATE	1.0	false	90
LADGATE	5205	10000	0.186	0
FANGATE	5205	true	3	21935811
COUNTS	meanvar-orl400_05_e_7	5205	174804	21939414	21935811
RATIOGATE	0.9	true	90
LADGATE	10017	10000	0.413	0
FANGATE	10017	true	3	327551
COUNTS	glider400	10017	49624	373018	327551
RATIOGATE	1.0	false	90
LADGATE	4960	10000	0.562	0
FANGATE	4960	false	3	63282
COUNTS	syn40m04m	4960	13792	65982	63282
RATIOGATE	1.0	false	90
LADGATE	31	10000	0.166	0
FANGATE	31	false	3	189
COUNTS	ex2_1_3	31	72	189	189
RATIOGATE	1.0	false	90
LADGATE	705	10000	0.470	0
FANGATE	705	true	3	12183146
COUNTS	qapw	705	87496	12183146	12183146
RATIOGATE	1.0	false	90
LADGATE	14	10000	0.115	0
FANGATE	14	false	3	198
COUNTS	himmel11	14	60	198	198
RATIOGATE	1.0	false	90
LADGATE	1908	10000	0.385	0
FANGATE	1908	false	3	25187
COUNTS	syn15m04m	1908	5288	26094	25187
RATIOGATE	1.0	false	90
LADGATE	118	10000	0.268	0
FANGATE	118	false	3	5796
COUNTS	pooling_rt2tp	118	654	5876	5796
RATIOGATE	0.9	true	90
LADGATE	333	10000	0.298	4
FANGATE	333	false	3	72184
COUNTS	waterund14	333	2204	200484	72184
RATIOGATE	0.7	true	90
LADGATE	17809	10000	1.035	0
FANGATE	17809	false	3	184173410
COUNTS	crudeoil_lee4_10	17809	120632	294531623	184173410
RATIOGATE	1.0	false	90
LADGATE	1294	10000	0.414	0
FANGATE	1294	false	3	138540
COUNTS	pooling_foulds4pq	1294	8302	138692	138540
RATIOGATE	1.0	false	90
LADGATE	3097	10000	0.330	0
FANGATE	3097	false	3	1376964
COUNTS	edgecross14-156	3097	19664	1487933	1376964
RATIOGATE	1.0	false	90
LADGATE	72	10000	0.214	0
FANGATE	72	false	3	7600
COUNTS	tspn08	72	668	11074	7600
RATIOGATE	0.8	true	90
LADGATE	4225	10000	0.557	4
FANGATE	4225	false	3	533589
COUNTS	crudeoil_li05	4225	14628	680022	533589
RATIOGATE	0.8	true	90
LADGATE	14416	10000	0.722	0
FANGATE	14416	false	3	7376882
COUNTS	procurement1large	14416	41068	13858240	7376882
RATIOGATE	1.0	false	90
LADGATE	1428	10000	0.311	0
FANGATE	1428	false	3	66143
COUNTS	blend721	1428	4548	77560	66143
RATIOGATE	0.9	false	90
LADGATE	2031	10000	0.731	0
FANGATE	2031	false	3	2299955
COUNTS	chimera_selby-c16-02	2031	10878	4280329	2299955
RATIOGATE	1.0	false	90
LADGATE	16640	10000	0.424	0
FANGATE	16640	false	3	2173490
COUNTS	supplychainr1_053050	16640	57800	2173490	2173490
RATIOGATE	1.0	false	90
LADGATE	5067	10000	0.634	0
FANGATE	5067	false	3	89175
COUNTS	sfacloc2_4_80	5067	21424	93048	89175
COUNTS	st_e24	10	26	64	57
RATIOGATE	0.9	false	90
LADGATE	1053	10000	0.323	0
FANGATE	1053	false	3	143522
COUNTS	edgecross10-040	1053	5116	161851	143522
RATIOGATE	1.0	false	90
LADGATE	8232	10000	0.414	0
FANGATE	8232	true	3	1585871
COUNTS	sonet21v6	8232	40744	1643311	1585871
RATIOGATE	1.0	false	90
LADGATE	2490	10000	0.339	0
FANGATE	2490	false	3	27665
COUNTS	squfl010-080	2490	6400	27665	27665
RATIOGATE	0.7	true	90
LADGATE	221	10000	0.244	4
FANGATE	221	false	3	14028
COUNTS	genpooling_lee2	221	1048	19895	14028
RATIOGATE	1.0	false	90
LADGATE	2807	10000	0.594	0
FANGATE	2807	false	3	286846
COUNTS	popdynm25	2807	13904	360081	286846
RATIOGATE	0.8	true	90
LADGATE	5211	10000	0.719	4
FANGATE	5211	false	3	374408
COUNTS	chp_partload	5211	16740	509170	374408
RATIOGATE	1.0	false	90
LADGATE	560	10000	0.294	0
FANGATE	560	true	3	16038266
COUNTS	qspp_0_14_0_1_10_1	560	120274	16119226	16017111
RATIOGATE	1.0	false	90
LADGATE	24	10000	0.142	0
FANGATE	24	false	3	160
COUNTS	st_glmp_ss1	24	66	160	160
RATIOGATE	1.0	false	90
LADGATE	2508	10000	0.505	0
FANGATE	2508	false	3	1119177
COUNTS	torsion50	2508	29808	1691033	1119177
RATIOGATE	1.0	false	90
LADGATE	40	10000	0.181	0
FANGATE	40	false	3	2045
COUNTS	st_rv2	40	340	2045	2045
RATIOGATE	1.0	false	90
LADGATE	6885	10000	0.229	0
FANGATE	6885	true	3	55506
COUNTS	emfl100_3_3	6885	15948	55506	55506
COUNTS	pedigree_sim400	351	23546	1183471	1183168
COUNTS	polygon75	5846	49652	1171822	1171822
COUNTS	gabriel10	244056	1148210	1365442310	1267760679
RATIOGATE	1.0	false	90
LADGATE	1049	10000	0.287	0
FANGATE	1049	false	3	38237
COUNTS	fo9_ar25_1	1049	4336	41668	38237
RATIOGATE	1.0	false	90
LADGATE	1159	10000	0.341	0
FANGATE	1159	false	3	10602
COUNTS	rsyn0840m	1159	3168	11274	10602
RATIOGATE	1.0	false	90
LADGATE	548	10000	0.397	0
FANGATE	548	false	3	58861
COUNTS	gancns	548	2800	69234	58861
RATIOGATE	1.0	false	90
LADGATE	1049	10000	0.286	0
FANGATE	1049	false	3	38237
COUNTS	o9_ar4_1	1049	4336	41668	38237
RATIOGATE	1.0	false	90
LADGATE	123	10000	0.268	0
FANGATE	123	false	3	3750
COUNTS	ex1265a	123	560	3948	3750
RATIOGATE	1.0	false	90
LADGATE	28	10000	0.159	0
FANGATE	28	false	3	190
COUNTS	ex9_2_6	28	68	190	190
RATIOGATE	1.0	false	90
LADGATE	481	10000	0.226	0
FANGATE	481	true	3	10097446
COUNTS	qspp_0_13_0_1_10_1	481	88522	10150185	10080532
RATIOGATE	1.0	false	90
LADGATE	146	10000	0.227	0
FANGATE	146	false	3	1554
COUNTS	slay04m	146	432	1554	1554
COUNTS	st_e25	20	92	336	262
RATIOGATE	1.0	false	90
LADGATE	32	10000	0.175	0
FANGATE	32	false	3	225
COUNTS	ex8_4_1	32	100	225	225
RATIOGATE	1.0	false	90
LADGATE	19	10000	0.156	0
FANGATE	19	false	3	199
COUNTS	st_e07	19	60	199	199
RATIOGATE	1.0	false	90
LADGATE	26	10000	0.164	0
FANGATE	26	false	3	161
COUNTS	ex1225	26	66	171	161
RATIOGATE	0.7	true	90
LADGATE	969	10000	0.511	4
FANGATE	969	false	3	324727
COUNTS	ndcc13	969	5882	525212	324727
RATIOGATE	1.0	false	90
LADGATE	1224	10000	0.285	0
FANGATE	1224	false	3	13473
COUNTS	syn10m04m	1224	3384	13501	13473
RATIOGATE	1.0	false	90
LADGATE	18	10000	0.148	0
FANGATE	18	false	3	193
COUNTS	ex5_2_4	18	62	204	193
RATIOGATE	1.0	false	90
LADGATE	72	10000	0.209	0
FANGATE	72	false	3	16331
COUNTS	st_m2	72	1226	16331	16331
RATIOGATE	1.0	false	90
LADGATE	16	10000	0.135	0
FANGATE	16	false	3	108
COUNTS	st_bpk1	16	44	115	108
RATIOGATE	0.9	false	90
LADGATE	736	10000	0.514	0
FANGATE	736	false	3	155496
COUNTS	multiplants_stg1	736	3594	197998	155496
RATIOGATE	1.0	false	90
LADGATE	11251	10000	0.837	0
FANGATE	11251	true	3	293009
COUNTS	powerflow0300p	11251	41918	304705	290802
RATIOGATE	1.0	false	90
LADGATE	33155	10000	0.637	0
FANGATE	33155	false	3	885186
COUNTS	nd_netgen-3000-1-1-b-b-ns_7	33155	90000	922197	885186
RATIOGATE	1.0	false	90
LADGATE	803	10000	0.498	0
FANGATE	803	false	3	94348
COUNTS	sonet23v4	803	6462	139703	94348
RATIOGATE	0.8	true	90
LADGATE	1649	10000	0.451	4
FANGATE	1649	false	3	1234887
COUNTS	pooling_sppa0pq	1649	24192	3745896	1234887
RATIOGATE	0.8	true	90
LADGATE	645	10000	0.516	4
FANGATE	645	false	3	152043
COUNTS	multiplants_mtg1b	645	4404	229415	152043
RATIOGATE	1.0	false	90
LADGATE	338	10000	0.256	0
FANGATE	338	false	3	4654
COUNTS	sssd18-08persp	338	1168	4654	4654
RATIOGATE	1.0	false	90
LADGATE	19	10000	0.154	0
FANGATE	19	false	3	179
COUNTS	ex9_1_2	19	54	188	179
RATIOGATE	0.8	true	90
LADGATE	3670	10000	0.735	4
FANGATE	3670	false	3	3542885
COUNTS	crudeoil_lee1_07	3670	19322	4746188	3542885
RATIOGATE	1.0	false	90
LADGATE	31	10000	0.167	0
FANGATE	31	false	3	403
COUNTS	pooling_haverly1tp	31	96	423	403
RATIOGATE	1.0	false	90
LADGATE	230	10000	0.226	0
FANGATE	230	false	3	30110
COUNTS	waterund08	230	1290	35284	30110
RATIOGATE	1.0	false	90
LADGATE	76	10000	0.154	0
FANGATE	76	false	3	1511
COUNTS	kall_diffcircles_6	76	302	1511	1511
RATIOGATE	0.9	false	90
LADGATE	440	10000	0.407	0
FANGATE	440	false	3	80090
COUNTS	chimera_mgw-c8-439-onc8-001	440	3040	106479	80090
RATIOGATE	0.9	false	90
LADGATE	160	10000	0.270	0
FANGATE	160	false	3	10705
COUNTS	waterund11	160	828	14818	10705
RATIOGATE	0.7	true	90
LADGATE	16364	10000	0.763	0
FANGATE	16364	false	3	2104724
COUNTS	chp_shorttermplan2d	16364	52108	4089003	2104724
RATIOGATE	1.0	false	90
LADGATE	156	10000	0.299	0
FANGATE	156	false	3	13623
COUNTS	sporttournament18	156	886	17568	13623
COUNTS	cvxnonsep_psig30	30	870	9455	9455
RATIOGATE	0.7	true	90
LADGATE	6089	10000	0.377	4
FANGATE	6089	true	3	707413
COUNTS	ringpack_20_2	6089	40368	1872174	707413
RATIOGATE	1.0	false	90
LADGATE	1386	10000	0.315	0
FANGATE	1386	false	3	61466
COUNTS	blend718	1386	4310	70355	61466
RATIOGATE	1.0	false	90
LADGATE	115	10000	0.281	0
FANGATE	115	false	3	7183
COUNTS	wastepaper4	115	724	9711	7183
RATIOGATE	1.0	false	90
LADGATE	2450	10000	0.407	0
FANGATE	2450	false	3	22825
COUNTS	squfl010-040persp	2450	7200	22825	22825
RATIOGATE	0.6	true	90
LADGATE	10429	10000	0.960	0
FANGATE	10429	true	3	32948139
COUNTS	crudeoil_lee4_06	10429	55492	65337120	32858391
RATIOGATE	0.9	true	90
LADGATE	1746	10000	0.503	1
FANGATE	1746	false	3	43864
COUNTS	netmod_kar1	1746	4928	56838	43864
RATIOGATE	1.0	false	90
LADGATE	14	10000	0.111	0
FANGATE	14	false	3	128
COUNTS	ex8_1_7	14	46	137	128
RATIOGATE	1.0	false	90
LADGATE	108	10000	0.208	0
FANGATE	108	false	3	36228
COUNTS	graphpart_3g-0333-0333	108	648	44928	36228
RATIOGATE	1.0	false	90
LADGATE	760	10000	0.345	0
FANGATE	760	false	3	8795
COUNTS	slay05h	760	2080	9815	8795
RATIOGATE	1.0	false	90
LADGATE	156	10000	0.303	0
FANGATE	156	false	3	6599
COUNTS	korcns	156	712	7241	6599
RATIOGATE	1.0	false	90
LADGATE	5065	10000	0.638	0
FANGATE	5065	false	3	117447
COUNTS	powerflow0118p	5065	18730	121503	117447
RATIOGATE	1.0	false	90
LADGATE	4799	10000	0.661	0
FANGATE	4799	false	3	81119
COUNTS	sfacloc2_3_80	4799	20600	84672	81119
RATIOGATE	0.8	true	90
LADGATE	6028	10000	0.524	1
FANGATE	6028	true	3	152996
COUNTS	rsyn0820m04m	6028	17372	196890	152102
RATIOGATE	1.0	false	90
LADGATE	1046	10000	0.266	0
FANGATE	1046	false	3	14089
COUNTS	hydroenergy1	1046	3024	14089	14089
RATIOGATE	1.0	false	90
LADGATE	181	10000	0.197	0
FANGATE	181	false	3	8405
COUNTS	maxmin	181	1440	8405	8405
RATIOGATE	1.0	false	90
LADGATE	8	10000	0.102	0
FANGATE	8	false	3	44
COUNTS	st_ht	8	18	51	44
RATIOGATE	0.8	true	90
LADGATE	6418	10000	0.803	4
FANGATE	6418	true	3	16680943
COUNTS	crudeoil_lee2_06	6418	34646	23299675	16680943
RATIOGATE	0.9	false	90
LADGATE	3183	10000	0.455	0
FANGATE	3183	false	3	98731
COUNTS	kan_r3_h1_n4	3183	14062	104945	98731
RATIOGATE	1.0	false	90
LADGATE	378	10000	0.286	0
FANGATE	378	false	3	95258
COUNTS	primary	378	5610	109639	95258
RATIOGATE	1.0	false	90
LADGATE	1071	10000	0.293	0
FANGATE	1071	false	3	9812
COUNTS	syn10m03hfsg	1071	2772	9890	9812
RATIOGATE	1.0	false	90
LADGATE	36	10000	0.190	0
FANGATE	36	false	3	790
COUNTS	wastewater02m1	36	138	848	790
RATIOGATE	1.0	false	90
LADGATE	4620	10000	0.372	0
FANGATE	4620	false	3	273100
COUNTS	supplychainr1_022020	4620	15680	273140	273100
RATIOGATE	1.0	false	90
LADGATE	3800	10000	0.242	0
FANGATE	3800	false	3	49925
COUNTS	squfl025-025persp	3800	11250	49925	49925
RATIOGATE	0.6	true	90
LADGATE	17999	10000	0.764	0
FANGATE	17999	false	3	2873684
COUNTS	ringpack_30_2	17999	121458	12394600	2873684
COUNTS	nuclear104	39098	257806	103156931	78332024
RATIOGATE	0.9	false	90
LADGATE	4952	10000	0.579	0
FANGATE	4952	false	3	301837
COUNTS	chp_shorttermplan1a	4952	15700	376486	301837
RATIOGATE	1.0	false	90
LADGATE	555	10000	0.392	0
FANGATE	555	false	3	19265
COUNTS	rocket50	555	3488	19983	19265
RATIOGATE	0.9	true	90
LADGATE	8508	10000	0.740	1
FANGATE	8508	true	3	186634
COUNTS	rsyn0840m04m	8508	24272	229914	185811
RATIOGATE	0.9	true	90
LADGATE	11716	10000	0.719	0
FANGATE	11716	true	3	1456963
COUNTS	mpbp_21	11716	37660	1691114	1456963
RATIOGATE	1.0	false	90
LADGATE	172	10000	0.232	0
FANGATE	172	false	3	10703
COUNTS	orth_d4m6_pl	172	1096	10938	10703
RATIOGATE	1.0	false	90
LADGATE	1681	10000	0.456	0
FANGATE	1681	false	3	193841
COUNTS	kall_circlespolygons_c1p5b	1681	7432	201759	193841
COUNTS	acopf_case9241pegase_qcqp	313068	1292408	34647355	33736789
RATIOGATE	1.0	false	90
LADGATE	33	10000	0.182	0
FANGATE	33	false	3	244
COUNTS	ex1223	33	82	244	244
RATIOGATE	1.0	false	90
LADGATE	10	10000	0.120	0
FANGATE	10	false	3	153
COUNTS	ex6_1_4	10	48	197	153
RATIOGATE	1.0	false	90
LADGATE	403	10000	0.294	0
FANGATE	403	false	3	10361
COUNTS	powerflow0014r	403	1630	10761	10361
RATIOGATE	1.0	false	90
LADGATE	2065	10000	0.274	0
FANGATE	2065	true	3	3517788
COUNTS	knp5-43	2065	31132	3517788	3517788
RATIOGATE	0.9	false	90
LADGATE	21688	10000	0.805	0
FANGATE	21688	false	3	26366112
COUNTS	gabriel09	21688	89702	29373994	26366112
RATIOGATE	1.0	false	90
LADGATE	32	10000	0.171	0
FANGATE	32	false	3	233
COUNTS	tln2	32	88	233	233
RATIOGATE	1.0	false	90
LADGATE	22	10000	0.146	0
FANGATE	22	false	3	232
COUNTS	prob02	22	76	267	232
RATIOGATE	1.0	false	90
LADGATE	1422	10000	0.332	0
FANGATE	1422	false	3	64296
COUNTS	blend146	1422	4460	78102	64296
RATIOGATE	0.9	true	90
LADGATE	4518	10000	0.452	4
FANGATE	4518	false	3	448091
COUNTS	mpbp_46	4518	14492	499547	448091
RATIOGATE	1.0	false	90
LADGATE	413	10000	0.368	0
FANGATE	413	false	3	17511
COUNTS	tls6	413	2860	18483	17511
RATIOGATE	1.0	false	90
LADGATE	21925	10000	0.452	0
FANGATE	21925	false	3	221650
COUNTS	emfl100_5_5	21925	52300	221650	221650
RATIOGATE	1.0	false	90
LADGATE	341	10000	0.186	0
FANGATE	341	true	3	3537346
COUNTS	qspp_0_11_0_1_10_1	341	44264	3563707	3531915
RATIOGATE	1.0	false	90
LADGATE	403	10000	0.287	0
FANGATE	403	false	3	13288
COUNTS	p_ball_10b_5p_4d_m	403	1484	13581	13288
RATIOGATE	1.0	false	90
LADGATE	90	10000	0.239	0
FANGATE	90	false	3	6321
COUNTS	st_rv9	90	840	6691	6321
RATIOGATE	1.0	false	90
LADGATE	3486	10000	0.482	0
FANGATE	3486	false	3	45153
COUNTS	rsyn0840m02m	3486	9576	47529	45153
RATIOGATE	1.0	false	90
LADGATE	22	10000	0.153	0
FANGATE	22	false	3	266
COUNTS	nvs05	22	84	277	266
COUNTS	autocorr_bern25-19	28	612	5278	5278
RATIOGATE	1.0	false	90
LADGATE	356	10000	0.262	0
FANGATE	356	false	3	4960
COUNTS	sssd20-08persp	356	1232	4960	4960
RATIOGATE	1.0	false	90
LADGATE	827	10000	0.558	0
FANGATE	827	false	3	156907
COUNTS	multiplants_stg5	827	3804	377794	156907
RATIOGATE	0.8	true	90
LADGATE	2032	10000	0.657	4
FANGATE	2032	false	3	2490531
COUNTS	chimera_rfr-02	2032	15140	3860441	2490531
RATIOGATE	1.0	false	90
LADGATE	726	10000	0.536	0
FANGATE	726	false	3	121443
COUNTS	multiplants_stg1a	726	3510	142058	121443
RATIOGATE	0.8	true	90
LADGATE	170	10000	0.235	4
FANGATE	170	false	3	16556
COUNTS	pooling_adhya4pq	170	932	24314	16556
RATIOGATE	0.7	true	90
LADGATE	17493	10000	0.834	0
FANGATE	17493	false	3	55754381
COUNTS	nuclear10a	17493	163816	82406325	55754381
RATIOGATE	1.0	false	90
LADGATE	874	10000	0.561	0
FANGATE	874	false	3	110276
COUNTS	sonet24v5	874	7260	185654	110276
COUNTS	transswitch2736spr	69651	331010	7933133	7281507
RATIOGATE	1.0	false	90
LADGATE	8992	10000	0.521	0
FANGATE	8992	true	3	577543
COUNTS	chp_shorttermplan2a	8992	26288	821014	577543
RATIOGATE	1.0	false	90
LADGATE	1001	10000	0.234	0
FANGATE	1001	false	3	18164
COUNTS	catmix200	1001	5592	18173	18164
COUNTS	nvs23	27	252	1921	1221
RATIOGATE	1.0	false	90
LADGATE	20	10000	0.141	0
FANGATE	20	false	3	107
COUNTS	oaer	20	40	107	107
RATIOGATE	1.0	false	90
LADGATE	168	10000	0.191	0
FANGATE	168	false	3	1103
COUNTS	hybriddynamic_fixed	168	388	1103	1103
RATIOGATE	0.9	true	90
LADGATE	16747	10000	0.603	0
FANGATE	16747	false	3	28685704
COUNTS	edgecross24-115	16747	77352	35096942	28685704
RATIOGATE	1.0	false	90
LADGATE	1178	10000	0.303	0
FANGATE	1178	false	3	22528
COUNTS	space25	1178	4334	23567	22528
RATIOGATE	0.7	true	90
LADGATE	23999	10000	0.641	0
FANGATE	23999	false	3	1864047
COUNTS	methanol400	23999	151728	2586036	1864047
RATIOGATE	1.0	false	90
LADGATE	1218	10000	0.496	0
FANGATE	1218	false	3	171941
COUNTS	pooling_foulds5tp	1218	8364	251833	171941
RATIOGATE	0.4	true	90
LADGATE	5040	10000	0.605	4
FANGATE	5040	true	3	16762686
COUNTS	pooling_sppa9tp	5040	121302	104609262	16639665
COUNTS	st_miqp2	10	18	37	37
COUNTS	autocorr_bern30-23	33	878	8940	8940
RATIOGATE	0.8	true	90
LADGATE	9858	10000	0.760	4
FANGATE	9858	true	3	1197372
COUNTS	mpbp_15	9858	31692	1496502	1192892
COUNTS	cvxnonsep_psig30r	126	250	501	501
RATIOGATE	1.0	false	90
LADGATE	1590	10000	0.456	0
FANGATE	1590	false	3	15383
COUNTS	rsyn0830hfsg	1590	4100	16168	15383
RATIOGATE	1.0	false	90
LADGATE	1271	10000	0.515	0
FANGATE	1271	false	3	93863
COUNTS	crudeoil_pooling_ct1	1271	4642	125127	93863
RATIOGATE	1.0	false	90
LADGATE	800	10000	0.532	0
FANGATE	800	false	3	143020
COUNTS	multiplants_stg1c	800	3894	150039	143020
RATIOGATE	1.0	false	90
LADGATE	11	10000	0.114	0
FANGATE	11	false	3	94
COUNTS	st_pan1	11	32	123	94
RATIOGATE	1.0	false	90
LADGATE	814	10000	0.564	0
FANGATE	814	false	3	187593
COUNTS	multiplants_stg1b	814	3992	308612	187593
RATIOGATE	1.0	false	90
LADGATE	11999	10000	0.679	0
FANGATE	11999	true	3	905976
COUNTS	methanol200	11999	76128	1290836	905976
RATIOGATE	1.0	false	90
LADGATE	26778	10000	0.636	0
FANGATE	26778	false	3	32021838
COUNTS	faclay35	26778	132380	33630126	32021838
RATIOGATE	1.0	false	90
LADGATE	13175	10000	0.303	0
FANGATE	13175	false	3	155400
COUNTS	emfl050_5_5	13175	32300	155400	155400
COUNTS	transswitch2383wpr	59853	277562	3946309	3861509
RATIOGATE	0.7	true	90
LADGATE	1120	10000	0.517	4
FANGATE	1120	false	3	495834
COUNTS	chimera_lga-01	1120	6400	668019	495834
RATIOGATE	0.9	false	90
LADGATE	4596	10000	0.621	0
FANGATE	4596	false	3	196064
COUNTS	gasprod_sarawak16	4596	15316	213850	196064
RATIOGATE	0.6	true	90
LADGATE	15904	10000	0.989	0
FANGATE	15904	false	3	130655525
COUNTS	crudeoil_lee4_09	15904	101792	208785578	130655525
RATIOGATE	0.6	true	90
LADGATE	44909	10000	0.972	0
FANGATE	44909	false	3	157005417
COUNTS	arki0013	44909	160172	390472987	157005417
RATIOGATE	1.0	false	90
LADGATE	42	10000	0.156	0
FANGATE	42	false	3	3097
COUNTS	st_m1	42	432	3097	3097
RATIOGATE	0.9	true	90
LADGATE	5310	10000	0.623	4
FANGATE	5310	false	3	652248
COUNTS	mpbp_47	5310	17098	730624	652248
RATIOGATE	1.0	false	90
LADGATE	821	10000	0.458	0
FANGATE	821	false	3	7745
COUNTS	rsyn0815m	821	2242	8260	7745
RATIOGATE	1.0	false	90
LADGATE	7993	10000	0.862	0
FANGATE	7993	true	3	836006
COUNTS	arki0016	7993	37208	878890	836006
RATIOGATE	1.0	false	90
LADGATE	18	10000	0.138	0
FANGATE	18	false	3	121
COUNTS	st_glmp_ss2	18	48	121	121
RATIOGATE	1.0	false	90
LADGATE	2670	10000	0.649	0
FANGATE	2670	false	3	34753
COUNTS	rsyn0810m02hfsg	2670	6964	36862	34753
RATIOGATE	1.0	false	90
LADGATE	55	10000	0.156	0
FANGATE	55	false	3	1497
COUNTS	pointpack06	55	276	1497	1497
RATIOGATE	1.0	false	90
LADGATE	6328	10000	0.346	0
FANGATE	6328	true	3	73873
COUNTS	syn40m04hfsg	6328	16896	76232	73873
RATIOGATE	1.0	false	90
LADGATE	258	10000	0.233	0
FANGATE	258	false	3	2742
COUNTS	clay0304m	258	840	2742	2742
RATIOGATE	1.0	false	90
LADGATE	1218	10000	0.371	0
FANGATE	1218	false	3	159641
COUNTS	pooling_foulds5pq	1218	8300	159641	159641
RATIOGATE	1.0	false	90
LADGATE	1000	10000	0.428	0
FANGATE	1000	false	3	11240
COUNTS	clay0305hfsg	1000	2910	12260	11240
RATIOGATE	1.0	false	90
LADGATE	64	10000	0.207	0
FANGATE	64	false	3	1964
COUNTS	st_test8	64	232	2343	1964
COUNTS	gams05	17364	252910	6179750712	3259322396
RATIOGATE	1.0	false	90
LADGATE	31	10000	0.179	0
FANGATE	31	false	3	862
COUNTS	sporttournament08	31	156	862	862
RATIOGATE	1.0	false	90
LADGATE	1121	10000	0.353	0
FANGATE	1121	false	3	23642
COUNTS	powerflow0030p	1121	4194	24944	23642
RATIOGATE	0.9	false	90
LADGATE	22407	10000	0.896	0
FANGATE	22407	false	3	2436690
COUNTS	popdynm200	22407	105584	2567878	2436690
RATIOGATE	0.4	true	90
LADGATE	11120	10000	0.849	0
FANGATE	11120	true	3	977650
COUNTS	mpbp_35	11120	40790	3037207	977650
RATIOGATE	1.0	false	90
LADGATE	1492	10000	0.423	0
FANGATE	1492	false	3	13455
COUNTS	syn30m02m	1492	3936	13752	13455
RATIOGATE	1.0	false	90
LADGATE	481	10000	0.348	0
FANGATE	481	false	3	60068
COUNTS	wastewater13m1	481	3252	60135	60068
RATIOGATE	1.0	false	90
LADGATE	1022	10000	0.320	0
FANGATE	1022	false	3	8155
COUNTS	syn40hfsg	1022	2624	8432	8155
RATIOGATE	1.0	false	90
LADGATE	69	10000	0.198	0
FANGATE	69	false	3	1047
COUNTS	sep1	69	206	1097	1047
RATIOGATE	1.0	false	90
LADGATE	2508	10000	0.453	0
FANGATE	2508	false	3	26552
COUNTS	syn30m03m	2508	6804	26806	26552
COUNTS	st_qpc-m3a	30	304	2330	1574
RATIOGATE	0.7	true	90
LADGATE	2644	10000	0.752	4
FANGATE	2644	false	3	861004
COUNTS	crudeoil_pooling_ct3	2644	11426	1381490	861004
RATIOGATE	1.0	false	90
LADGATE	634	10000	0.400	0
FANGATE	634	false	3	27875
COUNTS	space25a	634	3246	29078	27875
COUNTS	autocorr_bern20-15	23	394	2784	2784
RATIOGATE	1.0	false	90
LADGATE	35	10000	0.181	0
FANGATE	35	false	3	341
COUNTS	ex7_2_1	35	134	352	341
RATIOGATE	0.9	true	90
LADGATE	2092	10000	0.659	1
FANGATE	2092	false	3	56014
COUNTS	hydroenergy2	2092	6236	69051	56014
RATIOGATE	0.9	false	90
LADGATE	514	10000	0.396	0
FANGATE	514	false	3	277303
COUNTS	pooling_digabel19	514	5340	325989	277303
RATIOGATE	1.0	false	90
LADGATE	132	10000	0.230	0
FANGATE	132	false	3	1348
COUNTS	clay0203m	132	420	1348	1348
RATIOGATE	1.0	false	90
LADGATE	13680	10000	0.369	0
FANGATE	13680	false	3	252605
COUNTS	squfl030-150	13680	36000	252605	252605

--- every order() call, slowest first (TSV) ---
secs	matrix	n	nnz	ratio
2.0515	mpbp_15	9858	31692	0.7971
1.9696	powerflow0300p	11251	41918	0.9544
1.8591	pooling_sppa9tp	5040	121302	0.1591
1.8134	rsyn0820m04m	6028	17372	0.7725
1.6738	rsyn0830m04m	7252	20752	0.7844
1.2607	rsyn0840m04m	8508	24272	0.8082
1.2165	mpbp_34	11556	40860	0.2878
1.1714	acopf_case9241pegase_qcqp	313068	1292408	0.9737
1.1512	crudeoil_lee4_06	10429	55492	0.5029
1.1137	transswitch0300p	11659	48446	0.9351
1.0361	crudeoil_lee4_10	17809	120632	0.6253
1.0251	gabriel10	244056	1148210	0.9285
1.0158	mpbp_35	11120	40790	0.3219
1.0072	arki0016	7993	37208	0.9512
1.0042	nuclear104	39098	257806	0.7593
0.9895	crudeoil_lee4_09	15904	101792	0.6258
0.9780	mpbp_07	9532	30810	0.9127
0.9732	arki0013	44909	160172	0.4021
0.9432	gams05	17364	252910	0.5274
0.9347	mpbp_21	11716	37660	0.8615
0.9217	crudeoil_lee2_06	6418	34646	0.7159
0.9186	mpbp_48	28368	91016	0.4772
0.8968	popdynm200	22407	105584	0.9489
0.8704	crudeoil_pooling_dt3	30660	152210	0.6919
0.8591	pooling_sppc3pq	23173	893724	0.2822
0.8515	chp_partload	5211	16740	0.7353
0.8400	chimera_selby-c16-01	2031	10964	0.6744
0.8392	crudeoil_pooling_ct3	2644	11426	0.6232
0.8345	nuclear10a	17493	163816	0.6766
0.8254	faclay75	272878	1379706	0.9405
0.8177	methanol200	11999	76128	0.7019
0.8055	gabriel09	21688	89702	0.8976
0.7995	crudeoil_lee1_07	3670	19322	0.7465
0.7672	gasprod_sarawak81	22536	75636	0.9135
0.7644	ringpack_30_2	17999	121458	0.2318
0.7630	chp_shorttermplan2d	16364	52108	0.5147
0.7481	mpbp_47	5310	17098	0.8927
0.7394	crudeoil_pooling_dt2	18742	75910	0.6638
0.7391	pinene200	19995	97990	0.8350
0.7307	chimera_selby-c16-02	2031	10878	0.5373
0.7226	rsyn0805m03m	2868	8270	0.8995
0.7224	procurement1large	14416	41068	0.5323
0.7158	chimera_rfr-02	2032	15140	0.6451
0.7026	crudeoil_li05	4225	14628	0.7847
0.6995	chimera_k64ising-02	1225	3846	0.6080
0.6871	chimera_mgw-c16-2031-01	2032	15900	0.7814
0.6764	hydroenergy2	2092	6236	0.8112
0.6745	pooling_sppb5pq	18529	674470	0.4077
0.6739	chp_shorttermplan2a	8992	26288	0.7035
0.6614	waste	4825	21504	0.8654
0.6608	sfacloc2_3_80	4799	20600	0.9580
0.6604	ringpack_20_3	6709	45220	0.3584
0.6543	squfl020-150	9170	24000	1.0000
0.6494	rsyn0810m02hfsg	2670	6964	0.9428
0.6418	methanol400	23999	151728	0.7208
0.6382	nd_netgen-3000-1-1-b-b-ns_7	33155	90000	0.9599
0.6381	powerflow0118p	5065	18730	0.9666
0.6370	faclay35	26778	132380	0.9522
0.6338	rsyn0815m04m	5456	15756	0.7820
0.6337	sfacloc2_4_80	5067	21424	0.9584
0.6265	transswitch2383wpr	59853	277562	0.9785
0.6248	ringpack_20_2	6089	40368	0.3779
0.6215	gasprod_sarawak16	4596	15316	0.9168
0.6145	multiplants_mtg1b	645	4404	0.6627
0.6121	chimera_lga-01	1120	6400	0.7422
0.6039	edgecross24-115	16747	77352	0.8173
0.5963	ndcc13	969	5882	0.6183
0.5941	popdynm25	2807	13904	0.7966
0.5935	nuclear25a	1942	16030	0.5629
0.5920	rsyn0810m04m	4772	13836	0.7829
0.5838	glider400	10017	49624	0.8781
0.5790	chp_shorttermplan1a	4952	15700	0.8017
0.5783	sonet21v6	8232	40744	0.9650
0.5726	batchs201210m	5188	17910	0.8685
0.5709	mpbp_46	4518	14492	0.8970
0.5692	transswitch2736spr	69651	331010	0.9179
0.5640	multiplants_stg1b	814	3992	0.6079
0.5621	syn40m04m	4960	13792	0.9591
0.5612	sonet24v5	874	7260	0.5940
0.5584	qapw	705	87496	1.0000
0.5584	multiplants_stg5	827	3804	0.4153
0.5517	rsyn0815m02hfsg	3054	7968	0.9285
0.5500	risk2bpb	1462	5396	0.5574
0.5497	rsyn0820m02m	2486	6932	0.9339
0.5366	unitcommit_200_100_1_mod_8	146830	476332	0.9764
0.5357	multiplants_stg1a	726	3510	0.8549
0.5351	oil	3270	8430	0.9572
0.5336	sporttournament48	1131	6676	0.6461
0.5324	multiplants_stg1c	800	3894	0.9532
0.5321	syn40m04hfsg	6328	16896	0.9691
0.5218	netmod_kar1	1746	4928	0.7717
0.5197	ndcc12	974	5982	0.9533
0.5179	pooling_sppa0pq	1649	24192	0.3297
0.5155	crudeoil_pooling_ct1	1271	4642	0.7501
0.5137	multiplants_stg1	736	3594	0.7853
0.5051	torsion50	2508	29808	0.6618
0.4987	maxcsp-langford-3-11	660	29646	0.3098
0.4979	sonet23v4	803	6462	0.6753
0.4957	pooling_foulds5tp	1218	8364	0.6828
0.4926	emfl100_3_3	6885	15948	1.0000
0.4892	batchs121208m	3404	11462	0.9332
0.4887	faclay30	16678	82242	0.9552
0.4825	pooling_sppa9pq	5030	120730	0.6312
0.4820	rsyn0840m02m	3486	9576	0.9500
0.4809	nd_netgen-2000-3-4-b-a-ns_7	22074	60000	0.9446
0.4580	rsyn0815m	821	2242	0.9377
0.4578	pooling_sppc1pq	14100	477680	0.1683
0.4566	rsyn0830hfsg	1590	4100	0.9514
0.4565	kall_circlespolygons_c1p5b	1681	7432	0.9608
0.4554	kan_r3_h1_n4	3183	14062	0.9408
0.4532	syn30m03m	2508	6804	0.9905
0.4524	emfl100_5_5	21925	52300	1.0000
0.4497	cont6-qq	120395	557994	0.6962
0.4440	slay09h	2718	7488	0.8982
0.4413	squfl015-060	2775	7200	1.0000
0.4373	squfl015-080persp	7295	21600	1.0000
0.4320	waterund14	333	2204	0.3600
0.4309	qspp_0_13_0_1_10_1	481	88522	0.9931
0.4281	clay0305hfsg	1000	2910	0.9168
0.4247	wastewater05m1	98	536	0.6848
0.4242	supplychainr1_053050	16640	57800	1.0000
0.4239	arki0002	4432	11248	0.9764
0.4227	syn30m02m	1492	3936	0.9784
0.4175	ndcc12persp	1112	5522	0.9521
0.4148	kissing2	20772	401024	1.0000
0.4142	pooling_foulds4pq	1294	8302	0.9989
0.4071	squfl010-040persp	2450	7200	1.0000
0.4071	p_ball_30b_7p_2d_h	2207	7516	0.9968
0.4068	chimera_mgw-c8-439-onc8-001	440	3040	0.7522
0.4036	chimera_mgw-c8-439-onc8-002	440	3038	0.8835
0.4022	knp5-44	2157	32604	1.0000
0.4001	space25a	634	3246	0.9586
0.3999	knp5-43	2065	31132	1.0000
0.3981	kall_circlesrectangles_c6r39	1306	5378	0.9850
0.3972	pooling_adhya4pq	170	932	0.6809
0.3968	gancns	548	2800	0.8502
0.3963	pooling_digabel19	514	5340	0.8507
0.3924	rocket50	555	3488	0.9641
0.3907	forest	713	2658	0.9933
0.3856	syn15m04m	1908	5288	0.9652
0.3827	genpooling_lee2	221	1048	0.7051
0.3809	qap	255	43748	0.9599
0.3793	meanvar-orl400_05_e_7	5205	174804	0.9998
0.3757	elf	124	376	0.7951
0.3720	supplychainr1_022020	4620	15680	0.9999
0.3706	pooling_foulds5pq	1218	8300	1.0000
0.3698	edgecross10-030	1053	4654	0.7406
0.3696	squfl030-150	13680	36000	1.0000
0.3682	waternd2	615	2580	0.4806
0.3676	tls6	413	2860	0.9474
0.3580	pooling_adhya4tp	170	936	0.7667
0.3533	powerflow0030p	1121	4194	0.9478
0.3526	maxcsp-ehi-85-297-71	2372	207996	0.8040
0.3479	wastewater13m1	481	3252	0.9989
0.3449	slay05h	760	2080	0.8961
0.3406	rsyn0840m	1159	3168	0.9404
0.3388	squfl010-080	2490	6400	1.0000
0.3386	qspp_0_14_0_1_10_1	560	120274	0.9937
0.3379	p_ball_30b_5p_2d_h	1543	5224	0.9961
0.3367	sonetgr17	440	2958	0.8190
0.3317	blend146	1422	4460	0.8232
0.3306	edgecross14-156	3097	19664	0.9254
0.3292	clay0204hfsg	590	1696	0.9116
0.3264	squfl025-030	2305	6000	1.0000
0.3233	edgecross10-040	1053	5116	0.8868
0.3227	syn40m	560	1528	0.9644
0.3201	syn40hfsg	1022	2624	0.9671
0.3189	sfacloc2_4_90	1491	4500	0.9104
0.3146	blend718	1386	4310	0.8737
0.3121	ex8_3_9	123	834	0.7643
0.3108	blend721	1428	4548	0.8528
0.3053	qspp_0_11_0_1_10_1	341	44264	0.9911
0.3052	st_e31	301	744	0.9389
0.3049	p_ball_10b_7p_3d_h	1236	4186	0.9739
0.3030	emfl050_5_5	13175	32300	1.0000
0.3029	korcns	156	712	0.9113
0.3027	space25	1178	4334	0.9559
0.2991	sporttournament18	156	886	0.7754
0.2942	edgecross10-080	1053	5940	0.9638
0.2939	powerflow0014r	403	1630	0.9628
0.2933	syn10m03hfsg	1071	2772	0.9921
0.2905	edgecross10-090	1053	5204	0.8181
0.2875	slay08m	660	2016	1.0000
0.2867	fo9_ar25_1	1049	4336	0.9177
0.2866	p_ball_10b_5p_4d_m	403	1484	0.9784
0.2859	primary	378	5610	0.8688
0.2859	o9_ar4_1	1049	4336	0.9177
0.2854	syn10m04m	1224	3384	0.9979
0.2815	wastepaper4	115	724	0.7397
0.2790	meanvar-orl400_05_e_8	4405	171604	1.0000
0.2736	syn15hfsg	399	1022	0.9915
0.2733	p_ball_10b_5p_2d_m	293	964	0.9848
0.2721	demo7	155	618	0.9573
0.2704	lop97icx	1073	2118	0.8078
0.2696	waterund11	160	828	0.7224
0.2684	pooling_rt2tp	118	654	0.9864
0.2680	ex1265a	123	560	0.9498
0.2673	waterund01	96	404	0.7297
0.2662	hydroenergy1	1046	3024	1.0000
0.2649	wastepaper6	191	1416	1.0000
0.2628	graphpart_clique-30	120	2790	0.7961
0.2618	sssd20-08persp	356	1232	1.0000
0.2607	sssd25-08	401	1200	1.0000
0.2588	slay07m	497	1512	1.0000
0.2559	chain200	601	2396	1.0000
0.2558	sssd18-08persp	338	1168	1.0000
0.2458	graphpart_clique-20	80	1260	0.7985
0.2425	squfl025-025persp	3800	11250	1.0000
0.2419	slay05m	240	720	1.0000
0.2418	catmix400	2001	11192	0.9998
0.2393	st_rv9	90	840	0.9447
0.2383	graphpart_3g-0244-0244	128	672	0.9727
0.2337	catmix200	1001	5592	0.9995
0.2326	clay0304m	258	840	1.0000
0.2325	orth_d4m6_pl	172	1096	0.9785
0.2296	clay0203m	132	420	1.0000
0.2288	slay06m	357	1080	1.0000
0.2283	clay0204m	222	704	1.0000
0.2271	slay04m	146	432	1.0000
0.2265	waterund08	230	1290	0.8534
0.2202	graphpart_clique-70	280	14910	0.8103
0.2161	chain400	1201	4796	1.0000
0.2151	prolog	64	292	0.9839
0.2141	tspn08	72	668	0.6863
0.2094	st_m2	72	1226	1.0000
0.2085	graphpart_3g-0333-0333	108	648	0.8064
0.2073	st_test8	64	232	0.8382
0.2057	watercontamination0303r	1310	37028	1.0000
0.1980	sep1	69	206	0.9544
0.1970	maxmin	181	1440	1.0000
0.1964	ex1263a	94	390	1.0000
0.1952	sssd15-04	163	440	1.0000
0.1915	hybriddynamic_fixed	168	388	1.0000
0.1911	qspp_0_10_0_1_10_1	280	29636	0.9946
0.1910	csched1	110	376	1.0000
0.1898	wastewater02m1	36	138	0.9316
0.1816	ex1223	33	82	1.0000
0.1811	ex7_2_1	35	134	0.9688
0.1808	st_rv2	40	340	1.0000
0.1793	sporttournament08	31	156	1.0000
0.1746	ex8_4_1	32	100	1.0000
0.1719	st_bpaf1a	30	120	0.9310
0.1715	tln2	32	88	1.0000
0.1674	pooling_haverly1tp	31	96	0.9527
0.1671	pooling_haverly1pq	31	96	0.9782
0.1663	ex2_1_3	31	72	1.0000
0.1653	st_jcbpaf2	36	246	0.9437
0.1640	ex1225	26	66	0.9415
0.1631	ex1223b	25	66	1.0000
0.1591	ex9_2_6	28	68	1.0000
0.1559	pointpack04	29	120	1.0000
0.1558	st_m1	42	432	1.0000
0.1557	st_e07	19	60	1.0000
0.1556	pointpack06	55	276	1.0000
0.1543	ex9_1_2	19	54	0.9521
0.1542	kall_diffcircles_6	76	302	1.0000
0.1527	nvs05	22	84	0.9603
0.1475	ex5_2_4	18	62	0.9461
0.1463	prob02	22	76	0.8689
0.1417	st_glmp_ss1	24	66	1.0000
0.1407	oaer	20	40	1.0000
0.1376	st_glmp_ss2	18	48	1.0000
0.1370	ex3_1_3	18	36	0.9222
0.1357	st_ph1	16	58	0.8504
0.1355	st_qpk3	55	548	0.6881
0.1348	st_bpk1	16	44	0.9391
0.1303	st_ph13	23	68	0.8599
0.1197	ex6_1_4	10	48	0.7766
0.1158	ex9_2_4	15	36	1.0000
0.1153	st_bsj2	13	40	0.7972
0.1153	himmel11	14	60	1.0000
0.1139	st_pan1	11	32	0.7642
0.1108	ex8_1_7	14	46	0.9343
0.1065	ex14_1_8	11	30	1.0000
0.1064	nvs02	11	46	1.0000
0.1021	st_ht	8	18	0.8627
0.0982	st_e22	12	30	0.9091
0.0002	polygon75	5846	49652	1.0000
0.0001	pedigree_sim400	351	23546	0.9997
0.0000	camshape400	2000	7188	1.0000
0.0000	autocorr_bern40-30	43	1534	1.0000
0.0000	autocorr_bern35-35fix	38	1264	1.0000
0.0000	smallinvDAXr1b010-011	39	1120	0.9859
0.0000	autocorr_bern30-23	33	878	1.0000
0.0000	cvxnonsep_psig30	30	870	1.0000
0.0000	autocorr_bern25-19	28	612	1.0000
0.0000	autocorr_bern20-15	23	394	1.0000
0.0000	st_qpc-m3a	30	304	0.6755
0.0000	nvs23	27	252	0.6356
0.0000	cvxnonsep_psig20	20	380	1.0000
0.0000	nvs19	24	200	0.6534
0.0000	cvxnonsep_normcon40r	162	322	1.0000
0.0000	st_iqpbk1	22	98	1.0000
0.0000	st_e25	20	92	0.7798
0.0000	st_miqp2	10	18	1.0000
0.0000	cvxnonsep_normcon20r	82	162	1.0000
0.0000	cvxnonsep_psig30r	126	250	1.0000
0.0000	st_e41	8	32	1.0000
0.0000	st_e24	10	26	0.8906
0.0000	cvxnonsep_psig20r	86	170	1.0000
matrices under 0.010s: 23/300
matrices under 0.050s: 23/300
matrices under 0.100s: 24/300
matrices under 0.200s: 72/300
matrices under 0.400s: 168/300

--- per-bucket ---
lt_1k    count=147   geomean=0.8874
1k_10k   count=108   geomean=0.8385
gt_10k   count=45    geomean=0.6854
SCORE = 0.791949
WORST order() = 2.051 s
FORCEAUDIT	stage1b_sites=39	force_fires=10	unsound=0	core_total_mismatch=0	max_drift_ppm=0	worst_incumbent=0	worst_adopted=0	tie_window_opened=0	tie_pass_run=0
ok

test result: ok. 1 passed; 0 failed; 0 ignored; 0 measured; 164 filtered out; finished in 129.34s

