warning: unused doc comment
    --> candidate-worker/src/../../src/ordering/mod.rs:1131:1
     |
1131 | / /// TEST-ONLY sweep switch for the mid-size `rgreedy` stream opened by the 0154
1132 | | /// engine census. Returns `(ops_budget, gate_variant, stream_count)`; a zero
1133 | | /// budget disables the stream, which is what production compiles to — the
1134 | | /// switch can never change a submitted ordering. Configured through
1135 | | /// `SSI_MID_ENGINE="<variant>:<budget>[:<streams>]"` so one build can sweep
1136 | | /// several gate/budget points.
     | |_------------------------------^
     |   |
     |   rustdoc does not generate documentation for macro invocations
     |
     = help: to document an item produced by a macro, the macro must produce the documentation as part of its expansion
     = note: `#[warn(unused_doc_comments)]` (part of `#[warn(unused)]`) on by default

warning: unused doc comment
    --> candidate-worker/src/../../src/ordering/mod.rs:1399:1
     |
1399 | / /// TEST-ONLY kill switch for the heavy-tier arm (metrics + no-dense AMD +
1400 | | /// extra AMF α), so a probe can A/B the arm in one process.
     | |_-----------------------------------------------------------^
     |   |
     |   rustdoc does not generate documentation for macro invocations
     |
     = help: to document an item produced by a macro, the macro must produce the documentation as part of its expansion

warning: unused doc comment
   --> candidate-worker/src/../../src/ordering/parallel.rs:335:1
    |
335 | / /// TEST-ONLY switch forcing every batch onto the sequential path, so a probe
336 | | /// can run the SAME `order()` both ways in one process and compare the
337 | | /// returned permutations element by element. Production builds compile
338 | | /// [`force_sequential`] down to a constant `false`.
    | |_---------------------------------------------------^
    |   |
    |   rustdoc does not generate documentation for macro invocations
    |
    = help: to document an item produced by a macro, the macro must produce the documentation as part of its expansion

warning: unused doc comment
   --> candidate-worker/src/../../src/ordering/parallel.rs:369:1
    |
369 | / /// TEST-ONLY per-phase wall-clock marks: `phase_mark(label, t0)` appends
370 | | /// `(label, secs since t0)`; `phase_take()` drains them. Lets a probe see which
371 | | /// stage of `order()` sets a row's critical path. Never compiled into the
372 | | /// shipped binary.
    | |_------------------^
    |   |
    |   rustdoc does not generate documentation for macro invocations
    |
    = help: to document an item produced by a macro, the macro must produce the documentation as part of its expansion

warning: unused doc comment
    --> candidate-worker/src/../../src/ordering/mod.rs:5047:5
     |
5047 | /     /// ── 0192: the window is the frontier's own chain scope ─────────────────
5048 | |     /// The chain no longer reaches above n = 10 000 (see `PEO_ALT_MAX_N`), so
5049 | |     /// the draw takes over the whole band the chain used to own. Measured on the
5050 | |     /// 300 dev rows: with the window at 50 000 instead of 12 000 the draw adds
...    |
5056 | |     /// spender there), and its worst row is 1.127 s against the frontier's
5057 | |     /// 1.160 s base, so the wide band stays below the frontier's own footprint.
     | |________________________________________________________________________________^
5058 |       #[cfg(test)]
5059 | /     let window_n: usize = std::env::var("SSI_TERM_WIN_N")
5060 | |         .ok()
5061 | |         .and_then(|v| v.trim().parse::<usize>().ok())
5062 | |         .unwrap_or(50_000);
     | |___________________________- rustdoc does not generate documentation for statements
     |
     = help: use `//` for a plain comment

warning: unused doc comment
    --> candidate-worker/src/../../src/ordering/mod.rs:5199:9
     |
5199 | /         /// `nnz < 3n` = the sparse band of the 0184 price law (66 of the 300 dev
5200 | |         /// rows, all of them in-window). Structural, never per-matrix.
     | |_______________________________________________________________________^
5201 | /         let shipped_ladder = || {
5202 | |             if nnz < 3 * n {
5203 | |                 SHIPPED_SPARSE_LADDER.to_vec()
5204 | |             } else {
...    |
5207 | |         };
     | |__________- rustdoc does not generate documentation for statements
     |
     = help: use `//` for a plain comment

warning: variable does not need to be mutable
    --> candidate-worker/src/../../src/ordering/probe.rs:4145:9
     |
4145 |     let mut next = |s: &mut u64| -> u64 {
     |         ----^^^^
     |         |
     |         help: remove this `mut`
     |
     = note: `#[warn(unused_mut)]` (part of `#[warn(unused)]`) on by default

warning: value assigned to `d` is never read
   --> candidate-worker/src/../../src/ordering/rgreedy.rs:397:29
    |
397 |                 let mut d = 0u32;
    |                             ^^^^
    |
    = help: maybe it is overwritten before being read?
    = note: `#[warn(unused_assignments)]` (part of `#[warn(unused)]`) on by default

warning: constant `SUBTREE_MAX_N` is never used
   --> candidate-worker/src/../../src/ordering/mod.rs:763:7
    |
763 | const SUBTREE_MAX_N: usize = 250_000;
    |       ^^^^^^^^^^^^^
    |
    = note: `#[warn(dead_code)]` (part of `#[warn(unused)]`) on by default

warning: function `refine` is never used
  --> candidate-worker/src/../../src/ordering/completion.rs:12:15
   |
12 | pub(super) fn refine(
   |               ^^^^^^

warning: type alias `PermFn` is never used
  --> candidate-worker/src/../../src/ordering/parallel.rs:80:17
   |
80 | pub(crate) type PermFn<'a> = Box<dyn Fn() -> Option<Vec<usize>> + Sync + 'a>;
   |                 ^^^^^^

warning: function `run_perms` is never used
   --> candidate-worker/src/../../src/ordering/parallel.rs:189:15
    |
189 | pub(crate) fn run_perms(
    |               ^^^^^^^^^

warning: function `accept` is never used
   --> candidate-worker/src/../../src/ordering/parallel.rs:314:15
    |
314 | pub(crate) fn accept(results: &mut [CandOut], best_flops: &mut u64, best_perm: &mut Vec<usize>) -> bool {
    |               ^^^^^^

warning: function `minl_is_clique` is never used
   --> candidate-worker/src/../../src/ordering/minl.rs:136:4
    |
136 | fn minl_is_clique(adj: &[Vec<u32>], c: &[u32], ops: &mut i64) -> bool {
    |    ^^^^^^^^^^^^^^

warning: function `minl_try_delete_edge` is never used
   --> candidate-worker/src/../../src/ordering/minl.rs:232:4
    |
232 | fn minl_try_delete_edge(
    |    ^^^^^^^^^^^^^^^^^^^^

warning: function `run_sequential_180` is never used
   --> candidate-worker/src/../../src/ordering/indep_first.rs:600:4
    |
600 | fn run_sequential_180(sp: &ScoringPattern, ledger: u64) -> Option<(u64, Vec<usize>)> {
    |    ^^^^^^^^^^^^^^^^^^

warning: function `reset` is never used
   --> candidate-worker/src/../../src/ordering/mod.rs:487:19
    |
487 |     pub(crate) fn reset() {
    |                   ^^^^^

warning: `ssi-candidate-worker` (bin "ssi-candidate-worker" test) generated 17 warnings (run `cargo fix --bin "ssi-candidate-worker" -p ssi-candidate-worker --tests` to apply 1 suggestion)
    Finished `release` profile [optimized] target(s) in 0.02s
     Running unittests src/main.rs (target/release/deps/ssi_candidate_worker-9bc17c144118ca64)

running 1 test
test ordering::probe::probe_eval_audit ... AUDIT	name	n	nnz	amd	shipped	min	gap_pct	scored	bijections
LADGATE	357	10000	0.224	1
AUDIT	slay06m	357	1080	4025	4025	4025	0.0000	8	8
LADGATE	401	10000	0.255	1
AUDIT	sssd25-08	401	1200	5389	5389	5389	0.0000	9	9
LADGATE	4772	10000	0.620	1
AUDIT	rsyn0810m04m	4772	13836	147553	113458	113458	0.0000	14	14
AUDIT	pooling_sppc3pq	23173	893724	1153877333	325595394	325595394	0.0000	3	3
LADGATE	1131	10000	0.552	1
AUDIT	sporttournament48	1131	6676	919582	594138	594138	0.0000	24	24
LADGATE	5030	10000	0.422	1
AUDIT	pooling_sppa9pq	5030	120730	23971280	15130622	15130622	0.0000	4	4
LADGATE	1053	10000	0.324	1
AUDIT	edgecross10-090	1053	5204	126115	103179	103179	0.0000	10	10
AUDIT	maxcsp-ehi-85-297-71	2372	207996	1381768944	1110971341	1110971341	0.0000	6	6
LADGATE	30	10000	0.165	1
AUDIT	st_bpaf1a	30	120	623	580	580	0.0000	6	6
LADGATE	1462	10000	0.481	1
AUDIT	risk2bpb	1462	5396	118471	66041	66041	0.0000	18	18
LADGATE	255	10000	0.135	1
AUDIT	qap	255	43748	3802533	3650113	3650113	0.0000	17	17
LADGATE	7252	10000	0.572	1
AUDIT	rsyn0830m04m	7252	20752	212130	171660	171660	0.0000	9	9
LADGATE	1073	10000	0.265	1
AUDIT	lop97icx	1073	2118	79286	64044	64044	0.0000	23	23
LADGATE	1201	10000	0.228	1
AUDIT	chain400	1201	4796	16382	16382	16382	0.0000	24	24
LADGATE	9532	10000	0.745	1
AUDIT	mpbp_07	9532	30810	1368477	1248947	1248947	0.0000	24	24
LADGATE	440	10000	0.345	1
AUDIT	sonetgr17	440	2958	37814	30971	30971	0.0000	18	18
LADGATE	2207	10000	0.586	1
AUDIT	p_ball_30b_7p_2d_h	2207	7516	42456	42319	42319	0.0000	8	8
LADGATE	19995	10000	0.708	0
AUDIT	pinene200	19995	97990	1358716	1134463	1134463	0.0000	24	24
AUDIT	unitcommit_200_100_1_mod_8	146830	476332	3053940	2981835	2981835	0.0000	1	1
LADGATE	123	10000	0.273	1
AUDIT	ex8_3_9	123	834	15050	11503	11503	0.0000	10	10
LADGATE	2486	10000	0.610	1
AUDIT	rsyn0820m02m	2486	6932	38190	35631	35631	0.0000	24	24
LADGATE	293	10000	0.255	1
AUDIT	p_ball_10b_5p_2d_m	293	964	6648	6547	6547	0.0000	8	8
LADGATE	170	10000	0.206	1
AUDIT	pooling_adhya4tp	170	936	26842	20581	20581	0.0000	6	6
LADGATE	7295	10000	0.297	1
AUDIT	squfl015-080persp	7295	21600	74520	74520	74520	0.0000	1	1
LADGATE	1053	10000	0.333	1
AUDIT	edgecross10-080	1053	5940	170814	164639	164639	0.0000	9	9
LADGATE	590	10000	0.313	1
AUDIT	clay0204hfsg	590	1696	7198	6562	6562	0.0000	11	11
LADGATE	13	10000	0.114	1
AUDIT	st_bsj2	13	40	143	114	114	0.0000	1	1
LADGATE	440	10000	0.444	1
AUDIT	chimera_mgw-c8-439-onc8-002	440	3038	97870	86464	86464	0.0000	21	21
LADGATE	5188	10000	0.669	1
AUDIT	batchs201210m	5188	17910	349298	303381	303381	0.0000	1	1
LADGATE	5456	10000	0.664	1
AUDIT	rsyn0815m04m	5456	15756	184352	143458	143458	0.0000	10	10
LADGATE	560	10000	0.304	1
AUDIT	syn40m	560	1528	5007	4829	4829	0.0000	18	18
LADGATE	2157	10000	0.265	1
AUDIT	knp5-44	2157	32604	3764003	3764003	3764003	0.0000	9	9
LADGATE	94	10000	0.189	1
AUDIT	ex1263a	94	390	2098	2098	2098	0.0000	7	7
AUDIT	st_e41	8	32	88	88	88	0.0000	0	0
LADGATE	2305	10000	0.632	1
AUDIT	squfl025-030	2305	6000	42305	42305	42305	0.0000	8	8
LADGATE	98	10000	0.236	1
AUDIT	wastewater05m1	98	536	11690	8036	8036	0.0000	20	20
AUDIT	cvxnonsep_psig20	20	380	2870	2870	2870	0.0000	0	0
LADGATE	4405	10000	0.178	1
AUDIT	meanvar-orl400_05_e_8	4405	171604	21923414	21922611	21922611	0.0000	1	1
LADGATE	301	10000	0.269	1
AUDIT	st_e31	301	744	4534	4257	4257	0.0000	9	9
AUDIT	pooling_sppc1pq	14100	477680	812210652	136686008	136686008	0.0000	3	3
LADGATE	31	10000	0.163	1
AUDIT	pooling_haverly1pq	31	96	412	403	403	0.0000	8	8
LADGATE	128	10000	0.225	1
AUDIT	graphpart_3g-0244-0244	128	672	33446	32534	32534	0.0000	12	12
LADGATE	80	10000	0.233	1
AUDIT	graphpart_clique-20	80	1260	34885	27856	27856	0.0000	11	11
LADGATE	28368	10000	0.861	0
AUDIT	mpbp_48	28368	91016	33835023	16144599	16144599	0.0000	19	19
AUDIT	pooling_sppb5pq	18529	674470	523815053	213571545	213571545	0.0000	3	3
LADGATE	497	10000	0.257	1
AUDIT	slay07m	497	1512	5740	5740	5740	0.0000	8	8
AUDIT	nvs19	24	200	1353	884	884	0.0000	0	0
LADGATE	3270	10000	0.526	1
AUDIT	oil	3270	8430	36313	34760	34760	0.0000	24	24
LADGATE	2775	10000	0.850	1
AUDIT	squfl015-060	2775	7200	36400	36400	36400	0.0000	8	8
LADGATE	1112	10000	0.454	1
AUDIT	ndcc12persp	1112	5522	299115	284793	284793	0.0000	10	10
AUDIT	kissing2	20772	401024	156414018	156414018	156414018	0.0000	1	1
LADGATE	1942	10000	0.580	1
AUDIT	nuclear25a	1942	16030	1977163	1136191	1136191	0.0000	12	12
LADGATE	222	10000	0.220	1
AUDIT	clay0204m	222	704	2330	2330	2330	0.0000	8	8
LADGATE	23	10000	0.130	1
AUDIT	st_ph13	23	68	207	178	178	0.0000	7	7
LADGATE	1053	10000	0.399	1
AUDIT	edgecross10-030	1053	4654	135854	100080	100080	0.0000	18	18
LADGATE	601	10000	0.259	1
AUDIT	chain200	601	2396	8182	8182	8182	0.0000	9	9
LADGATE	25	10000	0.161	1
AUDIT	ex1223b	25	66	178	178	178	0.0000	9	9
LADGATE	2718	10000	0.568	1
AUDIT	slay09h	2718	7488	36057	32385	32385	0.0000	9	9
LADGATE	974	10000	0.549	1
AUDIT	ndcc12	974	5982	345696	329556	329556	0.0000	18	18
LADGATE	1306	10000	0.423	1
AUDIT	kall_circlesrectangles_c6r39	1306	5378	75744	74610	74610	0.0000	12	12
LADGATE	9170	10000	0.530	1
AUDIT	squfl020-150	9170	24000	135020	135020	135020	0.0000	8	8
AUDIT	autocorr_bern40-30	43	1534	20034	20034	20034	0.0000	0	0
LADGATE	660	10000	0.294	1
AUDIT	slay08m	660	2016	7796	7796	7796	0.0000	8	8
LADGATE	2032	10000	0.598	1
AUDIT	chimera_mgw-c16-2031-01	2032	15900	3328073	2565876	2565876	0.0000	24	24
LADGATE	713	10000	0.404	1
AUDIT	forest	713	2658	10614	10543	10543	0.0000	9	9
LADGATE	280	10000	0.173	1
AUDIT	qspp_0_10_0_1_10_1	280	29636	1942907	1932414	1932414	0.0000	14	14
LADGATE	16	10000	0.135	1
AUDIT	st_ph1	16	58	274	233	233	0.0000	7	7
LADGATE	124	10000	0.188	1
AUDIT	elf	124	376	2733	2173	2173	0.0000	10	10
LADGATE	18	10000	0.141	1
AUDIT	ex3_1_3	18	36	90	83	83	0.0000	3	3
AUDIT	cvxnonsep_normcon40r	162	322	645	645	645	0.0000	0	0
LADGATE	155	10000	0.248	1
AUDIT	demo7	155	618	3579	3426	3426	0.0000	10	10
LADGATE	615	10000	0.395	1
AUDIT	waternd2	615	2580	155674	74817	74817	0.0000	13	13
LADGATE	64	10000	0.200	1
AUDIT	prolog	64	292	1245	1225	1225	0.0000	9	9
LADGATE	11	10000	0.108	1
AUDIT	ex14_1_8	11	30	80	80	80	0.0000	1	1
AUDIT	faclay75	272878	1379706	3204527350	3013800414	3013800414	0.0000	1	1
LADGATE	55	10000	0.139	1
AUDIT	st_qpk3	55	548	5467	3762	3762	0.0000	9	9
LADGATE	11556	10000	0.585	0
AUDIT	mpbp_34	11556	40860	3093917	891649	891649	0.0000	24	24
AUDIT	cvxnonsep_normcon20r	82	162	325	325	325	0.0000	0	0
AUDIT	cvxnonsep_psig20r	86	170	341	341	341	0.0000	0	0
LADGATE	18742	10000	0.683	0
AUDIT	crudeoil_pooling_dt2	18742	75910	14985540	9947932	9947932	0.0000	20	20
LADGATE	2868	10000	0.905	1
AUDIT	rsyn0805m03m	2868	8270	60979	54853	54853	0.0000	24	24
AUDIT	st_iqpbk1	22	98	295	295	295	0.0000	0	0
LADGATE	96	10000	0.259	1
AUDIT	waterund01	96	404	4546	3317	3317	0.0000	12	12
LADGATE	29	10000	0.150	1
AUDIT	pointpack04	29	120	577	577	577	0.0000	7	7
LADGATE	12	10000	0.099	1
AUDIT	st_e22	12	30	77	70	70	0.0000	1	1
LADGATE	16678	10000	0.438	0
AUDIT	faclay30	16678	82242	13452923	12850431	12850431	0.0000	6	6
LADGATE	4432	10000	0.434	1
AUDIT	arki0002	4432	11248	683476	667374	667374	0.0000	2	2
LADGATE	11659	10000	0.773	0
AUDIT	transswitch0300p	11659	48446	404940	377741	377741	0.0000	24	24
LADGATE	30660	10000	0.836	0
AUDIT	crudeoil_pooling_dt3	30660	152210	48975085	33883414	33883414	0.0000	8	8
LADGATE	22536	10000	0.728	0
AUDIT	gasprod_sarawak81	22536	75636	1030380	941231	941231	0.0000	20	20
LADGATE	660	10000	0.398	1
AUDIT	maxcsp-langford-3-11	660	29646	33444033	10360919	10360919	0.0000	24	24
LADGATE	1543	10000	0.361	1
AUDIT	p_ball_30b_5p_2d_h	1543	5224	25843	25742	25742	0.0000	8	8
LADGATE	6709	10000	0.464	1
AUDIT	ringpack_20_3	6709	45220	2415136	865627	865627	0.0000	3	3
LADGATE	4825	10000	0.662	1
AUDIT	waste	4825	21504	1468261	1270649	1270649	0.0000	3	3
LADGATE	2001	10000	0.309	1
AUDIT	catmix400	2001	11192	36373	36364	36364	0.0000	23	23
LADGATE	3054	10000	0.782	1
AUDIT	rsyn0815m02hfsg	3054	7968	44604	41416	41416	0.0000	24	24
LADGATE	1236	10000	0.319	1
AUDIT	p_ball_10b_7p_3d_h	1236	4186	24380	23744	23744	0.0000	10	10
LADGATE	1225	10000	0.639	1
AUDIT	chimera_k64ising-02	1225	3846	613390	371142	371142	0.0000	24	24
LADGATE	3404	10000	0.612	1
AUDIT	batchs121208m	3404	11462	138030	128816	128816	0.0000	2	2
LADGATE	11	10000	0.109	1
AUDIT	nvs02	11	46	142	142	142	0.0000	1	1
LADGATE	191	10000	0.282	1
AUDIT	wastepaper6	191	1416	16611	16611	16611	0.0000	8	8
LADGATE	399	10000	0.273	1
AUDIT	syn15hfsg	399	1022	3300	3272	3272	0.0000	12	12
LADGATE	36	10000	0.170	1
AUDIT	st_jcbpaf2	36	246	1635	1543	1543	0.0000	4	4
AUDIT	camshape400	2000	7188	16768	16768	16768	0.0000	0	0
LADGATE	120	10000	0.266	1
AUDIT	graphpart_clique-30	120	2790	114505	91153	91153	0.0000	11	11
LADGATE	280	10000	0.211	1
AUDIT	graphpart_clique-70	280	14910	1413012	1144894	1144894	0.0000	19	19
AUDIT	smallinvDAXr1b010-011	39	1120	13510	13319	13319	0.0000	0	0
LADGATE	22074	10000	0.405	0
AUDIT	nd_netgen-2000-3-4-b-a-ns_7	22074	60000	289420	273394	273394	0.0000	19	19
LADGATE	240	10000	0.215	1
AUDIT	slay05m	240	720	2635	2635	2635	0.0000	8	8
LADGATE	2031	10000	1.114	1
AUDIT	chimera_selby-c16-01	2031	10964	3605628	2421342	2421342	0.0000	24	24
LADGATE	110	10000	0.183	1
AUDIT	csched1	110	376	975	975	975	0.0000	10	10
LADGATE	1310	10000	0.137	1
AUDIT	watercontamination0303r	1310	37028	2171882	2171882	2171882	0.0000	15	15
LADGATE	15	10000	0.115	1
AUDIT	ex9_2_4	15	36	117	117	117	0.0000	1	1
LADGATE	163	10000	0.183	1
AUDIT	sssd15-04	163	440	1625	1625	1625	0.0000	11	11
AUDIT	autocorr_bern35-35fix	38	1264	16214	16214	16214	0.0000	0	0
LADGATE	1491	10000	0.346	1
AUDIT	sfacloc2_4_90	1491	4500	31682	28843	28843	0.0000	11	11
AUDIT	cont6-qq	120395	557994	835894090	581918900	581918900	0.0000	1	1
LADGATE	5205	10000	0.170	1
AUDIT	meanvar-orl400_05_e_7	5205	174804	21939414	21935811	21935811	0.0000	5	5
LADGATE	10017	10000	0.358	0
AUDIT	glider400	10017	49624	373018	327531	327531	0.0000	20	20
LADGATE	4960	10000	0.628	1
AUDIT	syn40m04m	4960	13792	65982	63265	63265	0.0000	3	3
LADGATE	31	10000	0.160	1
AUDIT	ex2_1_3	31	72	189	189	189	0.0000	8	8
LADGATE	705	10000	0.515	1
AUDIT	qapw	705	87496	12183146	12183146	12183146	0.0000	24	24
LADGATE	14	10000	0.109	1
AUDIT	himmel11	14	60	198	198	198	0.0000	1	1
LADGATE	1908	10000	0.382	1
AUDIT	syn15m04m	1908	5288	26094	25061	25061	0.0000	12	12
LADGATE	118	10000	0.234	1
AUDIT	pooling_rt2tp	118	654	5876	5796	5796	0.0000	12	12
LADGATE	333	10000	0.307	1
AUDIT	waterund14	333	2204	200484	72184	72184	0.0000	24	24
LADGATE	17809	10000	1.056	0
AUDIT	crudeoil_lee4_10	17809	120632	294531623	184173410	184173410	0.0000	8	8
LADGATE	1294	10000	0.506	1
AUDIT	pooling_foulds4pq	1294	8302	138692	138540	138540	0.0000	5	5
LADGATE	3097	10000	0.349	1
AUDIT	edgecross14-156	3097	19664	1487933	1376964	1376964	0.0000	2	2
LADGATE	72	10000	0.205	1
AUDIT	tspn08	72	668	11074	7600	7600	0.0000	11	11
LADGATE	4225	10000	0.600	1
AUDIT	crudeoil_li05	4225	14628	680022	533531	533531	0.0000	9	9
LADGATE	14416	10000	0.667	0
AUDIT	procurement1large	14416	41068	13858240	7376882	7376882	0.0000	24	24
LADGATE	1428	10000	0.333	1
AUDIT	blend721	1428	4548	77560	66143	66143	0.0000	17	17
LADGATE	2031	10000	1.129	1
AUDIT	chimera_selby-c16-02	2031	10878	4280329	2298935	2298935	0.0000	24	24
LADGATE	16640	10000	0.427	0
AUDIT	supplychainr1_053050	16640	57800	2173490	2173490	2173490	0.0000	8	8
LADGATE	5067	10000	0.756	1
AUDIT	sfacloc2_4_80	5067	21424	93048	88884	88884	0.0000	4	4
AUDIT	st_e24	10	26	64	57	57	0.0000	0	0
LADGATE	1053	10000	0.341	1
AUDIT	edgecross10-040	1053	5116	161851	143518	143518	0.0000	14	14
LADGATE	8232	10000	0.383	1
AUDIT	sonet21v6	8232	40744	1643311	1585871	1585871	0.0000	21	21
LADGATE	2490	10000	0.673	1
AUDIT	squfl010-080	2490	6400	27665	27665	27665	0.0000	8	8
LADGATE	221	10000	0.236	1
AUDIT	genpooling_lee2	221	1048	19895	14028	14028	0.0000	9	9
LADGATE	2807	10000	0.637	1
AUDIT	popdynm25	2807	13904	360081	286812	286812	0.0000	24	24
LADGATE	5211	10000	0.798	1
AUDIT	chp_partload	5211	16740	509170	373797	373797	0.0000	15	15
LADGATE	560	10000	0.253	1
AUDIT	qspp_0_14_0_1_10_1	560	120274	16119226	16017111	16017111	0.0000	23	23
LADGATE	24	10000	0.137	1
AUDIT	st_glmp_ss1	24	66	160	160	160	0.0000	6	6
LADGATE	2508	10000	0.484	1
AUDIT	torsion50	2508	29808	1691033	1119054	1119054	0.0000	19	19
LADGATE	40	10000	0.176	1
AUDIT	st_rv2	40	340	2045	2045	2045	0.0000	6	6
LADGATE	6885	10000	0.255	1
AUDIT	emfl100_3_3	6885	15948	55506	55506	55506	0.0000	1	1
AUDIT	pedigree_sim400	351	23546	1183471	1183168	1183168	0.0000	0	0
AUDIT	polygon75	5846	49652	1171822	1171822	1171822	0.0000	0	0
AUDIT	gabriel10	244056	1148210	1365442310	1267760679	1267760679	0.0000	1	1
LADGATE	1049	10000	0.296	1
AUDIT	fo9_ar25_1	1049	4336	41668	38237	38237	0.0000	13	13
LADGATE	1159	10000	0.334	1
AUDIT	rsyn0840m	1159	3168	11274	10602	10602	0.0000	24	24
LADGATE	548	10000	0.412	1
AUDIT	gancns	548	2800	69234	58861	58861	0.0000	14	14
LADGATE	1049	10000	0.299	1
AUDIT	o9_ar4_1	1049	4336	41668	38237	38237	0.0000	13	13
LADGATE	123	10000	0.259	1
AUDIT	ex1265a	123	560	3948	3750	3750	0.0000	13	13
LADGATE	28	10000	0.156	1
AUDIT	ex9_2_6	28	68	190	190	190	0.0000	4	4
LADGATE	481	10000	0.196	1
AUDIT	qspp_0_13_0_1_10_1	481	88522	10150185	10095353	10095353	0.0000	18	18
LADGATE	146	10000	0.217	1
AUDIT	slay04m	146	432	1554	1554	1554	0.0000	8	8
AUDIT	st_e25	20	92	336	262	262	0.0000	0	0
LADGATE	32	10000	0.174	1
AUDIT	ex8_4_1	32	100	225	225	225	0.0000	3	3
LADGATE	19	10000	0.156	1
AUDIT	st_e07	19	60	199	199	199	0.0000	8	8
LADGATE	26	10000	0.159	1
AUDIT	ex1225	26	66	171	161	161	0.0000	7	7
LADGATE	969	10000	0.542	1
AUDIT	ndcc13	969	5882	525212	324727	324727	0.0000	10	10
LADGATE	1224	10000	0.285	1
AUDIT	syn10m04m	1224	3384	13501	13473	13473	0.0000	9	9
LADGATE	18	10000	0.146	1
AUDIT	ex5_2_4	18	62	204	193	193	0.0000	8	8
LADGATE	72	10000	0.207	1
AUDIT	st_m2	72	1226	16331	16331	16331	0.0000	4	4
LADGATE	16	10000	0.134	1
AUDIT	st_bpk1	16	44	115	108	108	0.0000	7	7
LADGATE	736	10000	0.593	1
AUDIT	multiplants_stg1	736	3594	197998	155496	155496	0.0000	21	21
LADGATE	11251	10000	0.757	0
AUDIT	powerflow0300p	11251	41918	304705	292101	292101	0.0000	24	24
LADGATE	33155	10000	0.569	0
AUDIT	nd_netgen-3000-1-1-b-b-ns_7	33155	90000	922197	885186	885186	0.0000	18	18
LADGATE	803	10000	0.534	1
AUDIT	sonet23v4	803	6462	139703	94348	94348	0.0000	14	14
LADGATE	1649	10000	0.434	1
AUDIT	pooling_sppa0pq	1649	24192	3745896	1214182	1214182	0.0000	24	24
LADGATE	645	10000	0.602	1
AUDIT	multiplants_mtg1b	645	4404	229415	152043	152043	0.0000	24	24
LADGATE	338	10000	0.248	1
AUDIT	sssd18-08persp	338	1168	4654	4654	4654	0.0000	8	8
LADGATE	19	10000	0.155	1
AUDIT	ex9_1_2	19	54	188	179	179	0.0000	8	8
LADGATE	3670	10000	0.815	1
AUDIT	crudeoil_lee1_07	3670	19322	4746188	3513213	3513213	0.0000	21	21
LADGATE	31	10000	0.163	1
AUDIT	pooling_haverly1tp	31	96	423	403	403	0.0000	8	8
LADGATE	230	10000	0.223	1
AUDIT	waterund08	230	1290	35284	30110	30110	0.0000	3	3
LADGATE	76	10000	0.148	1
AUDIT	kall_diffcircles_6	76	302	1511	1511	1511	0.0000	9	9
LADGATE	440	10000	0.447	1
AUDIT	chimera_mgw-c8-439-onc8-001	440	3040	106479	80090	80090	0.0000	15	15
LADGATE	160	10000	0.255	1
AUDIT	waterund11	160	828	14818	10705	10705	0.0000	13	13
LADGATE	16364	10000	0.714	0
AUDIT	chp_shorttermplan2d	16364	52108	4089003	2104724	2104724	0.0000	24	24
LADGATE	156	10000	0.296	1
AUDIT	sporttournament18	156	886	17568	13608	13608	0.0000	13	13
AUDIT	cvxnonsep_psig30	30	870	9455	9455	9455	0.0000	0	0
LADGATE	6089	10000	0.450	1
AUDIT	ringpack_20_2	6089	40368	1872174	707413	707413	0.0000	2	2
LADGATE	1386	10000	0.326	1
AUDIT	blend718	1386	4310	70355	61466	61466	0.0000	14	14
LADGATE	115	10000	0.273	1
AUDIT	wastepaper4	115	724	9711	7183	7183	0.0000	8	8
LADGATE	2450	10000	0.617	1
AUDIT	squfl010-040persp	2450	7200	22825	22825	22825	0.0000	9	9
LADGATE	10429	10000	0.969	0
AUDIT	crudeoil_lee4_06	10429	55492	65337120	32834025	32834025	0.0000	23	23
LADGATE	1746	10000	0.576	1
AUDIT	netmod_kar1	1746	4928	56838	43864	43864	0.0000	24	24
LADGATE	14	10000	0.112	1
AUDIT	ex8_1_7	14	46	137	128	128	0.0000	1	1
LADGATE	108	10000	0.203	1
AUDIT	graphpart_3g-0333-0333	108	648	44928	36228	36228	0.0000	8	8
LADGATE	760	10000	0.336	1
AUDIT	slay05h	760	2080	9815	8795	8795	0.0000	7	7
LADGATE	156	10000	0.278	1
AUDIT	korcns	156	712	7241	6599	6599	0.0000	11	11
LADGATE	5065	10000	0.701	1
AUDIT	powerflow0118p	5065	18730	121503	117327	117327	0.0000	6	6
LADGATE	4799	10000	0.791	1
AUDIT	sfacloc2_3_80	4799	20600	84672	81119	81119	0.0000	1	1
LADGATE	6028	10000	0.581	1
AUDIT	rsyn0820m04m	6028	17372	196890	152980	152980	0.0000	9	9
LADGATE	1046	10000	0.260	1
AUDIT	hydroenergy1	1046	3024	14089	14089	14089	0.0000	9	9
LADGATE	181	10000	0.192	1
AUDIT	maxmin	181	1440	8405	8405	8405	0.0000	16	16
LADGATE	8	10000	0.105	1
AUDIT	st_ht	8	18	51	44	44	0.0000	1	1
LADGATE	6418	10000	0.874	1
AUDIT	crudeoil_lee2_06	6418	34646	23299675	16566254	16566254	0.0000	19	19
LADGATE	3183	10000	0.494	1
AUDIT	kan_r3_h1_n4	3183	14062	104945	98715	98715	0.0000	5	5
LADGATE	378	10000	0.296	1
AUDIT	primary	378	5610	109639	95258	95258	0.0000	17	17
LADGATE	1071	10000	0.285	1
AUDIT	syn10m03hfsg	1071	2772	9890	9812	9812	0.0000	8	8
LADGATE	36	10000	0.183	1
AUDIT	wastewater02m1	36	138	848	790	790	0.0000	8	8
LADGATE	4620	10000	0.395	1
AUDIT	supplychainr1_022020	4620	15680	273140	273100	273100	0.0000	1	1
LADGATE	3800	10000	0.260	1
AUDIT	squfl025-025persp	3800	11250	49925	49925	49925	0.0000	1	1
LADGATE	17999	10000	0.910	0
AUDIT	ringpack_30_2	17999	121458	12394600	2873684	2873684	0.0000	17	17
AUDIT	nuclear104	39098	257806	103156931	78332024	78332024	0.0000	9	9
LADGATE	4952	10000	0.718	1
AUDIT	chp_shorttermplan1a	4952	15700	376486	301258	301258	0.0000	7	7
LADGATE	555	10000	0.462	1
AUDIT	rocket50	555	3488	19983	19265	19265	0.0000	13	13
LADGATE	8508	10000	0.805	1
AUDIT	rsyn0840m04m	8508	24272	229914	186241	186241	0.0000	24	24
LADGATE	11716	10000	0.729	0
AUDIT	mpbp_21	11716	37660	1691114	1456963	1456963	0.0000	24	24
LADGATE	172	10000	0.223	1
AUDIT	orth_d4m6_pl	172	1096	10938	10703	10703	0.0000	7	7
LADGATE	1681	10000	0.536	1
AUDIT	kall_circlespolygons_c1p5b	1681	7432	201759	193841	193841	0.0000	9	9
AUDIT	acopf_case9241pegase_qcqp	313068	1292408	34647355	33736789	33736789	0.0000	1	1
LADGATE	33	10000	0.171	1
AUDIT	ex1223	33	82	244	244	244	0.0000	9	9
LADGATE	10	10000	0.119	1
AUDIT	ex6_1_4	10	48	197	153	153	0.0000	1	1
LADGATE	403	10000	0.287	1
AUDIT	powerflow0014r	403	1630	10761	10361	10361	0.0000	8	8
LADGATE	2065	10000	0.268	1
AUDIT	knp5-43	2065	31132	3517788	3517788	3517788	0.0000	11	11
LADGATE	21688	10000	0.757	0
AUDIT	gabriel09	21688	89702	29373994	26366112	26366112	0.0000	16	16
LADGATE	32	10000	0.167	1
AUDIT	tln2	32	88	233	233	233	0.0000	8	8
LADGATE	22	10000	0.145	1
AUDIT	prob02	22	76	267	232	232	0.0000	7	7
LADGATE	1422	10000	0.343	1
AUDIT	blend146	1422	4460	78102	64296	64296	0.0000	17	17
LADGATE	4518	10000	0.467	1
AUDIT	mpbp_46	4518	14492	499547	447643	447643	0.0000	6	6
LADGATE	413	10000	0.355	1
AUDIT	tls6	413	2860	18483	17511	17511	0.0000	10	10
LADGATE	21925	10000	0.416	0
AUDIT	emfl100_5_5	21925	52300	221650	221650	221650	0.0000	1	1
LADGATE	341	10000	0.174	1
AUDIT	qspp_0_11_0_1_10_1	341	44264	3563707	3531915	3531915	0.0000	18	18
LADGATE	403	10000	0.268	1
AUDIT	p_ball_10b_5p_4d_m	403	1484	13581	13288	13288	0.0000	7	7
LADGATE	90	10000	0.232	1
AUDIT	st_rv9	90	840	6691	6321	6321	0.0000	7	7
LADGATE	3486	10000	0.504	1
AUDIT	rsyn0840m02m	3486	9576	47529	44981	44981	0.0000	7	7
LADGATE	22	10000	0.151	1
AUDIT	nvs05	22	84	277	266	266	0.0000	7	7
AUDIT	autocorr_bern25-19	28	612	5278	5278	5278	0.0000	0	0
LADGATE	356	10000	0.252	1
AUDIT	sssd20-08persp	356	1232	4960	4960	4960	0.0000	8	8
LADGATE	827	10000	0.628	1
AUDIT	multiplants_stg5	827	3804	377794	155722	155722	0.0000	17	17
LADGATE	2032	10000	0.670	1
AUDIT	chimera_rfr-02	2032	15140	3860441	2487310	2487310	0.0000	24	24
LADGATE	726	10000	0.587	1
AUDIT	multiplants_stg1a	726	3510	142058	121443	121443	0.0000	9	9
LADGATE	170	10000	0.223	1
AUDIT	pooling_adhya4pq	170	932	24314	16556	16556	0.0000	8	8
LADGATE	17493	10000	0.757	0
AUDIT	nuclear10a	17493	163816	82406325	55754381	55754381	0.0000	10	10
LADGATE	874	10000	0.560	1
AUDIT	sonet24v5	874	7260	185654	110276	110276	0.0000	24	24
AUDIT	transswitch2736spr	69651	331010	7933133	7281507	7281507	0.0000	2	2
LADGATE	8992	10000	0.516	1
AUDIT	chp_shorttermplan2a	8992	26288	821014	576395	576395	0.0000	24	24
LADGATE	1001	10000	0.223	1
AUDIT	catmix200	1001	5592	18173	18164	18164	0.0000	24	24
AUDIT	nvs23	27	252	1921	1221	1221	0.0000	0	0
LADGATE	20	10000	0.136	1
AUDIT	oaer	20	40	107	107	107	0.0000	2	2
LADGATE	168	10000	0.179	1
AUDIT	hybriddynamic_fixed	168	388	1103	1103	1103	0.0000	9	9
LADGATE	16747	10000	0.590	0
AUDIT	edgecross24-115	16747	77352	35096942	28685704	28685704	0.0000	10	10
LADGATE	1178	10000	0.299	1
AUDIT	space25	1178	4334	23567	22528	22528	0.0000	11	11
LADGATE	23999	10000	0.587	0
AUDIT	methanol400	23999	151728	2586036	1864047	1864047	0.0000	18	18
LADGATE	1218	10000	0.549	1
AUDIT	pooling_foulds5tp	1218	8364	251833	171941	171941	0.0000	9	9
LADGATE	5040	10000	0.664	1
AUDIT	pooling_sppa9tp	5040	121302	104609262	16877457	16877457	0.0000	3	3
AUDIT	st_miqp2	10	18	37	37	37	0.0000	0	0
AUDIT	autocorr_bern30-23	33	878	8940	8940	8940	0.0000	0	0
LADGATE	9858	10000	0.713	1
AUDIT	mpbp_15	9858	31692	1496502	1185325	1185325	0.0000	24	24
AUDIT	cvxnonsep_psig30r	126	250	501	501	501	0.0000	0	0
LADGATE	1590	10000	0.425	1
AUDIT	rsyn0830hfsg	1590	4100	16168	15383	15383	0.0000	24	24
LADGATE	1271	10000	0.529	1
AUDIT	crudeoil_pooling_ct1	1271	4642	125127	93863	93863	0.0000	13	13
LADGATE	800	10000	0.614	1
AUDIT	multiplants_stg1c	800	3894	150039	143020	143020	0.0000	13	13
LADGATE	11	10000	0.116	1
AUDIT	st_pan1	11	32	123	94	94	0.0000	1	1
LADGATE	814	10000	0.652	1
AUDIT	multiplants_stg1b	814	3992	308612	187593	187593	0.0000	11	11
LADGATE	11999	10000	0.589	0
AUDIT	methanol200	11999	76128	1290836	905945	905945	0.0000	24	24
LADGATE	26778	10000	0.575	0
AUDIT	faclay35	26778	132380	33630126	32021838	32021838	0.0000	7	7
LADGATE	13175	10000	0.258	0
AUDIT	emfl050_5_5	13175	32300	155400	155400	155400	0.0000	1	1
AUDIT	transswitch2383wpr	59853	277562	3946309	3861509	3861509	0.0000	4	4
LADGATE	1120	10000	0.509	1
AUDIT	chimera_lga-01	1120	6400	668019	497101	497101	0.0000	24	24
LADGATE	4596	10000	0.675	1
AUDIT	gasprod_sarawak16	4596	15316	213850	196064	196064	0.0000	4	4
LADGATE	15904	10000	1.040	0
AUDIT	crudeoil_lee4_09	15904	101792	208785578	130655525	130655525	0.0000	12	12
LADGATE	44909	10000	0.962	0
AUDIT	arki0013	44909	160172	390472987	157005417	157005417	0.0000	10	10
LADGATE	42	10000	0.152	1
AUDIT	st_m1	42	432	3097	3097	3097	0.0000	7	7
LADGATE	5310	10000	0.703	1
AUDIT	mpbp_47	5310	17098	730624	652248	652248	0.0000	3	3
LADGATE	821	10000	0.437	1
AUDIT	rsyn0815m	821	2242	8260	7745	7745	0.0000	20	20
LADGATE	7993	10000	1.003	1
AUDIT	arki0016	7993	37208	878890	835803	835803	0.0000	5	5
LADGATE	18	10000	0.137	1
AUDIT	st_glmp_ss2	18	48	121	121	121	0.0000	6	6
LADGATE	2670	10000	0.695	1
AUDIT	rsyn0810m02hfsg	2670	6964	36862	34753	34753	0.0000	24	24
LADGATE	55	10000	0.146	1
AUDIT	pointpack06	55	276	1497	1497	1497	0.0000	11	11
LADGATE	6328	10000	0.354	1
AUDIT	syn40m04hfsg	6328	16896	76232	73685	73685	0.0000	4	4
LADGATE	258	10000	0.226	1
AUDIT	clay0304m	258	840	2742	2742	2742	0.0000	12	12
LADGATE	1218	10000	0.431	1
AUDIT	pooling_foulds5pq	1218	8300	159641	159641	159641	0.0000	9	9
LADGATE	1000	10000	0.418	1
AUDIT	clay0305hfsg	1000	2910	12260	11240	11240	0.0000	10	10
LADGATE	64	10000	0.197	1
AUDIT	st_test8	64	232	2343	1964	1964	0.0000	8	8
AUDIT	gams05	17364	252910	6179750712	3259322396	3259322396	0.0000	2	2
LADGATE	31	10000	0.173	1
AUDIT	sporttournament08	31	156	862	862	862	0.0000	8	8
LADGATE	1121	10000	0.360	1
AUDIT	powerflow0030p	1121	4194	24944	23642	23642	0.0000	10	10
LADGATE	22407	10000	0.859	0
AUDIT	popdynm200	22407	105584	2567878	2436690	2436690	0.0000	21	21
LADGATE	11120	10000	0.756	0
AUDIT	mpbp_35	11120	40790	3037207	976558	976558	0.0000	24	24
LADGATE	1492	10000	0.423	1
AUDIT	syn30m02m	1492	3936	13752	13455	13455	0.0000	13	13
LADGATE	481	10000	0.383	1
AUDIT	wastewater13m1	481	3252	60135	60068	60068	0.0000	7	7
LADGATE	1022	10000	0.298	1
AUDIT	syn40hfsg	1022	2624	8432	8155	8155	0.0000	22	22
LADGATE	69	10000	0.180	1
AUDIT	sep1	69	206	1097	1047	1047	0.0000	8	8
LADGATE	2508	10000	0.519	1
AUDIT	syn30m03m	2508	6804	26806	26552	26552	0.0000	12	12
AUDIT	st_qpc-m3a	30	304	2330	1574	1574	0.0000	0	0
LADGATE	2644	10000	1.132	1
AUDIT	crudeoil_pooling_ct3	2644	11426	1381490	866223	866223	0.0000	24	24
LADGATE	634	10000	0.403	1
AUDIT	space25a	634	3246	29078	27875	27875	0.0000	10	10
AUDIT	autocorr_bern20-15	23	394	2784	2784	2784	0.0000	0	0
LADGATE	35	10000	0.170	1
AUDIT	ex7_2_1	35	134	352	341	341	0.0000	7	7
LADGATE	2092	10000	0.722	1
AUDIT	hydroenergy2	2092	6236	69051	56014	56014	0.0000	21	21
LADGATE	514	10000	0.406	1
AUDIT	pooling_digabel19	514	5340	325989	274903	274903	0.0000	19	19
LADGATE	132	10000	0.222	1
AUDIT	clay0203m	132	420	1348	1348	1348	0.0000	8	8
LADGATE	13680	10000	0.383	0
AUDIT	squfl030-150	13680	36000	252605	252605	252605	0.0000	6	6

--- rows where the SHIPPED ordering is worse than one the pipeline scored ---

AUDIT-SUMMARY	rows=300	leak_rows=0	scored_candidates=3145
lt_1k    count=147   shipped=0.8874 min=0.8874
1k_10k   count=108   shipped=0.8382 min=0.8382
gt_10k   count=45    shipped=0.6855 min=0.6855
SCORE_SHIPPED = 0.791860  SCORE_MIN_EVALUATED = 0.791860  recoverable_bips = 0.00
ok

test result: ok. 1 passed; 0 failed; 0 ignored; 0 measured; 177 filtered out; finished in 137.86s

