warning: unused doc comment
    --> candidate-worker/src/../../src/ordering/mod.rs:1153:1
     |
1153 | / /// TEST-ONLY sweep switch for the mid-size `rgreedy` stream opened by the 0154
1154 | | /// engine census. Returns `(ops_budget, gate_variant, stream_count)`; a zero
1155 | | /// budget disables the stream, which is what production compiles to — the
1156 | | /// switch can never change a submitted ordering. Configured through
1157 | | /// `SSI_MID_ENGINE="<variant>:<budget>[:<streams>]"` so one build can sweep
1158 | | /// several gate/budget points.
     | |_------------------------------^
     |   |
     |   rustdoc does not generate documentation for macro invocations
     |
     = help: to document an item produced by a macro, the macro must produce the documentation as part of its expansion
     = note: `#[warn(unused_doc_comments)]` (part of `#[warn(unused)]`) on by default

warning: unused doc comment
    --> candidate-worker/src/../../src/ordering/mod.rs:1421:1
     |
1421 | / /// TEST-ONLY kill switch for the heavy-tier arm (metrics + no-dense AMD +
1422 | | /// extra AMF α), so a probe can A/B the arm in one process.
     | |_-----------------------------------------------------------^
     |   |
     |   rustdoc does not generate documentation for macro invocations
     |
     = help: to document an item produced by a macro, the macro must produce the documentation as part of its expansion

warning: unused doc comment
   --> candidate-worker/src/../../src/ordering/parallel.rs:335:1
    |
335 | / /// TEST-ONLY switch forcing every batch onto the sequential path, so a probe
336 | | /// can run the SAME `order()` both ways in one process and compare the
337 | | /// returned permutations element by element. Production builds compile
338 | | /// [`force_sequential`] down to a constant `false`.
    | |_---------------------------------------------------^
    |   |
    |   rustdoc does not generate documentation for macro invocations
    |
    = help: to document an item produced by a macro, the macro must produce the documentation as part of its expansion

warning: unused doc comment
   --> candidate-worker/src/../../src/ordering/parallel.rs:369:1
    |
369 | / /// TEST-ONLY per-phase wall-clock marks: `phase_mark(label, t0)` appends
370 | | /// `(label, secs since t0)`; `phase_take()` drains them. Lets a probe see which
371 | | /// stage of `order()` sets a row's critical path. Never compiled into the
372 | | /// shipped binary.
    | |_------------------^
    |   |
    |   rustdoc does not generate documentation for macro invocations
    |
    = help: to document an item produced by a macro, the macro must produce the documentation as part of its expansion

warning: unused doc comment
    --> candidate-worker/src/../../src/ordering/mod.rs:5069:5
     |
5069 | /     /// ── 0192: the window is the frontier's own chain scope ─────────────────
5070 | |     /// The chain no longer reaches above n = 10 000 (see `PEO_ALT_MAX_N`), so
5071 | |     /// the draw takes over the whole band the chain used to own. Measured on the
5072 | |     /// 300 dev rows: with the window at 50 000 instead of 12 000 the draw adds
...    |
5078 | |     /// spender there), and its worst row is 1.127 s against the frontier's
5079 | |     /// 1.160 s base, so the wide band stays below the frontier's own footprint.
     | |________________________________________________________________________________^
5080 |       #[cfg(test)]
5081 | /     let window_n: usize = std::env::var("SSI_TERM_WIN_N")
5082 | |         .ok()
5083 | |         .and_then(|v| v.trim().parse::<usize>().ok())
5084 | |         .unwrap_or(50_000);
     | |___________________________- rustdoc does not generate documentation for statements
     |
     = help: use `//` for a plain comment

warning: unused doc comment
    --> candidate-worker/src/../../src/ordering/mod.rs:5221:9
     |
5221 | /         /// `nnz < 3n` = the sparse band of the 0184 price law (66 of the 300 dev
5222 | |         /// rows, all of them in-window). Structural, never per-matrix.
     | |_______________________________________________________________________^
5223 | /         let shipped_ladder = || {
5224 | |             if nnz < 3 * n {
5225 | |                 SHIPPED_SPARSE_LADDER.to_vec()
5226 | |             } else {
...    |
5229 | |         };
     | |__________- rustdoc does not generate documentation for statements
     |
     = help: use `//` for a plain comment

warning: variable does not need to be mutable
    --> candidate-worker/src/../../src/ordering/probe.rs:4145:9
     |
4145 |     let mut next = |s: &mut u64| -> u64 {
     |         ----^^^^
     |         |
     |         help: remove this `mut`
     |
     = note: `#[warn(unused_mut)]` (part of `#[warn(unused)]`) on by default

warning: value assigned to `d` is never read
   --> candidate-worker/src/../../src/ordering/rgreedy.rs:397:29
    |
397 |                 let mut d = 0u32;
    |                             ^^^^
    |
    = help: maybe it is overwritten before being read?
    = note: `#[warn(unused_assignments)]` (part of `#[warn(unused)]`) on by default

warning: constant `SUBTREE_MAX_N` is never used
   --> candidate-worker/src/../../src/ordering/mod.rs:785:7
    |
785 | const SUBTREE_MAX_N: usize = 250_000;
    |       ^^^^^^^^^^^^^
    |
    = note: `#[warn(dead_code)]` (part of `#[warn(unused)]`) on by default

warning: function `refine` is never used
  --> candidate-worker/src/../../src/ordering/completion.rs:12:15
   |
12 | pub(super) fn refine(
   |               ^^^^^^

warning: type alias `PermFn` is never used
  --> candidate-worker/src/../../src/ordering/parallel.rs:80:17
   |
80 | pub(crate) type PermFn<'a> = Box<dyn Fn() -> Option<Vec<usize>> + Sync + 'a>;
   |                 ^^^^^^

warning: function `run_perms` is never used
   --> candidate-worker/src/../../src/ordering/parallel.rs:189:15
    |
189 | pub(crate) fn run_perms(
    |               ^^^^^^^^^

warning: function `accept` is never used
   --> candidate-worker/src/../../src/ordering/parallel.rs:314:15
    |
314 | pub(crate) fn accept(results: &mut [CandOut], best_flops: &mut u64, best_perm: &mut Vec<usize>) -> bool {
    |               ^^^^^^

warning: function `minl_is_clique` is never used
   --> candidate-worker/src/../../src/ordering/minl.rs:136:4
    |
136 | fn minl_is_clique(adj: &[Vec<u32>], c: &[u32], ops: &mut i64) -> bool {
    |    ^^^^^^^^^^^^^^

warning: function `minl_try_delete_edge` is never used
   --> candidate-worker/src/../../src/ordering/minl.rs:232:4
    |
232 | fn minl_try_delete_edge(
    |    ^^^^^^^^^^^^^^^^^^^^

warning: function `run_sequential_180` is never used
   --> candidate-worker/src/../../src/ordering/indep_first.rs:600:4
    |
600 | fn run_sequential_180(sp: &ScoringPattern, ledger: u64) -> Option<(u64, Vec<usize>)> {
    |    ^^^^^^^^^^^^^^^^^^

warning: function `reset` is never used
   --> candidate-worker/src/../../src/ordering/mod.rs:487:19
    |
487 |     pub(crate) fn reset() {
    |                   ^^^^^

warning: `ssi-candidate-worker` (bin "ssi-candidate-worker" test) generated 17 warnings (run `cargo fix --bin "ssi-candidate-worker" -p ssi-candidate-worker --tests` to apply 1 suggestion)
    Finished `release` profile [optimized] target(s) in 0.01s
     Running unittests src/main.rs (target/release/deps/ssi_candidate_worker-9bc17c144118ca64)

running 1 test
test ordering::probe::probe_timing_and_score ... LADGATE	1600	10000	0.513	1
CLASSTRACE	xchg	1600	6240	admitted
CLASSTRACE	xchg	1600	6240	candidate=1
CLASSTRACE	xchg_s	1600	6240	0.0088
CLASSTRACE	follow	1600	6240	flops=391678	nnzl=18782	key=150000
CLASSTRACE	peo	1600	6240	cands=2
CLASSTRACE	peo_s	1600	6240	0.0006
CLASSTRACE	spans	1600	6240	final=391678	s=0.0436
COUNTS	ood_grid2d_40	1600	6240	504745	391678
LADGATE	6400	10000	0.637	1
CLASSTRACE	xchg	6400	25280	admitted
CLASSTRACE	xchg	6400	25280	candidate=1
CLASSTRACE	xchg_s	6400	25280	0.0266
CLASSTRACE	follow	6400	25280	flops=3815985	nnzl=99967	key=150000
CLASSTRACE	peo	6400	25280	cands=2
CLASSTRACE	peo_s	6400	25280	0.0024
CLASSTRACE	spans	6400	25280	final=3815983	s=0.0413
COUNTS	ood_grid2d_80	6400	25280	6036298	3815983
LADGATE	16900	10000	0.547	0
COUNTS	ood_grid2d_130	16900	67080	27469516	17126042
LADGATE	40000	10000	0.535	0
COUNTS	ood_grid2d_200	40000	159200	111966993	70424695
COUNTS	ood_grid2d_320	102400	408320	540215046	288696704
LADGATE	4096	10000	0.973	1
CLASSTRACE	xchg	4096	23040	admitted
CLASSTRACE	xchg	4096	23040	candidate=1
CLASSTRACE	xchg_s	4096	23040	0.0285
CLASSTRACE	follow	4096	23040	flops=44057772	nnzl=249624	key=150000
COUNTS	ood_grid3d_16	4096	23040	60004644	44057772
LADGATE	17576	10000	0.696	0
COUNTS	ood_grid3d_26	17576	101400	1912180431	1261674182
COUNTS	ood_grid3d_40	64000	374400	32704523648	22590905706
LADGATE	2000	10000	0.851	1
CLASSTRACE	xchg	2000	24000	admitted
CLASSTRACE	xchg	2000	24000	candidate=1
CLASSTRACE	xchg_s	2000	24000	0.0256
CLASSTRACE	follow	2000	24000	flops=467528833	nnzl=656021	key=150000
COUNTS	ood_rand_d12_n2000	2000	24000	479766260	467528833
LADGATE	6000	10000	1.123	1
CLASSTRACE	xchg	6000	72000	admitted
CLASSTRACE	xchg	6000	72000	candidate=1
CLASSTRACE	xchg_s	6000	72000	0.0401
CLASSTRACE	follow	6000	72000	flops=12272267615	nnzl=5651207	key=150000
COUNTS	ood_rand_d12_n6000	6000	72000	12459505215	12272267615
LADGATE	20000	10000	1.516	0
COUNTS	ood_rand_d10_n20000	20000	200000	343832763324	338423625140
COUNTS	ood_rand_d20_n20000	20000	400000	850679226678	847375675045
COUNTS	ood_rand_d10_n40000	40000	400000	2747754992618	2724687491267
COUNTS	ood_rand_d20_n40000	40000	800000	6789596885439	6740188301504
COUNTS	ood_rand_d40_n40000	40000	1600000	11258411344066	11258411344066
COUNTS	ood_rand_d40_n20000	20000	800000	1406686040255	1399718749205
COUNTS	ood_rand_d8_n60000	60000	480000	6099091071866	6015132463789
COUNTS	ood_rand_d6_n300000	300000	1800000	383299133940067	383299133940067
LADGATE	8200	10000	2.020	1
CLASSTRACE	follow	8200	143754	flops=236291435	nnzl=1138337	key=150000
COUNTS	ood_kkt_b40x200+200	8200	143754	246166792	236291435
COUNTS	ood_kkt_b100x300+300	30300	479412	1835872408	1800825306
COUNTS	ood_kkt_b200x200+400	40400	797550	3149459475	3122064589
LADGATE	20000	10000	1.135	0
COUNTS	ood_geo_n20000	20000	129964	1951035	1579610
COUNTS	ood_geo_n40000	40000	261928	3624167	3177301
COUNTS	ood_ba_m6_n20000	20000	239958	135886550	133225403
COUNTS	ood_ba_m6_n40000	40000	479958	1034421227	1015584733
COUNTS	ood_band_w8_n50000	50000	799928	4049556	4049556
COUNTS	ood_band_w4_n200000	200000	1599980	4999930	4999930

--- every order() call, slowest first (TSV) ---
secs	matrix	n	nnz	ratio
11.3675	ood_kkt_b200x200+400	40400	797550	0.9913
6.2885	ood_ba_m6_n40000	40000	479958	0.9818
4.4223	ood_kkt_b100x300+300	30300	479412	0.9809
3.7834	ood_rand_d8_n60000	60000	480000	0.9862
3.5665	ood_rand_d6_n300000	300000	1800000	1.0000
2.3728	ood_rand_d40_n20000	20000	800000	0.9950
2.0381	ood_kkt_b40x200+200	8200	143754	0.9599
1.8537	ood_rand_d10_n40000	40000	400000	0.9916
1.7300	ood_rand_d20_n20000	20000	400000	0.9961
1.5186	ood_rand_d10_n20000	20000	200000	0.9843
1.2945	ood_ba_m6_n20000	20000	239958	0.9804
1.2873	ood_rand_d20_n40000	40000	800000	0.9927
1.1968	ood_rand_d12_n6000	6000	72000	0.9850
1.1367	ood_geo_n20000	20000	129964	0.8096
1.1255	ood_geo_n40000	40000	261928	0.8767
1.0213	ood_grid3d_16	4096	23040	0.7342
0.8905	ood_rand_d12_n2000	2000	24000	0.9745
0.7392	ood_grid2d_80	6400	25280	0.6322
0.6963	ood_grid3d_26	17576	101400	0.6598
0.6451	ood_grid2d_40	1600	6240	0.7760
0.5473	ood_grid2d_130	16900	67080	0.6235
0.5360	ood_grid2d_200	40000	159200	0.6290
0.5125	ood_grid3d_40	64000	374400	0.6908
0.4822	ood_rand_d40_n40000	40000	1600000	1.0000
0.2175	ood_grid2d_320	102400	408320	0.5344
0.0073	ood_band_w4_n200000	200000	1599980	1.0000
0.0030	ood_band_w8_n50000	50000	799928	1.0000
matrices under 0.010s: 2/27
matrices under 0.050s: 2/27
matrices under 0.100s: 2/27
matrices under 0.200s: 2/27
matrices under 0.400s: 3/27

--- per-bucket ---
1k_10k   count=6     geomean=0.8321
gt_10k   count=21    geomean=0.8747
SCORE = 0.856420
WORST order() = 11.368 s
FORCEAUDIT	stage1b_sites=10	force_fires=5	unsound=0	core_total_mismatch=0	max_drift_ppm=0	worst_incumbent=0	worst_adopted=0	tie_window_opened=3	tie_pass_run=0
ok

test result: ok. 1 passed; 0 failed; 0 ignored; 0 measured; 177 filtered out; finished in 58.82s

