
running 1 test
test ordering::probe::probe_timing_and_score ... LADGATE	2031	10000	1.112	1
PHASES	chimera_selby-c16-01	1.3667	1.portfolio=0.7650/0.7219	1b.indep=0.0189/0.7219	2.descent=0.0044/0.7208	3.search=0.0337/0.7208	4.subtree=0.0559/0.7139	4b.indep-accept=0.0002/0.7139	5.terminal=0.0017/0.7139	6.extra=0.0014/0.7139	7.telos=0.0002/0.7139	8.cleanup=0.0174/0.7124	9.reduce=0.0716/0.7124	10.completion=0.0141/0.7109	11.corecand=0.0002/0.7109	12.peo=0.0045/0.7086	13p.prep=0.0105/0.0000	13p.seeds=8.0000/0.0000	13p.rounds=35.0000/0.0000	13p.ledger=2309530.0000/0.0000	13p.recon=0.0085/0.0000	13p.mcs=0.0184/0.0000	13.alt=0.0505/0.7086	14.transplant=0.0067/0.6924	15.minl=0.0468/0.6839	15.peel=0.0002/0.6839	16.late=0.0002/0.6839	17.final=0.0155/0.6796	18.simp=0.0043/0.6788	19.five=0.0098/0.6776	20.lt1k=0.0002/0.6776	21.comp=0.0002/0.6776	22.win=0.0169/0.6754	final=0.6669
LIFT	chimera_selby-c16-01	2031	1517	13662	1517
COUNTS	chimera_selby-c16-01	2031	10964	3605628	2404449
LADGATE	17809	10000	1.233	0
PHASES	crudeoil_lee4_10	1.2342	1.portfolio=0.4808/0.6858	1b.indep=0.1632/0.6858	2.descent=0.0012/0.6858	3.search=0.0012/0.6858	4.subtree=0.1591/0.6763	2.descent=0.1602/0.6512	3.search=0.0010/0.6512	4b.indep-accept=0.1623/0.6452	5.terminal=0.0074/0.6452	6.extra=0.0011/0.6452	7.telos=0.0011/0.6452	8.cleanup=0.0011/0.6452	9.reduce=0.0979/0.6452	10.completion=0.0032/0.6452	11.corecand=0.0011/0.6452	12.peo=0.0159/0.6340	13p.prep=0.0234/0.0000	13p.seeds=8.0000/0.0000	13p.rounds=10.0000/0.0000	13p.ledger=3414409.0000/0.0000	13p.recon=0.0127/0.0000	13p.mcs=0.0220/0.0000	13.alt=0.0703/0.6340	14.transplant=0.0132/0.6212	15.minl=0.0179/0.6212	15.peel=0.0011/0.6212	16.late=0.0011/0.6212	17.final=0.0333/0.6206	18.simp=0.0011/0.6206	19.five=0.0011/0.6206	20.lt1k=0.0011/0.6206	21.comp=0.0011/0.6206	22.win=0.0011/0.6206	final=0.6206
LIFT	crudeoil_lee4_10	17809	10229	106656	10229
COUNTS	crudeoil_lee4_10	17809	120632	294531623	182784437
LADGATE	2031	10000	1.126	1
PHASES	chimera_selby-c16-02	1.3863	1.portfolio=0.7606/0.5557	1b.indep=0.0183/0.5557	2.descent=0.0043/0.5555	3.search=0.0364/0.5548	4.subtree=0.1312/0.5409	4b.indep-accept=0.0002/0.5409	5.terminal=0.0019/0.5409	6.extra=0.0015/0.5409	7.telos=0.0002/0.5409	8.cleanup=0.0166/0.5389	9.reduce=0.0389/0.5389	10.completion=0.0130/0.5389	11.corecand=0.0002/0.5389	12.peo=0.0016/0.5389	13p.prep=0.0122/0.0000	13p.seeds=8.0000/0.0000	13p.rounds=39.0000/0.0000	13p.ledger=2494745.0000/0.0000	13p.recon=0.0096/0.0000	13p.mcs=0.0199/0.0000	13.alt=0.0567/0.5389	14.transplant=0.0071/0.5382	15.minl=0.0225/0.5382	15.peel=0.0002/0.5382	16.late=0.0002/0.5382	17.final=0.0139/0.5381	18.simp=0.0042/0.5380	19.five=0.0102/0.5377	20.lt1k=0.0002/0.5377	21.comp=0.0002/0.5377	22.win=0.0173/0.5374	final=0.5366
LIFT	chimera_selby-c16-02	2031	1436	15878	1436
COUNTS	chimera_selby-c16-02	2031	10878	4280329	2296856
PHASES	gabriel10	1.0341	1.portfolio=0.3580/0.9480	1b.indep=0.1455/0.9285	2.descent=0.0114/0.9285	3.search=0.0115/0.9285	4.subtree=0.0343/0.9285	4b.indep-accept=0.0115/0.9285	5.terminal=0.0112/0.9285	6.extra=0.0115/0.9285	7.telos=0.0115/0.9285	8.cleanup=0.0114/0.9285	9.reduce=0.1464/0.9285	10.completion=0.0113/0.9285	11.corecand=0.0114/0.9285	12.peo=0.0598/0.9285	13p.prep=0.0000/0.0000	13p.seeds=0.0000/0.0000	13p.rounds=0.0000/0.0000	13p.ledger=0.0000/0.0000	13p.recon=0.0000/0.0000	13p.mcs=0.0000/0.0000	13.alt=0.0117/0.9285	14.transplant=0.0116/0.9285	15.minl=0.0233/0.9285	15.peel=0.0116/0.9285	16.late=0.0115/0.9285	17.final=0.0114/0.9285	18.simp=0.0114/0.9285	19.five=0.0114/0.9285	20.lt1k=0.0115/0.9285	21.comp=0.0115/0.9285	22.win=0.0115/0.9285	final=0.9285
LIFT	gabriel10	244056	129644	1260406	129644
COUNTS	gabriel10	244056	1148210	1365442310	1267760679
LADGATE	10429	10000	0.963	0
PHASES	crudeoil_lee4_06	1.0436	1.portfolio=0.3121/0.6843	1b.indep=0.0918/0.5424	2.descent=0.0079/0.5424	3.search=0.0005/0.5424	4.subtree=0.1597/0.5185	4b.indep-accept=0.0006/0.5185	5.terminal=0.0048/0.5185	6.extra=0.0007/0.5185	7.telos=0.0007/0.5185	8.cleanup=0.0257/0.5182	9.reduce=0.0648/0.5182	10.completion=0.0065/0.5182	11.corecand=0.0007/0.5182	12.peo=0.0455/0.5143	13p.prep=0.0169/0.0000	13p.seeds=8.0000/0.0000	13p.rounds=13.0000/0.0000	13p.ledger=3816181.0000/0.0000	13p.recon=0.0144/0.0000	13p.mcs=0.0256/0.0000	13.alt=0.0727/0.5143	14.transplant=0.0128/0.5084	15.minl=0.0989/0.5066	15.peel=0.0006/0.5066	16.late=0.0006/0.5066	17.final=0.0270/0.5058	18.simp=0.0006/0.5058	19.five=0.0120/0.5044	20.lt1k=0.0006/0.5044	21.comp=0.0006/0.5044	22.win=0.0180/0.5043	final=0.5002
LIFT	crudeoil_lee4_06	10429	6797	109128	6797
COUNTS	crudeoil_lee4_06	10429	55492	65337120	32682724
LADGATE	4799	10000	0.785	1
PHASES	sfacloc2_3_80	0.9463	1.portfolio=0.4681/0.9606	1b.indep=0.1036/0.9606	2.descent=0.0020/0.9584	3.search=0.0680/0.9584	4.subtree=0.1047/0.9580	4b.indep-accept=0.0002/0.9580	5.terminal=0.0023/0.9580	6.extra=0.0022/0.9580	7.telos=0.0001/0.9580	8.cleanup=0.0017/0.9580	9.reduce=0.0524/0.9580	10.completion=0.0020/0.9580	11.corecand=0.0002/0.9580	12.peo=0.0011/0.9580	13p.prep=0.0000/0.0000	13p.seeds=0.0000/0.0000	13p.rounds=0.0000/0.0000	13p.ledger=0.0000/0.0000	13p.recon=0.0000/0.0000	13p.mcs=0.0000/0.0000	13.alt=0.0001/0.9580	14.transplant=0.0056/0.9580	15.minl=0.0076/0.9580	15.peel=0.0002/0.9580	16.late=0.0002/0.9580	17.final=0.0050/0.9580	18.simp=0.0017/0.9580	19.five=0.0060/0.9580	20.lt1k=0.0002/0.9580	21.comp=0.0002/0.9580	22.win=0.0097/0.9580	final=0.9580
LIFT	sfacloc2_3_80	4799	2402	16046	2402
COUNTS	sfacloc2_3_80	4799	20600	84672	81119
LADGATE	6028	10000	0.579	1
PHASES	rsyn0820m04m	0.7719	1.portfolio=0.2194/0.8532	1b.indep=0.0208/0.8532	2.descent=0.0071/0.8461	3.search=0.0002/0.8461	4.subtree=0.1368/0.8170	4b.indep-accept=0.0002/0.8170	5.terminal=0.0023/0.8170	6.extra=0.0021/0.8170	7.telos=0.0002/0.8170	8.cleanup=0.0152/0.8150	9.reduce=0.0522/0.8150	10.completion=0.0059/0.7926	11.corecand=0.0002/0.7926	12.peo=0.0016/0.7926	13p.prep=0.0000/0.0000	13p.seeds=0.0000/0.0000	13p.rounds=0.0000/0.0000	13p.ledger=0.0000/0.0000	13p.recon=0.0000/0.0000	13p.mcs=0.0000/0.0000	13.alt=0.0002/0.7926	14.transplant=0.0121/0.7880	15.minl=0.0611/0.7868	15.peel=0.0002/0.7868	16.late=0.0002/0.7868	17.final=0.0260/0.7790	18.simp=0.0002/0.7790	19.five=0.0098/0.7771	20.lt1k=0.0002/0.7771	21.comp=0.0002/0.7771	22.win=0.0111/0.7771	final=0.7747
LIFT	rsyn0820m04m	6028	3144	12532	3144
COUNTS	rsyn0820m04m	6028	17372	196890	152540
PHASES	nuclear104	0.9865	1.portfolio=0.2409/1.0000	1b.indep=0.2151/1.0000	2.descent=0.0016/1.0000	3.search=0.0016/1.0000	4.subtree=0.1724/0.9933	4b.indep-accept=0.0016/0.9933	5.terminal=0.0016/0.9933	6.extra=0.0016/0.9933	7.telos=0.0016/0.9933	8.cleanup=0.0016/0.9933	9.reduce=0.1536/0.8997	10.completion=0.0017/0.8997	11.corecand=0.0016/0.8997	12.peo=0.0200/0.7846	13p.prep=0.0321/0.0000	13p.seeds=5.0000/0.0000	13p.rounds=8.0000/0.0000	13p.ledger=3510306.0000/0.0000	13p.recon=0.0121/0.0000	13p.mcs=0.0196/0.0000	13.alt=0.0811/0.7846	14.transplant=0.0109/0.7600	15.minl=0.0125/0.7600	15.peel=0.0016/0.7600	16.late=0.0016/0.7600	17.final=0.0382/0.7593	18.simp=0.0016/0.7593	19.five=0.0016/0.7593	20.lt1k=0.0016/0.7593	21.comp=0.0017/0.7593	22.win=0.0016/0.7593	final=0.7593
LIFT	nuclear104	39098	26306	232222	26306
COUNTS	nuclear104	39098	257806	103156931	78332024
PHASES	acopf_case9241pegase_qcqp	1.1308	1.portfolio=0.2996/0.9737	1b.indep=0.2271/0.9737	2.descent=0.0177/0.9737	3.search=0.0177/0.9737	4.subtree=0.0532/0.9737	4b.indep-accept=0.0178/0.9737	5.terminal=0.0178/0.9737	6.extra=0.0177/0.9737	7.telos=0.0178/0.9737	8.cleanup=0.0178/0.9737	9.reduce=0.0920/0.9737	10.completion=0.0178/0.9737	11.corecand=0.0179/0.9737	12.peo=0.0176/0.9737	13p.prep=0.0000/0.0000	13p.seeds=0.0000/0.0000	13p.rounds=0.0000/0.0000	13p.ledger=0.0000/0.0000	13p.recon=0.0000/0.0000	13p.mcs=0.0000/0.0000	13.alt=0.0174/0.9737	14.transplant=0.0178/0.9737	15.minl=0.0355/0.9737	15.peel=0.0178/0.9737	16.late=0.0177/0.9737	17.final=0.0177/0.9737	18.simp=0.0177/0.9737	19.five=0.0177/0.9737	20.lt1k=0.0177/0.9737	21.comp=0.0179/0.9737	22.win=0.0179/0.9737	final=0.9737
LIFT	acopf_case9241pegase_qcqp	313068	201757	1141270	201757
COUNTS	acopf_case9241pegase_qcqp	313068	1292408	34647355	33736789
LADGATE	15904	10000	1.196	0
PHASES	crudeoil_lee4_09	1.1967	1.portfolio=0.3864/0.6866	1b.indep=0.1498/0.6866	2.descent=0.0010/0.6866	3.search=0.0010/0.6866	4.subtree=0.1525/0.6815	2.descent=0.1534/0.6651	3.search=0.0009/0.6651	4b.indep-accept=0.1606/0.6605	5.terminal=0.0065/0.6605	6.extra=0.0010/0.6605	7.telos=0.0009/0.6605	8.cleanup=0.0009/0.6605	9.reduce=0.0882/0.6605	10.completion=0.0029/0.6605	11.corecand=0.0010/0.6605	12.peo=0.0245/0.6445	13p.prep=0.0248/0.0000	13p.seeds=8.0000/0.0000	13p.rounds=12.0000/0.0000	13p.ledger=3496772.0000/0.0000	13p.recon=0.0129/0.0000	13p.mcs=0.0223/0.0000	13.alt=0.0731/0.6445	14.transplant=0.0129/0.6281	15.minl=0.1012/0.6264	15.peel=0.0010/0.6264	16.late=0.0010/0.6264	17.final=0.0317/0.6254	18.simp=0.0010/0.6254	19.five=0.0009/0.6254	20.lt1k=0.0009/0.6254	21.comp=0.0010/0.6254	22.win=0.0009/0.6254	final=0.6254
LIFT	crudeoil_lee4_09	15904	10632	92014	10632
COUNTS	crudeoil_lee4_09	15904	101792	208785578	130575933
LADGATE	7993	10000	1.003	1
PHASES	arki0016	1.2212	1.portfolio=0.4897/0.9636	1b.indep=0.0657/0.9636	2.descent=0.0003/0.9636	3.search=0.0003/0.9636	4.subtree=0.1580/0.9533	4b.indep-accept=0.0003/0.9533	5.terminal=0.0027/0.9533	6.extra=0.0030/0.9525	7.telos=0.0003/0.9525	8.cleanup=0.0003/0.9525	9.reduce=0.1995/0.9525	10.completion=0.0142/0.9519	11.corecand=0.0003/0.9519	12.peo=0.0024/0.9519	13p.prep=0.0000/0.0000	13p.seeds=0.0000/0.0000	13p.rounds=0.0000/0.0000	13p.ledger=0.0000/0.0000	13p.recon=0.0000/0.0000	13p.mcs=0.0000/0.0000	13.alt=0.0003/0.9519	14.transplant=0.0096/0.9514	15.minl=0.0181/0.9514	15.peel=0.0003/0.9514	16.late=0.0003/0.9514	17.final=0.0051/0.9514	18.simp=0.0003/0.9514	19.five=0.0111/0.9512	20.lt1k=0.0003/0.9512	21.comp=0.0003/0.9512	22.win=0.0136/0.9512	final=0.9510
LIFT	arki0016	7993	4968	26810	4968
COUNTS	arki0016	7993	37208	878890	835794
LADGATE	2644	10000	1.132	1
PHASES	crudeoil_pooling_ct3	1.3077	1.portfolio=0.7428/0.7043	1b.indep=0.0163/0.7043	2.descent=0.0038/0.7027	3.search=0.0474/0.6957	4.subtree=0.1633/0.6438	4b.indep-accept=0.0001/0.6438	5.terminal=0.0018/0.6438	6.extra=0.0017/0.6438	7.telos=0.0002/0.6438	8.cleanup=0.0154/0.6411	9.reduce=0.0589/0.6411	10.completion=0.0152/0.6356	11.corecand=0.0001/0.6356	12.peo=0.0012/0.6356	13p.prep=0.0131/0.0000	13p.seeds=8.0000/0.0000	13p.rounds=42.0000/0.0000	13p.ledger=1777310.0000/0.0000	13p.recon=0.0068/0.0000	13p.mcs=0.0112/0.0000	13.alt=0.0450/0.6356	14.transplant=0.0062/0.6353	15.minl=0.0156/0.6353	15.peel=0.0002/0.6353	16.late=0.0001/0.6353	17.final=0.0157/0.6350	18.simp=0.0035/0.6349	19.five=0.0092/0.6347	20.lt1k=0.0002/0.6347	21.comp=0.0001/0.6347	22.win=0.0121/0.6331	final=0.6270
LIFT	crudeoil_pooling_ct3	2644	1586	9346	1586
COUNTS	crudeoil_pooling_ct3	2644	11426	1381490	866197

--- every order() call, slowest first (TSV) ---
secs	matrix	n	nnz	ratio
1.3863	chimera_selby-c16-02	2031	10878	0.5366
1.3667	chimera_selby-c16-01	2031	10964	0.6669
1.3077	crudeoil_pooling_ct3	2644	11426	0.6270
1.2342	crudeoil_lee4_10	17809	120632	0.6206
1.2212	arki0016	7993	37208	0.9510
1.1967	crudeoil_lee4_09	15904	101792	0.6254
1.1308	acopf_case9241pegase_qcqp	313068	1292408	0.9737
1.0436	crudeoil_lee4_06	10429	55492	0.5002
1.0341	gabriel10	244056	1148210	0.9285
0.9865	nuclear104	39098	257806	0.7593
0.9463	sfacloc2_3_80	4799	20600	0.9580
0.7719	rsyn0820m04m	6028	17372	0.7747
matrices under 0.010s: 0/12
matrices under 0.050s: 0/12
matrices under 0.100s: 0/12
matrices under 0.200s: 0/12
matrices under 0.400s: 0/12

--- per-bucket ---
1k_10k   count=6     geomean=0.7355
gt_10k   count=6     geomean=0.7147
SCORE = 0.723639
WORST order() = 1.386 s
FORCEAUDIT	stage1b_sites=4	force_fires=1	unsound=0	core_total_mismatch=0	max_drift_ppm=0	worst_incumbent=0	worst_adopted=0	tie_window_opened=0	tie_pass_run=0
ok

test result: ok. 1 passed; 0 failed; 0 ignored; 0 measured; 177 filtered out; finished in 14.58s

