
running 1 test
test ordering::probe::probe_timing_and_score ... LADGATE	357	10000	0.228	2
PHASES	slay06m	1.4096	1.portfolio=0.0248/1.0000	1b.indep=0.0005/1.0000	2.descent=0.0001/1.0000	3.search=0.0987/1.0000	4.subtree=0.0996/1.0000	4b.indep-accept=0.0000/1.0000	5.terminal=0.0012/1.0000	6.extra=0.0000/1.0000	7.telos=0.0000/1.0000	8.cleanup=0.0002/1.0000	9.reduce=0.0447/1.0000	10.completion=0.0001/1.0000	11.corecand=0.0059/1.0000	12.peo=0.0001/1.0000	13p.prep=0.0002/0.0000	13p.seeds=8.0000/0.0000	13p.rounds=8.0000/0.0000	13p.ledger=20694.0000/0.0000	13p.recon=0.0001/0.0020	13p.mcs=0.0001/0.0000	13.alt=0.0005/1.0000	14.transplant=0.0000/1.0000	15.minl=0.0001/1.0000	15.peel=0.0000/1.0000	16.late=0.0220/1.0000	17.final=0.0020/1.0000	18.simp=0.0001/1.0000	19.five=0.0003/1.0000	20.lt1k=0.0236/1.0000	21.comp=0.0001/1.0000	22.win=0.0009/1.0000	final=1.0000
LIFT	slay06m	357	147	660	147
COUNTS	slay06m	357	1080	4025	4025
LADGATE	401	10000	0.258	2
PHASES	sssd25-08	1.4867	1.portfolio=0.0329/1.0000	1b.indep=0.0010/1.0000	2.descent=0.0001/1.0000	3.search=0.0996/1.0000	4.subtree=0.1026/1.0000	4b.indep-accept=0.0000/1.0000	5.terminal=0.0012/1.0000	6.extra=0.0000/1.0000	7.telos=0.0000/1.0000	8.cleanup=0.0003/1.0000	9.reduce=0.0456/1.0000	10.completion=0.0001/1.0000	11.corecand=0.0074/1.0000	12.peo=0.0001/1.0000	13p.prep=0.0003/0.0000	13p.seeds=8.0000/0.0000	13p.rounds=11.0000/0.0000	13p.ledger=32225.0000/0.0000	13p.recon=0.0001/0.0020	13p.mcs=0.0001/0.0000	13.alt=0.0008/1.0000	14.transplant=0.0000/1.0000	15.minl=0.0001/1.0000	15.peel=0.0000/1.0000	16.late=0.0230/1.0000	17.final=0.0041/1.0000	18.simp=0.0001/1.0000	19.five=0.0003/1.0000	20.lt1k=0.0298/1.0000	21.comp=0.0002/1.0000	22.win=0.0036/1.0000	final=1.0000
LIFT	sssd25-08	401	89	640	89
COUNTS	sssd25-08	401	1200	5389	5389
LADGATE	1201	10000	0.224	2
PHASES	chain400	1.4964	1.portfolio=0.0966/1.0000	1b.indep=0.0011/1.0000	2.descent=0.0004/1.0000	3.search=0.0584/1.0000	4.subtree=0.0595/1.0000	4b.indep-accept=0.0000/1.0000	5.terminal=0.0008/1.0000	6.extra=0.0000/1.0000	7.telos=0.0000/1.0000	8.cleanup=0.0013/1.0000	9.reduce=0.0009/1.0000	10.completion=0.0007/1.0000	11.corecand=0.0000/1.0000	12.peo=0.0003/1.0000	13p.prep=0.0054/0.0000	13p.seeds=8.0000/0.0000	13p.rounds=51.0000/0.0000	13p.ledger=539390.0000/0.0000	13p.recon=0.0020/0.0031	13p.mcs=0.0019/0.0000	13.alt=0.0136/1.0000	14.transplant=0.0001/1.0000	15.minl=0.0006/1.0000	15.peel=0.0000/1.0000	16.late=0.0190/1.0000	17.final=0.0012/1.0000	18.simp=0.0004/1.0000	19.five=0.0008/1.0000	20.lt1k=0.0000/1.0000	21.comp=0.0000/1.0000	22.win=0.0138/1.0000	final=1.0000
LIFT	chain400	1201	800	3196	800
COUNTS	chain400	1201	4796	16382	16382
LADGATE	7295	10000	0.299	2
PHASES	squfl015-080persp	1.7659	1.portfolio=0.2250/1.0000	1b.indep=0.0137/1.0000	2.descent=0.0002/1.0000	3.search=0.0002/1.0000	4.subtree=0.0038/1.0000	4b.indep-accept=0.0002/1.0000	5.terminal=0.0024/1.0000	6.extra=0.0002/1.0000	7.telos=0.0002/1.0000	8.cleanup=0.0002/1.0000	9.reduce=0.0076/1.0000	10.completion=0.0022/1.0000	11.corecand=0.0002/1.0000	12.peo=0.0013/1.0000	13p.prep=0.0000/0.0000	13p.seeds=0.0000/0.0000	13p.rounds=0.0000/0.0000	13p.ledger=0.0000/0.0000	13p.recon=0.0000/0.0000	13p.mcs=0.0000/0.0000	13.alt=0.0002/1.0000	14.transplant=0.0004/1.0000	15.minl=0.0024/1.0000	15.peel=0.0002/1.0000	16.late=0.0002/1.0000	17.final=0.0047/1.0000	18.simp=0.0002/1.0000	19.five=0.0118/1.0000	20.lt1k=0.0002/1.0000	21.comp=0.0002/1.0000	22.win=0.0088/1.0000	final=1.0000
LIFT	squfl015-080persp	7295	2495	12000	2495
COUNTS	squfl015-080persp	7295	21600	74520	74520
LADGATE	2157	10000	0.268	2
PHASES	knp5-44	0.7471	1.portfolio=0.1541/1.0000	1b.indep=0.0365/1.0000	2.descent=0.0023/1.0000	3.search=0.0001/1.0000	4.subtree=0.0034/1.0000	4b.indep-accept=0.0001/1.0000	5.terminal=0.0014/1.0000	6.extra=0.0001/1.0000	7.telos=0.0001/1.0000	8.cleanup=0.0041/1.0000	9.reduce=0.0079/1.0000	10.completion=0.0063/1.0000	11.corecand=0.0001/1.0000	12.peo=0.0010/1.0000	13p.prep=0.0026/0.0000	13p.seeds=4.0000/0.0000	13p.rounds=10.0000/0.0000	13p.ledger=756318.0000/0.0000	13p.recon=0.0019/0.0000	13p.mcs=0.0025/0.0000	13.alt=0.0101/1.0000	14.transplant=0.0003/1.0000	15.minl=0.0068/1.0000	15.peel=0.0001/1.0000	16.late=0.0001/1.0000	17.final=0.0016/1.0000	18.simp=0.0018/1.0000	19.five=0.0022/1.0000	20.lt1k=0.0001/1.0000	21.comp=0.0001/1.0000	22.win=0.0136/1.0000	final=1.0000
LIFT	knp5-44	2157	1167	31152	1167
COUNTS	knp5-44	2157	32604	3764003	3764003
LADGATE	94	10000	0.192	2
PHASES	ex1263a	1.7167	1.portfolio=0.0074/1.0000	1b.indep=0.0004/1.0000	2.descent=0.0000/1.0000	3.search=0.1313/1.0000	4.subtree=0.1323/1.0000	4b.indep-accept=0.0000/1.0000	5.terminal=0.0017/1.0000	6.extra=0.0000/1.0000	7.telos=0.0000/1.0000	8.cleanup=0.0001/1.0000	9.reduce=0.0051/1.0000	10.completion=0.0001/1.0000	11.corecand=0.0015/1.0000	12.peo=0.0000/1.0000	13p.prep=0.0001/0.0000	13p.seeds=8.0000/0.0000	13p.rounds=13.0000/0.0000	13p.ledger=11403.0000/0.0000	13p.recon=0.0001/0.0062	13p.mcs=0.0001/0.0000	13.alt=0.0004/1.0000	14.transplant=0.0000/1.0000	15.minl=0.0001/1.0000	15.peel=0.0000/1.0000	16.late=0.0300/1.0000	17.final=0.0026/1.0000	18.simp=0.0000/1.0000	19.five=0.0001/1.0000	20.lt1k=0.0058/1.0000	21.comp=0.0001/1.0000	22.win=0.0019/1.0000	final=1.0000
LIFT	ex1263a	94	59	320	59
COUNTS	ex1263a	94	390	2098	2098
PHASES	st_e41	0.0000	final=1.0000
COUNTS	st_e41	8	32	88	88
LADGATE	2305	10000	0.661	2
PHASES	squfl025-030	1.8788	1.portfolio=0.5001/1.0000	1b.indep=0.0043/1.0000	2.descent=0.0011/1.0000	3.search=0.0823/1.0000	4.subtree=0.0860/1.0000	4b.indep-accept=0.0000/1.0000	5.terminal=0.0016/1.0000	6.extra=0.0000/1.0000	7.telos=0.0000/1.0000	8.cleanup=0.0027/1.0000	9.reduce=0.0346/1.0000	10.completion=0.0013/1.0000	11.corecand=0.0000/1.0000	12.peo=0.0004/1.0000	13p.prep=0.0013/0.0000	13p.seeds=8.0000/0.0000	13p.rounds=8.0000/0.0000	13p.ledger=123364.0000/0.0000	13p.recon=0.0004/0.0002	13p.mcs=0.0004/0.0000	13.alt=0.0030/1.0000	14.transplant=0.0001/1.0000	15.minl=0.0008/1.0000	15.peel=0.0000/1.0000	16.late=0.0072/1.0000	17.final=0.0041/1.0000	18.simp=0.0010/1.0000	19.five=0.0014/1.0000	20.lt1k=0.0000/1.0000	21.comp=0.0000/1.0000	22.win=0.0057/1.0000	final=1.0000
LIFT	squfl025-030	2305	805	3000	805
COUNTS	squfl025-030	2305	6000	42305	42305
PHASES	cvxnonsep_psig20	0.0000	final=1.0000
COUNTS	cvxnonsep_psig20	20	380	2870	2870
LADGATE	4405	10000	0.177	2
PHASES	meanvar-orl400_05_e_8	1.1757	1.portfolio=0.0871/1.0000	1b.indep=0.0417/1.0000	2.descent=0.0005/1.0000	3.search=0.0005/1.0000	4.subtree=0.0030/1.0000	4b.indep-accept=0.0005/1.0000	5.terminal=0.0024/1.0000	6.extra=0.0005/1.0000	7.telos=0.0005/1.0000	8.cleanup=0.0005/1.0000	9.reduce=0.0058/1.0000	10.completion=0.0039/1.0000	11.corecand=0.0005/1.0000	12.peo=0.0035/1.0000	13p.prep=0.0000/0.0000	13p.seeds=0.0000/0.0000	13p.rounds=0.0000/0.0000	13p.ledger=0.0000/0.0000	13p.recon=0.0000/0.0000	13p.mcs=0.0000/0.0000	13.alt=0.0005/1.0000	14.transplant=0.0034/1.0000	15.minl=0.0087/1.0000	15.peel=0.0005/1.0000	16.late=0.0005/1.0000	17.final=0.0019/1.0000	18.simp=0.0005/1.0000	19.five=0.0005/1.0000	20.lt1k=0.0005/1.0000	21.comp=0.0005/1.0000	22.win=0.0053/1.0000	final=1.0000
LIFT	meanvar-orl400_05_e_8	4405	2403	168400	2403
COUNTS	meanvar-orl400_05_e_8	4405	171604	21923414	21922611
LADGATE	497	10000	0.258	2
PHASES	slay07m	1.3994	1.portfolio=0.0406/1.0000	1b.indep=0.0008/1.0000	2.descent=0.0001/1.0000	3.search=0.0925/1.0000	4.subtree=0.0963/1.0000	4b.indep-accept=0.0000/1.0000	5.terminal=0.0011/1.0000	6.extra=0.0000/1.0000	7.telos=0.0000/1.0000	8.cleanup=0.0003/1.0000	9.reduce=0.0417/1.0000	10.completion=0.0002/1.0000	11.corecand=0.0090/1.0000	12.peo=0.0001/1.0000	13p.prep=0.0003/0.0000	13p.seeds=8.0000/0.0000	13p.rounds=8.0000/0.0000	13p.ledger=28981.0000/0.0000	13p.recon=0.0001/0.0014	13p.mcs=0.0001/0.0000	13.alt=0.0008/1.0000	14.transplant=0.0000/1.0000	15.minl=0.0002/1.0000	15.peel=0.0000/1.0000	16.late=0.0221/1.0000	17.final=0.0049/1.0000	18.simp=0.0001/1.0000	19.five=0.0004/1.0000	20.lt1k=0.0360/1.0000	21.comp=0.0002/1.0000	22.win=0.0012/1.0000	final=1.0000
LIFT	slay07m	497	203	924	203
COUNTS	slay07m	497	1512	5740	5740
LADGATE	2775	10000	0.851	2
PHASES	squfl015-060	1.9387	1.portfolio=0.6862/1.0000	1b.indep=0.0057/1.0000	2.descent=0.0014/1.0000	3.search=0.0904/1.0000	4.subtree=0.0947/1.0000	4b.indep-accept=0.0001/1.0000	5.terminal=0.0017/1.0000	6.extra=0.0001/1.0000	7.telos=0.0001/1.0000	8.cleanup=0.0036/1.0000	9.reduce=0.0277/1.0000	10.completion=0.0011/1.0000	11.corecand=0.0001/1.0000	12.peo=0.0005/1.0000	13p.prep=0.0015/0.0000	13p.seeds=8.0000/0.0000	13p.rounds=8.0000/0.0000	13p.ledger=146139.0000/0.0000	13p.recon=0.0005/0.0002	13p.mcs=0.0005/0.0000	13.alt=0.0035/1.0000	14.transplant=0.0001/1.0000	15.minl=0.0010/1.0000	15.peel=0.0001/1.0000	16.late=0.0074/1.0000	17.final=0.0041/1.0000	18.simp=0.0014/1.0000	19.five=0.0019/1.0000	20.lt1k=0.0001/1.0000	21.comp=0.0001/1.0000	22.win=0.0053/1.0000	final=1.0000
LIFT	squfl015-060	2775	975	3600	975
COUNTS	squfl015-060	2775	7200	36400	36400
PHASES	kissing2	0.4098	1.portfolio=0.0818/1.0000	1b.indep=0.1073/1.0000	2.descent=0.0018/1.0000	3.search=0.0018/1.0000	4.subtree=0.0108/1.0000	4b.indep-accept=0.0018/1.0000	5.terminal=0.0018/1.0000	6.extra=0.0018/1.0000	7.telos=0.0018/1.0000	8.cleanup=0.0018/1.0000	9.reduce=0.0768/1.0000	10.completion=0.0019/1.0000	11.corecand=0.0018/1.0000	12.peo=0.0053/1.0000	13p.prep=0.0035/0.0000	13p.seeds=1.0000/0.0000	13p.rounds=1.0000/0.0000	13p.ledger=903802.0000/0.0000	13p.recon=0.0028/0.0000	13p.mcs=0.0026/0.0000	13.alt=0.0159/1.0000	14.transplant=0.0018/1.0000	15.minl=0.0543/1.0000	15.peel=0.0019/1.0000	16.late=0.0018/1.0000	17.final=0.0018/1.0000	18.simp=0.0018/1.0000	19.five=0.0018/1.0000	20.lt1k=0.0018/1.0000	21.comp=0.0018/1.0000	22.win=0.0018/1.0000	final=1.0000
LIFT	kissing2	20772	10772	381024	10772
COUNTS	kissing2	20772	401024	156414018	156414018
LADGATE	222	10000	0.224	2
PHASES	clay0204m	1.5114	1.portfolio=0.0141/1.0000	1b.indep=0.0004/1.0000	2.descent=0.0001/1.0000	3.search=0.1101/1.0000	4.subtree=0.1109/1.0000	4b.indep-accept=0.0000/1.0000	5.terminal=0.0014/1.0000	6.extra=0.0000/1.0000	7.telos=0.0000/1.0000	8.cleanup=0.0002/1.0000	9.reduce=0.0468/1.0000	10.completion=0.0001/1.0000	11.corecand=0.0040/1.0000	12.peo=0.0001/1.0000	13p.prep=0.0001/0.0000	13p.seeds=8.0000/0.0000	13p.rounds=8.0000/0.0000	13p.ledger=13017.0000/0.0000	13p.recon=0.0001/0.0034	13p.mcs=0.0001/0.0000	13.alt=0.0004/1.0000	14.transplant=0.0000/1.0000	15.minl=0.0001/1.0000	15.peel=0.0000/1.0000	16.late=0.0248/1.0000	17.final=0.0023/1.0000	18.simp=0.0001/1.0000	19.five=0.0002/1.0000	20.lt1k=0.0157/1.0000	21.comp=0.0001/1.0000	22.win=0.0013/1.0000	final=1.0000
LIFT	clay0204m	222	102	464	102
COUNTS	clay0204m	222	704	2330	2330
LADGATE	601	10000	0.260	2
PHASES	chain200	1.5487	1.portfolio=0.0672/1.0000	1b.indep=0.0007/1.0000	2.descent=0.0002/1.0000	3.search=0.0960/1.0000	4.subtree=0.0970/1.0000	4b.indep-accept=0.0000/1.0000	5.terminal=0.0012/1.0000	6.extra=0.0000/1.0000	7.telos=0.0000/1.0000	8.cleanup=0.0005/1.0000	9.reduce=0.0005/1.0000	10.completion=0.0003/1.0000	11.corecand=0.0067/1.0000	12.peo=0.0001/1.0000	13p.prep=0.0008/0.0000	13p.seeds=8.0000/0.0000	13p.rounds=17.0000/0.0000	13p.ledger=88362.0000/0.0000	13p.recon=0.0003/0.0021	13p.mcs=0.0002/0.0000	13.alt=0.0019/1.0000	14.transplant=0.0000/1.0000	15.minl=0.0003/1.0000	15.peel=0.0000/1.0000	16.late=0.0245/1.0000	17.final=0.0019/1.0000	18.simp=0.0002/1.0000	19.five=0.0007/1.0000	20.lt1k=0.0270/1.0000	21.comp=0.0003/1.0000	22.win=0.0144/1.0000	final=1.0000
LIFT	chain200	601	400	1596	400
COUNTS	chain200	601	2396	8182	8182
LADGATE	25	10000	0.165	2
PHASES	ex1223b	1.6106	1.portfolio=0.0018/1.0000	1b.indep=0.0000/1.0000	2.descent=0.0000/1.0000	3.search=0.1267/1.0000	4.subtree=0.1272/1.0000	4b.indep-accept=0.0000/1.0000	5.terminal=0.0016/1.0000	6.extra=0.0000/1.0000	7.telos=0.0000/1.0000	8.cleanup=0.0000/1.0000	9.reduce=0.0000/1.0000	10.completion=0.0000/1.0000	11.corecand=0.0004/1.0000	12.peo=0.0000/1.0000	13p.prep=0.0000/0.0000	13p.seeds=8.0000/0.0000	13p.rounds=13.0000/0.0000	13p.ledger=2054.0000/0.0000	13p.recon=0.0000/0.0730	13p.mcs=0.0000/0.0000	13.alt=0.0001/1.0000	14.transplant=0.0000/1.0000	15.minl=0.0000/1.0000	15.peel=0.0000/1.0000	16.late=0.0288/1.0000	17.final=0.0021/1.0000	18.simp=0.0000/1.0000	19.five=0.0000/1.0000	20.lt1k=0.0013/1.0000	21.comp=0.0000/1.0000	22.win=0.0005/1.0000	final=1.0000
COUNTS	ex1223b	25	66	178	178
LADGATE	9170	10000	0.544	2
PHASES	squfl020-150	1.9449	1.portfolio=0.3934/1.0000	1b.indep=0.0371/1.0000	2.descent=0.0121/1.0000	3.search=0.0002/1.0000	4.subtree=0.0162/1.0000	4b.indep-accept=0.0002/1.0000	5.terminal=0.0027/1.0000	6.extra=0.0002/1.0000	7.telos=0.0002/1.0000	8.cleanup=0.0095/1.0000	9.reduce=0.0166/1.0000	10.completion=0.0043/1.0000	11.corecand=0.0002/1.0000	12.peo=0.0018/1.0000	13p.prep=0.0054/0.0000	13p.seeds=8.0000/0.0000	13p.rounds=8.0000/0.0000	13p.ledger=484429.0000/0.0000	13p.recon=0.0016/0.0001	13p.mcs=0.0019/0.0000	13.alt=0.0127/1.0000	14.transplant=0.0004/1.0000	15.minl=0.0036/1.0000	15.peel=0.0002/1.0000	16.late=0.0002/1.0000	17.final=0.0050/1.0000	18.simp=0.0002/1.0000	19.five=0.0105/1.0000	20.lt1k=0.0002/1.0000	21.comp=0.0002/1.0000	22.win=0.0162/1.0000	final=1.0000
LIFT	squfl020-150	9170	3170	12000	3170
COUNTS	squfl020-150	9170	24000	135020	135020
PHASES	autocorr_bern40-30	0.0000	final=1.0000
COUNTS	autocorr_bern40-30	43	1534	20034	20034
LADGATE	660	10000	0.293	2
PHASES	slay08m	1.4402	1.portfolio=0.0635/1.0000	1b.indep=0.0011/1.0000	2.descent=0.0002/1.0000	3.search=0.0855/1.0000	4.subtree=0.0905/1.0000	4b.indep-accept=0.0000/1.0000	5.terminal=0.0010/1.0000	6.extra=0.0000/1.0000	7.telos=0.0000/1.0000	8.cleanup=0.0004/1.0000	9.reduce=0.0402/1.0000	10.completion=0.0002/1.0000	11.corecand=0.0129/1.0000	12.peo=0.0001/1.0000	13p.prep=0.0003/0.0000	13p.seeds=8.0000/0.0000	13p.rounds=8.0000/0.0000	13p.ledger=38555.0000/0.0000	13p.recon=0.0001/0.0010	13p.mcs=0.0001/0.0000	13.alt=0.0010/1.0000	14.transplant=0.0000/1.0000	15.minl=0.0002/1.0000	15.peel=0.0000/1.0000	16.late=0.0207/1.0000	17.final=0.0059/1.0000	18.simp=0.0002/1.0000	19.five=0.0006/1.0000	20.lt1k=0.0510/1.0000	21.comp=0.0002/1.0000	22.win=0.0017/1.0000	final=1.0000
LIFT	slay08m	660	268	1232	268
COUNTS	slay08m	660	2016	7796	7796
PHASES	cvxnonsep_normcon40r	0.0000	final=1.0000
COUNTS	cvxnonsep_normcon40r	162	322	645	645
LADGATE	11	10000	0.113	2
PHASES	ex14_1_8	1.3927	1.portfolio=0.0014/1.0000	1b.indep=0.0000/1.0000	2.descent=0.0000/1.0000	3.search=0.1114/1.0000	4.subtree=0.1114/1.0000	4b.indep-accept=0.0000/1.0000	5.terminal=0.0000/1.0000	6.extra=0.0000/1.0000	7.telos=0.0000/1.0000	8.cleanup=0.0000/1.0000	9.reduce=0.0000/1.0000	10.completion=0.0000/1.0000	11.corecand=0.0000/1.0000	12.peo=0.0000/1.0000	13p.prep=0.0000/0.0000	13p.seeds=0.0000/0.0000	13p.rounds=0.0000/0.0000	13p.ledger=0.0000/0.0000	13p.recon=0.0000/0.0000	13p.mcs=0.0000/0.0000	13.alt=0.0000/1.0000	14.transplant=0.0000/1.0000	15.minl=0.0000/1.0000	15.peel=0.0000/1.0000	16.late=0.0000/1.0000	17.final=0.0000/1.0000	18.simp=0.0000/1.0000	19.five=0.0000/1.0000	20.lt1k=0.0000/1.0000	21.comp=0.0000/1.0000	22.win=0.0003/1.0000	final=1.0000
COUNTS	ex14_1_8	11	30	80	80
PHASES	cvxnonsep_normcon20r	0.0000	final=1.0000
COUNTS	cvxnonsep_normcon20r	82	162	325	325
PHASES	cvxnonsep_psig20r	0.0000	final=1.0000
COUNTS	cvxnonsep_psig20r	86	170	341	341
PHASES	st_iqpbk1	0.0000	final=1.0000
COUNTS	st_iqpbk1	22	98	295	295
LADGATE	29	10000	0.154	2
PHASES	pointpack04	1.5009	1.portfolio=0.0024/1.0000	1b.indep=0.0000/1.0000	2.descent=0.0000/1.0000	3.search=0.1172/1.0000	4.subtree=0.1177/1.0000	4b.indep-accept=0.0000/1.0000	5.terminal=0.0016/1.0000	6.extra=0.0000/1.0000	7.telos=0.0000/1.0000	8.cleanup=0.0000/1.0000	9.reduce=0.0000/1.0000	10.completion=0.0000/1.0000	11.corecand=0.0004/1.0000	12.peo=0.0000/1.0000	13p.prep=0.0000/0.0000	13p.seeds=8.0000/0.0000	13p.rounds=14.0000/0.0000	13p.ledger=3724.0000/0.0000	13p.recon=0.0000/0.0243	13p.mcs=0.0000/0.0000	13.alt=0.0002/1.0000	14.transplant=0.0000/1.0000	15.minl=0.0000/1.0000	15.peel=0.0000/1.0000	16.late=0.0269/1.0000	17.final=0.0021/1.0000	18.simp=0.0000/1.0000	19.five=0.0000/1.0000	20.lt1k=0.0013/1.0000	21.comp=0.0000/1.0000	22.win=0.0006/1.0000	final=1.0000
COUNTS	pointpack04	29	120	577	577
LADGATE	11	10000	0.112	2
PHASES	nvs02	1.3710	1.portfolio=0.0012/1.0000	1b.indep=0.0000/1.0000	2.descent=0.0000/1.0000	3.search=0.1105/1.0000	4.subtree=0.1105/1.0000	4b.indep-accept=0.0000/1.0000	5.terminal=0.0000/1.0000	6.extra=0.0000/1.0000	7.telos=0.0000/1.0000	8.cleanup=0.0000/1.0000	9.reduce=0.0000/1.0000	10.completion=0.0000/1.0000	11.corecand=0.0000/1.0000	12.peo=0.0000/1.0000	13p.prep=0.0000/0.0000	13p.seeds=0.0000/0.0000	13p.rounds=0.0000/0.0000	13p.ledger=0.0000/0.0000	13p.recon=0.0000/0.0000	13p.mcs=0.0000/0.0000	13.alt=0.0000/1.0000	14.transplant=0.0000/1.0000	15.minl=0.0000/1.0000	15.peel=0.0000/1.0000	16.late=0.0000/1.0000	17.final=0.0000/1.0000	18.simp=0.0000/1.0000	19.five=0.0000/1.0000	20.lt1k=0.0000/1.0000	21.comp=0.0000/1.0000	22.win=0.0003/1.0000	final=1.0000
COUNTS	nvs02	11	46	142	142
LADGATE	191	10000	0.266	2
PHASES	wastepaper6	1.6990	1.portfolio=0.0303/1.0000	1b.indep=0.0011/1.0000	2.descent=0.0001/1.0000	3.search=0.1213/1.0000	4.subtree=0.1221/1.0000	4b.indep-accept=0.0000/1.0000	5.terminal=0.0014/1.0000	6.extra=0.0000/1.0000	7.telos=0.0000/1.0000	8.cleanup=0.0002/1.0000	9.reduce=0.0537/1.0000	10.completion=0.0002/1.0000	11.corecand=0.0035/1.0000	12.peo=0.0001/1.0000	13p.prep=0.0002/0.0000	13p.seeds=8.0000/0.0000	13p.rounds=9.0000/0.0000	13p.ledger=28088.0000/0.0000	13p.recon=0.0001/0.0005	13p.mcs=0.0002/0.0000	13.alt=0.0006/1.0000	14.transplant=0.0000/1.0000	15.minl=0.0002/1.0000	15.peel=0.0000/1.0000	16.late=0.0273/1.0000	17.final=0.0021/1.0000	18.simp=0.0001/1.0000	19.five=0.0003/1.0000	20.lt1k=0.0138/1.0000	21.comp=0.0003/1.0000	22.win=0.0035/1.0000	final=1.0000
LIFT	wastepaper6	191	156	1358	156
COUNTS	wastepaper6	191	1416	16611	16611
PHASES	camshape400	0.0000	final=1.0000
COUNTS	camshape400	2000	7188	16768	16768
LADGATE	240	10000	0.221	2
PHASES	slay05m	1.4912	1.portfolio=0.0145/1.0000	1b.indep=0.0004/1.0000	2.descent=0.0001/1.0000	3.search=0.1088/1.0000	4.subtree=0.1096/1.0000	4b.indep-accept=0.0000/1.0000	5.terminal=0.0014/1.0000	6.extra=0.0000/1.0000	7.telos=0.0000/1.0000	8.cleanup=0.0002/1.0000	9.reduce=0.0453/1.0000	10.completion=0.0001/1.0000	11.corecand=0.0043/1.0000	12.peo=0.0001/1.0000	13p.prep=0.0001/0.0000	13p.seeds=8.0000/0.0000	13p.rounds=8.0000/0.0000	13p.ledger=13805.0000/0.0000	13p.recon=0.0001/0.0030	13p.mcs=0.0001/0.0000	13.alt=0.0004/1.0000	14.transplant=0.0000/1.0000	15.minl=0.0001/1.0000	15.peel=0.0000/1.0000	16.late=0.0240/1.0000	17.final=0.0021/1.0000	18.simp=0.0001/1.0000	19.five=0.0002/1.0000	20.lt1k=0.0170/1.0000	21.comp=0.0001/1.0000	22.win=0.0008/1.0000	final=1.0000
LIFT	slay05m	240	100	440	100
COUNTS	slay05m	240	720	2635	2635
LADGATE	110	10000	0.187	2
PHASES	csched1	1.7073	1.portfolio=0.0071/1.0000	1b.indep=0.0005/1.0000	2.descent=0.0000/1.0000	3.search=0.1312/1.0000	4.subtree=0.1321/1.0000	4b.indep-accept=0.0000/1.0000	5.terminal=0.0015/1.0000	6.extra=0.0000/1.0000	7.telos=0.0000/1.0000	8.cleanup=0.0001/1.0000	9.reduce=0.0006/1.0000	10.completion=0.0000/1.0000	11.corecand=0.0018/1.0000	12.peo=0.0000/1.0000	13p.prep=0.0001/0.0000	13p.seeds=8.0000/0.0000	13p.rounds=14.0000/0.0000	13p.ledger=11355.0000/0.0000	13p.recon=0.0000/0.0144	13p.mcs=0.0001/0.0000	13.alt=0.0003/1.0000	14.transplant=0.0000/1.0000	15.minl=0.0001/1.0000	15.peel=0.0000/1.0000	16.late=0.0297/1.0000	17.final=0.0024/1.0000	18.simp=0.0000/1.0000	19.five=0.0001/1.0000	20.lt1k=0.0072/1.0000	21.comp=0.0000/1.0000	22.win=0.0015/1.0000	final=1.0000
LIFT	csched1	110	30	100	30
COUNTS	csched1	110	376	975	975
LADGATE	1310	10000	0.137	2
PHASES	watercontamination0303r	0.4809	1.portfolio=0.0612/1.0000	1b.indep=0.0140/1.0000	2.descent=0.0006/1.0000	3.search=0.0001/1.0000	4.subtree=0.0032/1.0000	4b.indep-accept=0.0001/1.0000	5.terminal=0.0017/1.0000	6.extra=0.0001/1.0000	7.telos=0.0001/1.0000	8.cleanup=0.0013/1.0000	9.reduce=0.0056/1.0000	10.completion=0.0010/1.0000	11.corecand=0.0001/1.0000	12.peo=0.0008/1.0000	13p.prep=0.0026/0.0000	13p.seeds=8.0000/0.0000	13p.rounds=15.0000/0.0000	13p.ledger=882403.0000/0.0000	13p.recon=0.0016/0.0000	13p.mcs=0.0018/0.0000	13.alt=0.0104/1.0000	14.transplant=0.0002/1.0000	15.minl=0.0014/1.0000	15.peel=0.0001/1.0000	16.late=0.0001/1.0000	17.final=0.0038/1.0000	18.simp=0.0005/1.0000	19.five=0.0009/1.0000	20.lt1k=0.0001/1.0000	21.comp=0.0001/1.0000	22.win=0.0129/1.0000	final=1.0000
LIFT	watercontamination0303r	1310	755	35918	755
COUNTS	watercontamination0303r	1310	37028	2171882	2171882
LADGATE	15	10000	0.117	2
PHASES	ex9_2_4	1.4136	1.portfolio=0.0017/1.0000	1b.indep=0.0000/1.0000	2.descent=0.0000/1.0000	3.search=0.1133/1.0000	4.subtree=0.1133/1.0000	4b.indep-accept=0.0000/1.0000	5.terminal=0.0000/1.0000	6.extra=0.0000/1.0000	7.telos=0.0000/1.0000	8.cleanup=0.0000/1.0000	9.reduce=0.0000/1.0000	10.completion=0.0000/1.0000	11.corecand=0.0003/1.0000	12.peo=0.0000/1.0000	13p.prep=0.0000/0.0000	13p.seeds=0.0000/0.0000	13p.rounds=0.0000/0.0000	13p.ledger=0.0000/0.0000	13p.recon=0.0000/0.0000	13p.mcs=0.0000/0.0000	13.alt=0.0000/1.0000	14.transplant=0.0000/1.0000	15.minl=0.0000/1.0000	15.peel=0.0000/1.0000	16.late=0.0000/1.0000	17.final=0.0000/1.0000	18.simp=0.0000/1.0000	19.five=0.0000/1.0000	20.lt1k=0.0010/1.0000	21.comp=0.0000/1.0000	22.win=0.0005/1.0000	final=1.0000
COUNTS	ex9_2_4	15	36	117	117
LADGATE	163	10000	0.188	2
PHASES	sssd15-04	1.6097	1.portfolio=0.0089/1.0000	1b.indep=0.0003/1.0000	2.descent=0.0000/1.0000	3.search=0.1228/1.0000	4.subtree=0.1237/1.0000	4b.indep-accept=0.0000/1.0000	5.terminal=0.0015/1.0000	6.extra=0.0000/1.0000	7.telos=0.0000/1.0000	8.cleanup=0.0001/1.0000	9.reduce=0.0051/1.0000	10.completion=0.0001/1.0000	11.corecand=0.0027/1.0000	12.peo=0.0000/1.0000	13p.prep=0.0002/0.0000	13p.seeds=8.0000/0.0000	13p.rounds=14.0000/0.0000	13p.ledger=15440.0000/0.0000	13p.recon=0.0001/0.0086	13p.mcs=0.0001/0.0000	13.alt=0.0005/1.0000	14.transplant=0.0000/1.0000	15.minl=0.0001/1.0000	15.peel=0.0000/1.0000	16.late=0.0274/1.0000	17.final=0.0023/1.0000	18.simp=0.0000/1.0000	19.five=0.0001/1.0000	20.lt1k=0.0106/1.0000	21.comp=0.0001/1.0000	22.win=0.0019/1.0000	final=1.0000
LIFT	sssd15-04	163	47	240	47
COUNTS	sssd15-04	163	440	1625	1625
PHASES	autocorr_bern35-35fix	0.0000	final=1.0000
COUNTS	autocorr_bern35-35fix	38	1264	16214	16214
LADGATE	31	10000	0.163	2
PHASES	ex2_1_3	1.5925	1.portfolio=0.0018/1.0000	1b.indep=0.0000/1.0000	2.descent=0.0000/1.0000	3.search=0.1245/1.0000	4.subtree=0.1250/1.0000	4b.indep-accept=0.0000/1.0000	5.terminal=0.0015/1.0000	6.extra=0.0000/1.0000	7.telos=0.0000/1.0000	8.cleanup=0.0000/1.0000	9.reduce=0.0000/1.0000	10.completion=0.0000/1.0000	11.corecand=0.0005/1.0000	12.peo=0.0000/1.0000	13p.prep=0.0000/0.0000	13p.seeds=8.0000/0.0000	13p.rounds=9.0000/0.0000	13p.ledger=1611.0000/0.0000	13p.recon=0.0000/0.0476	13p.mcs=0.0000/0.0000	13.alt=0.0001/1.0000	14.transplant=0.0000/1.0000	15.minl=0.0000/1.0000	15.peel=0.0000/1.0000	16.late=0.0286/1.0000	17.final=0.0021/1.0000	18.simp=0.0000/1.0000	19.five=0.0000/1.0000	20.lt1k=0.0017/1.0000	21.comp=0.0000/1.0000	22.win=0.0005/1.0000	final=1.0000
COUNTS	ex2_1_3	31	72	189	189
LADGATE	705	10000	0.506	2
PHASES	qapw	1.1022	1.portfolio=0.2951/1.0000	1b.indep=0.0296/1.0000	2.descent=0.0003/1.0000	3.search=0.0003/1.0000	4.subtree=0.0015/1.0000	4b.indep-accept=0.0003/1.0000	5.terminal=0.0023/1.0000	6.extra=0.0003/1.0000	7.telos=0.0003/1.0000	8.cleanup=0.0003/1.0000	9.reduce=0.0272/1.0000	10.completion=0.0073/1.0000	11.corecand=0.0003/1.0000	12.peo=0.0020/1.0000	13p.prep=0.0090/0.0000	13p.seeds=8.0000/0.0000	13p.rounds=26.0000/0.0000	13p.ledger=3957645.0000/0.0000	13p.recon=0.0077/0.0000	13p.mcs=0.0124/0.0000	13.alt=0.0453/1.0000	14.transplant=0.0006/1.0000	15.minl=0.0108/1.0000	15.peel=0.0003/1.0000	16.late=0.0003/1.0000	17.final=0.0021/1.0000	18.simp=0.0003/1.0000	19.five=0.0003/1.0000	20.lt1k=0.0339/1.0000	21.comp=0.0003/1.0000	22.win=0.0162/1.0000	final=1.0000
LIFT	qapw	705	480	87046	480
COUNTS	qapw	705	87496	12183146	12183146
LADGATE	14	10000	0.117	2
PHASES	himmel11	1.4134	1.portfolio=0.0015/1.0000	1b.indep=0.0000/1.0000	2.descent=0.0000/1.0000	3.search=0.1137/1.0000	4.subtree=0.1137/1.0000	4b.indep-accept=0.0000/1.0000	5.terminal=0.0000/1.0000	6.extra=0.0000/1.0000	7.telos=0.0000/1.0000	8.cleanup=0.0000/1.0000	9.reduce=0.0000/1.0000	10.completion=0.0000/1.0000	11.corecand=0.0002/1.0000	12.peo=0.0000/1.0000	13p.prep=0.0000/0.0000	13p.seeds=0.0000/0.0000	13p.rounds=0.0000/0.0000	13p.ledger=0.0000/0.0000	13p.recon=0.0000/0.0000	13p.mcs=0.0000/0.0000	13.alt=0.0000/1.0000	14.transplant=0.0000/1.0000	15.minl=0.0000/1.0000	15.peel=0.0000/1.0000	16.late=0.0000/1.0000	17.final=0.0000/1.0000	18.simp=0.0000/1.0000	19.five=0.0000/1.0000	20.lt1k=0.0006/1.0000	21.comp=0.0000/1.0000	22.win=0.0002/1.0000	final=1.0000
COUNTS	himmel11	14	60	198	198
LADGATE	16640	10000	0.421	2
PHASES	supplychainr1_053050	0.4215	1.portfolio=0.2238/1.0000	1b.indep=0.0643/1.0000	2.descent=0.0004/1.0000	3.search=0.0004/1.0000	4.subtree=0.0061/1.0000	4b.indep-accept=0.0004/1.0000	5.terminal=0.0040/1.0000	6.extra=0.0005/1.0000	7.telos=0.0004/1.0000	8.cleanup=0.0004/1.0000	9.reduce=0.0498/1.0000	10.completion=0.0106/1.0000	11.corecand=0.0004/1.0000	12.peo=0.0037/1.0000	13p.prep=0.0109/0.0000	13p.seeds=8.0000/0.0000	13p.rounds=8.0000/0.0000	13p.ledger=1214071.0000/0.0000	13p.recon=0.0041/0.0000	13p.mcs=0.0040/0.0000	13.alt=0.0270/1.0000	14.transplant=0.0085/1.0000	15.minl=0.0178/1.0000	15.peel=0.0004/1.0000	16.late=0.0004/1.0000	17.final=0.0062/1.0000	18.simp=0.0004/1.0000	19.five=0.0004/1.0000	20.lt1k=0.0004/1.0000	21.comp=0.0004/1.0000	22.win=0.0004/1.0000	final=1.0000
LIFT	supplychainr1_053050	16640	9640	44160	9640
COUNTS	supplychainr1_053050	16640	57800	2173490	2173490
LADGATE	2490	10000	0.676	2
PHASES	squfl010-080	1.7580	1.portfolio=0.5403/1.0000	1b.indep=0.0057/1.0000	2.descent=0.0011/1.0000	3.search=0.0697/1.0000	4.subtree=0.0712/1.0000	4b.indep-accept=0.0001/1.0000	5.terminal=0.0017/1.0000	6.extra=0.0001/1.0000	7.telos=0.0001/1.0000	8.cleanup=0.0029/1.0000	9.reduce=0.0290/1.0000	10.completion=0.0009/1.0000	11.corecand=0.0000/1.0000	12.peo=0.0004/1.0000	13p.prep=0.0017/0.0000	13p.seeds=8.0000/0.0000	13p.rounds=10.0000/0.0000	13p.ledger=162340.0000/0.0000	13p.recon=0.0005/0.0004	13p.mcs=0.0005/0.0000	13.alt=0.0039/1.0000	14.transplant=0.0001/1.0000	15.minl=0.0009/1.0000	15.peel=0.0001/1.0000	16.late=0.0061/1.0000	17.final=0.0017/1.0000	18.simp=0.0010/1.0000	19.five=0.0015/1.0000	20.lt1k=0.0001/1.0000	21.comp=0.0000/1.0000	22.win=0.0044/1.0000	final=1.0000
LIFT	squfl010-080	2490	890	3200	890
COUNTS	squfl010-080	2490	6400	27665	27665
LADGATE	24	10000	0.143	2
PHASES	st_glmp_ss1	1.3867	1.portfolio=0.0016/1.0000	1b.indep=0.0000/1.0000	2.descent=0.0000/1.0000	3.search=0.1092/1.0000	4.subtree=0.1097/1.0000	4b.indep-accept=0.0000/1.0000	5.terminal=0.0015/1.0000	6.extra=0.0000/1.0000	7.telos=0.0000/1.0000	8.cleanup=0.0000/1.0000	9.reduce=0.0000/1.0000	10.completion=0.0000/1.0000	11.corecand=0.0003/1.0000	12.peo=0.0000/1.0000	13p.prep=0.0000/0.0000	13p.seeds=6.0000/0.0000	13p.rounds=10.0000/0.0000	13p.ledger=1569.0000/0.0000	13p.recon=0.0000/0.0625	13p.mcs=0.0000/0.0000	13.alt=0.0001/1.0000	14.transplant=0.0000/1.0000	15.minl=0.0000/1.0000	15.peel=0.0000/1.0000	16.late=0.0251/1.0000	17.final=0.0020/1.0000	18.simp=0.0000/1.0000	19.five=0.0000/1.0000	20.lt1k=0.0012/1.0000	21.comp=0.0000/1.0000	22.win=0.0005/1.0000	final=1.0000
COUNTS	st_glmp_ss1	24	66	160	160
LADGATE	40	10000	0.179	2
PHASES	st_rv2	1.7209	1.portfolio=0.0048/1.0000	1b.indep=0.0002/1.0000	2.descent=0.0000/1.0000	3.search=0.1345/1.0000	4.subtree=0.1350/1.0000	4b.indep-accept=0.0000/1.0000	5.terminal=0.0014/1.0000	6.extra=0.0000/1.0000	7.telos=0.0000/1.0000	8.cleanup=0.0000/1.0000	9.reduce=0.0000/1.0000	10.completion=0.0000/1.0000	11.corecand=0.0006/1.0000	12.peo=0.0000/1.0000	13p.prep=0.0001/0.0000	13p.seeds=8.0000/0.0000	13p.rounds=14.0000/0.0000	13p.ledger=8936.0000/0.0000	13p.recon=0.0000/0.0068	13p.mcs=0.0000/0.0000	13.alt=0.0002/1.0000	14.transplant=0.0000/1.0000	15.minl=0.0000/1.0000	15.peel=0.0000/1.0000	16.late=0.0308/1.0000	17.final=0.0019/1.0000	18.simp=0.0000/1.0000	19.five=0.0000/1.0000	20.lt1k=0.0021/1.0000	21.comp=0.0000/1.0000	22.win=0.0007/1.0000	final=1.0000
LIFT	st_rv2	40	10	90	10
COUNTS	st_rv2	40	340	2045	2045
LADGATE	6885	10000	0.255	2
PHASES	emfl100_3_3	2.2076	1.portfolio=0.1758/1.0000	1b.indep=0.0114/1.0000	2.descent=0.0076/1.0000	3.search=0.0001/1.0000	4.subtree=0.0087/1.0000	4b.indep-accept=0.0001/1.0000	5.terminal=0.0011/1.0000	6.extra=0.0001/1.0000	7.telos=0.0001/1.0000	8.cleanup=0.0084/1.0000	9.reduce=0.0116/1.0000	10.completion=0.0021/1.0000	11.corecand=0.0001/1.0000	12.peo=0.0013/1.0000	13p.prep=0.0000/0.0000	13p.seeds=0.0000/0.0000	13p.rounds=0.0000/0.0000	13p.ledger=0.0000/0.0000	13p.recon=0.0000/0.0000	13p.mcs=0.0000/0.0000	13.alt=0.0001/1.0000	14.transplant=0.0003/1.0000	15.minl=0.0023/1.0000	15.peel=0.0001/1.0000	16.late=0.0001/1.0000	17.final=0.0010/1.0000	18.simp=0.0001/1.0000	19.five=0.0091/1.0000	20.lt1k=0.0002/1.0000	21.comp=0.0001/1.0000	22.win=0.0087/1.0000	final=1.0000
LIFT	emfl100_3_3	6885	2961	8100	2961
COUNTS	emfl100_3_3	6885	15948	55506	55506
PHASES	polygon75	0.0002	final=1.0000
COUNTS	polygon75	5846	49652	1171822	1171822
LADGATE	28	10000	0.160	2
PHASES	ex9_2_6	1.5868	1.portfolio=0.0017/1.0000	1b.indep=0.0000/1.0000	2.descent=0.0000/1.0000	3.search=0.1250/1.0000	4.subtree=0.1255/1.0000	4b.indep-accept=0.0000/1.0000	5.terminal=0.0000/1.0000	6.extra=0.0000/1.0000	7.telos=0.0000/1.0000	8.cleanup=0.0000/1.0000	9.reduce=0.0000/1.0000	10.completion=0.0000/1.0000	11.corecand=0.0005/1.0000	12.peo=0.0000/1.0000	13p.prep=0.0000/0.0000	13p.seeds=7.0000/0.0000	13p.rounds=14.0000/0.0000	13p.ledger=2364.0000/0.0000	13p.recon=0.0000/0.0737	13p.mcs=0.0000/0.0000	13.alt=0.0001/1.0000	14.transplant=0.0000/1.0000	15.minl=0.0000/1.0000	15.peel=0.0000/1.0000	16.late=0.0287/1.0000	17.final=0.0005/1.0000	18.simp=0.0000/1.0000	19.five=0.0000/1.0000	20.lt1k=0.0018/1.0000	21.comp=0.0000/1.0000	22.win=0.0004/1.0000	final=1.0000
COUNTS	ex9_2_6	28	68	190	190
LADGATE	146	10000	0.223	2
PHASES	slay04m	1.6023	1.portfolio=0.0087/1.0000	1b.indep=0.0003/1.0000	2.descent=0.0000/1.0000	3.search=0.1194/1.0000	4.subtree=0.1203/1.0000	4b.indep-accept=0.0000/1.0000	5.terminal=0.0015/1.0000	6.extra=0.0000/1.0000	7.telos=0.0000/1.0000	8.cleanup=0.0001/1.0000	9.reduce=0.0493/1.0000	10.completion=0.0001/1.0000	11.corecand=0.0023/1.0000	12.peo=0.0000/1.0000	13p.prep=0.0001/0.0000	13p.seeds=8.0000/0.0000	13p.rounds=8.0000/0.0000	13p.ledger=8356.0000/0.0000	13p.recon=0.0000/0.0051	13p.mcs=0.0000/0.0000	13.alt=0.0002/1.0000	14.transplant=0.0000/1.0000	15.minl=0.0001/1.0000	15.peel=0.0000/1.0000	16.late=0.0268/1.0000	17.final=0.0023/1.0000	18.simp=0.0000/1.0000	19.five=0.0001/1.0000	20.lt1k=0.0093/1.0000	21.comp=0.0001/1.0000	22.win=0.0006/1.0000	final=1.0000
LIFT	slay04m	146	62	264	62
COUNTS	slay04m	146	432	1554	1554
LADGATE	32	10000	0.175	2
PHASES	ex8_4_1	1.7138	1.portfolio=0.0021/1.0000	1b.indep=0.0002/1.0000	2.descent=0.0000/1.0000	3.search=0.1348/1.0000	4.subtree=0.1353/1.0000	4b.indep-accept=0.0000/1.0000	5.terminal=0.0016/1.0000	6.extra=0.0000/1.0000	7.telos=0.0000/1.0000	8.cleanup=0.0000/1.0000	9.reduce=0.0000/1.0000	10.completion=0.0000/1.0000	11.corecand=0.0005/1.0000	12.peo=0.0000/1.0000	13p.prep=0.0000/0.0000	13p.seeds=4.0000/0.0000	13p.rounds=6.0000/0.0000	13p.ledger=1305.0000/0.0000	13p.recon=0.0000/0.0267	13p.mcs=0.0000/0.0000	13.alt=0.0001/1.0000	14.transplant=0.0000/1.0000	15.minl=0.0000/1.0000	15.peel=0.0000/1.0000	16.late=0.0309/1.0000	17.final=0.0022/1.0000	18.simp=0.0000/1.0000	19.five=0.0000/1.0000	20.lt1k=0.0017/1.0000	21.comp=0.0000/1.0000	22.win=0.0002/1.0000	final=1.0000
LIFT	ex8_4_1	32	12	40	12
COUNTS	ex8_4_1	32	100	225	225
LADGATE	19	10000	0.160	2
PHASES	st_e07	1.6114	1.portfolio=0.0016/1.0000	1b.indep=0.0000/1.0000	2.descent=0.0000/1.0000	3.search=0.1266/1.0000	4.subtree=0.1266/1.0000	4b.indep-accept=0.0000/1.0000	5.terminal=0.0000/1.0000	6.extra=0.0000/1.0000	7.telos=0.0000/1.0000	8.cleanup=0.0000/1.0000	9.reduce=0.0000/1.0000	10.completion=0.0000/1.0000	11.corecand=0.0003/1.0000	12.peo=0.0000/1.0000	13p.prep=0.0000/0.0000	13p.seeds=8.0000/0.0000	13p.rounds=12.0000/0.0000	13p.ledger=1677.0000/0.0000	13p.recon=0.0000/0.0603	13p.mcs=0.0000/0.0000	13.alt=0.0001/1.0000	14.transplant=0.0000/1.0000	15.minl=0.0000/1.0000	15.peel=0.0000/1.0000	16.late=0.0289/1.0000	17.final=0.0000/1.0000	18.simp=0.0000/1.0000	19.five=0.0000/1.0000	20.lt1k=0.0011/1.0000	21.comp=0.0000/1.0000	22.win=0.0005/1.0000	final=1.0000
COUNTS	st_e07	19	60	199	199
LADGATE	72	10000	0.211	2
PHASES	st_m2	1.5280	1.portfolio=0.0124/1.0000	1b.indep=0.0004/1.0000	2.descent=0.0000/1.0000	3.search=0.1138/1.0000	4.subtree=0.1146/1.0000	4b.indep-accept=0.0000/1.0000	5.terminal=0.0013/1.0000	6.extra=0.0000/1.0000	7.telos=0.0000/1.0000	8.cleanup=0.0001/1.0000	9.reduce=0.0427/1.0000	10.completion=0.0001/1.0000	11.corecand=0.0013/1.0000	12.peo=0.0000/1.0000	13p.prep=0.0001/0.0000	13p.seeds=8.0000/0.0000	13p.rounds=15.0000/0.0000	13p.ledger=33451.0000/0.0000	13p.recon=0.0001/0.0009	13p.mcs=0.0001/0.0000	13.alt=0.0006/1.0000	14.transplant=0.0000/1.0000	15.minl=0.0001/1.0000	15.peel=0.0000/1.0000	16.late=0.0259/1.0000	17.final=0.0021/1.0000	18.simp=0.0000/1.0000	19.five=0.0001/1.0000	20.lt1k=0.0050/1.0000	21.comp=0.0001/1.0000	22.win=0.0019/1.0000	final=1.0000
LIFT	st_m2	72	21	420	21
COUNTS	st_m2	72	1226	16331	16331
LADGATE	338	10000	0.252	2
PHASES	sssd18-08persp	1.4849	1.portfolio=0.0260/1.0000	1b.indep=0.0008/1.0000	2.descent=0.0001/1.0000	3.search=0.1002/1.0000	4.subtree=0.1023/1.0000	4b.indep-accept=0.0000/1.0000	5.terminal=0.0011/1.0000	6.extra=0.0000/1.0000	7.telos=0.0000/1.0000	8.cleanup=0.0002/1.0000	9.reduce=0.0552/1.0000	10.completion=0.0001/1.0000	11.corecand=0.0062/1.0000	12.peo=0.0001/1.0000	13p.prep=0.0002/0.0000	13p.seeds=8.0000/0.0000	13p.rounds=9.0000/0.0000	13p.ledger=23850.0000/0.0000	13p.recon=0.0001/0.0019	13p.mcs=0.0001/0.0000	13.alt=0.0006/1.0000	14.transplant=0.0000/1.0000	15.minl=0.0001/1.0000	15.peel=0.0000/1.0000	16.late=0.0223/1.0000	17.final=0.0032/1.0000	18.simp=0.0001/1.0000	19.five=0.0003/1.0000	20.lt1k=0.0246/1.0000	21.comp=0.0001/1.0000	22.win=0.0035/1.0000	final=1.0000
LIFT	sssd18-08persp	338	138	768	138
COUNTS	sssd18-08persp	338	1168	4654	4654
LADGATE	76	10000	0.152	2
PHASES	kall_diffcircles_6	1.3787	1.portfolio=0.0053/1.0000	1b.indep=0.0004/1.0000	2.descent=0.0000/1.0000	3.search=0.1069/1.0000	4.subtree=0.1077/1.0000	4b.indep-accept=0.0000/1.0000	5.terminal=0.0016/1.0000	6.extra=0.0000/1.0000	7.telos=0.0000/1.0000	8.cleanup=0.0001/1.0000	9.reduce=0.0024/1.0000	10.completion=0.0000/1.0000	11.corecand=0.0009/1.0000	12.peo=0.0000/1.0000	13p.prep=0.0001/0.0000	13p.seeds=6.0000/0.0000	13p.rounds=10.0000/0.0000	13p.ledger=7425.0000/0.0000	13p.recon=0.0000/0.0066	13p.mcs=0.0001/0.0000	13.alt=0.0003/1.0000	14.transplant=0.0000/1.0000	15.minl=0.0000/1.0000	15.peel=0.0000/1.0000	16.late=0.0244/1.0000	17.final=0.0025/1.0000	18.simp=0.0000/1.0000	19.five=0.0001/1.0000	20.lt1k=0.0036/1.0000	21.comp=0.0000/1.0000	22.win=0.0010/1.0000	final=1.0000
LIFT	kall_diffcircles_6	76	45	240	45
COUNTS	kall_diffcircles_6	76	302	1511	1511
PHASES	cvxnonsep_psig30	0.0000	final=1.0000
COUNTS	cvxnonsep_psig30	30	870	9455	9455
LADGATE	2450	10000	0.615	2
PHASES	squfl010-040persp	1.7555	1.portfolio=0.4616/1.0000	1b.indep=0.0036/1.0000	2.descent=0.0011/1.0000	3.search=0.0824/1.0000	4.subtree=0.0864/1.0000	4b.indep-accept=0.0001/1.0000	5.terminal=0.0017/1.0000	6.extra=0.0001/1.0000	7.telos=0.0001/1.0000	8.cleanup=0.0030/1.0000	9.reduce=0.0302/1.0000	10.completion=0.0007/1.0000	11.corecand=0.0001/1.0000	12.peo=0.0004/1.0000	13p.prep=0.0022/0.0000	13p.seeds=8.0000/0.0000	13p.rounds=13.0000/0.0000	13p.ledger=215662.0000/0.0000	13p.recon=0.0007/0.0006	13p.mcs=0.0007/0.0000	13.alt=0.0052/1.0000	14.transplant=0.0001/1.0000	15.minl=0.0008/1.0000	15.peel=0.0001/1.0000	16.late=0.0068/1.0000	17.final=0.0043/1.0000	18.simp=0.0011/1.0000	19.five=0.0016/1.0000	20.lt1k=0.0001/1.0000	21.comp=0.0001/1.0000	22.win=0.0038/1.0000	final=1.0000
LIFT	squfl010-040persp	2450	850	4000	850
COUNTS	squfl010-040persp	2450	7200	22825	22825
LADGATE	1046	10000	0.264	2
PHASES	hydroenergy1	1.3970	1.portfolio=0.0729/1.0000	1b.indep=0.0026/1.0000	2.descent=0.0004/1.0000	3.search=0.0645/1.0000	4.subtree=0.0658/1.0000	4b.indep-accept=0.0000/1.0000	5.terminal=0.0016/1.0000	6.extra=0.0000/1.0000	7.telos=0.0000/1.0000	8.cleanup=0.0010/1.0000	9.reduce=0.0647/1.0000	10.completion=0.0004/1.0000	11.corecand=0.0000/1.0000	12.peo=0.0002/1.0000	13p.prep=0.0008/0.0000	13p.seeds=8.0000/0.0000	13p.rounds=9.0000/0.0000	13p.ledger=67581.0000/0.0000	13p.recon=0.0003/0.0006	13p.mcs=0.0003/0.0000	13.alt=0.0020/1.0000	14.transplant=0.0001/1.0000	15.minl=0.0005/1.0000	15.peel=0.0000/1.0000	16.late=0.0186/1.0000	17.final=0.0025/1.0000	18.simp=0.0003/1.0000	19.five=0.0006/1.0000	20.lt1k=0.0000/1.0000	21.comp=0.0000/1.0000	22.win=0.0130/1.0000	final=0.9999
LIFT	hydroenergy1	1046	570	2164	570
COUNTS	hydroenergy1	1046	3024	14089	14087
LADGATE	181	10000	0.194	2
PHASES	maxmin	1.2970	1.portfolio=0.0261/1.0000	1b.indep=0.0008/1.0000	2.descent=0.0001/1.0000	3.search=0.0895/1.0000	4.subtree=0.0903/1.0000	4b.indep-accept=0.0000/1.0000	5.terminal=0.0013/1.0000	6.extra=0.0000/1.0000	7.telos=0.0000/1.0000	8.cleanup=0.0001/1.0000	9.reduce=0.0361/1.0000	10.completion=0.0001/1.0000	11.corecand=0.0022/1.0000	12.peo=0.0001/1.0000	13p.prep=0.0004/0.0000	13p.seeds=8.0000/0.0000	13p.rounds=23.0000/0.0000	13p.ledger=61119.0000/0.0000	13p.recon=0.0002/0.0027	13p.mcs=0.0002/0.0000	13.alt=0.0012/1.0000	14.transplant=0.0000/1.0000	15.minl=0.0001/1.0000	15.peel=0.0000/1.0000	16.late=0.0211/1.0000	17.final=0.0019/1.0000	18.simp=0.0001/1.0000	19.five=0.0002/1.0000	20.lt1k=0.0081/1.0000	21.comp=0.0001/1.0000	22.win=0.0016/1.0000	final=1.0000
LIFT	maxmin	181	103	1284	103
COUNTS	maxmin	181	1440	8405	8405
LADGATE	3800	10000	0.265	2
PHASES	squfl025-025persp	1.4146	1.portfolio=0.1399/1.0000	1b.indep=0.0051/1.0000	2.descent=0.0030/1.0000	3.search=0.0777/1.0000	4.subtree=0.0813/1.0000	4b.indep-accept=0.0001/1.0000	5.terminal=0.0019/1.0000	6.extra=0.0001/1.0000	7.telos=0.0001/1.0000	8.cleanup=0.0075/1.0000	9.reduce=0.0043/1.0000	10.completion=0.0017/1.0000	11.corecand=0.0001/1.0000	12.peo=0.0007/1.0000	13p.prep=0.0000/0.0000	13p.seeds=0.0000/0.0000	13p.rounds=0.0000/0.0000	13p.ledger=0.0000/0.0000	13p.recon=0.0000/0.0000	13p.mcs=0.0000/0.0000	13.alt=0.0001/1.0000	14.transplant=0.0002/1.0000	15.minl=0.0013/1.0000	15.peel=0.0001/1.0000	16.late=0.0001/1.0000	17.final=0.0018/1.0000	18.simp=0.0029/1.0000	19.five=0.0040/1.0000	20.lt1k=0.0001/1.0000	21.comp=0.0001/1.0000	22.win=0.0054/1.0000	final=1.0000
LIFT	squfl025-025persp	3800	1300	6250	1300
COUNTS	squfl025-025persp	3800	11250	49925	49925
LADGATE	33	10000	0.172	2
PHASES	ex1223	1.6796	1.portfolio=0.0023/1.0000	1b.indep=0.0002/1.0000	2.descent=0.0000/1.0000	3.search=0.1315/1.0000	4.subtree=0.1320/1.0000	4b.indep-accept=0.0000/1.0000	5.terminal=0.0017/1.0000	6.extra=0.0000/1.0000	7.telos=0.0000/1.0000	8.cleanup=0.0000/1.0000	9.reduce=0.0000/1.0000	10.completion=0.0000/1.0000	11.corecand=0.0005/1.0000	12.peo=0.0000/1.0000	13p.prep=0.0001/0.0000	13p.seeds=8.0000/0.0000	13p.rounds=14.0000/0.0000	13p.ledger=2832.0000/0.0000	13p.recon=0.0000/0.0574	13p.mcs=0.0000/0.0000	13.alt=0.0001/1.0000	14.transplant=0.0000/1.0000	15.minl=0.0000/1.0000	15.peel=0.0000/1.0000	16.late=0.0301/1.0000	17.final=0.0022/1.0000	18.simp=0.0000/1.0000	19.five=0.0000/1.0000	20.lt1k=0.0019/1.0000	21.comp=0.0000/1.0000	22.win=0.0005/1.0000	final=1.0000
LIFT	ex1223	33	18	54	18
COUNTS	ex1223	33	82	244	244
LADGATE	2065	10000	0.267	2
PHASES	knp5-43	0.7922	1.portfolio=0.1442/1.0000	1b.indep=0.0307/1.0000	2.descent=0.0017/1.0000	3.search=0.0001/1.0000	4.subtree=0.0028/1.0000	4b.indep-accept=0.0001/1.0000	5.terminal=0.0014/1.0000	6.extra=0.0001/1.0000	7.telos=0.0001/1.0000	8.cleanup=0.0039/1.0000	9.reduce=0.0233/1.0000	10.completion=0.0062/1.0000	11.corecand=0.0001/1.0000	12.peo=0.0010/1.0000	13p.prep=0.0029/0.0000	13p.seeds=4.0000/0.0000	13p.rounds=12.0000/0.0000	13p.ledger=872008.0000/0.0000	13p.recon=0.0022/0.0000	13p.mcs=0.0030/0.0000	13.alt=0.0117/1.0000	14.transplant=0.0003/1.0000	15.minl=0.0064/1.0000	15.peel=0.0001/1.0000	16.late=0.0001/1.0000	17.final=0.0015/1.0000	18.simp=0.0018/1.0000	19.five=0.0021/1.0000	20.lt1k=0.0001/1.0000	21.comp=0.0001/1.0000	22.win=0.0135/1.0000	final=1.0000
LIFT	knp5-43	2065	1119	29756	1119
COUNTS	knp5-43	2065	31132	3517788	3517788
LADGATE	32	10000	0.167	2
PHASES	tln2	1.6439	1.portfolio=0.0020/1.0000	1b.indep=0.0002/1.0000	2.descent=0.0000/1.0000	3.search=0.1279/1.0000	4.subtree=0.1285/1.0000	4b.indep-accept=0.0000/1.0000	5.terminal=0.0017/1.0000	6.extra=0.0000/1.0000	7.telos=0.0000/1.0000	8.cleanup=0.0000/1.0000	9.reduce=0.0000/1.0000	10.completion=0.0000/1.0000	11.corecand=0.0005/1.0000	12.peo=0.0000/1.0000	13p.prep=0.0000/0.0000	13p.seeds=8.0000/0.0000	13p.rounds=13.0000/0.0000	13p.ledger=2688.0000/0.0000	13p.recon=0.0000/0.0558	13p.mcs=0.0000/0.0000	13.alt=0.0001/1.0000	14.transplant=0.0000/1.0000	15.minl=0.0000/1.0000	15.peel=0.0000/1.0000	16.late=0.0292/1.0000	17.final=0.0023/1.0000	18.simp=0.0000/1.0000	19.five=0.0000/1.0000	20.lt1k=0.0017/1.0000	21.comp=0.0000/1.0000	22.win=0.0005/1.0000	final=1.0000
LIFT	tln2	32	18	60	18
COUNTS	tln2	32	88	233	233
LADGATE	21925	10000	0.414	2
PHASES	emfl100_5_5	0.4142	1.portfolio=0.2039/1.0000	1b.indep=0.0617/1.0000	2.descent=0.0005/1.0000	3.search=0.0005/1.0000	4.subtree=0.0043/1.0000	4b.indep-accept=0.0005/1.0000	5.terminal=0.0044/1.0000	6.extra=0.0005/1.0000	7.telos=0.0005/1.0000	8.cleanup=0.0005/1.0000	9.reduce=0.0353/1.0000	10.completion=0.0080/1.0000	11.corecand=0.0005/1.0000	12.peo=0.0044/1.0000	13p.prep=0.0272/0.0000	13p.seeds=8.0000/0.0000	13p.rounds=15.0000/0.0000	13p.ledger=2047903.0000/0.0000	13p.recon=0.0082/0.0001	13p.mcs=0.0109/0.0000	13.alt=0.0636/1.0000	14.transplant=0.0088/1.0000	15.minl=0.0157/1.0000	15.peel=0.0005/1.0000	16.late=0.0005/1.0000	17.final=0.0039/1.0000	18.simp=0.0005/1.0000	19.five=0.0005/1.0000	20.lt1k=0.0005/1.0000	21.comp=0.0005/1.0000	22.win=0.0005/1.0000	final=1.0000
LIFT	emfl100_5_5	21925	9425	27300	9425
COUNTS	emfl100_5_5	21925	52300	221650	221650
PHASES	autocorr_bern25-19	0.0000	final=1.0000
COUNTS	autocorr_bern25-19	28	612	5278	5278
LADGATE	356	10000	0.257	2
PHASES	sssd20-08persp	1.4760	1.portfolio=0.0296/1.0000	1b.indep=0.0008/1.0000	2.descent=0.0001/1.0000	3.search=0.1004/1.0000	4.subtree=0.1026/1.0000	4b.indep-accept=0.0000/1.0000	5.terminal=0.0012/1.0000	6.extra=0.0000/1.0000	7.telos=0.0000/1.0000	8.cleanup=0.0002/1.0000	9.reduce=0.0542/1.0000	10.completion=0.0001/1.0000	11.corecand=0.0066/1.0000	12.peo=0.0001/1.0000	13p.prep=0.0002/0.0000	13p.seeds=8.0000/0.0000	13p.rounds=8.0000/0.0000	13p.ledger=22384.0000/0.0000	13p.recon=0.0001/0.0016	13p.mcs=0.0001/0.0000	13.alt=0.0006/1.0000	14.transplant=0.0000/1.0000	15.minl=0.0001/1.0000	15.peel=0.0000/1.0000	16.late=0.0224/1.0000	17.final=0.0035/1.0000	18.simp=0.0001/1.0000	19.five=0.0003/1.0000	20.lt1k=0.0264/1.0000	21.comp=0.0001/1.0000	22.win=0.0030/1.0000	final=1.0000
LIFT	sssd20-08persp	356	140	800	140
COUNTS	sssd20-08persp	356	1232	4960	4960
LADGATE	20	10000	0.140	2
PHASES	oaer	1.4099	1.portfolio=0.0014/1.0000	1b.indep=0.0000/1.0000	2.descent=0.0000/1.0000	3.search=0.1109/1.0000	4.subtree=0.1109/1.0000	4b.indep-accept=0.0000/1.0000	5.terminal=0.0000/1.0000	6.extra=0.0000/1.0000	7.telos=0.0000/1.0000	8.cleanup=0.0000/1.0000	9.reduce=0.0000/1.0000	10.completion=0.0000/1.0000	11.corecand=0.0003/1.0000	12.peo=0.0000/1.0000	13p.prep=0.0000/0.0000	13p.seeds=6.0000/0.0000	13p.rounds=11.0000/0.0000	13p.ledger=1171.0000/0.0000	13p.recon=0.0000/0.1028	13p.mcs=0.0000/0.0000	13.alt=0.0001/1.0000	14.transplant=0.0000/1.0000	15.minl=0.0000/1.0000	15.peel=0.0000/1.0000	16.late=0.0255/1.0000	17.final=0.0000/1.0000	18.simp=0.0000/1.0000	19.five=0.0000/1.0000	20.lt1k=0.0012/1.0000	21.comp=0.0000/1.0000	22.win=0.0002/1.0000	final=1.0000
COUNTS	oaer	20	40	107	107
LADGATE	168	10000	0.185	2
PHASES	hybriddynamic_fixed	1.6063	1.portfolio=0.0079/1.0000	1b.indep=0.0003/1.0000	2.descent=0.0000/1.0000	3.search=0.1222/1.0000	4.subtree=0.1230/1.0000	4b.indep-accept=0.0000/1.0000	5.terminal=0.0015/1.0000	6.extra=0.0000/1.0000	7.telos=0.0000/1.0000	8.cleanup=0.0002/1.0000	9.reduce=0.0001/1.0000	10.completion=0.0001/1.0000	11.corecand=0.0021/1.0000	12.peo=0.0000/1.0000	13p.prep=0.0003/0.0000	13p.seeds=8.0000/0.0000	13p.rounds=22.0000/0.0000	13p.ledger=21542.0000/0.0000	13p.recon=0.0001/0.0199	13p.mcs=0.0001/0.0000	13.alt=0.0009/1.0000	14.transplant=0.0000/1.0000	15.minl=0.0001/1.0000	15.peel=0.0000/1.0000	16.late=0.0274/1.0000	17.final=0.0022/1.0000	18.simp=0.0000/1.0000	19.five=0.0002/1.0000	20.lt1k=0.0082/1.0000	21.comp=0.0001/1.0000	22.win=0.0045/1.0000	final=1.0000
LIFT	hybriddynamic_fixed	168	80	250	80
COUNTS	hybriddynamic_fixed	168	388	1103	1103
PHASES	st_miqp2	0.0000	final=1.0000
COUNTS	st_miqp2	10	18	37	37
PHASES	autocorr_bern30-23	0.0000	final=1.0000
COUNTS	autocorr_bern30-23	33	878	8940	8940
PHASES	cvxnonsep_psig30r	0.0000	final=1.0000
COUNTS	cvxnonsep_psig30r	126	250	501	501
LADGATE	13175	10000	0.261	2
PHASES	emfl050_5_5	0.2614	1.portfolio=0.1384/1.0000	1b.indep=0.0316/1.0000	2.descent=0.0003/1.0000	3.search=0.0003/1.0000	4.subtree=0.0025/1.0000	4b.indep-accept=0.0003/1.0000	5.terminal=0.0028/1.0000	6.extra=0.0003/1.0000	7.telos=0.0003/1.0000	8.cleanup=0.0003/1.0000	9.reduce=0.0270/1.0000	10.completion=0.0048/1.0000	11.corecand=0.0003/1.0000	12.peo=0.0025/1.0000	13p.prep=0.0172/0.0000	13p.seeds=8.0000/0.0000	13p.rounds=15.0000/0.0000	13p.ledger=1260403.0000/0.0000	13p.recon=0.0050/0.0001	13p.mcs=0.0059/0.0000	13.alt=0.0388/1.0000	14.transplant=0.0006/1.0000	15.minl=0.0049/1.0000	15.peel=0.0003/1.0000	16.late=0.0003/1.0000	17.final=0.0027/1.0000	18.simp=0.0003/1.0000	19.five=0.0003/1.0000	20.lt1k=0.0003/1.0000	21.comp=0.0003/1.0000	22.win=0.0003/1.0000	final=1.0000
LIFT	emfl050_5_5	13175	5675	17300	5675
COUNTS	emfl050_5_5	13175	32300	155400	155400
LADGATE	42	10000	0.167	2
PHASES	st_m1	1.4808	1.portfolio=0.0054/1.0000	1b.indep=0.0004/1.0000	2.descent=0.0000/1.0000	3.search=0.1255/1.0000	4.subtree=0.1260/1.0000	4b.indep-accept=0.0000/1.0000	5.terminal=0.0013/1.0000	6.extra=0.0000/1.0000	7.telos=0.0000/1.0000	8.cleanup=0.0000/1.0000	9.reduce=0.0000/1.0000	10.completion=0.0000/1.0000	11.corecand=0.0005/1.0000	12.peo=0.0000/1.0000	13p.prep=0.0001/0.0000	13p.seeds=8.0000/0.0000	13p.rounds=15.0000/0.0000	13p.ledger=11872.0000/0.0000	13p.recon=0.0000/0.0048	13p.mcs=0.0001/0.0000	13.alt=0.0003/1.0000	14.transplant=0.0000/1.0000	15.minl=0.0001/1.0000	15.peel=0.0000/1.0000	16.late=0.0266/1.0000	17.final=0.0018/1.0000	18.simp=0.0000/1.0000	19.five=0.0000/1.0000	20.lt1k=0.0021/1.0000	21.comp=0.0000/1.0000	22.win=0.0010/1.0000	final=1.0000
LIFT	st_m1	42	11	110	11
COUNTS	st_m1	42	432	3097	3097
LADGATE	18	10000	0.143	2
PHASES	st_glmp_ss2	1.4289	1.portfolio=0.0014/1.0000	1b.indep=0.0000/1.0000	2.descent=0.0000/1.0000	3.search=0.1121/1.0000	4.subtree=0.1121/1.0000	4b.indep-accept=0.0000/1.0000	5.terminal=0.0000/1.0000	6.extra=0.0000/1.0000	7.telos=0.0000/1.0000	8.cleanup=0.0000/1.0000	9.reduce=0.0000/1.0000	10.completion=0.0000/1.0000	11.corecand=0.0003/1.0000	12.peo=0.0000/1.0000	13p.prep=0.0000/0.0000	13p.seeds=6.0000/0.0000	13p.rounds=10.0000/0.0000	13p.ledger=1149.0000/0.0000	13p.recon=0.0000/0.0826	13p.mcs=0.0000/0.0000	13.alt=0.0001/1.0000	14.transplant=0.0000/1.0000	15.minl=0.0000/1.0000	15.peel=0.0000/1.0000	16.late=0.0270/1.0000	17.final=0.0000/1.0000	18.simp=0.0000/1.0000	19.five=0.0000/1.0000	20.lt1k=0.0009/1.0000	21.comp=0.0000/1.0000	22.win=0.0004/1.0000	final=1.0000
COUNTS	st_glmp_ss2	18	48	121	121
LADGATE	55	10000	0.150	2
PHASES	pointpack06	1.3927	1.portfolio=0.0048/1.0000	1b.indep=0.0004/1.0000	2.descent=0.0000/1.0000	3.search=0.1077/1.0000	4.subtree=0.1082/1.0000	4b.indep-accept=0.0000/1.0000	5.terminal=0.0015/1.0000	6.extra=0.0000/1.0000	7.telos=0.0000/1.0000	8.cleanup=0.0001/1.0000	9.reduce=0.0023/1.0000	10.completion=0.0000/1.0000	11.corecand=0.0006/1.0000	12.peo=0.0000/1.0000	13p.prep=0.0001/0.0000	13p.seeds=8.0000/0.0000	13p.rounds=13.0000/0.0000	13p.ledger=8059.0000/0.0000	13p.recon=0.0000/0.0087	13p.mcs=0.0001/0.0000	13.alt=0.0003/1.0000	14.transplant=0.0000/1.0000	15.minl=0.0000/1.0000	15.peel=0.0000/1.0000	16.late=0.0249/1.0000	17.final=0.0020/1.0000	18.simp=0.0000/1.0000	19.five=0.0001/1.0000	20.lt1k=0.0023/1.0000	21.comp=0.0000/1.0000	22.win=0.0009/1.0000	final=1.0000
LIFT	pointpack06	55	34	234	34
COUNTS	pointpack06	55	276	1497	1497
LADGATE	258	10000	0.258	2
PHASES	clay0304m	1.5264	1.portfolio=0.0181/1.0000	1b.indep=0.0005/1.0000	2.descent=0.0001/1.0000	3.search=0.1091/1.0000	4.subtree=0.1099/1.0000	4b.indep-accept=0.0000/1.0000	5.terminal=0.0014/1.0000	6.extra=0.0000/1.0000	7.telos=0.0000/1.0000	8.cleanup=0.0002/1.0000	9.reduce=0.0492/1.0000	10.completion=0.0001/1.0000	11.corecand=0.0043/1.0000	12.peo=0.0001/1.0000	13p.prep=0.0003/0.0000	13p.seeds=8.0000/0.0000	13p.rounds=13.0000/0.0000	13p.ledger=24773.0000/0.0000	13p.recon=0.0001/0.0047	13p.mcs=0.0001/0.0000	13.alt=0.0007/1.0000	14.transplant=0.0000/1.0000	15.minl=0.0001/1.0000	15.peel=0.0000/1.0000	16.late=0.0234/1.0000	17.final=0.0021/1.0000	18.simp=0.0001/1.0000	19.five=0.0002/1.0000	20.lt1k=0.0402/1.0000	21.comp=0.0003/1.0000	22.win=0.0038/1.0000	final=1.0000
LIFT	clay0304m	258	122	576	122
COUNTS	clay0304m	258	840	2742	2742
LADGATE	1218	10000	0.453	2
PHASES	pooling_foulds5pq	1.4317	1.portfolio=0.2840/1.0000	1b.indep=0.0087/1.0000	2.descent=0.0006/1.0000	3.search=0.0487/1.0000	4.subtree=0.0496/1.0000	4b.indep-accept=0.0000/1.0000	5.terminal=0.0012/1.0000	6.extra=0.0000/1.0000	7.telos=0.0000/1.0000	8.cleanup=0.0014/1.0000	9.reduce=0.0665/1.0000	10.completion=0.0021/1.0000	11.corecand=0.0000/1.0000	12.peo=0.0004/1.0000	13p.prep=0.0016/0.0000	13p.seeds=8.0000/0.0000	13p.rounds=15.0000/0.0000	13p.ledger=286594.0000/0.0000	13p.recon=0.0008/0.0001	13p.mcs=0.0011/0.0000	13.alt=0.0049/1.0000	14.transplant=0.0001/1.0000	15.minl=0.0014/1.0000	15.peel=0.0000/1.0000	16.late=0.0032/1.0000	17.final=0.0011/1.0000	18.simp=0.0006/1.0000	19.five=0.0008/1.0000	20.lt1k=0.0000/1.0000	21.comp=0.0000/1.0000	22.win=0.0116/1.0000	final=1.0000
LIFT	pooling_foulds5pq	1218	655	7342	655
COUNTS	pooling_foulds5pq	1218	8300	159641	159641
LADGATE	31	10000	0.178	2
PHASES	sporttournament08	1.7179	1.portfolio=0.0034/1.0000	1b.indep=0.0000/1.0000	2.descent=0.0000/1.0000	3.search=0.1345/1.0000	4.subtree=0.1351/1.0000	4b.indep-accept=0.0000/1.0000	5.terminal=0.0016/1.0000	6.extra=0.0000/1.0000	7.telos=0.0000/1.0000	8.cleanup=0.0000/1.0000	9.reduce=0.0000/1.0000	10.completion=0.0000/1.0000	11.corecand=0.0005/1.0000	12.peo=0.0000/1.0000	13p.prep=0.0000/0.0000	13p.seeds=8.0000/0.0000	13p.rounds=9.0000/0.0000	13p.ledger=3087.0000/0.0000	13p.recon=0.0000/0.0104	13p.mcs=0.0000/0.0000	13.alt=0.0001/1.0000	14.transplant=0.0000/1.0000	15.minl=0.0000/1.0000	15.peel=0.0000/1.0000	16.late=0.0318/1.0000	17.final=0.0021/1.0000	18.simp=0.0000/1.0000	19.five=0.0001/1.0000	20.lt1k=0.0018/1.0000	21.comp=0.0000/1.0000	22.win=0.0007/1.0000	final=1.0000
COUNTS	sporttournament08	31	156	862	862
PHASES	autocorr_bern20-15	0.0000	final=1.0000
COUNTS	autocorr_bern20-15	23	394	2784	2784
LADGATE	132	10000	0.243	2
PHASES	clay0203m	1.6474	1.portfolio=0.0087/1.0000	1b.indep=0.0003/1.0000	2.descent=0.0000/1.0000	3.search=0.1341/1.0000	4.subtree=0.1351/1.0000	4b.indep-accept=0.0000/1.0000	5.terminal=0.0016/1.0000	6.extra=0.0000/1.0000	7.telos=0.0000/1.0000	8.cleanup=0.0001/1.0000	9.reduce=0.0505/1.0000	10.completion=0.0001/1.0000	11.corecand=0.0022/1.0000	12.peo=0.0000/1.0000	13p.prep=0.0001/0.0000	13p.seeds=8.0000/0.0000	13p.rounds=9.0000/0.0000	13p.ledger=8632.0000/0.0000	13p.recon=0.0000/0.0067	13p.mcs=0.0000/0.0000	13.alt=0.0003/1.0000	14.transplant=0.0000/1.0000	15.minl=0.0001/1.0000	15.peel=0.0000/1.0000	16.late=0.0292/1.0000	17.final=0.0025/1.0000	18.simp=0.0000/1.0000	19.five=0.0001/1.0000	20.lt1k=0.0088/1.0000	21.comp=0.0001/1.0000	22.win=0.0016/1.0000	final=1.0000
LIFT	clay0203m	132	63	282	63
COUNTS	clay0203m	132	420	1348	1348
LADGATE	13680	10000	0.377	2
PHASES	squfl030-150	0.3771	1.portfolio=0.2534/1.0000	1b.indep=0.0515/1.0000	2.descent=0.0003/1.0000	3.search=0.0003/1.0000	4.subtree=0.0049/1.0000	4b.indep-accept=0.0003/1.0000	5.terminal=0.0035/1.0000	6.extra=0.0003/1.0000	7.telos=0.0003/1.0000	8.cleanup=0.0003/1.0000	9.reduce=0.0116/1.0000	10.completion=0.0067/1.0000	11.corecand=0.0003/1.0000	12.peo=0.0026/1.0000	13p.prep=0.0106/0.0000	13p.seeds=8.0000/0.0000	13p.rounds=10.0000/0.0000	13p.ledger=908297.0000/0.0000	13p.recon=0.0032/0.0000	13p.mcs=0.0039/0.0000	13.alt=0.0249/1.0000	14.transplant=0.0006/1.0000	15.minl=0.0052/1.0000	15.peel=0.0003/1.0000	16.late=0.0003/1.0000	17.final=0.0056/1.0000	18.simp=0.0003/1.0000	19.five=0.0003/1.0000	20.lt1k=0.0003/1.0000	21.comp=0.0003/1.0000	22.win=0.0003/1.0000	final=1.0000
LIFT	squfl030-150	13680	4680	18000	4680
COUNTS	squfl030-150	13680	36000	252605	252605

--- every order() call, slowest first (TSV) ---
secs	matrix	n	nnz	ratio
2.2076	emfl100_3_3	6885	15948	1.0000
1.9449	squfl020-150	9170	24000	1.0000
1.9387	squfl015-060	2775	7200	1.0000
1.8788	squfl025-030	2305	6000	1.0000
1.7659	squfl015-080persp	7295	21600	1.0000
1.7580	squfl010-080	2490	6400	1.0000
1.7555	squfl010-040persp	2450	7200	1.0000
1.7209	st_rv2	40	340	1.0000
1.7179	sporttournament08	31	156	1.0000
1.7167	ex1263a	94	390	1.0000
1.7138	ex8_4_1	32	100	1.0000
1.7073	csched1	110	376	1.0000
1.6990	wastepaper6	191	1416	1.0000
1.6796	ex1223	33	82	1.0000
1.6474	clay0203m	132	420	1.0000
1.6439	tln2	32	88	1.0000
1.6114	st_e07	19	60	1.0000
1.6106	ex1223b	25	66	1.0000
1.6097	sssd15-04	163	440	1.0000
1.6063	hybriddynamic_fixed	168	388	1.0000
1.6023	slay04m	146	432	1.0000
1.5925	ex2_1_3	31	72	1.0000
1.5868	ex9_2_6	28	68	1.0000
1.5487	chain200	601	2396	1.0000
1.5280	st_m2	72	1226	1.0000
1.5264	clay0304m	258	840	1.0000
1.5114	clay0204m	222	704	1.0000
1.5009	pointpack04	29	120	1.0000
1.4964	chain400	1201	4796	1.0000
1.4912	slay05m	240	720	1.0000
1.4867	sssd25-08	401	1200	1.0000
1.4849	sssd18-08persp	338	1168	1.0000
1.4808	st_m1	42	432	1.0000
1.4760	sssd20-08persp	356	1232	1.0000
1.4402	slay08m	660	2016	1.0000
1.4317	pooling_foulds5pq	1218	8300	1.0000
1.4289	st_glmp_ss2	18	48	1.0000
1.4146	squfl025-025persp	3800	11250	1.0000
1.4136	ex9_2_4	15	36	1.0000
1.4134	himmel11	14	60	1.0000
1.4099	oaer	20	40	1.0000
1.4096	slay06m	357	1080	1.0000
1.3994	slay07m	497	1512	1.0000
1.3970	hydroenergy1	1046	3024	0.9999
1.3927	ex14_1_8	11	30	1.0000
1.3927	pointpack06	55	276	1.0000
1.3867	st_glmp_ss1	24	66	1.0000
1.3787	kall_diffcircles_6	76	302	1.0000
1.3710	nvs02	11	46	1.0000
1.2970	maxmin	181	1440	1.0000
1.1757	meanvar-orl400_05_e_8	4405	171604	1.0000
1.1022	qapw	705	87496	1.0000
0.7922	knp5-43	2065	31132	1.0000
0.7471	knp5-44	2157	32604	1.0000
0.4809	watercontamination0303r	1310	37028	1.0000
0.4215	supplychainr1_053050	16640	57800	1.0000
0.4142	emfl100_5_5	21925	52300	1.0000
0.4098	kissing2	20772	401024	1.0000
0.3771	squfl030-150	13680	36000	1.0000
0.2614	emfl050_5_5	13175	32300	1.0000
0.0002	polygon75	5846	49652	1.0000
0.0000	camshape400	2000	7188	1.0000
0.0000	autocorr_bern40-30	43	1534	1.0000
0.0000	autocorr_bern35-35fix	38	1264	1.0000
0.0000	autocorr_bern30-23	33	878	1.0000
0.0000	autocorr_bern25-19	28	612	1.0000
0.0000	cvxnonsep_psig30	30	870	1.0000
0.0000	autocorr_bern20-15	23	394	1.0000
0.0000	cvxnonsep_psig20	20	380	1.0000
0.0000	st_iqpbk1	22	98	1.0000
0.0000	cvxnonsep_normcon40r	162	322	1.0000
0.0000	st_e41	8	32	1.0000
0.0000	cvxnonsep_normcon20r	82	162	1.0000
0.0000	cvxnonsep_psig30r	126	250	1.0000
0.0000	st_miqp2	10	18	1.0000
0.0000	cvxnonsep_psig20r	86	170	1.0000
matrices under 0.010s: 16/76
matrices under 0.050s: 16/76
matrices under 0.100s: 16/76
matrices under 0.200s: 16/76
matrices under 0.400s: 18/76

--- per-bucket ---
lt_1k    count=54    geomean=1.0000
1k_10k   count=17    geomean=1.0000
gt_10k   count=5     geomean=1.0000
SCORE = 0.999997
WORST order() = 2.208 s
FORCEAUDIT	stage1b_sites=0	force_fires=0	unsound=0	core_total_mismatch=0	max_drift_ppm=0	worst_incumbent=0	worst_adopted=0	tie_window_opened=2	tie_pass_run=2
ok

test result: ok. 1 passed; 0 failed; 0 ignored; 0 measured; 177 filtered out; finished in 85.40s

