
running 1 test
test ordering::probe::probe_timing_and_score ... LADGATE	357	10000	0.226	1
PHASES	slay06m	0.2960	1.portfolio=0.0244/1.0000	1b.indep=0.0005/1.0000	2.descent=0.0001/1.0000	3.search=0.0983/1.0000	4.subtree=0.0993/1.0000	4b.indep-accept=0.0000/1.0000	5.terminal=0.0012/1.0000	6.extra=0.0000/1.0000	7.telos=0.0000/1.0000	8.cleanup=0.0002/1.0000	9.reduce=0.0442/1.0000	10.completion=0.0001/1.0000	11.corecand=0.0060/1.0000	12.peo=0.0001/1.0000	13p.prep=0.0002/0.0000	13p.seeds=8.0000/0.0000	13p.rounds=8.0000/0.0000	13p.ledger=20694.0000/0.0000	13p.recon=0.0001/0.0020	13p.mcs=0.0001/0.0000	13.alt=0.0005/1.0000	14.transplant=0.0000/1.0000	15.minl=0.0001/1.0000	15.peel=0.0000/1.0000	16.late=0.0220/1.0000	17.final=0.0019/1.0000	18.simp=0.0001/1.0000	19.five=0.0003/1.0000	20.lt1k=0.0237/1.0000	21.comp=0.0001/1.0000	22.win=0.0009/1.0000	final=1.0000
LIFT	slay06m	357	147	660	147
COUNTS	slay06m	357	1080	4025	4025
LADGATE	401	10000	0.260	1
PHASES	sssd25-08	0.3069	1.portfolio=0.0330/1.0000	1b.indep=0.0011/1.0000	2.descent=0.0001/1.0000	3.search=0.0996/1.0000	4.subtree=0.1024/1.0000	4b.indep-accept=0.0000/1.0000	5.terminal=0.0011/1.0000	6.extra=0.0000/1.0000	7.telos=0.0000/1.0000	8.cleanup=0.0003/1.0000	9.reduce=0.0454/1.0000	10.completion=0.0002/1.0000	11.corecand=0.0076/1.0000	12.peo=0.0001/1.0000	13p.prep=0.0003/0.0000	13p.seeds=8.0000/0.0000	13p.rounds=11.0000/0.0000	13p.ledger=32225.0000/0.0000	13p.recon=0.0001/0.0020	13p.mcs=0.0001/0.0000	13.alt=0.0008/1.0000	14.transplant=0.0000/1.0000	15.minl=0.0001/1.0000	15.peel=0.0000/1.0000	16.late=0.0230/1.0000	17.final=0.0050/1.0000	18.simp=0.0001/1.0000	19.five=0.0003/1.0000	20.lt1k=0.0303/1.0000	21.comp=0.0002/1.0000	22.win=0.0036/1.0000	final=1.0000
LIFT	sssd25-08	401	89	640	89
COUNTS	sssd25-08	401	1200	5389	5389
LADGATE	1201	10000	0.228	1
PHASES	chain400	0.4421	1.portfolio=0.1007/1.0000	1b.indep=0.0012/1.0000	2.descent=0.0004/1.0000	3.search=0.0585/1.0000	4.subtree=0.0596/1.0000	4b.indep-accept=0.0000/1.0000	5.terminal=0.0009/1.0000	6.extra=0.0000/1.0000	7.telos=0.0000/1.0000	8.cleanup=0.0013/1.0000	9.reduce=0.0010/1.0000	10.completion=0.0007/1.0000	11.corecand=0.0000/1.0000	12.peo=0.0003/1.0000	13p.prep=0.0055/0.0000	13p.seeds=8.0000/0.0000	13p.rounds=51.0000/0.0000	13p.ledger=539390.0000/0.0000	13p.recon=0.0019/0.0031	13p.mcs=0.0019/0.0000	13.alt=0.0136/1.0000	14.transplant=0.0001/1.0000	15.minl=0.0006/1.0000	15.peel=0.0000/1.0000	16.late=0.0189/1.0000	17.final=0.0013/1.0000	18.simp=0.0004/1.0000	19.five=0.0008/1.0000	20.lt1k=0.0000/1.0000	21.comp=0.0000/1.0000	22.win=0.0139/1.0000	final=1.0000
LIFT	chain400	1201	800	3196	800
COUNTS	chain400	1201	4796	16382	16382
LADGATE	7295	10000	0.297	1
PHASES	squfl015-080persp	0.4241	1.portfolio=0.2226/1.0000	1b.indep=0.0138/1.0000	2.descent=0.0002/1.0000	3.search=0.0002/1.0000	4.subtree=0.0038/1.0000	4b.indep-accept=0.0002/1.0000	5.terminal=0.0025/1.0000	6.extra=0.0002/1.0000	7.telos=0.0002/1.0000	8.cleanup=0.0002/1.0000	9.reduce=0.0077/1.0000	10.completion=0.0022/1.0000	11.corecand=0.0002/1.0000	12.peo=0.0013/1.0000	13p.prep=0.0000/0.0000	13p.seeds=0.0000/0.0000	13p.rounds=0.0000/0.0000	13p.ledger=0.0000/0.0000	13p.recon=0.0000/0.0000	13p.mcs=0.0000/0.0000	13.alt=0.0002/1.0000	14.transplant=0.0003/1.0000	15.minl=0.0024/1.0000	15.peel=0.0002/1.0000	16.late=0.0002/1.0000	17.final=0.0047/1.0000	18.simp=0.0002/1.0000	19.five=0.0119/1.0000	20.lt1k=0.0002/1.0000	21.comp=0.0002/1.0000	22.win=0.0089/1.0000	final=1.0000
LIFT	squfl015-080persp	7295	2495	12000	2495
COUNTS	squfl015-080persp	7295	21600	74520	74520
LADGATE	2157	10000	0.269	1
PHASES	knp5-44	0.3977	1.portfolio=0.1545/1.0000	1b.indep=0.0384/1.0000	2.descent=0.0018/1.0000	3.search=0.0001/1.0000	4.subtree=0.0029/1.0000	4b.indep-accept=0.0001/1.0000	5.terminal=0.0014/1.0000	6.extra=0.0001/1.0000	7.telos=0.0001/1.0000	8.cleanup=0.0041/1.0000	9.reduce=0.0080/1.0000	10.completion=0.0063/1.0000	11.corecand=0.0001/1.0000	12.peo=0.0011/1.0000	13p.prep=0.0025/0.0000	13p.seeds=4.0000/0.0000	13p.rounds=10.0000/0.0000	13p.ledger=756318.0000/0.0000	13p.recon=0.0020/0.0000	13p.mcs=0.0025/0.0000	13.alt=0.0101/1.0000	14.transplant=0.0003/1.0000	15.minl=0.0067/1.0000	15.peel=0.0001/1.0000	16.late=0.0001/1.0000	17.final=0.0015/1.0000	18.simp=0.0018/1.0000	19.five=0.0022/1.0000	20.lt1k=0.0001/1.0000	21.comp=0.0001/1.0000	22.win=0.0137/1.0000	final=1.0000
LIFT	knp5-44	2157	1167	31152	1167
COUNTS	knp5-44	2157	32604	3764003	3764003
LADGATE	94	10000	0.192	1
PHASES	ex1263a	0.2853	1.portfolio=0.0073/1.0000	1b.indep=0.0004/1.0000	2.descent=0.0000/1.0000	3.search=0.1315/1.0000	4.subtree=0.1325/1.0000	4b.indep-accept=0.0000/1.0000	5.terminal=0.0017/1.0000	6.extra=0.0000/1.0000	7.telos=0.0000/1.0000	8.cleanup=0.0001/1.0000	9.reduce=0.0050/1.0000	10.completion=0.0001/1.0000	11.corecand=0.0015/1.0000	12.peo=0.0000/1.0000	13p.prep=0.0001/0.0000	13p.seeds=8.0000/0.0000	13p.rounds=13.0000/0.0000	13p.ledger=11403.0000/0.0000	13p.recon=0.0001/0.0062	13p.mcs=0.0001/0.0000	13.alt=0.0004/1.0000	14.transplant=0.0000/1.0000	15.minl=0.0001/1.0000	15.peel=0.0000/1.0000	16.late=0.0300/1.0000	17.final=0.0028/1.0000	18.simp=0.0000/1.0000	19.five=0.0001/1.0000	20.lt1k=0.0057/1.0000	21.comp=0.0001/1.0000	22.win=0.0019/1.0000	final=1.0000
LIFT	ex1263a	94	59	320	59
COUNTS	ex1263a	94	390	2098	2098
PHASES	st_e41	0.0000	final=1.0000
COUNTS	st_e41	8	32	88	88
LADGATE	2305	10000	0.625	1
PHASES	squfl025-030	0.6891	1.portfolio=0.4708/1.0000	1b.indep=0.0045/1.0000	2.descent=0.0010/1.0000	3.search=0.0800/1.0000	4.subtree=0.0837/1.0000	4b.indep-accept=0.0001/1.0000	5.terminal=0.0015/1.0000	6.extra=0.0000/1.0000	7.telos=0.0000/1.0000	8.cleanup=0.0027/1.0000	9.reduce=0.0302/1.0000	10.completion=0.0013/1.0000	11.corecand=0.0000/1.0000	12.peo=0.0004/1.0000	13p.prep=0.0013/0.0000	13p.seeds=8.0000/0.0000	13p.rounds=8.0000/0.0000	13p.ledger=123364.0000/0.0000	13p.recon=0.0004/0.0002	13p.mcs=0.0004/0.0000	13.alt=0.0030/1.0000	14.transplant=0.0001/1.0000	15.minl=0.0008/1.0000	15.peel=0.0000/1.0000	16.late=0.0071/1.0000	17.final=0.0038/1.0000	18.simp=0.0010/1.0000	19.five=0.0016/1.0000	20.lt1k=0.0000/1.0000	21.comp=0.0000/1.0000	22.win=0.0057/1.0000	final=1.0000
LIFT	squfl025-030	2305	805	3000	805
COUNTS	squfl025-030	2305	6000	42305	42305
PHASES	cvxnonsep_psig20	0.0000	final=1.0000
COUNTS	cvxnonsep_psig20	20	380	2870	2870
LADGATE	4405	10000	0.178	1
PHASES	meanvar-orl400_05_e_8	0.2906	1.portfolio=0.0874/1.0000	1b.indep=0.0425/1.0000	2.descent=0.0005/1.0000	3.search=0.0005/1.0000	4.subtree=0.0030/1.0000	4b.indep-accept=0.0005/1.0000	5.terminal=0.0024/1.0000	6.extra=0.0006/1.0000	7.telos=0.0006/1.0000	8.cleanup=0.0005/1.0000	9.reduce=0.0058/1.0000	10.completion=0.0039/1.0000	11.corecand=0.0005/1.0000	12.peo=0.0033/1.0000	13p.prep=0.0000/0.0000	13p.seeds=0.0000/0.0000	13p.rounds=0.0000/0.0000	13p.ledger=0.0000/0.0000	13p.recon=0.0000/0.0000	13p.mcs=0.0000/0.0000	13.alt=0.0005/1.0000	14.transplant=0.0034/1.0000	15.minl=0.0086/1.0000	15.peel=0.0006/1.0000	16.late=0.0005/1.0000	17.final=0.0019/1.0000	18.simp=0.0005/1.0000	19.five=0.0005/1.0000	20.lt1k=0.0006/1.0000	21.comp=0.0005/1.0000	22.win=0.0054/1.0000	final=1.0000
LIFT	meanvar-orl400_05_e_8	4405	2403	168400	2403
COUNTS	meanvar-orl400_05_e_8	4405	171604	21923414	21922611
LADGATE	497	10000	0.258	1
PHASES	slay07m	0.3314	1.portfolio=0.0404/1.0000	1b.indep=0.0008/1.0000	2.descent=0.0001/1.0000	3.search=0.0921/1.0000	4.subtree=0.0958/1.0000	4b.indep-accept=0.0000/1.0000	5.terminal=0.0011/1.0000	6.extra=0.0000/1.0000	7.telos=0.0000/1.0000	8.cleanup=0.0003/1.0000	9.reduce=0.0416/1.0000	10.completion=0.0002/1.0000	11.corecand=0.0093/1.0000	12.peo=0.0001/1.0000	13p.prep=0.0003/0.0000	13p.seeds=8.0000/0.0000	13p.rounds=8.0000/0.0000	13p.ledger=28981.0000/0.0000	13p.recon=0.0001/0.0014	13p.mcs=0.0001/0.0000	13.alt=0.0007/1.0000	14.transplant=0.0000/1.0000	15.minl=0.0002/1.0000	15.peel=0.0000/1.0000	16.late=0.0225/1.0000	17.final=0.0049/1.0000	18.simp=0.0001/1.0000	19.five=0.0004/1.0000	20.lt1k=0.0365/1.0000	21.comp=0.0002/1.0000	22.win=0.0012/1.0000	final=1.0000
LIFT	slay07m	497	203	924	203
COUNTS	slay07m	497	1512	5740	5740
LADGATE	2775	10000	0.852	1
PHASES	squfl015-060	0.9082	1.portfolio=0.6865/1.0000	1b.indep=0.0058/1.0000	2.descent=0.0014/1.0000	3.search=0.0909/1.0000	4.subtree=0.0952/1.0000	4b.indep-accept=0.0001/1.0000	5.terminal=0.0017/1.0000	6.extra=0.0001/1.0000	7.telos=0.0001/1.0000	8.cleanup=0.0035/1.0000	9.reduce=0.0277/1.0000	10.completion=0.0011/1.0000	11.corecand=0.0001/1.0000	12.peo=0.0005/1.0000	13p.prep=0.0015/0.0000	13p.seeds=8.0000/0.0000	13p.rounds=8.0000/0.0000	13p.ledger=146139.0000/0.0000	13p.recon=0.0005/0.0002	13p.mcs=0.0005/0.0000	13.alt=0.0035/1.0000	14.transplant=0.0001/1.0000	15.minl=0.0010/1.0000	15.peel=0.0001/1.0000	16.late=0.0075/1.0000	17.final=0.0040/1.0000	18.simp=0.0014/1.0000	19.five=0.0019/1.0000	20.lt1k=0.0001/1.0000	21.comp=0.0001/1.0000	22.win=0.0053/1.0000	final=1.0000
LIFT	squfl015-060	2775	975	3600	975
COUNTS	squfl015-060	2775	7200	36400	36400
PHASES	kissing2	0.4008	1.portfolio=0.0831/1.0000	1b.indep=0.1078/1.0000	2.descent=0.0018/1.0000	3.search=0.0018/1.0000	4.subtree=0.0108/1.0000	4b.indep-accept=0.0019/1.0000	5.terminal=0.0018/1.0000	6.extra=0.0018/1.0000	7.telos=0.0018/1.0000	8.cleanup=0.0018/1.0000	9.reduce=0.0667/1.0000	10.completion=0.0018/1.0000	11.corecand=0.0018/1.0000	12.peo=0.0053/1.0000	13p.prep=0.0034/0.0000	13p.seeds=1.0000/0.0000	13p.rounds=1.0000/0.0000	13p.ledger=903802.0000/0.0000	13p.recon=0.0027/0.0000	13p.mcs=0.0026/0.0000	13.alt=0.0157/1.0000	14.transplant=0.0018/1.0000	15.minl=0.0535/1.0000	15.peel=0.0018/1.0000	16.late=0.0018/1.0000	17.final=0.0018/1.0000	18.simp=0.0018/1.0000	19.five=0.0018/1.0000	20.lt1k=0.0018/1.0000	21.comp=0.0018/1.0000	22.win=0.0018/1.0000	final=1.0000
LIFT	kissing2	20772	10772	381024	10772
COUNTS	kissing2	20772	401024	156414018	156414018
LADGATE	222	10000	0.224	1
PHASES	clay0204m	0.3023	1.portfolio=0.0139/1.0000	1b.indep=0.0004/1.0000	2.descent=0.0001/1.0000	3.search=0.1100/1.0000	4.subtree=0.1108/1.0000	4b.indep-accept=0.0000/1.0000	5.terminal=0.0014/1.0000	6.extra=0.0000/1.0000	7.telos=0.0000/1.0000	8.cleanup=0.0002/1.0000	9.reduce=0.0469/1.0000	10.completion=0.0001/1.0000	11.corecand=0.0040/1.0000	12.peo=0.0001/1.0000	13p.prep=0.0001/0.0000	13p.seeds=8.0000/0.0000	13p.rounds=8.0000/0.0000	13p.ledger=13017.0000/0.0000	13p.recon=0.0001/0.0034	13p.mcs=0.0001/0.0000	13.alt=0.0004/1.0000	14.transplant=0.0000/1.0000	15.minl=0.0001/1.0000	15.peel=0.0000/1.0000	16.late=0.0246/1.0000	17.final=0.0023/1.0000	18.simp=0.0001/1.0000	19.five=0.0002/1.0000	20.lt1k=0.0160/1.0000	21.comp=0.0001/1.0000	22.win=0.0013/1.0000	final=1.0000
LIFT	clay0204m	222	102	464	102
COUNTS	clay0204m	222	704	2330	2330
LADGATE	601	10000	0.259	1
PHASES	chain200	0.4359	1.portfolio=0.0666/1.0000	1b.indep=0.0007/1.0000	2.descent=0.0002/1.0000	3.search=0.0957/1.0000	4.subtree=0.0967/1.0000	4b.indep-accept=0.0000/1.0000	5.terminal=0.0012/1.0000	6.extra=0.0000/1.0000	7.telos=0.0000/1.0000	8.cleanup=0.0005/1.0000	9.reduce=0.0005/1.0000	10.completion=0.0003/1.0000	11.corecand=0.0068/1.0000	12.peo=0.0001/1.0000	13p.prep=0.0008/0.0000	13p.seeds=8.0000/0.0000	13p.rounds=17.0000/0.0000	13p.ledger=88362.0000/0.0000	13p.recon=0.0003/0.0021	13p.mcs=0.0002/0.0000	13.alt=0.0019/1.0000	14.transplant=0.0000/1.0000	15.minl=0.0003/1.0000	15.peel=0.0000/1.0000	16.late=0.0245/1.0000	17.final=0.0020/1.0000	18.simp=0.0002/1.0000	19.five=0.0007/1.0000	20.lt1k=0.0270/1.0000	21.comp=0.0003/1.0000	22.win=0.0145/1.0000	final=1.0000
LIFT	chain200	601	400	1596	400
COUNTS	chain200	601	2396	8182	8182
LADGATE	25	10000	0.165	1
PHASES	ex1223b	0.1867	1.portfolio=0.0018/1.0000	1b.indep=0.0000/1.0000	2.descent=0.0000/1.0000	3.search=0.1263/1.0000	4.subtree=0.1268/1.0000	4b.indep-accept=0.0000/1.0000	5.terminal=0.0016/1.0000	6.extra=0.0000/1.0000	7.telos=0.0000/1.0000	8.cleanup=0.0000/1.0000	9.reduce=0.0000/1.0000	10.completion=0.0000/1.0000	11.corecand=0.0004/1.0000	12.peo=0.0000/1.0000	13p.prep=0.0000/0.0000	13p.seeds=8.0000/0.0000	13p.rounds=13.0000/0.0000	13p.ledger=2054.0000/0.0000	13p.recon=0.0000/0.0730	13p.mcs=0.0000/0.0000	13.alt=0.0001/1.0000	14.transplant=0.0000/1.0000	15.minl=0.0000/1.0000	15.peel=0.0000/1.0000	16.late=0.0290/1.0000	17.final=0.0025/1.0000	18.simp=0.0000/1.0000	19.five=0.0000/1.0000	20.lt1k=0.0013/1.0000	21.comp=0.0000/1.0000	22.win=0.0005/1.0000	final=1.0000
COUNTS	ex1223b	25	66	178	178
LADGATE	9170	10000	0.533	1
PHASES	squfl020-150	0.6858	1.portfolio=0.3851/1.0000	1b.indep=0.0335/1.0000	2.descent=0.0121/1.0000	3.search=0.0002/1.0000	4.subtree=0.0161/1.0000	4b.indep-accept=0.0002/1.0000	5.terminal=0.0027/1.0000	6.extra=0.0002/1.0000	7.telos=0.0002/1.0000	8.cleanup=0.0096/1.0000	9.reduce=0.0168/1.0000	10.completion=0.0043/1.0000	11.corecand=0.0002/1.0000	12.peo=0.0017/1.0000	13p.prep=0.0055/0.0000	13p.seeds=8.0000/0.0000	13p.rounds=8.0000/0.0000	13p.ledger=484429.0000/0.0000	13p.recon=0.0017/0.0001	13p.mcs=0.0020/0.0000	13.alt=0.0131/1.0000	14.transplant=0.0004/1.0000	15.minl=0.0036/1.0000	15.peel=0.0002/1.0000	16.late=0.0002/1.0000	17.final=0.0050/1.0000	18.simp=0.0002/1.0000	19.five=0.0106/1.0000	20.lt1k=0.0002/1.0000	21.comp=0.0002/1.0000	22.win=0.0164/1.0000	final=1.0000
LIFT	squfl020-150	9170	3170	12000	3170
COUNTS	squfl020-150	9170	24000	135020	135020
PHASES	autocorr_bern40-30	0.0000	final=1.0000
COUNTS	autocorr_bern40-30	43	1534	20034	20034
LADGATE	660	10000	0.292	1
PHASES	slay08m	0.3636	1.portfolio=0.0638/1.0000	1b.indep=0.0011/1.0000	2.descent=0.0002/1.0000	3.search=0.0849/1.0000	4.subtree=0.0899/1.0000	4b.indep-accept=0.0000/1.0000	5.terminal=0.0010/1.0000	6.extra=0.0000/1.0000	7.telos=0.0000/1.0000	8.cleanup=0.0004/1.0000	9.reduce=0.0402/1.0000	10.completion=0.0002/1.0000	11.corecand=0.0127/1.0000	12.peo=0.0001/1.0000	13p.prep=0.0003/0.0000	13p.seeds=8.0000/0.0000	13p.rounds=8.0000/0.0000	13p.ledger=38555.0000/0.0000	13p.recon=0.0001/0.0010	13p.mcs=0.0001/0.0000	13.alt=0.0010/1.0000	14.transplant=0.0000/1.0000	15.minl=0.0002/1.0000	15.peel=0.0000/1.0000	16.late=0.0206/1.0000	17.final=0.0060/1.0000	18.simp=0.0002/1.0000	19.five=0.0006/1.0000	20.lt1k=0.0508/1.0000	21.comp=0.0002/1.0000	22.win=0.0017/1.0000	final=1.0000
LIFT	slay08m	660	268	1232	268
COUNTS	slay08m	660	2016	7796	7796
PHASES	cvxnonsep_normcon40r	0.0000	final=1.0000
COUNTS	cvxnonsep_normcon40r	162	322	645	645
LADGATE	11	10000	0.113	1
PHASES	ex14_1_8	0.1296	1.portfolio=0.0014/1.0000	1b.indep=0.0000/1.0000	2.descent=0.0000/1.0000	3.search=0.1109/1.0000	4.subtree=0.1109/1.0000	4b.indep-accept=0.0000/1.0000	5.terminal=0.0000/1.0000	6.extra=0.0000/1.0000	7.telos=0.0000/1.0000	8.cleanup=0.0000/1.0000	9.reduce=0.0000/1.0000	10.completion=0.0000/1.0000	11.corecand=0.0000/1.0000	12.peo=0.0000/1.0000	13p.prep=0.0000/0.0000	13p.seeds=0.0000/0.0000	13p.rounds=0.0000/0.0000	13p.ledger=0.0000/0.0000	13p.recon=0.0000/0.0000	13p.mcs=0.0000/0.0000	13.alt=0.0000/1.0000	14.transplant=0.0000/1.0000	15.minl=0.0000/1.0000	15.peel=0.0000/1.0000	16.late=0.0000/1.0000	17.final=0.0000/1.0000	18.simp=0.0000/1.0000	19.five=0.0000/1.0000	20.lt1k=0.0000/1.0000	21.comp=0.0000/1.0000	22.win=0.0003/1.0000	final=1.0000
COUNTS	ex14_1_8	11	30	80	80
PHASES	cvxnonsep_normcon20r	0.0000	final=1.0000
COUNTS	cvxnonsep_normcon20r	82	162	325	325
PHASES	cvxnonsep_psig20r	0.0000	final=1.0000
COUNTS	cvxnonsep_psig20r	86	170	341	341
PHASES	st_iqpbk1	0.0000	final=1.0000
COUNTS	st_iqpbk1	22	98	295	295
LADGATE	29	10000	0.157	1
PHASES	pointpack04	0.2310	1.portfolio=0.0024/1.0000	1b.indep=0.0000/1.0000	2.descent=0.0000/1.0000	3.search=0.1203/1.0000	4.subtree=0.1208/1.0000	4b.indep-accept=0.0000/1.0000	5.terminal=0.0015/1.0000	6.extra=0.0000/1.0000	7.telos=0.0000/1.0000	8.cleanup=0.0000/1.0000	9.reduce=0.0000/1.0000	10.completion=0.0000/1.0000	11.corecand=0.0004/1.0000	12.peo=0.0000/1.0000	13p.prep=0.0001/0.0000	13p.seeds=8.0000/0.0000	13p.rounds=14.0000/0.0000	13p.ledger=3724.0000/0.0000	13p.recon=0.0000/0.0243	13p.mcs=0.0000/0.0000	13.alt=0.0002/1.0000	14.transplant=0.0000/1.0000	15.minl=0.0000/1.0000	15.peel=0.0000/1.0000	16.late=0.0267/1.0000	17.final=0.0020/1.0000	18.simp=0.0000/1.0000	19.five=0.0000/1.0000	20.lt1k=0.0013/1.0000	21.comp=0.0000/1.0000	22.win=0.0006/1.0000	final=1.0000
COUNTS	pointpack04	29	120	577	577
LADGATE	11	10000	0.112	1
PHASES	nvs02	0.1758	1.portfolio=0.0012/1.0000	1b.indep=0.0000/1.0000	2.descent=0.0000/1.0000	3.search=0.1101/1.0000	4.subtree=0.1101/1.0000	4b.indep-accept=0.0000/1.0000	5.terminal=0.0000/1.0000	6.extra=0.0000/1.0000	7.telos=0.0000/1.0000	8.cleanup=0.0000/1.0000	9.reduce=0.0000/1.0000	10.completion=0.0000/1.0000	11.corecand=0.0000/1.0000	12.peo=0.0000/1.0000	13p.prep=0.0000/0.0000	13p.seeds=0.0000/0.0000	13p.rounds=0.0000/0.0000	13p.ledger=0.0000/0.0000	13p.recon=0.0000/0.0000	13p.mcs=0.0000/0.0000	13.alt=0.0000/1.0000	14.transplant=0.0000/1.0000	15.minl=0.0000/1.0000	15.peel=0.0000/1.0000	16.late=0.0000/1.0000	17.final=0.0000/1.0000	18.simp=0.0000/1.0000	19.five=0.0000/1.0000	20.lt1k=0.0000/1.0000	21.comp=0.0000/1.0000	22.win=0.0003/1.0000	final=1.0000
COUNTS	nvs02	11	46	142	142
LADGATE	191	10000	0.267	1
PHASES	wastepaper6	0.3706	1.portfolio=0.0301/1.0000	1b.indep=0.0011/1.0000	2.descent=0.0001/1.0000	3.search=0.1217/1.0000	4.subtree=0.1226/1.0000	4b.indep-accept=0.0000/1.0000	5.terminal=0.0014/1.0000	6.extra=0.0000/1.0000	7.telos=0.0000/1.0000	8.cleanup=0.0002/1.0000	9.reduce=0.0546/1.0000	10.completion=0.0003/1.0000	11.corecand=0.0034/1.0000	12.peo=0.0001/1.0000	13p.prep=0.0002/0.0000	13p.seeds=8.0000/0.0000	13p.rounds=9.0000/0.0000	13p.ledger=28088.0000/0.0000	13p.recon=0.0001/0.0005	13p.mcs=0.0001/0.0000	13.alt=0.0006/1.0000	14.transplant=0.0000/1.0000	15.minl=0.0002/1.0000	15.peel=0.0000/1.0000	16.late=0.0271/1.0000	17.final=0.0022/1.0000	18.simp=0.0001/1.0000	19.five=0.0003/1.0000	20.lt1k=0.0136/1.0000	21.comp=0.0003/1.0000	22.win=0.0036/1.0000	final=1.0000
LIFT	wastepaper6	191	156	1358	156
COUNTS	wastepaper6	191	1416	16611	16611
PHASES	camshape400	0.0000	final=1.0000
COUNTS	camshape400	2000	7188	16768	16768
LADGATE	240	10000	0.221	1
PHASES	slay05m	0.2989	1.portfolio=0.0146/1.0000	1b.indep=0.0004/1.0000	2.descent=0.0001/1.0000	3.search=0.1083/1.0000	4.subtree=0.1092/1.0000	4b.indep-accept=0.0000/1.0000	5.terminal=0.0014/1.0000	6.extra=0.0000/1.0000	7.telos=0.0000/1.0000	8.cleanup=0.0002/1.0000	9.reduce=0.0452/1.0000	10.completion=0.0001/1.0000	11.corecand=0.0043/1.0000	12.peo=0.0001/1.0000	13p.prep=0.0001/0.0000	13p.seeds=8.0000/0.0000	13p.rounds=8.0000/0.0000	13p.ledger=13805.0000/0.0000	13p.recon=0.0001/0.0030	13p.mcs=0.0001/0.0000	13.alt=0.0004/1.0000	14.transplant=0.0000/1.0000	15.minl=0.0001/1.0000	15.peel=0.0000/1.0000	16.late=0.0242/1.0000	17.final=0.0021/1.0000	18.simp=0.0001/1.0000	19.five=0.0002/1.0000	20.lt1k=0.0171/1.0000	21.comp=0.0001/1.0000	22.win=0.0008/1.0000	final=1.0000
LIFT	slay05m	240	100	440	100
COUNTS	slay05m	240	720	2635	2635
LADGATE	110	10000	0.187	1
PHASES	csched1	0.2799	1.portfolio=0.0071/1.0000	1b.indep=0.0005/1.0000	2.descent=0.0000/1.0000	3.search=0.1311/1.0000	4.subtree=0.1320/1.0000	4b.indep-accept=0.0000/1.0000	5.terminal=0.0015/1.0000	6.extra=0.0000/1.0000	7.telos=0.0000/1.0000	8.cleanup=0.0001/1.0000	9.reduce=0.0006/1.0000	10.completion=0.0000/1.0000	11.corecand=0.0018/1.0000	12.peo=0.0000/1.0000	13p.prep=0.0001/0.0000	13p.seeds=8.0000/0.0000	13p.rounds=14.0000/0.0000	13p.ledger=11355.0000/0.0000	13p.recon=0.0000/0.0144	13p.mcs=0.0000/0.0000	13.alt=0.0003/1.0000	14.transplant=0.0000/1.0000	15.minl=0.0001/1.0000	15.peel=0.0000/1.0000	16.late=0.0297/1.0000	17.final=0.0024/1.0000	18.simp=0.0000/1.0000	19.five=0.0001/1.0000	20.lt1k=0.0072/1.0000	21.comp=0.0000/1.0000	22.win=0.0015/1.0000	final=1.0000
LIFT	csched1	110	30	100	30
COUNTS	csched1	110	376	975	975
LADGATE	1310	10000	0.137	1
PHASES	watercontamination0303r	0.2211	1.portfolio=0.0610/1.0000	1b.indep=0.0141/1.0000	2.descent=0.0006/1.0000	3.search=0.0001/1.0000	4.subtree=0.0032/1.0000	4b.indep-accept=0.0001/1.0000	5.terminal=0.0017/1.0000	6.extra=0.0001/1.0000	7.telos=0.0001/1.0000	8.cleanup=0.0013/1.0000	9.reduce=0.0055/1.0000	10.completion=0.0010/1.0000	11.corecand=0.0001/1.0000	12.peo=0.0008/1.0000	13p.prep=0.0026/0.0000	13p.seeds=8.0000/0.0000	13p.rounds=15.0000/0.0000	13p.ledger=882403.0000/0.0000	13p.recon=0.0016/0.0000	13p.mcs=0.0016/0.0000	13.alt=0.0104/1.0000	14.transplant=0.0003/1.0000	15.minl=0.0014/1.0000	15.peel=0.0001/1.0000	16.late=0.0001/1.0000	17.final=0.0037/1.0000	18.simp=0.0006/1.0000	19.five=0.0009/1.0000	20.lt1k=0.0001/1.0000	21.comp=0.0001/1.0000	22.win=0.0129/1.0000	final=1.0000
LIFT	watercontamination0303r	1310	755	35918	755
COUNTS	watercontamination0303r	1310	37028	2171882	2171882
LADGATE	15	10000	0.117	1
PHASES	ex9_2_4	0.1376	1.portfolio=0.0017/1.0000	1b.indep=0.0000/1.0000	2.descent=0.0000/1.0000	3.search=0.1129/1.0000	4.subtree=0.1129/1.0000	4b.indep-accept=0.0000/1.0000	5.terminal=0.0000/1.0000	6.extra=0.0000/1.0000	7.telos=0.0000/1.0000	8.cleanup=0.0000/1.0000	9.reduce=0.0000/1.0000	10.completion=0.0000/1.0000	11.corecand=0.0003/1.0000	12.peo=0.0000/1.0000	13p.prep=0.0000/0.0000	13p.seeds=0.0000/0.0000	13p.rounds=0.0000/0.0000	13p.ledger=0.0000/0.0000	13p.recon=0.0000/0.0000	13p.mcs=0.0000/0.0000	13.alt=0.0000/1.0000	14.transplant=0.0000/1.0000	15.minl=0.0000/1.0000	15.peel=0.0000/1.0000	16.late=0.0000/1.0000	17.final=0.0000/1.0000	18.simp=0.0000/1.0000	19.five=0.0000/1.0000	20.lt1k=0.0010/1.0000	21.comp=0.0000/1.0000	22.win=0.0004/1.0000	final=1.0000
COUNTS	ex9_2_4	15	36	117	117
LADGATE	163	10000	0.188	1
PHASES	sssd15-04	0.2235	1.portfolio=0.0090/1.0000	1b.indep=0.0003/1.0000	2.descent=0.0000/1.0000	3.search=0.1221/1.0000	4.subtree=0.1230/1.0000	4b.indep-accept=0.0000/1.0000	5.terminal=0.0015/1.0000	6.extra=0.0000/1.0000	7.telos=0.0000/1.0000	8.cleanup=0.0001/1.0000	9.reduce=0.0049/1.0000	10.completion=0.0001/1.0000	11.corecand=0.0027/1.0000	12.peo=0.0000/1.0000	13p.prep=0.0002/0.0000	13p.seeds=8.0000/0.0000	13p.rounds=14.0000/0.0000	13p.ledger=15440.0000/0.0000	13p.recon=0.0001/0.0086	13p.mcs=0.0001/0.0000	13.alt=0.0005/1.0000	14.transplant=0.0000/1.0000	15.minl=0.0001/1.0000	15.peel=0.0000/1.0000	16.late=0.0272/1.0000	17.final=0.0023/1.0000	18.simp=0.0000/1.0000	19.five=0.0001/1.0000	20.lt1k=0.0107/1.0000	21.comp=0.0001/1.0000	22.win=0.0019/1.0000	final=1.0000
LIFT	sssd15-04	163	47	240	47
COUNTS	sssd15-04	163	440	1625	1625
PHASES	autocorr_bern35-35fix	0.0000	final=1.0000
COUNTS	autocorr_bern35-35fix	38	1264	16214	16214
LADGATE	31	10000	0.164	1
PHASES	ex2_1_3	0.1866	1.portfolio=0.0019/1.0000	1b.indep=0.0000/1.0000	2.descent=0.0000/1.0000	3.search=0.1256/1.0000	4.subtree=0.1262/1.0000	4b.indep-accept=0.0000/1.0000	5.terminal=0.0015/1.0000	6.extra=0.0000/1.0000	7.telos=0.0000/1.0000	8.cleanup=0.0000/1.0000	9.reduce=0.0000/1.0000	10.completion=0.0000/1.0000	11.corecand=0.0005/1.0000	12.peo=0.0000/1.0000	13p.prep=0.0000/0.0000	13p.seeds=8.0000/0.0000	13p.rounds=9.0000/0.0000	13p.ledger=1611.0000/0.0000	13p.recon=0.0000/0.0476	13p.mcs=0.0000/0.0000	13.alt=0.0001/1.0000	14.transplant=0.0000/1.0000	15.minl=0.0000/1.0000	15.peel=0.0000/1.0000	16.late=0.0286/1.0000	17.final=0.0020/1.0000	18.simp=0.0000/1.0000	19.five=0.0000/1.0000	20.lt1k=0.0017/1.0000	21.comp=0.0000/1.0000	22.win=0.0005/1.0000	final=1.0000
COUNTS	ex2_1_3	31	72	189	189
LADGATE	705	10000	0.504	1
PHASES	qapw	0.6203	1.portfolio=0.2954/1.0000	1b.indep=0.0303/1.0000	2.descent=0.0003/1.0000	3.search=0.0003/1.0000	4.subtree=0.0016/1.0000	4b.indep-accept=0.0003/1.0000	5.terminal=0.0023/1.0000	6.extra=0.0003/1.0000	7.telos=0.0003/1.0000	8.cleanup=0.0003/1.0000	9.reduce=0.0235/1.0000	10.completion=0.0074/1.0000	11.corecand=0.0003/1.0000	12.peo=0.0020/1.0000	13p.prep=0.0090/0.0000	13p.seeds=8.0000/0.0000	13p.rounds=26.0000/0.0000	13p.ledger=3957645.0000/0.0000	13p.recon=0.0074/0.0000	13p.mcs=0.0125/0.0000	13.alt=0.0461/1.0000	14.transplant=0.0006/1.0000	15.minl=0.0103/1.0000	15.peel=0.0003/1.0000	16.late=0.0003/1.0000	17.final=0.0020/1.0000	18.simp=0.0003/1.0000	19.five=0.0004/1.0000	20.lt1k=0.0345/1.0000	21.comp=0.0003/1.0000	22.win=0.0161/1.0000	final=1.0000
LIFT	qapw	705	480	87046	480
COUNTS	qapw	705	87496	12183146	12183146
LADGATE	14	10000	0.115	1
PHASES	himmel11	0.1834	1.portfolio=0.0015/1.0000	1b.indep=0.0000/1.0000	2.descent=0.0000/1.0000	3.search=0.1125/1.0000	4.subtree=0.1125/1.0000	4b.indep-accept=0.0000/1.0000	5.terminal=0.0000/1.0000	6.extra=0.0000/1.0000	7.telos=0.0000/1.0000	8.cleanup=0.0000/1.0000	9.reduce=0.0000/1.0000	10.completion=0.0000/1.0000	11.corecand=0.0002/1.0000	12.peo=0.0000/1.0000	13p.prep=0.0000/0.0000	13p.seeds=0.0000/0.0000	13p.rounds=0.0000/0.0000	13p.ledger=0.0000/0.0000	13p.recon=0.0000/0.0000	13p.mcs=0.0000/0.0000	13.alt=0.0000/1.0000	14.transplant=0.0000/1.0000	15.minl=0.0000/1.0000	15.peel=0.0000/1.0000	16.late=0.0000/1.0000	17.final=0.0000/1.0000	18.simp=0.0000/1.0000	19.five=0.0000/1.0000	20.lt1k=0.0006/1.0000	21.comp=0.0000/1.0000	22.win=0.0002/1.0000	final=1.0000
COUNTS	himmel11	14	60	198	198
LADGATE	16640	10000	0.421	0
PHASES	supplychainr1_053050	0.4213	1.portfolio=0.2233/1.0000	1b.indep=0.0644/1.0000	2.descent=0.0004/1.0000	3.search=0.0004/1.0000	4.subtree=0.0060/1.0000	4b.indep-accept=0.0004/1.0000	5.terminal=0.0039/1.0000	6.extra=0.0004/1.0000	7.telos=0.0004/1.0000	8.cleanup=0.0004/1.0000	9.reduce=0.0496/1.0000	10.completion=0.0106/1.0000	11.corecand=0.0004/1.0000	12.peo=0.0036/1.0000	13p.prep=0.0110/0.0000	13p.seeds=8.0000/0.0000	13p.rounds=8.0000/0.0000	13p.ledger=1214071.0000/0.0000	13p.recon=0.0042/0.0000	13p.mcs=0.0042/0.0000	13.alt=0.0275/1.0000	14.transplant=0.0085/1.0000	15.minl=0.0178/1.0000	15.peel=0.0004/1.0000	16.late=0.0004/1.0000	17.final=0.0061/1.0000	18.simp=0.0004/1.0000	19.five=0.0004/1.0000	20.lt1k=0.0004/1.0000	21.comp=0.0004/1.0000	22.win=0.0004/1.0000	final=1.0000
LIFT	supplychainr1_053050	16640	9640	44160	9640
COUNTS	supplychainr1_053050	16640	57800	2173490	2173490
LADGATE	2490	10000	0.674	1
PHASES	squfl010-080	0.7260	1.portfolio=0.5381/1.0000	1b.indep=0.0057/1.0000	2.descent=0.0011/1.0000	3.search=0.0703/1.0000	4.subtree=0.0718/1.0000	4b.indep-accept=0.0001/1.0000	5.terminal=0.0017/1.0000	6.extra=0.0001/1.0000	7.telos=0.0001/1.0000	8.cleanup=0.0029/1.0000	9.reduce=0.0277/1.0000	10.completion=0.0009/1.0000	11.corecand=0.0000/1.0000	12.peo=0.0004/1.0000	13p.prep=0.0017/0.0000	13p.seeds=8.0000/0.0000	13p.rounds=10.0000/0.0000	13p.ledger=162340.0000/0.0000	13p.recon=0.0005/0.0004	13p.mcs=0.0005/0.0000	13.alt=0.0039/1.0000	14.transplant=0.0001/1.0000	15.minl=0.0009/1.0000	15.peel=0.0000/1.0000	16.late=0.0061/1.0000	17.final=0.0018/1.0000	18.simp=0.0011/1.0000	19.five=0.0015/1.0000	20.lt1k=0.0001/1.0000	21.comp=0.0001/1.0000	22.win=0.0045/1.0000	final=1.0000
LIFT	squfl010-080	2490	890	3200	890
COUNTS	squfl010-080	2490	6400	27665	27665
LADGATE	24	10000	0.143	1
PHASES	st_glmp_ss1	0.1621	1.portfolio=0.0016/1.0000	1b.indep=0.0000/1.0000	2.descent=0.0000/1.0000	3.search=0.1092/1.0000	4.subtree=0.1097/1.0000	4b.indep-accept=0.0000/1.0000	5.terminal=0.0015/1.0000	6.extra=0.0000/1.0000	7.telos=0.0000/1.0000	8.cleanup=0.0000/1.0000	9.reduce=0.0000/1.0000	10.completion=0.0000/1.0000	11.corecand=0.0003/1.0000	12.peo=0.0000/1.0000	13p.prep=0.0000/0.0000	13p.seeds=6.0000/0.0000	13p.rounds=10.0000/0.0000	13p.ledger=1569.0000/0.0000	13p.recon=0.0000/0.0625	13p.mcs=0.0000/0.0000	13.alt=0.0001/1.0000	14.transplant=0.0000/1.0000	15.minl=0.0000/1.0000	15.peel=0.0000/1.0000	16.late=0.0251/1.0000	17.final=0.0021/1.0000	18.simp=0.0000/1.0000	19.five=0.0000/1.0000	20.lt1k=0.0012/1.0000	21.comp=0.0000/1.0000	22.win=0.0005/1.0000	final=1.0000
COUNTS	st_glmp_ss1	24	66	160	160
LADGATE	40	10000	0.179	1
PHASES	st_rv2	0.2619	1.portfolio=0.0048/1.0000	1b.indep=0.0003/1.0000	2.descent=0.0000/1.0000	3.search=0.1344/1.0000	4.subtree=0.1349/1.0000	4b.indep-accept=0.0000/1.0000	5.terminal=0.0015/1.0000	6.extra=0.0000/1.0000	7.telos=0.0000/1.0000	8.cleanup=0.0000/1.0000	9.reduce=0.0000/1.0000	10.completion=0.0000/1.0000	11.corecand=0.0005/1.0000	12.peo=0.0000/1.0000	13p.prep=0.0001/0.0000	13p.seeds=8.0000/0.0000	13p.rounds=14.0000/0.0000	13p.ledger=8936.0000/0.0000	13p.recon=0.0000/0.0068	13p.mcs=0.0000/0.0000	13.alt=0.0002/1.0000	14.transplant=0.0000/1.0000	15.minl=0.0000/1.0000	15.peel=0.0000/1.0000	16.late=0.0306/1.0000	17.final=0.0020/1.0000	18.simp=0.0000/1.0000	19.five=0.0000/1.0000	20.lt1k=0.0021/1.0000	21.comp=0.0000/1.0000	22.win=0.0007/1.0000	final=1.0000
LIFT	st_rv2	40	10	90	10
COUNTS	st_rv2	40	340	2045	2045
LADGATE	6885	10000	0.255	1
PHASES	emfl100_3_3	0.3791	1.portfolio=0.1759/1.0000	1b.indep=0.0111/1.0000	2.descent=0.0077/1.0000	3.search=0.0001/1.0000	4.subtree=0.0089/1.0000	4b.indep-accept=0.0001/1.0000	5.terminal=0.0011/1.0000	6.extra=0.0001/1.0000	7.telos=0.0001/1.0000	8.cleanup=0.0084/1.0000	9.reduce=0.0117/1.0000	10.completion=0.0021/1.0000	11.corecand=0.0001/1.0000	12.peo=0.0013/1.0000	13p.prep=0.0000/0.0000	13p.seeds=0.0000/0.0000	13p.rounds=0.0000/0.0000	13p.ledger=0.0000/0.0000	13p.recon=0.0000/0.0000	13p.mcs=0.0000/0.0000	13.alt=0.0001/1.0000	14.transplant=0.0003/1.0000	15.minl=0.0023/1.0000	15.peel=0.0001/1.0000	16.late=0.0001/1.0000	17.final=0.0010/1.0000	18.simp=0.0001/1.0000	19.five=0.0091/1.0000	20.lt1k=0.0001/1.0000	21.comp=0.0002/1.0000	22.win=0.0086/1.0000	final=1.0000
LIFT	emfl100_3_3	6885	2961	8100	2961
COUNTS	emfl100_3_3	6885	15948	55506	55506
PHASES	polygon75	0.0002	final=1.0000
COUNTS	polygon75	5846	49652	1171822	1171822
LADGATE	28	10000	0.159	1
PHASES	ex9_2_6	0.1795	1.portfolio=0.0017/1.0000	1b.indep=0.0000/1.0000	2.descent=0.0000/1.0000	3.search=0.1247/1.0000	4.subtree=0.1252/1.0000	4b.indep-accept=0.0000/1.0000	5.terminal=0.0000/1.0000	6.extra=0.0000/1.0000	7.telos=0.0000/1.0000	8.cleanup=0.0000/1.0000	9.reduce=0.0000/1.0000	10.completion=0.0000/1.0000	11.corecand=0.0005/1.0000	12.peo=0.0000/1.0000	13p.prep=0.0000/0.0000	13p.seeds=7.0000/0.0000	13p.rounds=14.0000/0.0000	13p.ledger=2364.0000/0.0000	13p.recon=0.0000/0.0737	13p.mcs=0.0000/0.0000	13.alt=0.0001/1.0000	14.transplant=0.0000/1.0000	15.minl=0.0000/1.0000	15.peel=0.0000/1.0000	16.late=0.0285/1.0000	17.final=0.0004/1.0000	18.simp=0.0000/1.0000	19.five=0.0000/1.0000	20.lt1k=0.0018/1.0000	21.comp=0.0000/1.0000	22.win=0.0004/1.0000	final=1.0000
COUNTS	ex9_2_6	28	68	190	190
LADGATE	146	10000	0.225	1
PHASES	slay04m	0.2518	1.portfolio=0.0088/1.0000	1b.indep=0.0003/1.0000	2.descent=0.0000/1.0000	3.search=0.1187/1.0000	4.subtree=0.1195/1.0000	4b.indep-accept=0.0000/1.0000	5.terminal=0.0015/1.0000	6.extra=0.0000/1.0000	7.telos=0.0000/1.0000	8.cleanup=0.0001/1.0000	9.reduce=0.0526/1.0000	10.completion=0.0001/1.0000	11.corecand=0.0024/1.0000	12.peo=0.0000/1.0000	13p.prep=0.0001/0.0000	13p.seeds=8.0000/0.0000	13p.rounds=8.0000/0.0000	13p.ledger=8356.0000/0.0000	13p.recon=0.0000/0.0051	13p.mcs=0.0000/0.0000	13.alt=0.0003/1.0000	14.transplant=0.0000/1.0000	15.minl=0.0001/1.0000	15.peel=0.0000/1.0000	16.late=0.0266/1.0000	17.final=0.0023/1.0000	18.simp=0.0000/1.0000	19.five=0.0001/1.0000	20.lt1k=0.0093/1.0000	21.comp=0.0001/1.0000	22.win=0.0006/1.0000	final=1.0000
LIFT	slay04m	146	62	264	62
COUNTS	slay04m	146	432	1554	1554
LADGATE	32	10000	0.177	1
PHASES	ex8_4_1	0.2599	1.portfolio=0.0021/1.0000	1b.indep=0.0002/1.0000	2.descent=0.0000/1.0000	3.search=0.1350/1.0000	4.subtree=0.1355/1.0000	4b.indep-accept=0.0000/1.0000	5.terminal=0.0016/1.0000	6.extra=0.0000/1.0000	7.telos=0.0000/1.0000	8.cleanup=0.0000/1.0000	9.reduce=0.0000/1.0000	10.completion=0.0000/1.0000	11.corecand=0.0005/1.0000	12.peo=0.0000/1.0000	13p.prep=0.0000/0.0000	13p.seeds=4.0000/0.0000	13p.rounds=6.0000/0.0000	13p.ledger=1305.0000/0.0000	13p.recon=0.0000/0.0267	13p.mcs=0.0000/0.0000	13.alt=0.0001/1.0000	14.transplant=0.0000/1.0000	15.minl=0.0000/1.0000	15.peel=0.0000/1.0000	16.late=0.0321/1.0000	17.final=0.0021/1.0000	18.simp=0.0000/1.0000	19.five=0.0000/1.0000	20.lt1k=0.0017/1.0000	21.comp=0.0000/1.0000	22.win=0.0002/1.0000	final=1.0000
LIFT	ex8_4_1	32	12	40	12
COUNTS	ex8_4_1	32	100	225	225
LADGATE	19	10000	0.160	1
PHASES	st_e07	0.2362	1.portfolio=0.0016/1.0000	1b.indep=0.0000/1.0000	2.descent=0.0000/1.0000	3.search=0.1263/1.0000	4.subtree=0.1263/1.0000	4b.indep-accept=0.0000/1.0000	5.terminal=0.0000/1.0000	6.extra=0.0000/1.0000	7.telos=0.0000/1.0000	8.cleanup=0.0000/1.0000	9.reduce=0.0000/1.0000	10.completion=0.0000/1.0000	11.corecand=0.0003/1.0000	12.peo=0.0000/1.0000	13p.prep=0.0000/0.0000	13p.seeds=8.0000/0.0000	13p.rounds=12.0000/0.0000	13p.ledger=1677.0000/0.0000	13p.recon=0.0000/0.0603	13p.mcs=0.0000/0.0000	13.alt=0.0001/1.0000	14.transplant=0.0000/1.0000	15.minl=0.0000/1.0000	15.peel=0.0000/1.0000	16.late=0.0289/1.0000	17.final=0.0000/1.0000	18.simp=0.0000/1.0000	19.five=0.0000/1.0000	20.lt1k=0.0011/1.0000	21.comp=0.0000/1.0000	22.win=0.0005/1.0000	final=1.0000
COUNTS	st_e07	19	60	199	199
LADGATE	72	10000	0.211	1
PHASES	st_m2	0.2923	1.portfolio=0.0123/1.0000	1b.indep=0.0004/1.0000	2.descent=0.0000/1.0000	3.search=0.1141/1.0000	4.subtree=0.1149/1.0000	4b.indep-accept=0.0000/1.0000	5.terminal=0.0014/1.0000	6.extra=0.0000/1.0000	7.telos=0.0000/1.0000	8.cleanup=0.0001/1.0000	9.reduce=0.0424/1.0000	10.completion=0.0001/1.0000	11.corecand=0.0013/1.0000	12.peo=0.0000/1.0000	13p.prep=0.0001/0.0000	13p.seeds=8.0000/0.0000	13p.rounds=15.0000/0.0000	13p.ledger=33451.0000/0.0000	13p.recon=0.0001/0.0009	13p.mcs=0.0001/0.0000	13.alt=0.0006/1.0000	14.transplant=0.0000/1.0000	15.minl=0.0001/1.0000	15.peel=0.0000/1.0000	16.late=0.0257/1.0000	17.final=0.0020/1.0000	18.simp=0.0000/1.0000	19.five=0.0001/1.0000	20.lt1k=0.0050/1.0000	21.comp=0.0001/1.0000	22.win=0.0019/1.0000	final=1.0000
LIFT	st_m2	72	21	420	21
COUNTS	st_m2	72	1226	16331	16331
LADGATE	338	10000	0.252	1
PHASES	sssd18-08persp	0.3467	1.portfolio=0.0261/1.0000	1b.indep=0.0008/1.0000	2.descent=0.0001/1.0000	3.search=0.1003/1.0000	4.subtree=0.1025/1.0000	4b.indep-accept=0.0000/1.0000	5.terminal=0.0011/1.0000	6.extra=0.0000/1.0000	7.telos=0.0000/1.0000	8.cleanup=0.0002/1.0000	9.reduce=0.0550/1.0000	10.completion=0.0001/1.0000	11.corecand=0.0062/1.0000	12.peo=0.0001/1.0000	13p.prep=0.0002/0.0000	13p.seeds=8.0000/0.0000	13p.rounds=9.0000/0.0000	13p.ledger=23850.0000/0.0000	13p.recon=0.0001/0.0019	13p.mcs=0.0001/0.0000	13.alt=0.0006/1.0000	14.transplant=0.0000/1.0000	15.minl=0.0001/1.0000	15.peel=0.0000/1.0000	16.late=0.0223/1.0000	17.final=0.0033/1.0000	18.simp=0.0001/1.0000	19.five=0.0003/1.0000	20.lt1k=0.0247/1.0000	21.comp=0.0001/1.0000	22.win=0.0035/1.0000	final=1.0000
LIFT	sssd18-08persp	338	138	768	138
COUNTS	sssd18-08persp	338	1168	4654	4654
LADGATE	76	10000	0.157	1
PHASES	kall_diffcircles_6	0.2294	1.portfolio=0.0053/1.0000	1b.indep=0.0004/1.0000	2.descent=0.0000/1.0000	3.search=0.1115/1.0000	4.subtree=0.1125/1.0000	4b.indep-accept=0.0000/1.0000	5.terminal=0.0016/1.0000	6.extra=0.0000/1.0000	7.telos=0.0000/1.0000	8.cleanup=0.0001/1.0000	9.reduce=0.0025/1.0000	10.completion=0.0000/1.0000	11.corecand=0.0009/1.0000	12.peo=0.0000/1.0000	13p.prep=0.0001/0.0000	13p.seeds=6.0000/0.0000	13p.rounds=10.0000/0.0000	13p.ledger=7425.0000/0.0000	13p.recon=0.0000/0.0066	13p.mcs=0.0001/0.0000	13.alt=0.0003/1.0000	14.transplant=0.0000/1.0000	15.minl=0.0000/1.0000	15.peel=0.0000/1.0000	16.late=0.0246/1.0000	17.final=0.0025/1.0000	18.simp=0.0000/1.0000	19.five=0.0001/1.0000	20.lt1k=0.0036/1.0000	21.comp=0.0000/1.0000	22.win=0.0010/1.0000	final=1.0000
LIFT	kall_diffcircles_6	76	45	240	45
COUNTS	kall_diffcircles_6	76	302	1511	1511
PHASES	cvxnonsep_psig30	0.0000	final=1.0000
COUNTS	cvxnonsep_psig30	30	870	9455	9455
LADGATE	2450	10000	0.619	1
PHASES	squfl010-040persp	0.6626	1.portfolio=0.4654/1.0000	1b.indep=0.0036/1.0000	2.descent=0.0011/1.0000	3.search=0.0826/1.0000	4.subtree=0.0867/1.0000	4b.indep-accept=0.0001/1.0000	5.terminal=0.0017/1.0000	6.extra=0.0001/1.0000	7.telos=0.0001/1.0000	8.cleanup=0.0030/1.0000	9.reduce=0.0301/1.0000	10.completion=0.0007/1.0000	11.corecand=0.0001/1.0000	12.peo=0.0004/1.0000	13p.prep=0.0022/0.0000	13p.seeds=8.0000/0.0000	13p.rounds=13.0000/0.0000	13p.ledger=215662.0000/0.0000	13p.recon=0.0007/0.0006	13p.mcs=0.0007/0.0000	13.alt=0.0052/1.0000	14.transplant=0.0001/1.0000	15.minl=0.0008/1.0000	15.peel=0.0001/1.0000	16.late=0.0068/1.0000	17.final=0.0042/1.0000	18.simp=0.0011/1.0000	19.five=0.0016/1.0000	20.lt1k=0.0001/1.0000	21.comp=0.0001/1.0000	22.win=0.0040/1.0000	final=1.0000
LIFT	squfl010-040persp	2450	850	4000	850
COUNTS	squfl010-040persp	2450	7200	22825	22825
LADGATE	1046	10000	0.263	1
PHASES	hydroenergy1	0.3668	1.portfolio=0.0725/1.0000	1b.indep=0.0026/1.0000	2.descent=0.0003/1.0000	3.search=0.0641/1.0000	4.subtree=0.0654/1.0000	4b.indep-accept=0.0000/1.0000	5.terminal=0.0016/1.0000	6.extra=0.0000/1.0000	7.telos=0.0000/1.0000	8.cleanup=0.0010/1.0000	9.reduce=0.0643/1.0000	10.completion=0.0004/1.0000	11.corecand=0.0000/1.0000	12.peo=0.0003/1.0000	13p.prep=0.0008/0.0000	13p.seeds=8.0000/0.0000	13p.rounds=9.0000/0.0000	13p.ledger=67581.0000/0.0000	13p.recon=0.0003/0.0006	13p.mcs=0.0003/0.0000	13.alt=0.0020/1.0000	14.transplant=0.0001/1.0000	15.minl=0.0005/1.0000	15.peel=0.0000/1.0000	16.late=0.0187/1.0000	17.final=0.0025/1.0000	18.simp=0.0003/1.0000	19.five=0.0006/1.0000	20.lt1k=0.0000/1.0000	21.comp=0.0000/1.0000	22.win=0.0132/1.0000	final=1.0000
LIFT	hydroenergy1	1046	570	2164	570
COUNTS	hydroenergy1	1046	3024	14089	14089
LADGATE	181	10000	0.192	1
PHASES	maxmin	0.2554	1.portfolio=0.0262/1.0000	1b.indep=0.0008/1.0000	2.descent=0.0001/1.0000	3.search=0.0891/1.0000	4.subtree=0.0899/1.0000	4b.indep-accept=0.0000/1.0000	5.terminal=0.0012/1.0000	6.extra=0.0000/1.0000	7.telos=0.0000/1.0000	8.cleanup=0.0001/1.0000	9.reduce=0.0366/1.0000	10.completion=0.0001/1.0000	11.corecand=0.0020/1.0000	12.peo=0.0001/1.0000	13p.prep=0.0004/0.0000	13p.seeds=8.0000/0.0000	13p.rounds=23.0000/0.0000	13p.ledger=61119.0000/0.0000	13p.recon=0.0002/0.0027	13p.mcs=0.0002/0.0000	13.alt=0.0012/1.0000	14.transplant=0.0000/1.0000	15.minl=0.0001/1.0000	15.peel=0.0000/1.0000	16.late=0.0200/1.0000	17.final=0.0019/1.0000	18.simp=0.0000/1.0000	19.five=0.0002/1.0000	20.lt1k=0.0081/1.0000	21.comp=0.0001/1.0000	22.win=0.0016/1.0000	final=1.0000
LIFT	maxmin	181	103	1284	103
COUNTS	maxmin	181	1440	8405	8405
LADGATE	3800	10000	0.268	1
PHASES	squfl025-025persp	0.3388	1.portfolio=0.1409/1.0000	1b.indep=0.0052/1.0000	2.descent=0.0031/1.0000	3.search=0.0792/1.0000	4.subtree=0.0829/1.0000	4b.indep-accept=0.0001/1.0000	5.terminal=0.0018/1.0000	6.extra=0.0001/1.0000	7.telos=0.0001/1.0000	8.cleanup=0.0076/1.0000	9.reduce=0.0044/1.0000	10.completion=0.0017/1.0000	11.corecand=0.0001/1.0000	12.peo=0.0007/1.0000	13p.prep=0.0000/0.0000	13p.seeds=0.0000/0.0000	13p.rounds=0.0000/0.0000	13p.ledger=0.0000/0.0000	13p.recon=0.0000/0.0000	13p.mcs=0.0000/0.0000	13.alt=0.0001/1.0000	14.transplant=0.0002/1.0000	15.minl=0.0014/1.0000	15.peel=0.0001/1.0000	16.late=0.0001/1.0000	17.final=0.0019/1.0000	18.simp=0.0030/1.0000	19.five=0.0041/1.0000	20.lt1k=0.0001/1.0000	21.comp=0.0001/1.0000	22.win=0.0053/1.0000	final=1.0000
LIFT	squfl025-025persp	3800	1300	6250	1300
COUNTS	squfl025-025persp	3800	11250	49925	49925
LADGATE	33	10000	0.173	1
PHASES	ex1223	0.1981	1.portfolio=0.0022/1.0000	1b.indep=0.0002/1.0000	2.descent=0.0000/1.0000	3.search=0.1318/1.0000	4.subtree=0.1324/1.0000	4b.indep-accept=0.0000/1.0000	5.terminal=0.0018/1.0000	6.extra=0.0000/1.0000	7.telos=0.0000/1.0000	8.cleanup=0.0000/1.0000	9.reduce=0.0000/1.0000	10.completion=0.0000/1.0000	11.corecand=0.0005/1.0000	12.peo=0.0000/1.0000	13p.prep=0.0000/0.0000	13p.seeds=8.0000/0.0000	13p.rounds=14.0000/0.0000	13p.ledger=2832.0000/0.0000	13p.recon=0.0000/0.0574	13p.mcs=0.0000/0.0000	13.alt=0.0001/1.0000	14.transplant=0.0000/1.0000	15.minl=0.0000/1.0000	15.peel=0.0000/1.0000	16.late=0.0302/1.0000	17.final=0.0023/1.0000	18.simp=0.0000/1.0000	19.five=0.0000/1.0000	20.lt1k=0.0019/1.0000	21.comp=0.0000/1.0000	22.win=0.0006/1.0000	final=1.0000
LIFT	ex1223	33	18	54	18
COUNTS	ex1223	33	82	244	244
LADGATE	2065	10000	0.269	1
PHASES	knp5-43	0.3860	1.portfolio=0.1472/1.0000	1b.indep=0.0309/1.0000	2.descent=0.0017/1.0000	3.search=0.0001/1.0000	4.subtree=0.0027/1.0000	4b.indep-accept=0.0001/1.0000	5.terminal=0.0012/1.0000	6.extra=0.0001/1.0000	7.telos=0.0001/1.0000	8.cleanup=0.0038/1.0000	9.reduce=0.0220/1.0000	10.completion=0.0062/1.0000	11.corecand=0.0001/1.0000	12.peo=0.0010/1.0000	13p.prep=0.0030/0.0000	13p.seeds=4.0000/0.0000	13p.rounds=12.0000/0.0000	13p.ledger=872008.0000/0.0000	13p.recon=0.0021/0.0000	13p.mcs=0.0030/0.0000	13.alt=0.0117/1.0000	14.transplant=0.0003/1.0000	15.minl=0.0064/1.0000	15.peel=0.0001/1.0000	16.late=0.0001/1.0000	17.final=0.0015/1.0000	18.simp=0.0017/1.0000	19.five=0.0021/1.0000	20.lt1k=0.0001/1.0000	21.comp=0.0001/1.0000	22.win=0.0137/1.0000	final=1.0000
LIFT	knp5-43	2065	1119	29756	1119
COUNTS	knp5-43	2065	31132	3517788	3517788
LADGATE	32	10000	0.167	1
PHASES	tln2	0.1895	1.portfolio=0.0020/1.0000	1b.indep=0.0001/1.0000	2.descent=0.0000/1.0000	3.search=0.1283/1.0000	4.subtree=0.1289/1.0000	4b.indep-accept=0.0000/1.0000	5.terminal=0.0017/1.0000	6.extra=0.0000/1.0000	7.telos=0.0000/1.0000	8.cleanup=0.0000/1.0000	9.reduce=0.0000/1.0000	10.completion=0.0000/1.0000	11.corecand=0.0005/1.0000	12.peo=0.0000/1.0000	13p.prep=0.0000/0.0000	13p.seeds=8.0000/0.0000	13p.rounds=13.0000/0.0000	13p.ledger=2688.0000/0.0000	13p.recon=0.0000/0.0558	13p.mcs=0.0000/0.0000	13.alt=0.0001/1.0000	14.transplant=0.0000/1.0000	15.minl=0.0000/1.0000	15.peel=0.0000/1.0000	16.late=0.0292/1.0000	17.final=0.0022/1.0000	18.simp=0.0000/1.0000	19.five=0.0000/1.0000	20.lt1k=0.0017/1.0000	21.comp=0.0000/1.0000	22.win=0.0005/1.0000	final=1.0000
LIFT	tln2	32	18	60	18
COUNTS	tln2	32	88	233	233
LADGATE	21925	10000	0.416	0
PHASES	emfl100_5_5	0.4161	1.portfolio=0.2027/1.0000	1b.indep=0.0652/1.0000	2.descent=0.0005/1.0000	3.search=0.0005/1.0000	4.subtree=0.0042/1.0000	4b.indep-accept=0.0005/1.0000	5.terminal=0.0043/1.0000	6.extra=0.0005/1.0000	7.telos=0.0005/1.0000	8.cleanup=0.0005/1.0000	9.reduce=0.0354/1.0000	10.completion=0.0081/1.0000	11.corecand=0.0005/1.0000	12.peo=0.0043/1.0000	13p.prep=0.0273/0.0000	13p.seeds=8.0000/0.0000	13p.rounds=15.0000/0.0000	13p.ledger=2047903.0000/0.0000	13p.recon=0.0082/0.0001	13p.mcs=0.0104/0.0000	13.alt=0.0633/1.0000	14.transplant=0.0086/1.0000	15.minl=0.0155/1.0000	15.peel=0.0005/1.0000	16.late=0.0005/1.0000	17.final=0.0039/1.0000	18.simp=0.0005/1.0000	19.five=0.0005/1.0000	20.lt1k=0.0005/1.0000	21.comp=0.0005/1.0000	22.win=0.0005/1.0000	final=1.0000
LIFT	emfl100_5_5	21925	9425	27300	9425
COUNTS	emfl100_5_5	21925	52300	221650	221650
PHASES	autocorr_bern25-19	0.0000	final=1.0000
COUNTS	autocorr_bern25-19	28	612	5278	5278
LADGATE	356	10000	0.258	1
PHASES	sssd20-08persp	0.3512	1.portfolio=0.0296/1.0000	1b.indep=0.0008/1.0000	2.descent=0.0001/1.0000	3.search=0.1007/1.0000	4.subtree=0.1030/1.0000	4b.indep-accept=0.0000/1.0000	5.terminal=0.0013/1.0000	6.extra=0.0000/1.0000	7.telos=0.0000/1.0000	8.cleanup=0.0002/1.0000	9.reduce=0.0544/1.0000	10.completion=0.0001/1.0000	11.corecand=0.0067/1.0000	12.peo=0.0001/1.0000	13p.prep=0.0002/0.0000	13p.seeds=8.0000/0.0000	13p.rounds=8.0000/0.0000	13p.ledger=22384.0000/0.0000	13p.recon=0.0001/0.0016	13p.mcs=0.0001/0.0000	13.alt=0.0006/1.0000	14.transplant=0.0000/1.0000	15.minl=0.0001/1.0000	15.peel=0.0000/1.0000	16.late=0.0223/1.0000	17.final=0.0037/1.0000	18.simp=0.0001/1.0000	19.five=0.0003/1.0000	20.lt1k=0.0265/1.0000	21.comp=0.0001/1.0000	22.win=0.0030/1.0000	final=1.0000
LIFT	sssd20-08persp	356	140	800	140
COUNTS	sssd20-08persp	356	1232	4960	4960
LADGATE	20	10000	0.140	1
PHASES	oaer	0.1589	1.portfolio=0.0014/1.0000	1b.indep=0.0000/1.0000	2.descent=0.0000/1.0000	3.search=0.1111/1.0000	4.subtree=0.1111/1.0000	4b.indep-accept=0.0000/1.0000	5.terminal=0.0000/1.0000	6.extra=0.0000/1.0000	7.telos=0.0000/1.0000	8.cleanup=0.0000/1.0000	9.reduce=0.0000/1.0000	10.completion=0.0000/1.0000	11.corecand=0.0003/1.0000	12.peo=0.0000/1.0000	13p.prep=0.0000/0.0000	13p.seeds=6.0000/0.0000	13p.rounds=11.0000/0.0000	13p.ledger=1171.0000/0.0000	13p.recon=0.0000/0.1028	13p.mcs=0.0000/0.0000	13.alt=0.0001/1.0000	14.transplant=0.0000/1.0000	15.minl=0.0000/1.0000	15.peel=0.0000/1.0000	16.late=0.0254/1.0000	17.final=0.0000/1.0000	18.simp=0.0000/1.0000	19.five=0.0000/1.0000	20.lt1k=0.0012/1.0000	21.comp=0.0000/1.0000	22.win=0.0002/1.0000	final=1.0000
COUNTS	oaer	20	40	107	107
LADGATE	168	10000	0.185	1
PHASES	hybriddynamic_fixed	0.2407	1.portfolio=0.0080/1.0000	1b.indep=0.0003/1.0000	2.descent=0.0000/1.0000	3.search=0.1211/1.0000	4.subtree=0.1219/1.0000	4b.indep-accept=0.0000/1.0000	5.terminal=0.0015/1.0000	6.extra=0.0000/1.0000	7.telos=0.0000/1.0000	8.cleanup=0.0002/1.0000	9.reduce=0.0001/1.0000	10.completion=0.0001/1.0000	11.corecand=0.0021/1.0000	12.peo=0.0000/1.0000	13p.prep=0.0003/0.0000	13p.seeds=8.0000/0.0000	13p.rounds=22.0000/0.0000	13p.ledger=21542.0000/0.0000	13p.recon=0.0001/0.0199	13p.mcs=0.0002/0.0000	13.alt=0.0009/1.0000	14.transplant=0.0000/1.0000	15.minl=0.0001/1.0000	15.peel=0.0000/1.0000	16.late=0.0278/1.0000	17.final=0.0022/1.0000	18.simp=0.0000/1.0000	19.five=0.0002/1.0000	20.lt1k=0.0082/1.0000	21.comp=0.0001/1.0000	22.win=0.0045/1.0000	final=1.0000
LIFT	hybriddynamic_fixed	168	80	250	80
COUNTS	hybriddynamic_fixed	168	388	1103	1103
PHASES	st_miqp2	0.0000	final=1.0000
COUNTS	st_miqp2	10	18	37	37
PHASES	autocorr_bern30-23	0.0000	final=1.0000
COUNTS	autocorr_bern30-23	33	878	8940	8940
PHASES	cvxnonsep_psig30r	0.0000	final=1.0000
COUNTS	cvxnonsep_psig30r	126	250	501	501
LADGATE	13175	10000	0.259	0
PHASES	emfl050_5_5	0.2588	1.portfolio=0.1378/1.0000	1b.indep=0.0327/1.0000	2.descent=0.0003/1.0000	3.search=0.0003/1.0000	4.subtree=0.0026/1.0000	4b.indep-accept=0.0003/1.0000	5.terminal=0.0027/1.0000	6.extra=0.0003/1.0000	7.telos=0.0003/1.0000	8.cleanup=0.0003/1.0000	9.reduce=0.0268/1.0000	10.completion=0.0049/1.0000	11.corecand=0.0003/1.0000	12.peo=0.0025/1.0000	13p.prep=0.0158/0.0000	13p.seeds=8.0000/0.0000	13p.rounds=15.0000/0.0000	13p.ledger=1260403.0000/0.0000	13p.recon=0.0047/0.0001	13p.mcs=0.0053/0.0000	13.alt=0.0362/1.0000	14.transplant=0.0006/1.0000	15.minl=0.0047/1.0000	15.peel=0.0003/1.0000	16.late=0.0003/1.0000	17.final=0.0025/1.0000	18.simp=0.0003/1.0000	19.five=0.0003/1.0000	20.lt1k=0.0003/1.0000	21.comp=0.0003/1.0000	22.win=0.0003/1.0000	final=1.0000
LIFT	emfl050_5_5	13175	5675	17300	5675
COUNTS	emfl050_5_5	13175	32300	155400	155400
LADGATE	42	10000	0.153	1
PHASES	st_m1	0.2272	1.portfolio=0.0039/1.0000	1b.indep=0.0002/1.0000	2.descent=0.0000/1.0000	3.search=0.1136/1.0000	4.subtree=0.1141/1.0000	4b.indep-accept=0.0000/1.0000	5.terminal=0.0013/1.0000	6.extra=0.0000/1.0000	7.telos=0.0000/1.0000	8.cleanup=0.0000/1.0000	9.reduce=0.0000/1.0000	10.completion=0.0000/1.0000	11.corecand=0.0005/1.0000	12.peo=0.0000/1.0000	13p.prep=0.0001/0.0000	13p.seeds=8.0000/0.0000	13p.rounds=15.0000/0.0000	13p.ledger=11872.0000/0.0000	13p.recon=0.0000/0.0048	13p.mcs=0.0001/0.0000	13.alt=0.0003/1.0000	14.transplant=0.0000/1.0000	15.minl=0.0000/1.0000	15.peel=0.0000/1.0000	16.late=0.0259/1.0000	17.final=0.0017/1.0000	18.simp=0.0000/1.0000	19.five=0.0000/1.0000	20.lt1k=0.0021/1.0000	21.comp=0.0000/1.0000	22.win=0.0010/1.0000	final=1.0000
LIFT	st_m1	42	11	110	11
COUNTS	st_m1	42	432	3097	3097
LADGATE	18	10000	0.142	1
PHASES	st_glmp_ss2	0.1633	1.portfolio=0.0014/1.0000	1b.indep=0.0000/1.0000	2.descent=0.0000/1.0000	3.search=0.1127/1.0000	4.subtree=0.1127/1.0000	4b.indep-accept=0.0000/1.0000	5.terminal=0.0000/1.0000	6.extra=0.0000/1.0000	7.telos=0.0000/1.0000	8.cleanup=0.0000/1.0000	9.reduce=0.0000/1.0000	10.completion=0.0000/1.0000	11.corecand=0.0002/1.0000	12.peo=0.0000/1.0000	13p.prep=0.0000/0.0000	13p.seeds=6.0000/0.0000	13p.rounds=10.0000/0.0000	13p.ledger=1149.0000/0.0000	13p.recon=0.0000/0.0826	13p.mcs=0.0000/0.0000	13.alt=0.0001/1.0000	14.transplant=0.0000/1.0000	15.minl=0.0000/1.0000	15.peel=0.0000/1.0000	16.late=0.0259/1.0000	17.final=0.0000/1.0000	18.simp=0.0000/1.0000	19.five=0.0000/1.0000	20.lt1k=0.0009/1.0000	21.comp=0.0000/1.0000	22.win=0.0004/1.0000	final=1.0000
COUNTS	st_glmp_ss2	18	48	121	121
LADGATE	55	10000	0.149	1
PHASES	pointpack06	0.2173	1.portfolio=0.0048/1.0000	1b.indep=0.0004/1.0000	2.descent=0.0000/1.0000	3.search=0.1073/1.0000	4.subtree=0.1078/1.0000	4b.indep-accept=0.0000/1.0000	5.terminal=0.0016/1.0000	6.extra=0.0000/1.0000	7.telos=0.0000/1.0000	8.cleanup=0.0000/1.0000	9.reduce=0.0024/1.0000	10.completion=0.0000/1.0000	11.corecand=0.0006/1.0000	12.peo=0.0000/1.0000	13p.prep=0.0001/0.0000	13p.seeds=8.0000/0.0000	13p.rounds=13.0000/0.0000	13p.ledger=8059.0000/0.0000	13p.recon=0.0000/0.0087	13p.mcs=0.0001/0.0000	13.alt=0.0003/1.0000	14.transplant=0.0000/1.0000	15.minl=0.0000/1.0000	15.peel=0.0000/1.0000	16.late=0.0245/1.0000	17.final=0.0021/1.0000	18.simp=0.0000/1.0000	19.five=0.0001/1.0000	20.lt1k=0.0023/1.0000	21.comp=0.0000/1.0000	22.win=0.0009/1.0000	final=1.0000
LIFT	pointpack06	55	34	234	34
COUNTS	pointpack06	55	276	1497	1497
LADGATE	258	10000	0.223	1
PHASES	clay0304m	0.2997	1.portfolio=0.0169/1.0000	1b.indep=0.0004/1.0000	2.descent=0.0001/1.0000	3.search=0.1052/1.0000	4.subtree=0.1061/1.0000	4b.indep-accept=0.0000/1.0000	5.terminal=0.0015/1.0000	6.extra=0.0000/1.0000	7.telos=0.0000/1.0000	8.cleanup=0.0002/1.0000	9.reduce=0.0480/1.0000	10.completion=0.0001/1.0000	11.corecand=0.0041/1.0000	12.peo=0.0001/1.0000	13p.prep=0.0003/0.0000	13p.seeds=8.0000/0.0000	13p.rounds=13.0000/0.0000	13p.ledger=24773.0000/0.0000	13p.recon=0.0001/0.0047	13p.mcs=0.0001/0.0000	13.alt=0.0007/1.0000	14.transplant=0.0000/1.0000	15.minl=0.0001/1.0000	15.peel=0.0000/1.0000	16.late=0.0233/1.0000	17.final=0.0020/1.0000	18.simp=0.0001/1.0000	19.five=0.0002/1.0000	20.lt1k=0.0165/1.0000	21.comp=0.0001/1.0000	22.win=0.0014/1.0000	final=1.0000
LIFT	clay0304m	258	122	576	122
COUNTS	clay0304m	258	840	2742	2742
LADGATE	1218	10000	0.427	1
PHASES	pooling_foulds5pq	0.5576	1.portfolio=0.2573/1.0000	1b.indep=0.0087/1.0000	2.descent=0.0006/1.0000	3.search=0.0486/1.0000	4.subtree=0.0494/1.0000	4b.indep-accept=0.0000/1.0000	5.terminal=0.0012/1.0000	6.extra=0.0000/1.0000	7.telos=0.0000/1.0000	8.cleanup=0.0014/1.0000	9.reduce=0.0671/1.0000	10.completion=0.0021/1.0000	11.corecand=0.0000/1.0000	12.peo=0.0004/1.0000	13p.prep=0.0015/0.0000	13p.seeds=8.0000/0.0000	13p.rounds=15.0000/0.0000	13p.ledger=286594.0000/0.0000	13p.recon=0.0008/0.0001	13p.mcs=0.0010/0.0000	13.alt=0.0048/1.0000	14.transplant=0.0001/1.0000	15.minl=0.0014/1.0000	15.peel=0.0000/1.0000	16.late=0.0031/1.0000	17.final=0.0011/1.0000	18.simp=0.0006/1.0000	19.five=0.0008/1.0000	20.lt1k=0.0000/1.0000	21.comp=0.0000/1.0000	22.win=0.0116/1.0000	final=1.0000
LIFT	pooling_foulds5pq	1218	655	7342	655
COUNTS	pooling_foulds5pq	1218	8300	159641	159641
LADGATE	31	10000	0.176	1
PHASES	sporttournament08	0.2570	1.portfolio=0.0032/1.0000	1b.indep=0.0000/1.0000	2.descent=0.0000/1.0000	3.search=0.1335/1.0000	4.subtree=0.1340/1.0000	4b.indep-accept=0.0000/1.0000	5.terminal=0.0016/1.0000	6.extra=0.0000/1.0000	7.telos=0.0000/1.0000	8.cleanup=0.0000/1.0000	9.reduce=0.0000/1.0000	10.completion=0.0000/1.0000	11.corecand=0.0005/1.0000	12.peo=0.0000/1.0000	13p.prep=0.0000/0.0000	13p.seeds=8.0000/0.0000	13p.rounds=9.0000/0.0000	13p.ledger=3087.0000/0.0000	13p.recon=0.0000/0.0104	13p.mcs=0.0000/0.0000	13.alt=0.0001/1.0000	14.transplant=0.0000/1.0000	15.minl=0.0000/1.0000	15.peel=0.0000/1.0000	16.late=0.0306/1.0000	17.final=0.0022/1.0000	18.simp=0.0000/1.0000	19.five=0.0000/1.0000	20.lt1k=0.0018/1.0000	21.comp=0.0000/1.0000	22.win=0.0007/1.0000	final=1.0000
COUNTS	sporttournament08	31	156	862	862
PHASES	autocorr_bern20-15	0.0000	final=1.0000
COUNTS	autocorr_bern20-15	23	394	2784	2784
LADGATE	132	10000	0.226	1
PHASES	clay0203m	0.3074	1.portfolio=0.0085/1.0000	1b.indep=0.0003/1.0000	2.descent=0.0000/1.0000	3.search=0.1195/1.0000	4.subtree=0.1204/1.0000	4b.indep-accept=0.0000/1.0000	5.terminal=0.0016/1.0000	6.extra=0.0000/1.0000	7.telos=0.0000/1.0000	8.cleanup=0.0001/1.0000	9.reduce=0.0505/1.0000	10.completion=0.0001/1.0000	11.corecand=0.0022/1.0000	12.peo=0.0000/1.0000	13p.prep=0.0001/0.0000	13p.seeds=8.0000/0.0000	13p.rounds=9.0000/0.0000	13p.ledger=8632.0000/0.0000	13p.recon=0.0000/0.0067	13p.mcs=0.0000/0.0000	13.alt=0.0003/1.0000	14.transplant=0.0000/1.0000	15.minl=0.0001/1.0000	15.peel=0.0000/1.0000	16.late=0.0275/1.0000	17.final=0.0026/1.0000	18.simp=0.0000/1.0000	19.five=0.0001/1.0000	20.lt1k=0.0088/1.0000	21.comp=0.0001/1.0000	22.win=0.0016/1.0000	final=1.0000
LIFT	clay0203m	132	63	282	63
COUNTS	clay0203m	132	420	1348	1348
LADGATE	13680	10000	0.376	0
PHASES	squfl030-150	0.3763	1.portfolio=0.2518/1.0000	1b.indep=0.0527/1.0000	2.descent=0.0003/1.0000	3.search=0.0003/1.0000	4.subtree=0.0049/1.0000	4b.indep-accept=0.0003/1.0000	5.terminal=0.0034/1.0000	6.extra=0.0003/1.0000	7.telos=0.0003/1.0000	8.cleanup=0.0003/1.0000	9.reduce=0.0118/1.0000	10.completion=0.0066/1.0000	11.corecand=0.0003/1.0000	12.peo=0.0026/1.0000	13p.prep=0.0103/0.0000	13p.seeds=8.0000/0.0000	13p.rounds=10.0000/0.0000	13p.ledger=908297.0000/0.0000	13p.recon=0.0031/0.0000	13p.mcs=0.0041/0.0000	13.alt=0.0246/1.0000	14.transplant=0.0006/1.0000	15.minl=0.0052/1.0000	15.peel=0.0003/1.0000	16.late=0.0003/1.0000	17.final=0.0054/1.0000	18.simp=0.0003/1.0000	19.five=0.0003/1.0000	20.lt1k=0.0003/1.0000	21.comp=0.0003/1.0000	22.win=0.0003/1.0000	final=1.0000
LIFT	squfl030-150	13680	4680	18000	4680
COUNTS	squfl030-150	13680	36000	252605	252605

--- every order() call, slowest first (TSV) ---
secs	matrix	n	nnz	ratio
0.9082	squfl015-060	2775	7200	1.0000
0.7260	squfl010-080	2490	6400	1.0000
0.6891	squfl025-030	2305	6000	1.0000
0.6858	squfl020-150	9170	24000	1.0000
0.6626	squfl010-040persp	2450	7200	1.0000
0.6203	qapw	705	87496	1.0000
0.5576	pooling_foulds5pq	1218	8300	1.0000
0.4421	chain400	1201	4796	1.0000
0.4359	chain200	601	2396	1.0000
0.4241	squfl015-080persp	7295	21600	1.0000
0.4213	supplychainr1_053050	16640	57800	1.0000
0.4161	emfl100_5_5	21925	52300	1.0000
0.4008	kissing2	20772	401024	1.0000
0.3977	knp5-44	2157	32604	1.0000
0.3860	knp5-43	2065	31132	1.0000
0.3791	emfl100_3_3	6885	15948	1.0000
0.3763	squfl030-150	13680	36000	1.0000
0.3706	wastepaper6	191	1416	1.0000
0.3668	hydroenergy1	1046	3024	1.0000
0.3636	slay08m	660	2016	1.0000
0.3512	sssd20-08persp	356	1232	1.0000
0.3467	sssd18-08persp	338	1168	1.0000
0.3388	squfl025-025persp	3800	11250	1.0000
0.3314	slay07m	497	1512	1.0000
0.3074	clay0203m	132	420	1.0000
0.3069	sssd25-08	401	1200	1.0000
0.3023	clay0204m	222	704	1.0000
0.2997	clay0304m	258	840	1.0000
0.2989	slay05m	240	720	1.0000
0.2960	slay06m	357	1080	1.0000
0.2923	st_m2	72	1226	1.0000
0.2906	meanvar-orl400_05_e_8	4405	171604	1.0000
0.2853	ex1263a	94	390	1.0000
0.2799	csched1	110	376	1.0000
0.2619	st_rv2	40	340	1.0000
0.2599	ex8_4_1	32	100	1.0000
0.2588	emfl050_5_5	13175	32300	1.0000
0.2570	sporttournament08	31	156	1.0000
0.2554	maxmin	181	1440	1.0000
0.2518	slay04m	146	432	1.0000
0.2407	hybriddynamic_fixed	168	388	1.0000
0.2362	st_e07	19	60	1.0000
0.2310	pointpack04	29	120	1.0000
0.2294	kall_diffcircles_6	76	302	1.0000
0.2272	st_m1	42	432	1.0000
0.2235	sssd15-04	163	440	1.0000
0.2211	watercontamination0303r	1310	37028	1.0000
0.2173	pointpack06	55	276	1.0000
0.1981	ex1223	33	82	1.0000
0.1895	tln2	32	88	1.0000
0.1867	ex1223b	25	66	1.0000
0.1866	ex2_1_3	31	72	1.0000
0.1834	himmel11	14	60	1.0000
0.1795	ex9_2_6	28	68	1.0000
0.1758	nvs02	11	46	1.0000
0.1633	st_glmp_ss2	18	48	1.0000
0.1621	st_glmp_ss1	24	66	1.0000
0.1589	oaer	20	40	1.0000
0.1376	ex9_2_4	15	36	1.0000
0.1296	ex14_1_8	11	30	1.0000
0.0002	polygon75	5846	49652	1.0000
0.0000	camshape400	2000	7188	1.0000
0.0000	autocorr_bern40-30	43	1534	1.0000
0.0000	autocorr_bern35-35fix	38	1264	1.0000
0.0000	cvxnonsep_psig30	30	870	1.0000
0.0000	autocorr_bern30-23	33	878	1.0000
0.0000	autocorr_bern25-19	28	612	1.0000
0.0000	autocorr_bern20-15	23	394	1.0000
0.0000	cvxnonsep_psig20	20	380	1.0000
0.0000	st_iqpbk1	22	98	1.0000
0.0000	cvxnonsep_normcon40r	162	322	1.0000
0.0000	st_e41	8	32	1.0000
0.0000	cvxnonsep_normcon20r	82	162	1.0000
0.0000	cvxnonsep_psig30r	126	250	1.0000
0.0000	st_miqp2	10	18	1.0000
0.0000	cvxnonsep_psig20r	86	170	1.0000
matrices under 0.010s: 16/76
matrices under 0.050s: 16/76
matrices under 0.100s: 16/76
matrices under 0.200s: 28/76
matrices under 0.400s: 63/76

--- per-bucket ---
lt_1k    count=54    geomean=1.0000
1k_10k   count=17    geomean=1.0000
gt_10k   count=5     geomean=1.0000
SCORE = 0.999999
WORST order() = 0.908 s
FORCEAUDIT	stage1b_sites=0	force_fires=0	unsound=0	core_total_mismatch=0	max_drift_ppm=0	worst_incumbent=0	worst_adopted=0	tie_window_opened=2	tie_pass_run=2
ok

test result: ok. 1 passed; 0 failed; 0 ignored; 0 measured; 177 filtered out; finished in 20.39s

