
running 1 test
test ordering::probe::probe_timing_and_score ... LADGATE	1600	10000	0.501	1
PHASES	ood_grid2d_40	0.7574	1.portfolio=0.2374/0.8130	1b.indep=0.0063/0.8130	2.descent=0.0020/0.8128	3.search=0.0756/0.8128	4.subtree=0.0929/0.8071	4b.indep-accept=0.0000/0.7809	5.terminal=0.0015/0.7809	6.extra=0.0012/0.7809	7.telos=0.0000/0.7809	8.cleanup=0.0085/0.7765	9.reduce=0.0768/0.7765	10.completion=0.0114/0.7765	11.corecand=0.0000/0.7765	12.peo=0.0006/0.7765	13p.prep=0.0015/0.0000	13p.seeds=8.0000/0.0000	13p.rounds=9.0000/0.0000	13p.ledger=251286.0000/0.0000	13p.recon=0.0009/0.0000	13p.mcs=0.0017/0.0000	13.alt=0.0058/0.7765	14.transplant=0.0037/0.7764	15.minl=0.0088/0.7764	15.peel=0.0000/0.7764	16.late=0.0045/0.7764	17.final=0.0045/0.7764	18.simp=0.0018/0.7764	19.five=0.0052/0.7763	20.lt1k=0.0000/0.7763	21.comp=0.0000/0.7763	22.win=0.0180/0.7761	final=0.7754
LADGATE	1600	10000	0.517	1
LIFT	ood_grid2d_40	1600	1524	6232	1524
COUNTS	ood_grid2d_40	1600	6240	504745	391395
LADGATE	6400	10000	0.637	1
PHASES	ood_grid2d_80	0.8541	1.portfolio=0.2473/0.7364	1b.indep=0.0200/0.6354	2.descent=0.0056/0.6354	3.search=0.0000/0.6354	4.subtree=0.1316/0.6333	4b.indep-accept=0.0000/0.6333	5.terminal=0.0021/0.6333	6.extra=0.0020/0.6333	7.telos=0.0000/0.6333	8.cleanup=0.0163/0.6330	9.reduce=0.0548/0.6330	10.completion=0.0214/0.6330	11.corecand=0.0000/0.6330	12.peo=0.0025/0.6330	13p.prep=0.0000/0.0000	13p.seeds=0.0000/0.0000	13p.rounds=0.0000/0.0000	13p.ledger=0.0000/0.0000	13p.recon=0.0000/0.0000	13p.mcs=0.0000/0.0000	13.alt=0.0000/0.6330	14.transplant=0.0153/0.6329	15.minl=0.1032/0.6327	15.peel=0.0000/0.6327	16.late=0.0000/0.6327	17.final=0.0040/0.6327	18.simp=0.0000/0.6327	19.five=0.0082/0.6325	20.lt1k=0.0000/0.6325	21.comp=0.0000/0.6325	22.win=0.0103/0.6325	final=0.6321
LADGATE	6400	10000	0.638	1
LIFT	ood_grid2d_80	6400	3278	25274	3278
COUNTS	ood_grid2d_80	6400	25280	6036298	3815554
LADGATE	4096	10000	0.974	1
PHASES	ood_grid3d_16	1.0842	1.portfolio=0.4054/0.7438	1b.indep=0.0366/0.7438	2.descent=0.0087/0.7438	3.search=0.0256/0.7438	4.subtree=0.1798/0.7423	4b.indep-accept=0.0000/0.7355	5.terminal=0.0018/0.7355	6.extra=0.0014/0.7355	7.telos=0.0000/0.7355	8.cleanup=0.0195/0.7354	9.reduce=0.1296/0.7354	10.completion=0.0043/0.7354	11.corecand=0.0000/0.7354	12.peo=0.0213/0.7354	13p.prep=0.0000/0.0000	13p.seeds=0.0000/0.0000	13p.rounds=0.0000/0.0000	13p.ledger=0.0000/0.0000	13p.recon=0.0000/0.0000	13p.mcs=0.0000/0.0000	13.alt=0.0000/0.7354	14.transplant=0.0134/0.7349	15.minl=0.1105/0.7349	15.peel=0.0000/0.7349	16.late=0.0000/0.7349	17.final=0.0258/0.7346	18.simp=0.0049/0.7346	19.five=0.0085/0.7345	20.lt1k=0.0000/0.7345	21.comp=0.0000/0.7345	22.win=0.0105/0.7344	final=0.7341
LADGATE	4096	10000	0.979	1
LIFT	ood_grid3d_16	4096	2388	33276	2388
COUNTS	ood_grid3d_16	4096	23040	60004644	44052402
LADGATE	17576	10000	0.693	0
PHASES	ood_grid3d_26	0.6933	1.portfolio=0.3931/0.6598	1b.indep=0.1518/0.6598	2.descent=0.0000/0.6598	3.search=0.0000/0.6598	4.subtree=0.0071/0.6598	4b.indep-accept=0.0000/0.6598	5.terminal=0.0065/0.6598	6.extra=0.0000/0.6598	7.telos=0.0000/0.6598	8.cleanup=0.0000/0.6598	9.reduce=0.0431/0.6598	10.completion=0.0022/0.6598	11.corecand=0.0000/0.6598	12.peo=0.0021/0.6598	13p.prep=0.0195/0.0000	13p.seeds=8.0000/0.0000	13p.rounds=8.0000/0.0000	13p.ledger=2473410.0000/0.0000	13p.recon=0.0139/0.0000	13p.mcs=0.0179/0.0000	13.alt=0.0559/0.6598	14.transplant=0.0128/0.6598	15.minl=0.0166/0.6598	15.peel=0.0000/0.6598	16.late=0.0000/0.6598	17.final=0.0067/0.6598	18.simp=0.0000/0.6598	19.five=0.0000/0.6598	20.lt1k=0.0000/0.6598	21.comp=0.0000/0.6598	22.win=0.0000/0.6598	final=0.6598
LADGATE	17576	10000	0.690	0
PHASES	ood_grid3d_26	0.6909	1.portfolio=0.3940/0.6598	1b.indep=0.1519/0.6598	2.descent=0.0000/0.6598	3.search=0.0000/0.6598	4.subtree=0.0071/0.6598	4b.indep-accept=0.0000/0.6598	5.terminal=0.0064/0.6598	6.extra=0.0000/0.6598	7.telos=0.0000/0.6598	8.cleanup=0.0000/0.6598	9.reduce=0.0418/0.6598	10.completion=0.0022/0.6598	11.corecand=0.0000/0.6598	12.peo=0.0022/0.6598	13p.prep=0.0194/0.0000	13p.seeds=8.0000/0.0000	13p.rounds=8.0000/0.0000	13p.ledger=2473410.0000/0.0000	13p.recon=0.0128/0.0000	13p.mcs=0.0178/0.0000	13.alt=0.0540/0.6598	14.transplant=0.0128/0.6598	15.minl=0.0166/0.6598	15.peel=0.0000/0.6598	16.late=0.0000/0.6598	17.final=0.0067/0.6598	18.simp=0.0000/0.6598	19.five=0.0000/0.6598	20.lt1k=0.0000/0.6598	21.comp=0.0000/0.6598	22.win=0.0000/0.6598	final=0.6598
LIFT	ood_grid3d_26	17576	17568	101400	17568
COUNTS	ood_grid3d_26	17576	101400	1912180431	1261674182
LADGATE	2000	10000	0.850	1
PHASES	ood_rand_d12_n2000	0.9743	1.portfolio=0.4122/0.9808	1b.indep=0.0582/0.9808	2.descent=0.0121/0.9808	3.search=0.0257/0.9808	4.subtree=0.1087/0.9803	4b.indep-accept=0.0000/0.9803	5.terminal=0.0022/0.9803	6.extra=0.0018/0.9803	7.telos=0.0000/0.9803	8.cleanup=0.0343/0.9802	9.reduce=0.0774/0.9802	10.completion=0.0004/0.9802	11.corecand=0.0000/0.9802	12.peo=0.0269/0.9802	13p.prep=0.0046/0.0000	13p.seeds=8.0000/0.0000	13p.rounds=11.0000/0.0000	13p.ledger=3426280.0000/0.0000	13p.recon=0.0135/0.0000	13p.mcs=0.0245/0.0000	13.alt=0.0461/0.9802	14.transplant=0.0116/0.9751	15.minl=0.0124/0.9751	15.peel=0.0000/0.9751	16.late=0.0000/0.9751	17.final=0.0098/0.9746	18.simp=0.0117/0.9746	19.five=0.0164/0.9745	20.lt1k=0.0000/0.9745	21.comp=0.0000/0.9745	22.win=0.0155/0.9745	final=0.9745
LADGATE	2000	10000	0.847	1
PHASES	ood_rand_d12_n2000	0.9722	1.portfolio=0.4110/0.9808	1b.indep=0.0588/0.9808	2.descent=0.0114/0.9808	3.search=0.0244/0.9808	4.subtree=0.1064/0.9803	4b.indep-accept=0.0000/0.9803	5.terminal=0.0022/0.9803	6.extra=0.0018/0.9803	7.telos=0.0000/0.9803	8.cleanup=0.0335/0.9802	9.reduce=0.0784/0.9802	10.completion=0.0004/0.9802	11.corecand=0.0000/0.9802	12.peo=0.0269/0.9802	13p.prep=0.0045/0.0000	13p.seeds=8.0000/0.0000	13p.rounds=11.0000/0.0000	13p.ledger=3426280.0000/0.0000	13p.recon=0.0136/0.0000	13p.mcs=0.0248/0.0000	13.alt=0.0465/0.9802	14.transplant=0.0114/0.9751	15.minl=0.0122/0.9751	15.peel=0.0000/0.9751	16.late=0.0000/0.9751	17.final=0.0098/0.9746	18.simp=0.0118/0.9746	19.five=0.0161/0.9745	20.lt1k=0.0000/0.9745	21.comp=0.0000/0.9745	22.win=0.0154/0.9745	final=0.9745
LIFT	ood_rand_d12_n2000	2000	1969	24196	1969
COUNTS	ood_rand_d12_n2000	2000	24000	479766260	467528714
LADGATE	6000	10000	1.116	1
PHASES	ood_rand_d12_n6000	1.1951	1.portfolio=0.6055/0.9855	1b.indep=0.2154/0.9855	2.descent=0.0175/0.9855	3.search=0.0000/0.9855	4.subtree=0.0974/0.9854	4b.indep-accept=0.0000/0.9854	5.terminal=0.0033/0.9854	6.extra=0.0024/0.9854	7.telos=0.0000/0.9854	8.cleanup=0.0170/0.9854	9.reduce=0.0531/0.9854	10.completion=0.0013/0.9854	11.corecand=0.0000/0.9854	12.peo=0.0013/0.9854	13p.prep=0.0000/0.0000	13p.seeds=0.0000/0.0000	13p.rounds=0.0000/0.0000	13p.ledger=0.0000/0.0000	13p.recon=0.0000/0.0000	13p.mcs=0.0000/0.0000	13.alt=0.0000/0.9854	14.transplant=0.0120/0.9854	15.minl=0.0146/0.9854	15.peel=0.0000/0.9854	16.late=0.0000/0.9854	17.final=0.0168/0.9854	18.simp=0.0169/0.9854	19.five=0.0218/0.9851	20.lt1k=0.0000/0.9851	21.comp=0.0000/0.9851	22.win=0.0202/0.9851	final=0.9851
LADGATE	6000	10000	1.121	1
LIFT	ood_rand_d12_n6000	6000	5988	71994	5988
COUNTS	ood_rand_d12_n6000	6000	72000	12459505215	12273677928
LADGATE	8200	10000	1.989	1
PHASES	ood_kkt_b40x200+200	2.0067	1.portfolio=0.8290/0.9807	1b.indep=0.7878/0.9807	2.descent=0.0000/0.9807	3.search=0.0000/0.9807	4.subtree=0.0231/0.9798	4b.indep-accept=0.0000/0.9798	5.terminal=0.0055/0.9798	6.extra=0.0000/0.9798	7.telos=0.0000/0.9798	8.cleanup=0.0000/0.9798	9.reduce=0.1585/0.9795	10.completion=0.0019/0.9795	11.corecand=0.0000/0.9795	12.peo=0.0020/0.9795	13p.prep=0.0213/0.0000	13p.seeds=8.0000/0.0000	13p.rounds=11.0000/0.0000	13p.ledger=3902988.0000/0.0000	13p.recon=0.0148/0.0000	13p.mcs=0.0266/0.0000	13.alt=0.0736/0.9795	14.transplant=0.0130/0.9604	15.minl=0.0130/0.9604	15.peel=0.0000/0.9604	16.late=0.0000/0.9604	17.final=0.0269/0.9600	18.simp=0.0000/0.9600	19.five=0.0000/0.9600	20.lt1k=0.0000/0.9600	21.comp=0.0000/0.9600	22.win=0.0163/0.9600	final=0.9599
LADGATE	8200	10000	2.015	1
LIFT	ood_kkt_b40x200+200	8200	8180	143898	8180
COUNTS	ood_kkt_b40x200+200	8200	143754	246166792	236291435

--- every order() call, slowest first (TSV) ---
secs	matrix	n	nnz	ratio
2.0067	ood_kkt_b40x200+200	8200	143754	0.9599
1.1951	ood_rand_d12_n6000	6000	72000	0.9851
1.0842	ood_grid3d_16	4096	23040	0.7341
0.9722	ood_rand_d12_n2000	2000	24000	0.9745
0.8541	ood_grid2d_80	6400	25280	0.6321
0.7574	ood_grid2d_40	1600	6240	0.7754
0.6909	ood_grid3d_26	17576	101400	0.6598
matrices under 0.010s: 0/7
matrices under 0.050s: 0/7
matrices under 0.100s: 0/7
matrices under 0.200s: 0/7
matrices under 0.400s: 0/7

--- per-bucket ---
1k_10k   count=6     geomean=0.8320
gt_10k   count=1     geomean=0.6598
SCORE = 0.733584
WORST order() = 2.007 s
FORCEAUDIT	stage1b_sites=8	force_fires=0	unsound=0	core_total_mismatch=0	max_drift_ppm=0	worst_incumbent=0	worst_adopted=0	tie_window_opened=2	tie_pass_run=0
ok

test result: ok. 1 passed; 0 failed; 0 ignored; 0 measured; 177 filtered out; finished in 15.74s

