
running 1 test
test ordering::probe::probe_timing_and_score ... LADGATE	8000	10000	0.976	1
LADGATE	8000	10000	0.973	1
LIFT	sc_n8000_d10	8000	7966	80300	7966
COUNTS	sc_n8000_d10	8000	80000	21908749090	21501204422
LADGATE	8000	10000	1.065	1
LADGATE	8000	10000	1.086	1
LIFT	sc_n8000_d14	8000	7996	111996	7996
COUNTS	sc_n8000_d14	8000	112000	36532267681	36147624224
LADGATE	8000	10000	1.166	1
LADGATE	8000	10000	1.169	1
LIFT	sc_n8000_d16	8000	7915	129932	7915
COUNTS	sc_n8000_d16	8000	128000	42793720026	42445550438
LADGATE	8000	10000	0.873	1
LADGATE	8000	10000	0.887	1
LIFT	sc_n8000_d20	8000	7967	161556	7967
COUNTS	sc_n8000_d20	8000	160000	54209713044	54076416798
LADGATE	8000	10000	1.076	1
LADGATE	8000	10000	1.071	1
LIFT	sc_n8000_d24	8000	7784	223738	7784
COUNTS	sc_n8000_d24	8000	192000	63791022447	63310690153
LIFT	sc_n8000_d28	8000	7581	338680	7581
COUNTS	sc_n8000_d28	8000	224000	71615578450	71130253599
LADGATE	9000	10000	1.031	1
LADGATE	9000	10000	1.017	1
LIFT	sc_n9000_d10	9000	8441	93488	8441
COUNTS	sc_n9000_d10	9000	90000	31443058347	31322500018
LADGATE	9000	10000	1.329	1
LADGATE	9000	10000	1.325	1
LIFT	sc_n9000_d14	9000	8958	126336	8958
COUNTS	sc_n9000_d14	9000	126000	52572764845	51796036221
LADGATE	9000	10000	1.141	1
LADGATE	9000	10000	1.135	1
LIFT	sc_n9000_d16	9000	8986	144108	8986
COUNTS	sc_n9000_d16	9000	144000	61216493879	60464563079
LADGATE	9000	10000	0.785	1
LADGATE	9000	10000	0.779	1
LIFT	sc_n9000_d20	9000	8959	181814	8959
COUNTS	sc_n9000_d20	9000	180000	77154495965	76492532376
LIFT	sc_n9000_d24	9000	8011	447364	8011
COUNTS	sc_n9000_d24	9000	216000	90858158533	90107094559
LIFT	sc_n9000_d28	9000	8964	257670	8964
COUNTS	sc_n9000_d28	9000	252000	102412540682	101887964320
LADGATE	9950	10000	1.200	1
LADGATE	9950	10000	1.194	1
LIFT	sc_n9950_d10	9950	9855	99464	9855
COUNTS	sc_n9950_d10	9950	99500	42575353993	41602702318
LADGATE	9950	10000	1.218	1
LADGATE	9950	10000	1.212	1
LIFT	sc_n9950_d14	9950	9949	139300	9949
COUNTS	sc_n9950_d14	9950	139300	69633831128	69141737701
LADGATE	9950	10000	0.979	1
LADGATE	9950	10000	0.961	1
LIFT	sc_n9950_d16	9950	9846	161594	9846
COUNTS	sc_n9950_d16	9950	159200	82826912715	81731052172
LADGATE	9950	10000	1.034	1
LADGATE	9950	10000	1.014	1
LIFT	sc_n9950_d20	9950	9887	201780	9887
COUNTS	sc_n9950_d20	9950	199000	103999314503	103169152576
LIFT	sc_n9950_d24	9950	9945	239042	9945
COUNTS	sc_n9950_d24	9950	238800	122057527835	121356946749
LIFT	sc_n9950_d28	9950	8578	887304	8578
COUNTS	sc_n9950_d28	9950	278600	138326872541	137826627183

--- every order() call, slowest first (TSV) ---
secs	matrix	n	nnz	ratio
1.4672	sc_n9000_d14	9000	126000	0.9852
1.4021	sc_n9950_d14	9950	139300	0.9929
1.3571	sc_n9950_d10	9950	99500	0.9772
1.2871	sc_n9000_d16	9000	144000	0.9877
1.2774	sc_n8000_d16	8000	128000	0.9919
1.1855	sc_n8000_d14	8000	112000	0.9895
1.1501	sc_n9950_d16	9950	159200	0.9868
1.1404	sc_n8000_d24	8000	192000	0.9925
1.1381	sc_n9000_d10	9000	90000	0.9962
1.1045	sc_n9950_d20	9950	199000	0.9920
1.0825	sc_n8000_d10	8000	80000	0.9814
1.0160	sc_n9950_d28	9950	278600	0.9964
0.9423	sc_n8000_d20	8000	160000	0.9975
0.9282	sc_n9000_d28	9000	252000	0.9949
0.8672	sc_n9000_d24	9000	216000	0.9917
0.8522	sc_n9000_d20	9000	180000	0.9914
0.7955	sc_n9950_d24	9950	238800	0.9943
0.7584	sc_n8000_d28	8000	224000	0.9932
matrices under 0.010s: 0/18
matrices under 0.050s: 0/18
matrices under 0.100s: 0/18
matrices under 0.200s: 0/18
matrices under 0.400s: 0/18

--- per-bucket ---
1k_10k   count=18    geomean=0.9907
SCORE = 0.990688
WORST order() = 1.467 s
FORCEAUDIT	stage1b_sites=14	force_fires=0	unsound=0	core_total_mismatch=0	max_drift_ppm=0	worst_incumbent=0	worst_adopted=0	tie_window_opened=0	tie_pass_run=0
ok

test result: ok. 1 passed; 0 failed; 0 ignored; 0 measured; 177 filtered out; finished in 40.31s

