
running 1 test
test ordering::probe::probe_timing_and_score ... PORTSTATS	floor	n=8200	nnz=143754	queued=0	gen_s=0.0000	score_s=0.0000	produced=0	scored=0	memo=0	stale_s=0.0000	win_s=0.0000	stale=0	wins=0	tasks=0	batches=0
PORTSTATS	core	n=8200	nnz=143754	queued=0	gen_s=0.6977	score_s=0.0264	produced=15	scored=15	memo=0	stale_s=0.0249	win_s=0.0016	stale=14	wins=1	tasks=15	batches=3
PORTSTATS	ported	n=8200	nnz=143754	queued=0	gen_s=0.6977	score_s=0.0264	produced=15	scored=15	memo=0	stale_s=0.0249	win_s=0.0016	stale=14	wins=1	tasks=15	batches=3
PORTSTATS	qmetric	n=8200	nnz=143754	queued=0	gen_s=0.6977	score_s=0.0264	produced=15	scored=15	memo=0	stale_s=0.0249	win_s=0.0016	stale=14	wins=1	tasks=15	batches=3
PORTSTATS	qmultistart	n=8200	nnz=143754	queued=0	gen_s=0.6977	score_s=0.0264	produced=15	scored=15	memo=0	stale_s=0.0249	win_s=0.0016	stale=14	wins=1	tasks=15	batches=3
PORTSTATS	sub10k	n=8200	nnz=143754	queued=0	gen_s=0.6977	score_s=0.0264	produced=15	scored=15	memo=0	stale_s=0.0249	win_s=0.0016	stale=14	wins=1	tasks=15	batches=3
PORTSTATS	sub10k-followup	n=8200	nnz=143754	queued=0	gen_s=0.6977	score_s=0.0264	produced=15	scored=15	memo=0	stale_s=0.0249	win_s=0.0016	stale=14	wins=1	tasks=15	batches=3
PORTSTATS	amf-extra	n=8200	nnz=143754	queued=2	gen_s=0.6977	score_s=0.0264	produced=15	scored=15	memo=0	stale_s=0.0249	win_s=0.0016	stale=14	wins=1	tasks=15	batches=3
PORTSTATS	heavy-qmetric	n=8200	nnz=143754	queued=2	gen_s=0.6977	score_s=0.0264	produced=15	scored=15	memo=0	stale_s=0.0249	win_s=0.0016	stale=14	wins=1	tasks=15	batches=3
PORTSTATS	heavy-nodense-amd	n=8200	nnz=143754	queued=2	gen_s=0.6977	score_s=0.0264	produced=15	scored=15	memo=0	stale_s=0.0249	win_s=0.0016	stale=14	wins=1	tasks=15	batches=3
PORTSTATS	metis-shapes	n=8200	nnz=143754	queued=14	gen_s=0.6977	score_s=0.0264	produced=15	scored=15	memo=0	stale_s=0.0249	win_s=0.0016	stale=14	wins=1	tasks=15	batches=3
PORTSTATS	relabel-amf	n=8200	nnz=143754	queued=26	gen_s=0.6977	score_s=0.0264	produced=15	scored=15	memo=0	stale_s=0.0249	win_s=0.0016	stale=14	wins=1	tasks=15	batches=3
PORTSTATS	heavy-relabel-amf	n=8200	nnz=143754	queued=0	gen_s=2.7758	score_s=0.0789	produced=41	scored=41	memo=0	stale_s=0.0773	win_s=0.0016	stale=40	wins=1	tasks=41	batches=4
LADGATE	8200	10000	1.996	1
PHASES	ood_kkt_b40x200+200	2.0137	1.portfolio=0.8278/0.9807	1b.indep=0.7971/0.9807	2.descent=0.0000/0.9807	3.search=0.0000/0.9807	4.subtree=0.0229/0.9798	4b.indep-accept=0.0000/0.9798	5.terminal=0.0055/0.9798	6.extra=0.0000/0.9798	7.telos=0.0000/0.9798	8.cleanup=0.0000/0.9798	9.reduce=0.1579/0.9795	10.completion=0.0019/0.9795	11.corecand=0.0000/0.9795	12.peo=0.0019/0.9795	13p.prep=0.0207/0.0000	13p.seeds=8.0000/0.0000	13p.rounds=11.0000/0.0000	13p.ledger=3902988.0000/0.0000	13p.recon=0.0147/0.0000	13p.mcs=0.0266/0.0000	13.alt=0.0731/0.9795	14.transplant=0.0130/0.9604	15.minl=0.0130/0.9604	15.peel=0.0000/0.9604	16.late=0.0000/0.9604	17.final=0.0268/0.9600	18.simp=0.0000/0.9600	19.five=0.0000/0.9600	20.lt1k=0.0000/0.9600	21.comp=0.0000/0.9600	22.win=0.0163/0.9600	final=0.9599
PORTSTATS	floor	n=8200	nnz=143754	queued=0	gen_s=0.0000	score_s=0.0000	produced=0	scored=0	memo=0	stale_s=0.0000	win_s=0.0000	stale=0	wins=0	tasks=0	batches=0
PORTSTATS	core	n=8200	nnz=143754	queued=0	gen_s=0.7148	score_s=0.0259	produced=15	scored=15	memo=0	stale_s=0.0242	win_s=0.0017	stale=14	wins=1	tasks=15	batches=3
PORTSTATS	ported	n=8200	nnz=143754	queued=0	gen_s=0.7148	score_s=0.0259	produced=15	scored=15	memo=0	stale_s=0.0242	win_s=0.0017	stale=14	wins=1	tasks=15	batches=3
PORTSTATS	qmetric	n=8200	nnz=143754	queued=0	gen_s=0.7148	score_s=0.0259	produced=15	scored=15	memo=0	stale_s=0.0242	win_s=0.0017	stale=14	wins=1	tasks=15	batches=3
PORTSTATS	qmultistart	n=8200	nnz=143754	queued=0	gen_s=0.7148	score_s=0.0259	produced=15	scored=15	memo=0	stale_s=0.0242	win_s=0.0017	stale=14	wins=1	tasks=15	batches=3
PORTSTATS	sub10k	n=8200	nnz=143754	queued=0	gen_s=0.7148	score_s=0.0259	produced=15	scored=15	memo=0	stale_s=0.0242	win_s=0.0017	stale=14	wins=1	tasks=15	batches=3
PORTSTATS	sub10k-followup	n=8200	nnz=143754	queued=0	gen_s=0.7148	score_s=0.0259	produced=15	scored=15	memo=0	stale_s=0.0242	win_s=0.0017	stale=14	wins=1	tasks=15	batches=3
PORTSTATS	amf-extra	n=8200	nnz=143754	queued=2	gen_s=0.7148	score_s=0.0259	produced=15	scored=15	memo=0	stale_s=0.0242	win_s=0.0017	stale=14	wins=1	tasks=15	batches=3
PORTSTATS	heavy-qmetric	n=8200	nnz=143754	queued=2	gen_s=0.7148	score_s=0.0259	produced=15	scored=15	memo=0	stale_s=0.0242	win_s=0.0017	stale=14	wins=1	tasks=15	batches=3
PORTSTATS	heavy-nodense-amd	n=8200	nnz=143754	queued=2	gen_s=0.7148	score_s=0.0259	produced=15	scored=15	memo=0	stale_s=0.0242	win_s=0.0017	stale=14	wins=1	tasks=15	batches=3
PORTSTATS	metis-shapes	n=8200	nnz=143754	queued=14	gen_s=0.7148	score_s=0.0259	produced=15	scored=15	memo=0	stale_s=0.0242	win_s=0.0017	stale=14	wins=1	tasks=15	batches=3
PORTSTATS	relabel-amf	n=8200	nnz=143754	queued=26	gen_s=0.7148	score_s=0.0259	produced=15	scored=15	memo=0	stale_s=0.0242	win_s=0.0017	stale=14	wins=1	tasks=15	batches=3
PORTSTATS	heavy-relabel-amf	n=8200	nnz=143754	queued=0	gen_s=2.7934	score_s=0.0787	produced=41	scored=41	memo=0	stale_s=0.0770	win_s=0.0017	stale=40	wins=1	tasks=41	batches=4
LADGATE	8200	10000	2.118	1
LIFT	ood_kkt_b40x200+200	8200	8180	143898	8180
COUNTS	ood_kkt_b40x200+200	8200	143754	246166792	236291435

--- every order() call, slowest first (TSV) ---
secs	matrix	n	nnz	ratio
2.0137	ood_kkt_b40x200+200	8200	143754	0.9599
matrices under 0.010s: 0/1
matrices under 0.050s: 0/1
matrices under 0.100s: 0/1
matrices under 0.200s: 0/1
matrices under 0.400s: 0/1

--- per-bucket ---
1k_10k   count=1     geomean=0.9599
SCORE = 0.959883
WORST order() = 2.014 s
FORCEAUDIT	stage1b_sites=2	force_fires=0	unsound=0	core_total_mismatch=0	max_drift_ppm=0	worst_incumbent=0	worst_adopted=0	tie_window_opened=0	tie_pass_run=0
ok

test result: ok. 1 passed; 0 failed; 0 ignored; 0 measured; 177 filtered out; finished in 4.69s

