
running 1 test
test ordering::probe::probe_timing_and_score ... PARITY	n=1600	raw=394152	inc=407358	plift=393062	margin_ppm=35094
LADGATE	1600	10000	0.664	1
PHASES	ood_grid2d_40	0.9191	1.portfolio=0.2367/0.8130	1b.indep=0.0062/0.8130	2.descent=0.0020/0.8128	3.search=0.0749/0.8128	4.subtree=0.0923/0.8071	2.descent=0.0942/0.7808	3.search=0.1467/0.7808	4b.indep-accept=0.1659/0.7787	5.terminal=0.0015/0.7787	6.extra=0.0012/0.7787	7.telos=0.0000/0.7787	8.cleanup=0.0087/0.7771	9.reduce=0.0768/0.7771	10.completion=0.0113/0.7771	11.corecand=0.0000/0.7771	12.peo=0.0006/0.7771	13p.prep=0.0014/0.0000	13p.seeds=8.0000/0.0000	13p.rounds=9.0000/0.0000	13p.ledger=251286.0000/0.0000	13p.recon=0.0009/0.0000	13p.mcs=0.0017/0.0000	13.alt=0.0057/0.7771	14.transplant=0.0035/0.7771	15.minl=0.0087/0.7771	15.peel=0.0000/0.7771	16.late=0.0044/0.7771	17.final=0.0047/0.7771	18.simp=0.0018/0.7771	19.five=0.0025/0.7771	20.lt1k=0.0000/0.7771	21.comp=0.0000/0.7771	22.win=0.0182/0.7765	final=0.7763
PARITY	n=1600	raw=394152	inc=407358	plift=393062	margin_ppm=35094
LADGATE	1600	10000	0.677	1
LIFT	ood_grid2d_40	1600	1524	6232	1524
COUNTS	ood_grid2d_40	1600	6240	504745	391821
LADGATE	6400	10000	0.639	1
PHASES	ood_grid2d_80	0.8570	1.portfolio=0.2477/0.7364	1b.indep=0.0201/0.6354	2.descent=0.0055/0.6354	3.search=0.0000/0.6354	4.subtree=0.1319/0.6333	4b.indep-accept=0.0000/0.6333	5.terminal=0.0021/0.6333	6.extra=0.0019/0.6333	7.telos=0.0000/0.6333	8.cleanup=0.0163/0.6330	9.reduce=0.0549/0.6330	10.completion=0.0211/0.6330	11.corecand=0.0000/0.6330	12.peo=0.0025/0.6330	13p.prep=0.0000/0.0000	13p.seeds=0.0000/0.0000	13p.rounds=0.0000/0.0000	13p.ledger=0.0000/0.0000	13p.recon=0.0000/0.0000	13p.mcs=0.0000/0.0000	13.alt=0.0000/0.6330	14.transplant=0.0150/0.6329	15.minl=0.1039/0.6327	15.peel=0.0000/0.6327	16.late=0.0000/0.6327	17.final=0.0040/0.6327	18.simp=0.0000/0.6327	19.five=0.0082/0.6325	20.lt1k=0.0000/0.6325	21.comp=0.0000/0.6325	22.win=0.0104/0.6325	final=0.6321
LADGATE	6400	10000	0.638	1
PHASES	ood_grid2d_80	0.8533	1.portfolio=0.2471/0.7364	1b.indep=0.0202/0.6354	2.descent=0.0055/0.6354	3.search=0.0000/0.6354	4.subtree=0.1316/0.6333	4b.indep-accept=0.0000/0.6333	5.terminal=0.0021/0.6333	6.extra=0.0019/0.6333	7.telos=0.0000/0.6333	8.cleanup=0.0163/0.6330	9.reduce=0.0550/0.6330	10.completion=0.0212/0.6330	11.corecand=0.0000/0.6330	12.peo=0.0025/0.6330	13p.prep=0.0000/0.0000	13p.seeds=0.0000/0.0000	13p.rounds=0.0000/0.0000	13p.ledger=0.0000/0.0000	13p.recon=0.0000/0.0000	13p.mcs=0.0000/0.0000	13.alt=0.0000/0.6330	14.transplant=0.0150/0.6329	15.minl=0.1037/0.6327	15.peel=0.0000/0.6327	16.late=0.0000/0.6327	17.final=0.0041/0.6327	18.simp=0.0000/0.6327	19.five=0.0082/0.6325	20.lt1k=0.0000/0.6325	21.comp=0.0000/0.6325	22.win=0.0103/0.6325	final=0.6321
LIFT	ood_grid2d_80	6400	3278	25274	3278
COUNTS	ood_grid2d_80	6400	25280	6036298	3815554
PARITY	n=4096	raw=44132241	inc=44544101	plift=43885246	margin_ppm=14791
LADGATE	4096	10000	1.214	1
PHASES	ood_grid3d_16	1.3205	1.portfolio=0.4059/0.7438	1b.indep=0.0366/0.7438	2.descent=0.0087/0.7438	3.search=0.0260/0.7438	4.subtree=0.1803/0.7423	2.descent=0.1885/0.7355	3.search=0.0258/0.7355	4b.indep-accept=0.2290/0.7314	5.terminal=0.0018/0.7314	6.extra=0.0015/0.7314	7.telos=0.0000/0.7314	8.cleanup=0.0207/0.7312	9.reduce=0.1297/0.7312	10.completion=0.0043/0.7312	11.corecand=0.0000/0.7312	12.peo=0.0310/0.7312	13p.prep=0.0000/0.0000	13p.seeds=0.0000/0.0000	13p.rounds=0.0000/0.0000	13p.ledger=0.0000/0.0000	13p.recon=0.0000/0.0000	13p.mcs=0.0000/0.0000	13.alt=0.0000/0.7312	14.transplant=0.0136/0.7308	15.minl=0.1083/0.7308	15.peel=0.0000/0.7308	16.late=0.0000/0.7308	17.final=0.0258/0.7307	18.simp=0.0050/0.7307	19.five=0.0089/0.7306	20.lt1k=0.0000/0.7306	21.comp=0.0000/0.7306	22.win=0.0112/0.7306	final=0.7292
PARITY	n=4096	raw=44132241	inc=44544101	plift=43885246	margin_ppm=14791
LADGATE	4096	10000	1.212	1
PHASES	ood_grid3d_16	1.3165	1.portfolio=0.4058/0.7438	1b.indep=0.0367/0.7438	2.descent=0.0087/0.7438	3.search=0.0258/0.7438	4.subtree=0.1801/0.7423	2.descent=0.1883/0.7355	3.search=0.0255/0.7355	4b.indep-accept=0.2287/0.7314	5.terminal=0.0018/0.7314	6.extra=0.0014/0.7314	7.telos=0.0000/0.7314	8.cleanup=0.0204/0.7312	9.reduce=0.1304/0.7312	10.completion=0.0044/0.7312	11.corecand=0.0000/0.7312	12.peo=0.0303/0.7312	13p.prep=0.0000/0.0000	13p.seeds=0.0000/0.0000	13p.rounds=0.0000/0.0000	13p.ledger=0.0000/0.0000	13p.recon=0.0000/0.0000	13p.mcs=0.0000/0.0000	13.alt=0.0000/0.7312	14.transplant=0.0134/0.7308	15.minl=0.1084/0.7308	15.peel=0.0000/0.7308	16.late=0.0000/0.7308	17.final=0.0252/0.7307	18.simp=0.0048/0.7307	19.five=0.0084/0.7306	20.lt1k=0.0000/0.7306	21.comp=0.0000/0.7306	22.win=0.0110/0.7306	final=0.7292
LIFT	ood_grid3d_16	4096	2388	33276	2388
COUNTS	ood_grid3d_16	4096	23040	60004644	43753236
LADGATE	17576	10000	0.769	0
PHASES	ood_grid3d_26	0.7692	1.portfolio=0.4444/0.6598	1b.indep=0.1704/0.6598	2.descent=0.0000/0.6598	3.search=0.0000/0.6598	4.subtree=0.0086/0.6598	4b.indep-accept=0.0000/0.6598	5.terminal=0.0070/0.6598	6.extra=0.0000/0.6598	7.telos=0.0000/0.6598	8.cleanup=0.0000/0.6598	9.reduce=0.0505/0.6598	10.completion=0.0021/0.6598	11.corecand=0.0000/0.6598	12.peo=0.0021/0.6598	13p.prep=0.0187/0.0000	13p.seeds=8.0000/0.0000	13p.rounds=8.0000/0.0000	13p.ledger=2473410.0000/0.0000	13p.recon=0.0133/0.0000	13p.mcs=0.0168/0.0000	13.alt=0.0534/0.6598	14.transplant=0.0124/0.6598	15.minl=0.0161/0.6598	15.peel=0.0000/0.6598	16.late=0.0000/0.6598	17.final=0.0067/0.6598	18.simp=0.0000/0.6598	19.five=0.0000/0.6598	20.lt1k=0.0000/0.6598	21.comp=0.0000/0.6598	22.win=0.0000/0.6598	final=0.6598
LADGATE	17576	10000	0.685	0
PHASES	ood_grid3d_26	0.6855	1.portfolio=0.3908/0.6598	1b.indep=0.1512/0.6598	2.descent=0.0000/0.6598	3.search=0.0000/0.6598	4.subtree=0.0070/0.6598	4b.indep-accept=0.0000/0.6598	5.terminal=0.0064/0.6598	6.extra=0.0000/0.6598	7.telos=0.0000/0.6598	8.cleanup=0.0000/0.6598	9.reduce=0.0430/0.6598	10.completion=0.0022/0.6598	11.corecand=0.0000/0.6598	12.peo=0.0021/0.6598	13p.prep=0.0187/0.0000	13p.seeds=8.0000/0.0000	13p.rounds=8.0000/0.0000	13p.ledger=2473410.0000/0.0000	13p.recon=0.0122/0.0000	13p.mcs=0.0170/0.0000	13.alt=0.0520/0.6598	14.transplant=0.0124/0.6598	15.minl=0.0161/0.6598	15.peel=0.0000/0.6598	16.late=0.0000/0.6598	17.final=0.0065/0.6598	18.simp=0.0000/0.6598	19.five=0.0000/0.6598	20.lt1k=0.0000/0.6598	21.comp=0.0000/0.6598	22.win=0.0000/0.6598	final=0.6598
LIFT	ood_grid3d_26	17576	17568	101400	17568
COUNTS	ood_grid3d_26	17576	101400	1912180431	1261674182
LADGATE	2000	10000	0.839	1
PHASES	ood_rand_d12_n2000	0.9580	1.portfolio=0.4098/0.9808	1b.indep=0.0586/0.9808	2.descent=0.0110/0.9808	3.search=0.0237/0.9808	4.subtree=0.1053/0.9803	4b.indep-accept=0.0000/0.9803	5.terminal=0.0022/0.9803	6.extra=0.0018/0.9803	7.telos=0.0000/0.9803	8.cleanup=0.0331/0.9802	9.reduce=0.0757/0.9802	10.completion=0.0004/0.9802	11.corecand=0.0000/0.9802	12.peo=0.0264/0.9802	13p.prep=0.0044/0.0000	13p.seeds=8.0000/0.0000	13p.rounds=11.0000/0.0000	13p.ledger=3426280.0000/0.0000	13p.recon=0.0133/0.0000	13p.mcs=0.0245/0.0000	13.alt=0.0457/0.9802	14.transplant=0.0114/0.9751	15.minl=0.0123/0.9751	15.peel=0.0000/0.9751	16.late=0.0000/0.9751	17.final=0.0100/0.9746	18.simp=0.0118/0.9746	19.five=0.0164/0.9745	20.lt1k=0.0000/0.9745	21.comp=0.0000/0.9745	22.win=0.0146/0.9745	final=0.9745
LADGATE	2000	10000	0.885	1
LIFT	ood_rand_d12_n2000	2000	1969	24196	1969
COUNTS	ood_rand_d12_n2000	2000	24000	479766260	467528714
LADGATE	6000	10000	1.288	1
PHASES	ood_rand_d12_n6000	1.3568	1.portfolio=0.7310/0.9855	1b.indep=0.2658/0.9855	2.descent=0.0162/0.9855	3.search=0.0000/0.9855	4.subtree=0.1001/0.9854	4b.indep-accept=0.0000/0.9854	5.terminal=0.0034/0.9854	6.extra=0.0024/0.9854	7.telos=0.0000/0.9854	8.cleanup=0.0149/0.9854	9.reduce=0.0553/0.9854	10.completion=0.0013/0.9854	11.corecand=0.0000/0.9854	12.peo=0.0013/0.9854	13p.prep=0.0000/0.0000	13p.seeds=0.0000/0.0000	13p.rounds=0.0000/0.0000	13p.ledger=0.0000/0.0000	13p.recon=0.0000/0.0000	13p.mcs=0.0000/0.0000	13.alt=0.0000/0.9854	14.transplant=0.0127/0.9854	15.minl=0.0154/0.9854	15.peel=0.0000/0.9854	16.late=0.0000/0.9854	17.final=0.0174/0.9854	18.simp=0.0151/0.9854	19.five=0.0181/0.9851	20.lt1k=0.0000/0.9851	21.comp=0.0000/0.9851	22.win=0.0189/0.9851	final=0.9851
LADGATE	6000	10000	1.174	1
PHASES	ood_rand_d12_n6000	1.2484	1.portfolio=0.6355/0.9855	1b.indep=0.2413/0.9855	2.descent=0.0166/0.9855	3.search=0.0000/0.9855	4.subtree=0.1013/0.9854	4b.indep-accept=0.0000/0.9854	5.terminal=0.0034/0.9854	6.extra=0.0024/0.9854	7.telos=0.0000/0.9854	8.cleanup=0.0155/0.9854	9.reduce=0.0576/0.9854	10.completion=0.0013/0.9854	11.corecand=0.0000/0.9854	12.peo=0.0012/0.9854	13p.prep=0.0000/0.0000	13p.seeds=0.0000/0.0000	13p.rounds=0.0000/0.0000	13p.ledger=0.0000/0.0000	13p.recon=0.0000/0.0000	13p.mcs=0.0000/0.0000	13.alt=0.0000/0.9854	14.transplant=0.0122/0.9854	15.minl=0.0148/0.9854	15.peel=0.0000/0.9854	16.late=0.0000/0.9854	17.final=0.0169/0.9854	18.simp=0.0156/0.9854	19.five=0.0197/0.9851	20.lt1k=0.0000/0.9851	21.comp=0.0000/0.9851	22.win=0.0198/0.9851	final=0.9851
LIFT	ood_rand_d12_n6000	6000	5988	71994	5988
COUNTS	ood_rand_d12_n6000	6000	72000	12459505215	12273677928
LADGATE	8200	10000	2.276	1
PHASES	ood_kkt_b40x200+200	2.2923	1.portfolio=0.9301/0.9807	1b.indep=0.9469/0.9807	2.descent=0.0000/0.9807	3.search=0.0000/0.9807	4.subtree=0.0240/0.9798	4b.indep-accept=0.0000/0.9798	5.terminal=0.0059/0.9798	6.extra=0.0000/0.9798	7.telos=0.0000/0.9798	8.cleanup=0.0000/0.9798	9.reduce=0.1797/0.9795	10.completion=0.0020/0.9795	11.corecand=0.0000/0.9795	12.peo=0.0021/0.9795	13p.prep=0.0213/0.0000	13p.seeds=8.0000/0.0000	13p.rounds=11.0000/0.0000	13p.ledger=3902988.0000/0.0000	13p.recon=0.0155/0.0000	13p.mcs=0.0274/0.0000	13.alt=0.0759/0.9795	14.transplant=0.0131/0.9604	15.minl=0.0131/0.9604	15.peel=0.0000/0.9604	16.late=0.0000/0.9604	17.final=0.0270/0.9600	18.simp=0.0000/0.9600	19.five=0.0000/0.9600	20.lt1k=0.0000/0.9600	21.comp=0.0000/0.9600	22.win=0.0161/0.9600	final=0.9599
LADGATE	8200	10000	2.101	1
PHASES	ood_kkt_b40x200+200	2.1174	1.portfolio=0.8847/0.9807	1b.indep=0.8466/0.9807	2.descent=0.0000/0.9807	3.search=0.0000/0.9807	4.subtree=0.0229/0.9798	4b.indep-accept=0.0000/0.9798	5.terminal=0.0055/0.9798	6.extra=0.0000/0.9798	7.telos=0.0000/0.9798	8.cleanup=0.0000/0.9798	9.reduce=0.1607/0.9795	10.completion=0.0019/0.9795	11.corecand=0.0000/0.9795	12.peo=0.0019/0.9795	13p.prep=0.0203/0.0000	13p.seeds=8.0000/0.0000	13p.rounds=11.0000/0.0000	13p.ledger=3902988.0000/0.0000	13p.recon=0.0146/0.0000	13p.mcs=0.0260/0.0000	13.alt=0.0719/0.9795	14.transplant=0.0127/0.9604	15.minl=0.0127/0.9604	15.peel=0.0000/0.9604	16.late=0.0000/0.9604	17.final=0.0266/0.9600	18.simp=0.0000/0.9600	19.five=0.0000/0.9600	20.lt1k=0.0000/0.9600	21.comp=0.0000/0.9600	22.win=0.0152/0.9600	final=0.9599
LIFT	ood_kkt_b40x200+200	8200	8180	143898	8180
COUNTS	ood_kkt_b40x200+200	8200	143754	246166792	236291435

--- every order() call, slowest first (TSV) ---
secs	matrix	n	nnz	ratio
2.1174	ood_kkt_b40x200+200	8200	143754	0.9599
1.3165	ood_grid3d_16	4096	23040	0.7292
1.2484	ood_rand_d12_n6000	6000	72000	0.9851
0.9580	ood_rand_d12_n2000	2000	24000	0.9745
0.9191	ood_grid2d_40	1600	6240	0.7763
0.8533	ood_grid2d_80	6400	25280	0.6321
0.6855	ood_grid3d_26	17576	101400	0.6598
matrices under 0.010s: 0/7
matrices under 0.050s: 0/7
matrices under 0.100s: 0/7
matrices under 0.200s: 0/7
matrices under 0.400s: 0/7

--- per-bucket ---
1k_10k   count=6     geomean=0.8312
gt_10k   count=1     geomean=0.6598
SCORE = 0.733244
WORST order() = 2.117 s
FORCEAUDIT	stage1b_sites=8	force_fires=0	unsound=0	core_total_mismatch=0	max_drift_ppm=0	worst_incumbent=0	worst_adopted=0	tie_window_opened=2	tie_pass_run=0
ok

test result: ok. 1 passed; 0 failed; 0 ignored; 0 measured; 177 filtered out; finished in 17.20s

