SITES	floor	total_s=-0.0000	sites=0
SITES	core	total_s=2.1007	sites=8
SITE	core	mod.rs:2161	gen_s=1.9603	calls=8
SITE	core	mod.rs:2141	gen_s=0.1002	calls=1
SITE	core	mod.rs:2184	gen_s=0.0132	calls=4
SITE	core	mod.rs:2245	gen_s=0.0093	calls=1
SITE	core	mod.rs:2265	gen_s=0.0085	calls=1
SITE	core	mod.rs:2204	gen_s=0.0067	calls=1
SITE	core	mod.rs:2002	gen_s=0.0013	calls=1
SITE	core	mod.rs:1897	gen_s=0.0012	calls=1
SITES	ported	total_s=2.1007	sites=8
SITE	ported	mod.rs:2161	gen_s=1.9603	calls=8
SITE	ported	mod.rs:2141	gen_s=0.1002	calls=1
SITE	ported	mod.rs:2184	gen_s=0.0132	calls=4
SITE	ported	mod.rs:2245	gen_s=0.0093	calls=1
SITE	ported	mod.rs:2265	gen_s=0.0085	calls=1
SITE	ported	mod.rs:2204	gen_s=0.0067	calls=1
SITE	ported	mod.rs:2002	gen_s=0.0013	calls=1
SITE	ported	mod.rs:1897	gen_s=0.0012	calls=1
SITES	qmetric	total_s=2.1007	sites=8
SITE	qmetric	mod.rs:2161	gen_s=1.9603	calls=8
SITE	qmetric	mod.rs:2141	gen_s=0.1002	calls=1
SITE	qmetric	mod.rs:2184	gen_s=0.0132	calls=4
SITE	qmetric	mod.rs:2245	gen_s=0.0093	calls=1
SITE	qmetric	mod.rs:2265	gen_s=0.0085	calls=1
SITE	qmetric	mod.rs:2204	gen_s=0.0067	calls=1
SITE	qmetric	mod.rs:2002	gen_s=0.0013	calls=1
SITE	qmetric	mod.rs:1897	gen_s=0.0012	calls=1
SITES	qmultistart	total_s=2.1007	sites=8
SITE	qmultistart	mod.rs:2161	gen_s=1.9603	calls=8
SITE	qmultistart	mod.rs:2141	gen_s=0.1002	calls=1
SITE	qmultistart	mod.rs:2184	gen_s=0.0132	calls=4
SITE	qmultistart	mod.rs:2245	gen_s=0.0093	calls=1
SITE	qmultistart	mod.rs:2265	gen_s=0.0085	calls=1
SITE	qmultistart	mod.rs:2204	gen_s=0.0067	calls=1
SITE	qmultistart	mod.rs:2002	gen_s=0.0013	calls=1
SITE	qmultistart	mod.rs:1897	gen_s=0.0012	calls=1
SITES	sub10k	total_s=2.1007	sites=8
SITE	sub10k	mod.rs:2161	gen_s=1.9603	calls=8
SITE	sub10k	mod.rs:2141	gen_s=0.1002	calls=1
SITE	sub10k	mod.rs:2184	gen_s=0.0132	calls=4
SITE	sub10k	mod.rs:2245	gen_s=0.0093	calls=1
SITE	sub10k	mod.rs:2265	gen_s=0.0085	calls=1
SITE	sub10k	mod.rs:2204	gen_s=0.0067	calls=1
SITE	sub10k	mod.rs:2002	gen_s=0.0013	calls=1
SITE	sub10k	mod.rs:1897	gen_s=0.0012	calls=1
SITES	sub10k-followup	total_s=2.1007	sites=8
SITE	sub10k-followup	mod.rs:2161	gen_s=1.9603	calls=8
SITE	sub10k-followup	mod.rs:2141	gen_s=0.1002	calls=1
SITE	sub10k-followup	mod.rs:2184	gen_s=0.0132	calls=4
SITE	sub10k-followup	mod.rs:2245	gen_s=0.0093	calls=1
SITE	sub10k-followup	mod.rs:2265	gen_s=0.0085	calls=1
SITE	sub10k-followup	mod.rs:2204	gen_s=0.0067	calls=1
SITE	sub10k-followup	mod.rs:2002	gen_s=0.0013	calls=1
SITE	sub10k-followup	mod.rs:1897	gen_s=0.0012	calls=1
SITES	amf-extra	total_s=2.1007	sites=8
SITE	amf-extra	mod.rs:2161	gen_s=1.9603	calls=8
SITE	amf-extra	mod.rs:2141	gen_s=0.1002	calls=1
SITE	amf-extra	mod.rs:2184	gen_s=0.0132	calls=4
SITE	amf-extra	mod.rs:2245	gen_s=0.0093	calls=1
SITE	amf-extra	mod.rs:2265	gen_s=0.0085	calls=1
SITE	amf-extra	mod.rs:2204	gen_s=0.0067	calls=1
SITE	amf-extra	mod.rs:2002	gen_s=0.0013	calls=1
SITE	amf-extra	mod.rs:1897	gen_s=0.0012	calls=1
SITES	heavy-qmetric	total_s=2.1007	sites=8
SITE	heavy-qmetric	mod.rs:2161	gen_s=1.9603	calls=8
SITE	heavy-qmetric	mod.rs:2141	gen_s=0.1002	calls=1
SITE	heavy-qmetric	mod.rs:2184	gen_s=0.0132	calls=4
SITE	heavy-qmetric	mod.rs:2245	gen_s=0.0093	calls=1
SITE	heavy-qmetric	mod.rs:2265	gen_s=0.0085	calls=1
SITE	heavy-qmetric	mod.rs:2204	gen_s=0.0067	calls=1
SITE	heavy-qmetric	mod.rs:2002	gen_s=0.0013	calls=1
SITE	heavy-qmetric	mod.rs:1897	gen_s=0.0012	calls=1
SITES	heavy-nodense-amd	total_s=2.1007	sites=8
SITE	heavy-nodense-amd	mod.rs:2161	gen_s=1.9603	calls=8
SITE	heavy-nodense-amd	mod.rs:2141	gen_s=0.1002	calls=1
SITE	heavy-nodense-amd	mod.rs:2184	gen_s=0.0132	calls=4
SITE	heavy-nodense-amd	mod.rs:2245	gen_s=0.0093	calls=1
SITE	heavy-nodense-amd	mod.rs:2265	gen_s=0.0085	calls=1
SITE	heavy-nodense-amd	mod.rs:2204	gen_s=0.0067	calls=1
SITE	heavy-nodense-amd	mod.rs:2002	gen_s=0.0013	calls=1
SITE	heavy-nodense-amd	mod.rs:1897	gen_s=0.0012	calls=1
SITES	metis-shapes	total_s=2.1007	sites=8
SITE	metis-shapes	mod.rs:2161	gen_s=1.9603	calls=8
SITE	metis-shapes	mod.rs:2141	gen_s=0.1002	calls=1
SITE	metis-shapes	mod.rs:2184	gen_s=0.0132	calls=4
SITE	metis-shapes	mod.rs:2245	gen_s=0.0093	calls=1
SITE	metis-shapes	mod.rs:2265	gen_s=0.0085	calls=1
SITE	metis-shapes	mod.rs:2204	gen_s=0.0067	calls=1
SITE	metis-shapes	mod.rs:2002	gen_s=0.0013	calls=1
SITE	metis-shapes	mod.rs:1897	gen_s=0.0012	calls=1
SITES	relabel-amf	total_s=2.1007	sites=8
SITE	relabel-amf	mod.rs:2161	gen_s=1.9603	calls=8
SITE	relabel-amf	mod.rs:2141	gen_s=0.1002	calls=1
SITE	relabel-amf	mod.rs:2184	gen_s=0.0132	calls=4
SITE	relabel-amf	mod.rs:2245	gen_s=0.0093	calls=1
SITE	relabel-amf	mod.rs:2265	gen_s=0.0085	calls=1
SITE	relabel-amf	mod.rs:2204	gen_s=0.0067	calls=1
SITE	relabel-amf	mod.rs:2002	gen_s=0.0013	calls=1
SITE	relabel-amf	mod.rs:1897	gen_s=0.0012	calls=1
SITES	heavy-relabel-amf	total_s=2.7209	sites=19
SITE	heavy-relabel-amf	mod.rs:2161	gen_s=1.9603	calls=8
SITE	heavy-relabel-amf	mod.rs:2922	gen_s=0.1544	calls=96
SITE	heavy-relabel-amf	mod.rs:2515	gen_s=0.1368	calls=84
SITE	heavy-relabel-amf	mod.rs:2571	gen_s=0.1139	calls=72
SITE	heavy-relabel-amf	mod.rs:2141	gen_s=0.1002	calls=1
SITE	heavy-relabel-amf	mod.rs:2615	gen_s=0.0786	calls=48
SITE	heavy-relabel-amf	mod.rs:2853	gen_s=0.0629	calls=48
SITE	heavy-relabel-amf	mod.rs:3008	gen_s=0.0287	calls=16
SITE	heavy-relabel-amf	mod.rs:3023	gen_s=0.0212	calls=16
SITE	heavy-relabel-amf	mod.rs:2458	gen_s=0.0132	calls=12
SITE	heavy-relabel-amf	mod.rs:2184	gen_s=0.0132	calls=4
SITE	heavy-relabel-amf	mod.rs:2245	gen_s=0.0093	calls=1
SITE	heavy-relabel-amf	mod.rs:2265	gen_s=0.0085	calls=1
SITE	heavy-relabel-amf	mod.rs:2411	gen_s=0.0072	calls=7
SITE	heavy-relabel-amf	mod.rs:2204	gen_s=0.0067	calls=1
SITE	heavy-relabel-amf	mod.rs:2432	gen_s=0.0021	calls=2
SITE	heavy-relabel-amf	mod.rs:2002	gen_s=0.0013	calls=1
SITE	heavy-relabel-amf	mod.rs:2423	gen_s=0.0013	calls=1
SITE	heavy-relabel-amf	mod.rs:1897	gen_s=0.0012	calls=1
LADGATE	2031	10000	1.124	1
LIFT	chimera_selby-c16-02	2031	1436	15878	1436
COUNTS	chimera_selby-c16-02	2031	10878	4280329	2298102
