
+--------------------------------------------------+
| Update available: v2026.09.10-3 -> v2026.09.12-1 |
| Run `yukon update` to update                     |
+--------------------------------------------------+

[2m$[22m bash -lc "bash scripts/local-candidate-build.sh && cargo run --release"
local-candidate-build: building ssi-candidate-worker under bubblewrap (network denied)
   Compiling crossbeam-utils v0.8.21
   Compiling proc-macro2 v1.0.106
   Compiling unicode-ident v1.0.24
   Compiling autocfg v1.5.1
   Compiling quote v1.0.46
   Compiling feral-ordering-core v0.2.1
   Compiling serde_core v1.0.228
   Compiling zmij v1.0.21
   Compiling rayon-core v1.13.0
   Compiling version_check v0.9.5
   Compiling libm v0.2.16
   Compiling paste v1.0.15
   Compiling bitflags v2.13.0
   Compiling serde_json v1.0.150
   Compiling serde v1.0.228
   Compiling bytemuck v1.25.0
   Compiling either v1.16.0
   Compiling memchr v2.8.2
   Compiling pulp-wasm-simd-flag v0.1.1
   Compiling cfg-if v1.0.4
   Compiling reborrow v0.5.5
   Compiling itoa v1.0.18
   Compiling raw-cpuid v11.6.0
   Compiling feral-amd v0.2.1
   Compiling feral-amf v0.2.1
   Compiling pulp v0.22.3
   Compiling feral-metis v0.2.1
   Compiling num-traits v0.2.19
   Compiling feral-scotch v0.2.1
   Compiling feral-kahip v0.2.1
   Compiling crossbeam-epoch v0.9.18
   Compiling syn v2.0.118
   Compiling crossbeam-deque v0.8.6
   Compiling num-complex v0.4.6
   Compiling rayon v1.12.0
   Compiling serde_derive v1.0.228
   Compiling feral v0.11.0
