warning: unused doc comment
    --> candidate-worker/src/../../src/ordering/mod.rs:1253:1
     |
1253 | / /// TEST-ONLY sweep switch for the mid-size `rgreedy` stream opened by the 0154
1254 | | /// engine census. Returns `(ops_budget, gate_variant, stream_count)`; a zero
1255 | | /// budget disables the stream, which is what production compiles to — the
1256 | | /// switch can never change a submitted ordering. Configured through
1257 | | /// `SSI_MID_ENGINE="<variant>:<budget>[:<streams>]"` so one build can sweep
1258 | | /// several gate/budget points.
     | |_------------------------------^
     |   |
     |   rustdoc does not generate documentation for macro invocations
     |
     = help: to document an item produced by a macro, the macro must produce the documentation as part of its expansion
     = note: `#[warn(unused_doc_comments)]` (part of `#[warn(unused)]`) on by default

warning: unused doc comment
    --> candidate-worker/src/../../src/ordering/mod.rs:1539:1
     |
1539 | / /// TEST-ONLY kill switch for the heavy-tier arm (metrics + no-dense AMD +
1540 | | /// extra AMF α), so a probe can A/B the arm in one process.
     | |_-----------------------------------------------------------^
     |   |
     |   rustdoc does not generate documentation for macro invocations
     |
     = help: to document an item produced by a macro, the macro must produce the documentation as part of its expansion

warning: unused doc comment
   --> candidate-worker/src/../../src/ordering/parallel.rs:335:1
    |
335 | / /// TEST-ONLY switch forcing every batch onto the sequential path, so a probe
336 | | /// can run the SAME `order()` both ways in one process and compare the
337 | | /// returned permutations element by element. Production builds compile
338 | | /// [`force_sequential`] down to a constant `false`.
    | |_---------------------------------------------------^
    |   |
    |   rustdoc does not generate documentation for macro invocations
    |
    = help: to document an item produced by a macro, the macro must produce the documentation as part of its expansion

warning: unused doc comment
   --> candidate-worker/src/../../src/ordering/parallel.rs:369:1
    |
369 | / /// TEST-ONLY per-phase wall-clock marks: `phase_mark(label, t0)` appends
370 | | /// `(label, secs since t0)`; `phase_take()` drains them. Lets a probe see which
371 | | /// stage of `order()` sets a row's critical path. Never compiled into the
372 | | /// shipped binary.
    | |_------------------^
    |   |
    |   rustdoc does not generate documentation for macro invocations
    |
    = help: to document an item produced by a macro, the macro must produce the documentation as part of its expansion

warning: unused doc comment
    --> candidate-worker/src/../../src/ordering/mod.rs:5022:5
     |
5022 | /     /// ── 0192: the window is the frontier's own chain scope ─────────────────
5023 | |     /// The chain no longer reaches above n = 10 000 (see `PEO_ALT_MAX_N`), so
5024 | |     /// the draw takes over the whole band the chain used to own. Measured on the
5025 | |     /// 300 dev rows: with the window at 50 000 instead of 12 000 the draw adds
...    |
5031 | |     /// spender there), and its worst row is 1.127 s against the frontier's
5032 | |     /// 1.160 s base, so the wide band stays below the frontier's own footprint.
     | |________________________________________________________________________________^
5033 |       #[cfg(test)]
5034 | /     let window_n: usize = std::env::var("SSI_TERM_WIN_N")
5035 | |         .ok()
5036 | |         .and_then(|v| v.trim().parse::<usize>().ok())
5037 | |         .unwrap_or(50_000);
     | |___________________________- rustdoc does not generate documentation for statements
     |
     = help: use `//` for a plain comment

warning: unused doc comment
    --> candidate-worker/src/../../src/ordering/mod.rs:5174:9
     |
5174 | /         /// `nnz < 3n` = the sparse band of the 0184 price law (66 of the 300 dev
5175 | |         /// rows, all of them in-window). Structural, never per-matrix.
     | |_______________________________________________________________________^
5176 | /         let shipped_ladder = || {
5177 | |             if nnz < 3 * n {
5178 | |                 SHIPPED_SPARSE_LADDER.to_vec()
5179 | |             } else {
...    |
5182 | |         };
     | |__________- rustdoc does not generate documentation for statements
     |
     = help: use `//` for a plain comment

warning: variable does not need to be mutable
    --> candidate-worker/src/../../src/ordering/probe.rs:4151:9
     |
4151 |     let mut next = |s: &mut u64| -> u64 {
     |         ----^^^^
     |         |
     |         help: remove this `mut`
     |
     = note: `#[warn(unused_mut)]` (part of `#[warn(unused)]`) on by default

warning: value assigned to `d` is never read
   --> candidate-worker/src/../../src/ordering/rgreedy.rs:433:29
    |
433 |                 let mut d = 0u32;
    |                             ^^^^
    |
    = help: maybe it is overwritten before being read?
    = note: `#[warn(unused_assignments)]` (part of `#[warn(unused)]`) on by default

warning: constant `SUBTREE_MAX_N` is never used
   --> candidate-worker/src/../../src/ordering/mod.rs:900:7
    |
900 | const SUBTREE_MAX_N: usize = 250_000;
    |       ^^^^^^^^^^^^^
    |
    = note: `#[warn(dead_code)]` (part of `#[warn(unused)]`) on by default

warning: function `refine` is never used
  --> candidate-worker/src/../../src/ordering/completion.rs:12:15
   |
12 | pub(super) fn refine(
   |               ^^^^^^

warning: function `audit_enabled` is never used
   --> candidate-worker/src/../../src/ordering/symbolic_flat.rs:316:15
    |
316 | pub(super) fn audit_enabled() -> bool {
    |               ^^^^^^^^^^^^^

warning: type alias `PermFn` is never used
  --> candidate-worker/src/../../src/ordering/parallel.rs:80:17
   |
80 | pub(crate) type PermFn<'a> = Box<dyn Fn() -> Option<Vec<usize>> + Sync + 'a>;
   |                 ^^^^^^

warning: function `run_perms` is never used
   --> candidate-worker/src/../../src/ordering/parallel.rs:189:15
    |
189 | pub(crate) fn run_perms(
    |               ^^^^^^^^^

warning: function `accept` is never used
   --> candidate-worker/src/../../src/ordering/parallel.rs:314:15
    |
314 | pub(crate) fn accept(results: &mut [CandOut], best_flops: &mut u64, best_perm: &mut Vec<usize>) -> bool {
    |               ^^^^^^

warning: function `minl_is_clique` is never used
   --> candidate-worker/src/../../src/ordering/minl.rs:134:4
    |
134 | fn minl_is_clique(adj: &[Vec<u32>], c: &[u32], ops: &mut i64) -> bool {
    |    ^^^^^^^^^^^^^^

warning: function `minl_try_delete_edge` is never used
   --> candidate-worker/src/../../src/ordering/minl.rs:230:4
    |
230 | fn minl_try_delete_edge(
    |    ^^^^^^^^^^^^^^^^^^^^

warning: function `run_sequential_180` is never used
   --> candidate-worker/src/../../src/ordering/indep_first.rs:725:4
    |
725 | fn run_sequential_180(sp: &ScoringPattern, ledger: u64) -> Option<(u64, Vec<usize>)> {
    |    ^^^^^^^^^^^^^^^^^^

warning: function `reset` is never used
   --> candidate-worker/src/../../src/ordering/mod.rs:560:19
    |
560 |     pub(crate) fn reset() {
    |                   ^^^^^

warning: `ssi-candidate-worker` (bin "ssi-candidate-worker" test) generated 18 warnings (run `cargo fix --bin "ssi-candidate-worker" -p ssi-candidate-worker --tests` to apply 1 suggestion)
    Finished `release` profile [optimized] target(s) in 0.01s
     Running unittests src/main.rs (target/probe/release/deps/ssi_candidate_worker-9bc17c144118ca64)

running 1 test
test ordering::probe::probe_timing_and_score ... LADGATE	357	45000	0.212	1
LIFT	slay06m	357	147	660	147
COUNTS	slay06m	357	1080	4025	4025
LADGATE	401	45000	0.240	1
LIFT	sssd25-08	401	89	640	89
COUNTS	sssd25-08	401	1200	5389	5389
LADGATE	4772	45000	0.613	1
LIFT	rsyn0810m04m	4772	2520	9996	2520
COUNTS	rsyn0810m04m	4772	13836	147553	113207
LIFT	pooling_sppc3pq	23173	12327	872032	12327
COUNTS	pooling_sppc3pq	23173	893724	1153877333	325595394
LADGATE	1131	45000	0.553	1
LIFT	sporttournament48	1131	721	7408	721
COUNTS	sporttournament48	1131	6676	919582	592120
LADGATE	5030	45000	0.408	1
LIFT	pooling_sppa9pq	5030	2509	126346	2509
COUNTS	pooling_sppa9pq	5030	120730	23971280	15130622
LADGATE	1053	45000	0.308	1
LIFT	edgecross10-090	1053	571	4240	571
COUNTS	edgecross10-090	1053	5204	126115	103179
LIFT	maxcsp-ehi-85-297-71	2372	2075	216272	2075
COUNTS	maxcsp-ehi-85-297-71	2372	207996	1381768944	1110971341
LADGATE	30	45000	0.166	1
COUNTS	st_bpaf1a	30	120	623	580
LADGATE	1462	45000	0.475	1
LIFT	risk2bpb	1462	628	4030	628
COUNTS	risk2bpb	1462	5396	118471	66041
LADGATE	255	45000	0.134	1
LIFT	qap	255	225	49148	225
COUNTS	qap	255	43748	3802533	3650113
LADGATE	7252	45000	0.558	1
LIFT	rsyn0830m04m	7252	3744	14872	3744
COUNTS	rsyn0830m04m	7252	20752	212130	171516
LADGATE	1073	45000	0.266	1
LIFT	lop97icx	1073	155	1760	155
COUNTS	lop97icx	1073	2118	79286	64044
LADGATE	1201	45000	0.225	1
LIFT	chain400	1201	800	3196	800
COUNTS	chain400	1201	4796	16382	16382
LADGATE	9532	45000	0.708	1
LIFT	mpbp_07	9532	5704	23110	5704
COUNTS	mpbp_07	9532	30810	1368477	1248083
LADGATE	440	45000	0.315	1
LIFT	sonetgr17	440	317	2712	317
COUNTS	sonetgr17	440	2958	37814	30971
LADGATE	2207	45000	0.617	1
LIFT	p_ball_30b_7p_2d_h	2207	1415	5932	1415
COUNTS	p_ball_30b_7p_2d_h	2207	7516	42456	42319
LADGATE	19995	45000	0.757	1
LIFT	pinene200	19995	15795	89590	15795
COUNTS	pinene200	19995	97990	1358716	1133065
LIFT	unitcommit_200_100_1_mod_8	146830	73272	329560	73272
COUNTS	unitcommit_200_100_1_mod_8	146830	476332	3053940	2981835
LADGATE	123	45000	0.272	1
LIFT	ex8_3_9	123	101	766	101
COUNTS	ex8_3_9	123	834	15050	11503
LADGATE	2486	45000	0.605	1
LIFT	rsyn0820m02m	2486	1364	4808	1364
COUNTS	rsyn0820m02m	2486	6932	38190	35625
LADGATE	293	45000	0.247	1
LIFT	p_ball_10b_5p_2d_m	293	119	716	119
COUNTS	p_ball_10b_5p_2d_m	293	964	6648	6547
LADGATE	170	45000	0.213	1
LIFT	pooling_adhya4tp	170	93	806	93
COUNTS	pooling_adhya4tp	170	936	26842	20581
LADGATE	7295	45000	0.293	1
LIFT	squfl015-080persp	7295	2495	12000	2495
COUNTS	squfl015-080persp	7295	21600	74520	74520
LADGATE	1053	45000	0.319	1
LIFT	edgecross10-080	1053	571	4976	571
COUNTS	edgecross10-080	1053	5940	170814	164639
LADGATE	590	45000	0.291	1
LIFT	clay0204hfsg	590	278	1184	278
COUNTS	clay0204hfsg	590	1696	7198	6562
LADGATE	13	45000	0.116	1
COUNTS	st_bsj2	13	40	143	114
LADGATE	440	45000	0.422	1
LIFT	chimera_mgw-c8-439-onc8-002	440	418	3060	418
COUNTS	chimera_mgw-c8-439-onc8-002	440	3038	97870	86320
LADGATE	5188	45000	0.662	1
LIFT	batchs201210m	5188	2645	13208	2645
COUNTS	batchs201210m	5188	17910	349298	303381
LADGATE	5456	45000	0.666	1
LIFT	rsyn0815m04m	5456	2966	10968	2966
COUNTS	rsyn0815m04m	5456	15756	184352	143402
LADGATE	560	45000	0.288	1
LIFT	syn40m	560	291	1080	291
COUNTS	syn40m	560	1528	5007	4829
LADGATE	2157	45000	0.276	1
LIFT	knp5-44	2157	1167	31152	1167
COUNTS	knp5-44	2157	32604	3764003	3764003
LADGATE	94	45000	0.188	1
LIFT	ex1263a	94	59	320	59
COUNTS	ex1263a	94	390	2098	2098
COUNTS	st_e41	8	32	88	88
LADGATE	2305	45000	0.650	1
LIFT	squfl025-030	2305	805	3000	805
COUNTS	squfl025-030	2305	6000	42305	42305
LADGATE	98	45000	0.239	1
LIFT	wastewater05m1	98	62	740	62
COUNTS	wastewater05m1	98	536	11690	8002
COUNTS	cvxnonsep_psig20	20	380	2870	2870
LADGATE	4405	45000	0.179	1
LIFT	meanvar-orl400_05_e_8	4405	2403	168400	2403
COUNTS	meanvar-orl400_05_e_8	4405	171604	21923414	21922611
LADGATE	301	45000	0.260	1
LIFT	st_e31	301	163	492	163
COUNTS	st_e31	301	744	4534	4257
LIFT	pooling_sppc1pq	14100	7273	535700	7273
COUNTS	pooling_sppc1pq	14100	477680	812210652	136686008
LADGATE	31	45000	0.166	1
COUNTS	pooling_haverly1pq	31	96	412	403
LADGATE	128	45000	0.223	1
LIFT	graphpart_3g-0244-0244	128	96	672	96
COUNTS	graphpart_3g-0244-0244	128	672	33446	32534
LADGATE	80	45000	0.230	1
LIFT	graphpart_clique-20	80	77	1254	77
COUNTS	graphpart_clique-20	80	1260	34885	27856
LADGATE	28368	45000	0.793	1
LIFT	mpbp_48	28368	16000	66180	16000
COUNTS	mpbp_48	28368	91016	33835023	16084044
LIFT	pooling_sppb5pq	18529	9496	693670	9496
COUNTS	pooling_sppb5pq	18529	674470	523815053	213571545
LADGATE	497	45000	0.237	1
LIFT	slay07m	497	203	924	203
COUNTS	slay07m	497	1512	5740	5740
COUNTS	nvs19	24	200	1353	884
LADGATE	3270	45000	0.511	1
LIFT	oil	3270	1687	5444	1687
COUNTS	oil	3270	8430	36313	34760
LADGATE	2775	45000	0.841	1
LIFT	squfl015-060	2775	975	3600	975
COUNTS	squfl015-060	2775	7200	36400	36400
LADGATE	1112	45000	0.448	1
LIFT	ndcc12persp	1112	961	5220	961
COUNTS	ndcc12persp	1112	5522	299115	284793
LIFT	kissing2	20772	10772	381024	10772
COUNTS	kissing2	20772	401024	156414018	156414018
LADGATE	1942	45000	0.571	1
LIFT	nuclear25a	1942	755	18260	755
COUNTS	nuclear25a	1942	16030	1977163	1136191
LADGATE	222	45000	0.213	1
LIFT	clay0204m	222	102	464	102
COUNTS	clay0204m	222	704	2330	2330
LADGATE	23	45000	0.131	1
COUNTS	st_ph13	23	68	207	178
LADGATE	1053	45000	0.391	1
LIFT	edgecross10-030	1053	573	5134	573
COUNTS	edgecross10-030	1053	4654	135854	100080
LADGATE	601	45000	0.242	1
LIFT	chain200	601	400	1596	400
COUNTS	chain200	601	2396	8182	8182
LADGATE	25	45000	0.165	1
COUNTS	ex1223b	25	66	178	178
LADGATE	2718	45000	0.553	1
LIFT	slay09h	2718	1206	5040	1206
COUNTS	slay09h	2718	7488	36057	32385
LADGATE	974	45000	0.481	1
LIFT	ndcc12	974	902	6222	902
COUNTS	ndcc12	974	5982	345696	329556
LADGATE	1306	45000	0.419	1
LIFT	kall_circlesrectangles_c6r39	1306	924	4638	924
COUNTS	kall_circlesrectangles_c6r39	1306	5378	75744	74610
LADGATE	9170	45000	0.518	1
LIFT	squfl020-150	9170	3170	12000	3170
COUNTS	squfl020-150	9170	24000	135020	135020
COUNTS	autocorr_bern40-30	43	1534	20034	20034
LADGATE	660	45000	0.265	1
LIFT	slay08m	660	268	1232	268
COUNTS	slay08m	660	2016	7796	7796
LADGATE	2032	45000	0.587	1
LIFT	chimera_mgw-c16-2031-01	2032	2021	15902	2021
COUNTS	chimera_mgw-c16-2031-01	2032	15900	3328073	2569662
LADGATE	713	45000	0.370	1
LIFT	forest	713	404	2076	404
COUNTS	forest	713	2658	10614	10543
LADGATE	280	45000	0.170	1
LIFT	qspp_0_10_0_1_10_1	280	244	29450	244
COUNTS	qspp_0_10_0_1_10_1	280	29636	1942907	1932414
LADGATE	16	45000	0.136	1
COUNTS	st_ph1	16	58	274	233
LADGATE	124	45000	0.187	1
LIFT	elf	124	65	258	65
COUNTS	elf	124	376	2733	2173
LADGATE	18	45000	0.137	1
COUNTS	ex3_1_3	18	36	90	83
COUNTS	cvxnonsep_normcon40r	162	322	645	645
LADGATE	155	45000	0.250	1
LIFT	demo7	155	66	448	66
COUNTS	demo7	155	618	3579	3426
LADGATE	615	45000	0.364	1
LIFT	waternd2	615	338	2036	338
COUNTS	waternd2	615	2580	155674	74817
LADGATE	64	45000	0.201	1
LIFT	prolog	64	42	248	42
COUNTS	prolog	64	292	1245	1225
LADGATE	11	45000	0.110	1
COUNTS	ex14_1_8	11	30	80	80
LIFT	faclay75	272878	137826	1109602	137826
COUNTS	faclay75	272878	1379706	3204527350	3013800414
LADGATE	55	45000	0.130	1
LIFT	st_qpk3	55	33	504	33
COUNTS	st_qpk3	55	548	5467	3762
LADGATE	11556	45000	0.553	1
LIFT	mpbp_34	11556	7230	32172	7230
COUNTS	mpbp_34	11556	40860	3093917	891022
COUNTS	cvxnonsep_normcon20r	82	162	325	325
COUNTS	cvxnonsep_psig20r	86	170	341	341
LADGATE	18742	45000	0.716	1
LIFT	crudeoil_pooling_dt2	18742	10735	60222	10735
COUNTS	crudeoil_pooling_dt2	18742	75910	14985540	9912852
LADGATE	2868	45000	0.875	1
LIFT	rsyn0805m03m	2868	1596	5810	1596
COUNTS	rsyn0805m03m	2868	8270	60979	54830
COUNTS	st_iqpbk1	22	98	295	295
LADGATE	96	45000	0.260	1
LIFT	waterund01	96	47	384	47
COUNTS	waterund01	96	404	4546	3317
LADGATE	29	45000	0.152	1
COUNTS	pointpack04	29	120	577	577
LADGATE	12	45000	0.100	1
COUNTS	st_e22	12	30	77	70
LADGATE	16678	45000	0.627	1
LIFT	faclay30	16678	8556	65998	8556
COUNTS	faclay30	16678	82242	13452923	12850431
LADGATE	4432	45000	0.461	1
LIFT	arki0002	4432	2608	9424	2608
COUNTS	arki0002	4432	11248	683476	667374
LADGATE	11659	45000	0.791	1
LIFT	transswitch0300p	11659	6750	41276	6750
COUNTS	transswitch0300p	11659	48446	404940	375469
LADGATE	30660	45000	0.845	1
LIFT	crudeoil_pooling_dt3	30660	15957	134914	15957
COUNTS	crudeoil_pooling_dt3	30660	152210	48975085	34668823
LADGATE	22536	45000	0.679	1
LIFT	gasprod_sarawak81	22536	12902	61066	12902
COUNTS	gasprod_sarawak81	22536	75636	1030380	939449
LADGATE	660	45000	0.435	1
LIFT	maxcsp-langford-3-11	660	627	41846	627
COUNTS	maxcsp-langford-3-11	660	29646	33444033	10360919
LADGATE	1543	45000	0.394	1
LIFT	p_ball_30b_5p_2d_h	1543	999	4136	999
COUNTS	p_ball_30b_5p_2d_h	1543	5224	25843	25742
LADGATE	6709	45000	0.503	1
LIFT	ringpack_20_3	6709	3451	41284	3451
COUNTS	ringpack_20_3	6709	45220	2415136	865627
LADGATE	4825	45000	0.721	1
LIFT	waste	4825	2503	19260	2503
COUNTS	waste	4825	21504	1468261	1270649
LADGATE	2001	45000	0.306	1
LIFT	catmix400	2001	1998	11180	1998
COUNTS	catmix400	2001	11192	36373	36364
LADGATE	3054	45000	0.566	1
LIFT	rsyn0815m02hfsg	3054	1697	5478	1697
COUNTS	rsyn0815m02hfsg	3054	7968	44604	41384
LADGATE	1236	45000	0.319	1
LIFT	p_ball_10b_7p_3d_h	1236	751	3216	751
COUNTS	p_ball_10b_7p_3d_h	1236	4186	24380	23744
LADGATE	1225	45000	0.669	1
LIFT	chimera_k64ising-02	1225	772	3732	772
COUNTS	chimera_k64ising-02	1225	3846	613390	371142
LADGATE	3404	45000	0.609	1
LIFT	batchs121208m	3404	1725	8392	1725
COUNTS	batchs121208m	3404	11462	138030	128816
LADGATE	11	45000	0.115	1
COUNTS	nvs02	11	46	142	142
LADGATE	191	45000	0.270	1
LIFT	wastepaper6	191	156	1358	156
COUNTS	wastepaper6	191	1416	16611	16611
LADGATE	399	45000	0.262	1
LIFT	syn15hfsg	399	221	666	221
COUNTS	syn15hfsg	399	1022	3300	3272
LADGATE	36	45000	0.171	1
LIFT	st_jcbpaf2	36	23	220	23
COUNTS	st_jcbpaf2	36	246	1635	1543
COUNTS	camshape400	2000	7188	16768	16768
LADGATE	120	45000	0.271	1
LIFT	graphpart_clique-30	120	117	2784	117
COUNTS	graphpart_clique-30	120	2790	114505	91153
LADGATE	280	45000	0.227	1
LIFT	graphpart_clique-70	280	277	14904	277
COUNTS	graphpart_clique-70	280	14910	1413012	1144894
COUNTS	smallinvDAXr1b010-011	39	1120	13510	13319
LADGATE	22074	45000	0.520	1
LIFT	nd_netgen-2000-3-4-b-a-ns_7	22074	10074	36000	10074
COUNTS	nd_netgen-2000-3-4-b-a-ns_7	22074	60000	289420	272736
LADGATE	240	45000	0.224	1
LIFT	slay05m	240	100	440	100
COUNTS	slay05m	240	720	2635	2635
LADGATE	2031	45000	1.165	1
LIFT	chimera_selby-c16-01	2031	1517	13662	1517
COUNTS	chimera_selby-c16-01	2031	10964	3605628	2404634
LADGATE	110	45000	0.190	1
LIFT	csched1	110	30	100	30
COUNTS	csched1	110	376	975	975
LADGATE	1310	45000	0.145	1
LIFT	watercontamination0303r	1310	755	35918	755
COUNTS	watercontamination0303r	1310	37028	2171882	2171882
LADGATE	15	45000	0.123	1
COUNTS	ex9_2_4	15	36	117	117
LADGATE	163	45000	0.190	1
LIFT	sssd15-04	163	47	240	47
COUNTS	sssd15-04	163	440	1625	1625
COUNTS	autocorr_bern35-35fix	38	1264	16214	16214
LADGATE	1491	45000	0.365	1
LIFT	sfacloc2_4_90	1491	775	3282	775
COUNTS	sfacloc2_4_90	1491	4500	31682	28843
LIFT	cont6-qq	120395	79800	397602	79800
COUNTS	cont6-qq	120395	557994	835894090	581918900
LADGATE	5205	45000	0.165	1
LIFT	meanvar-orl400_05_e_7	5205	2803	170000	2803
COUNTS	meanvar-orl400_05_e_7	5205	174804	21939414	21935811
LADGATE	10017	45000	0.359	1
LIFT	glider400	10017	7609	43204	7609
COUNTS	glider400	10017	49624	373018	327407
LADGATE	4960	45000	0.674	1
LIFT	syn40m04m	4960	2524	9280	2524
COUNTS	syn40m04m	4960	13792	65982	63265
LADGATE	31	45000	0.169	1
COUNTS	ex2_1_3	31	72	189	189
LADGATE	705	45000	0.554	1
LIFT	qapw	705	480	87046	480
COUNTS	qapw	705	87496	12183146	12183146
LADGATE	14	45000	0.121	1
COUNTS	himmel11	14	60	198	198
LADGATE	1908	45000	0.412	1
LIFT	syn15m04m	1908	970	3540	970
COUNTS	syn15m04m	1908	5288	26094	25061
LADGATE	118	45000	0.246	1
LIFT	pooling_rt2tp	118	66	554	66
COUNTS	pooling_rt2tp	118	654	5876	5796
LADGATE	333	45000	0.314	1
LIFT	waterund14	333	191	2068	191
COUNTS	waterund14	333	2204	200484	72184
LADGATE	17809	45000	1.219	1
LIFT	crudeoil_lee4_10	17809	10229	106656	10229
COUNTS	crudeoil_lee4_10	17809	120632	294531623	182492049
LADGATE	1294	45000	0.524	1
LIFT	pooling_foulds4pq	1294	723	7208	723
COUNTS	pooling_foulds4pq	1294	8302	138692	138540
LADGATE	3097	45000	0.370	1
LIFT	edgecross14-156	3097	1641	21120	1641
COUNTS	edgecross14-156	3097	19664	1487933	1376964
LADGATE	72	45000	0.217	1
LIFT	tspn08	72	34	646	34
COUNTS	tspn08	72	668	11074	7600
LADGATE	4225	45000	0.624	1
LIFT	crudeoil_li05	4225	2656	17380	2656
COUNTS	crudeoil_li05	4225	14628	680022	533453
LADGATE	14416	45000	0.763	1
LIFT	procurement1large	14416	6606	28248	6606
COUNTS	procurement1large	14416	41068	13858240	7325395
LADGATE	1428	45000	0.362	1
LIFT	blend721	1428	829	3334	829
COUNTS	blend721	1428	4548	77560	66143
LADGATE	2031	45000	1.216	1
LIFT	chimera_selby-c16-02	2031	1436	15878	1436
COUNTS	chimera_selby-c16-02	2031	10878	4280329	2297782
LADGATE	16640	45000	0.553	1
LIFT	supplychainr1_053050	16640	9640	44160	9640
COUNTS	supplychainr1_053050	16640	57800	2173490	2173490
LADGATE	5067	45000	0.841	1
LIFT	sfacloc2_4_80	5067	2567	16656	2567
COUNTS	sfacloc2_4_80	5067	21424	93048	88884
COUNTS	st_e24	10	26	64	57
LADGATE	1053	45000	0.386	1
LIFT	edgecross10-040	1053	571	4152	571
COUNTS	edgecross10-040	1053	5116	161851	143518
LADGATE	8232	45000	0.428	1
LIFT	sonet21v6	8232	4221	32722	4221
COUNTS	sonet21v6	8232	40744	1643311	1585871
LADGATE	2490	45000	0.730	1
LIFT	squfl010-080	2490	890	3200	890
COUNTS	squfl010-080	2490	6400	27665	27665
LADGATE	221	45000	0.247	1
LIFT	genpooling_lee2	221	145	896	145
COUNTS	genpooling_lee2	221	1048	19895	14028
LADGATE	2807	45000	0.684	1
LIFT	popdynm25	2807	2349	13004	2349
COUNTS	popdynm25	2807	13904	360081	286728
LADGATE	5211	45000	0.838	1
LIFT	chp_partload	5211	3186	12690	3186
COUNTS	chp_partload	5211	16740	509170	373130
LADGATE	560	45000	0.266	1
LIFT	qspp_0_14_0_1_10_1	560	364	119024	364
COUNTS	qspp_0_14_0_1_10_1	560	120274	16119226	16038266
LADGATE	24	45000	0.151	1
COUNTS	st_glmp_ss1	24	66	160	160
LADGATE	2508	45000	0.516	1
LIFT	torsion50	2508	1302	20190	1302
COUNTS	torsion50	2508	29808	1691033	1118955
LADGATE	40	45000	0.191	1
LIFT	st_rv2	40	10	90	10
COUNTS	st_rv2	40	340	2045	2045
LADGATE	6885	45000	0.277	1
LIFT	emfl100_3_3	6885	2961	8100	2961
COUNTS	emfl100_3_3	6885	15948	55506	55506
COUNTS	pedigree_sim400	351	23546	1183471	1183168
COUNTS	polygon75	5846	49652	1171822	1171822
LIFT	gabriel10	244056	129644	1260406	129644
COUNTS	gabriel10	244056	1148210	1365442310	1267760679
LADGATE	1049	45000	0.319	1
LIFT	fo9_ar25_1	1049	507	3606	507
COUNTS	fo9_ar25_1	1049	4336	41668	38237
LADGATE	1159	45000	0.350	1
LIFT	rsyn0840m	1159	610	2176	610
COUNTS	rsyn0840m	1159	3168	11274	10602
LADGATE	548	45000	0.417	1
LIFT	gancns	548	318	2280	318
COUNTS	gancns	548	2800	69234	58299
LADGATE	1049	45000	0.312	1
LIFT	o9_ar4_1	1049	507	3606	507
COUNTS	o9_ar4_1	1049	4336	41668	38237
LADGATE	123	45000	0.276	1
LIFT	ex1265a	123	79	472	79
COUNTS	ex1265a	123	560	3948	3750
LADGATE	28	45000	0.167	1
COUNTS	ex9_2_6	28	68	190	190
LADGATE	481	45000	0.210	1
LIFT	qspp_0_13_0_1_10_1	481	312	87460	312
COUNTS	qspp_0_13_0_1_10_1	481	88522	10150185	10097446
LADGATE	146	45000	0.226	1
LIFT	slay04m	146	62	264	62
COUNTS	slay04m	146	432	1554	1554
COUNTS	st_e25	20	92	336	262
LADGATE	32	45000	0.183	1
LIFT	ex8_4_1	32	12	40	12
COUNTS	ex8_4_1	32	100	225	225
LADGATE	19	45000	0.166	1
COUNTS	st_e07	19	60	199	199
LADGATE	26	45000	0.165	1
COUNTS	ex1225	26	66	171	161
LADGATE	969	45000	0.521	1
LIFT	ndcc13	969	735	6656	735
COUNTS	ndcc13	969	5882	525212	324727
LADGATE	1224	45000	0.306	1
LIFT	syn10m04m	1224	620	2256	620
COUNTS	syn10m04m	1224	3384	13501	13463
LADGATE	18	45000	0.156	1
COUNTS	ex5_2_4	18	62	204	193
LADGATE	72	45000	0.221	1
LIFT	st_m2	72	21	420	21
COUNTS	st_m2	72	1226	16331	16331
LADGATE	16	45000	0.142	1
COUNTS	st_bpk1	16	44	115	108
LADGATE	736	45000	0.607	1
LIFT	multiplants_stg1	736	321	3112	321
COUNTS	multiplants_stg1	736	3594	197998	155496
LADGATE	11251	45000	0.770	1
LIFT	powerflow0300p	11251	6342	34748	6342
COUNTS	powerflow0300p	11251	41918	304705	290096
LADGATE	33155	45000	0.544	1
LIFT	nd_netgen-3000-1-1-b-b-ns_7	33155	15155	54000	15155
COUNTS	nd_netgen-3000-1-1-b-b-ns_7	33155	90000	922197	883821
LADGATE	803	45000	0.505	1
LIFT	sonet23v4	803	547	5952	547
COUNTS	sonet23v4	803	6462	139703	94348
LADGATE	1649	45000	0.461	1
LIFT	pooling_sppa0pq	1649	1648	24190	1648
COUNTS	pooling_sppa0pq	1649	24192	3745896	1187945
LADGATE	645	45000	0.602	1
LIFT	multiplants_mtg1b	645	406	4016	406
COUNTS	multiplants_mtg1b	645	4404	229415	152043
LADGATE	338	45000	0.252	1
LIFT	sssd18-08persp	338	138	768	138
COUNTS	sssd18-08persp	338	1168	4654	4654
LADGATE	19	45000	0.165	1
COUNTS	ex9_1_2	19	54	188	179
LADGATE	3670	45000	0.877	1
LIFT	crudeoil_lee1_07	3670	1957	17600	1957
COUNTS	crudeoil_lee1_07	3670	19322	4746188	3506339
LADGATE	31	45000	0.176	1
COUNTS	pooling_haverly1tp	31	96	423	403
LADGATE	230	45000	0.231	1
LIFT	waterund08	230	120	1760	120
COUNTS	waterund08	230	1290	35284	30110
LADGATE	76	45000	0.162	1
LIFT	kall_diffcircles_6	76	45	240	45
COUNTS	kall_diffcircles_6	76	302	1511	1511
LADGATE	440	45000	0.456	1
LIFT	chimera_mgw-c8-439-onc8-001	440	423	3066	423
COUNTS	chimera_mgw-c8-439-onc8-001	440	3040	106479	80090
LADGATE	160	45000	0.266	1
LIFT	waterund11	160	91	642	91
COUNTS	waterund11	160	828	14818	10705
LADGATE	16364	45000	0.783	1
LIFT	chp_shorttermplan2d	16364	8902	38240	8902
COUNTS	chp_shorttermplan2d	16364	52108	4089003	2054862
LADGATE	156	45000	0.306	1
LIFT	sporttournament18	156	136	810	136
COUNTS	sporttournament18	156	886	17568	13608
COUNTS	cvxnonsep_psig30	30	870	9455	9455
LADGATE	6089	45000	0.489	1
LIFT	ringpack_20_2	6089	3132	37034	3132
COUNTS	ringpack_20_2	6089	40368	1872174	707413
LADGATE	1386	45000	0.352	1
LIFT	blend718	1386	808	3138	808
COUNTS	blend718	1386	4310	70355	61466
LADGATE	115	45000	0.290	1
LIFT	wastepaper4	115	50	654	50
COUNTS	wastepaper4	115	724	9711	7183
LADGATE	2450	45000	0.641	1
LIFT	squfl010-040persp	2450	850	4000	850
COUNTS	squfl010-040persp	2450	7200	22825	22825
LADGATE	10429	45000	1.001	1
LIFT	crudeoil_lee4_06	10429	6797	109128	6797
COUNTS	crudeoil_lee4_06	10429	55492	65337120	32442584
LADGATE	1746	45000	0.620	1
LIFT	netmod_kar1	1746	798	3664	798
COUNTS	netmod_kar1	1746	4928	56838	43864
LADGATE	14	45000	0.122	1
COUNTS	ex8_1_7	14	46	137	128
LADGATE	108	45000	0.216	1
LIFT	graphpart_3g-0333-0333	108	81	648	81
COUNTS	graphpart_3g-0333-0333	108	648	44928	36228
LADGATE	760	45000	0.329	1
LIFT	slay05h	760	340	1400	340
COUNTS	slay05h	760	2080	9815	8795
LADGATE	156	45000	0.292	1
LIFT	korcns	156	92	598	92
COUNTS	korcns	156	712	7241	6599
LADGATE	5065	45000	0.758	1
LIFT	powerflow0118p	5065	2810	15480	2810
COUNTS	powerflow0118p	5065	18730	121503	117327
LADGATE	4799	45000	0.848	1
LIFT	sfacloc2_3_80	4799	2402	16046	2402
COUNTS	sfacloc2_3_80	4799	20600	84672	81119
LADGATE	6028	45000	0.629	1
LIFT	rsyn0820m04m	6028	3144	12532	3144
COUNTS	rsyn0820m04m	6028	17372	196890	152748
LADGATE	1046	45000	0.275	1
LIFT	hydroenergy1	1046	570	2164	570
COUNTS	hydroenergy1	1046	3024	14089	14089
LADGATE	181	45000	0.201	1
LIFT	maxmin	181	103	1284	103
COUNTS	maxmin	181	1440	8405	8405
LADGATE	8	45000	0.113	1
COUNTS	st_ht	8	18	51	44
LADGATE	6418	45000	0.949	1
LIFT	crudeoil_lee2_06	6418	4139	66598	4139
COUNTS	crudeoil_lee2_06	6418	34646	23299675	15940414
LADGATE	3183	45000	0.533	1
LIFT	kan_r3_h1_n4	3183	2301	12330	2301
COUNTS	kan_r3_h1_n4	3183	14062	104945	98697
LADGATE	378	45000	0.302	1
LIFT	primary	378	222	5294	222
COUNTS	primary	378	5610	109639	95258
LADGATE	1071	45000	0.304	1
LIFT	syn10m03hfsg	1071	591	1812	591
COUNTS	syn10m03hfsg	1071	2772	9890	9812
LADGATE	36	45000	0.200	1
LIFT	wastewater02m1	36	24	118	24
COUNTS	wastewater02m1	36	138	848	790
LADGATE	4620	45000	0.412	1
LIFT	supplychainr1_022020	4620	2680	11920	2680
COUNTS	supplychainr1_022020	4620	15680	273140	273100
LADGATE	3800	45000	0.281	1
LIFT	squfl025-025persp	3800	1300	6250	1300
COUNTS	squfl025-025persp	3800	11250	49925	49925
LADGATE	17999	45000	1.051	1
LIFT	ringpack_30_2	17999	9231	103922	9231
COUNTS	ringpack_30_2	17999	121458	12394600	2864237
LIFT	nuclear104	39098	26306	232222	26306
COUNTS	nuclear104	39098	257806	103156931	78332024
LADGATE	4952	45000	0.665	1
LIFT	chp_shorttermplan1a	4952	2592	11264	2592
COUNTS	chp_shorttermplan1a	4952	15700	376486	299565
LADGATE	555	45000	0.449	1
LIFT	rocket50	555	450	3272	450
COUNTS	rocket50	555	3488	19983	19265
LADGATE	8508	45000	0.777	1
LIFT	rsyn0840m04m	8508	4368	17360	4368
COUNTS	rsyn0840m04m	8508	24272	229914	185785
LADGATE	11716	45000	0.673	1
LIFT	mpbp_21	11716	6945	28072	6945
COUNTS	mpbp_21	11716	37660	1691114	1456963
LADGATE	172	45000	0.237	1
LIFT	orth_d4m6_pl	172	92	896	92
COUNTS	orth_d4m6_pl	172	1096	10938	10703
LADGATE	1681	45000	0.593	1
LIFT	kall_circlespolygons_c1p5b	1681	1245	6560	1245
COUNTS	kall_circlespolygons_c1p5b	1681	7432	201759	193841
LIFT	acopf_case9241pegase_qcqp	313068	201757	1141270	201757
COUNTS	acopf_case9241pegase_qcqp	313068	1292408	34647355	33736789
LADGATE	33	45000	0.181	1
LIFT	ex1223	33	18	54	18
COUNTS	ex1223	33	82	244	244
LADGATE	10	45000	0.130	1
COUNTS	ex6_1_4	10	48	197	153
LADGATE	403	45000	0.292	1
LIFT	powerflow0014r	403	234	1432	234
COUNTS	powerflow0014r	403	1630	10761	10361
LADGATE	2065	45000	0.284	1
LIFT	knp5-43	2065	1119	29756	1119
COUNTS	knp5-43	2065	31132	3517788	3517788
LADGATE	21688	45000	0.810	1
LIFT	gabriel09	21688	11348	105698	11348
COUNTS	gabriel09	21688	89702	29373994	25696822
LADGATE	32	45000	0.179	1
LIFT	tln2	32	18	60	18
COUNTS	tln2	32	88	233	233
LADGATE	22	45000	0.160	1
COUNTS	prob02	22	76	267	232
LADGATE	1422	45000	0.442	1
LIFT	blend146	1422	826	3252	826
COUNTS	blend146	1422	4460	78102	64296
LADGATE	4518	45000	0.503	1
LIFT	mpbp_46	4518	2728	10872	2728
COUNTS	mpbp_46	4518	14492	499547	447603
LADGATE	413	45000	0.385	1
LIFT	tls6	413	291	2630	291
COUNTS	tls6	413	2860	18483	17511
LADGATE	21925	45000	0.538	1
LIFT	emfl100_5_5	21925	9425	27300	9425
COUNTS	emfl100_5_5	21925	52300	221650	221650
LADGATE	341	45000	0.201	1
LIFT	qspp_0_11_0_1_10_1	341	220	43506	220
COUNTS	qspp_0_11_0_1_10_1	341	44264	3563707	3531915
LADGATE	403	45000	0.292	1
LIFT	p_ball_10b_5p_4d_m	403	169	1116	169
COUNTS	p_ball_10b_5p_4d_m	403	1484	13581	13288
LADGATE	90	45000	0.263	1
LIFT	st_rv9	90	70	800	70
COUNTS	st_rv9	90	840	6691	6321
LADGATE	3486	45000	0.592	1
LIFT	rsyn0840m02m	3486	1876	6568	1876
COUNTS	rsyn0840m02m	3486	9576	47529	44981
LADGATE	22	45000	0.168	1
COUNTS	nvs05	22	84	277	266
COUNTS	autocorr_bern25-19	28	612	5278	5278
LADGATE	356	45000	0.268	1
LIFT	sssd20-08persp	356	140	800	140
COUNTS	sssd20-08persp	356	1232	4960	4960
LADGATE	827	45000	0.786	1
LIFT	multiplants_stg5	827	310	3480	310
COUNTS	multiplants_stg5	827	3804	377794	155722
LADGATE	2032	45000	0.743	1
LIFT	chimera_rfr-02	2032	2012	15234	2012
COUNTS	chimera_rfr-02	2032	15140	3860441	2486435
LADGATE	726	45000	0.603	1
LIFT	multiplants_stg1a	726	304	2994	304
COUNTS	multiplants_stg1a	726	3510	142058	121443
LADGATE	170	45000	0.235	1
LIFT	pooling_adhya4pq	170	93	790	93
COUNTS	pooling_adhya4pq	170	932	24314	16556
LADGATE	17493	45000	0.868	1
LIFT	nuclear10a	17493	15309	159656	15309
COUNTS	nuclear10a	17493	163816	82406325	55282795
LADGATE	874	45000	0.526	1
LIFT	sonet24v5	874	595	6704	595
COUNTS	sonet24v5	874	7260	185654	110276
LIFT	transswitch2736spr	69651	44696	297260	44696
COUNTS	transswitch2736spr	69651	331010	7933133	7281507
LADGATE	8992	45000	0.536	1
LIFT	chp_shorttermplan2a	8992	4760	18484	4760
COUNTS	chp_shorttermplan2a	8992	26288	821014	575280
LADGATE	1001	45000	0.239	1
LIFT	catmix200	1001	998	5580	998
COUNTS	catmix200	1001	5592	18173	18164
COUNTS	nvs23	27	252	1921	1221
LADGATE	20	45000	0.145	1
COUNTS	oaer	20	40	107	107
LADGATE	168	45000	0.187	1
LIFT	hybriddynamic_fixed	168	80	250	80
COUNTS	hybriddynamic_fixed	168	388	1103	1103
LADGATE	16747	45000	0.720	1
LIFT	edgecross24-115	16747	8651	85448	8651
COUNTS	edgecross24-115	16747	77352	35096942	28302197
LADGATE	1178	45000	0.322	1
LIFT	space25	1178	243	1212	243
COUNTS	space25	1178	4334	23567	22528
LADGATE	23999	45000	0.679	1
LIFT	methanol400	23999	19199	142128	19199
COUNTS	methanol400	23999	151728	2586036	1820644
LADGATE	1218	45000	0.588	1
LIFT	pooling_foulds5tp	1218	659	7246	659
COUNTS	pooling_foulds5tp	1218	8364	251833	171941
LADGATE	5040	45000	0.723	1
LIFT	pooling_sppa9tp	5040	2642	116234	2642
COUNTS	pooling_sppa9tp	5040	121302	104609262	16877457
COUNTS	st_miqp2	10	18	37	37
COUNTS	autocorr_bern30-23	33	878	8940	8940
LADGATE	9858	45000	0.736	1
LIFT	mpbp_15	9858	5550	25800	5550
COUNTS	mpbp_15	9858	31692	1496502	1164013
COUNTS	cvxnonsep_psig30r	126	250	501	501
LADGATE	1590	45000	0.453	1
LIFT	rsyn0830hfsg	1590	876	2784	876
COUNTS	rsyn0830hfsg	1590	4100	16168	15383
LADGATE	1271	45000	0.580	1
LIFT	crudeoil_pooling_ct1	1271	722	3626	722
COUNTS	crudeoil_pooling_ct1	1271	4642	125127	93863
LADGATE	800	45000	0.635	1
LIFT	multiplants_stg1c	800	326	3346	326
COUNTS	multiplants_stg1c	800	3894	150039	143020
LADGATE	11	45000	0.125	1
COUNTS	st_pan1	11	32	123	94
LADGATE	814	45000	0.676	1
LIFT	multiplants_stg1b	814	337	3456	337
COUNTS	multiplants_stg1b	814	3992	308612	187593
LADGATE	11999	45000	0.609	1
LIFT	methanol200	11999	9599	71328	9599
COUNTS	methanol200	11999	76128	1290836	905945
LADGATE	26778	45000	0.578	1
LIFT	faclay35	26778	13686	106196	13686
COUNTS	faclay35	26778	132380	33630126	32021838
LADGATE	13175	45000	0.288	1
LIFT	emfl050_5_5	13175	5675	17300	5675
COUNTS	emfl050_5_5	13175	32300	155400	155400
LIFT	transswitch2383wpr	59853	37844	247952	37844
COUNTS	transswitch2383wpr	59853	277562	3946309	3861509
LADGATE	1120	45000	0.548	1
LIFT	chimera_lga-01	1120	721	5500	721
COUNTS	chimera_lga-01	1120	6400	668019	497058
LADGATE	4596	45000	0.737	1
LIFT	gasprod_sarawak16	4596	2632	12316	2632
COUNTS	gasprod_sarawak16	4596	15316	213850	196064
LADGATE	15904	45000	1.120	1
LIFT	crudeoil_lee4_09	15904	10632	92014	10632
COUNTS	crudeoil_lee4_09	15904	101792	208785578	129666887
LADGATE	44909	45000	0.926	1
LIFT	arki0013	44909	18463	161472	18463
COUNTS	arki0013	44909	160172	390472987	156522747
LADGATE	42	45000	0.165	1
LIFT	st_m1	42	11	110	11
COUNTS	st_m1	42	432	3097	3097
LADGATE	5310	45000	0.769	1
LIFT	mpbp_47	5310	3182	12798	3182
COUNTS	mpbp_47	5310	17098	730624	652208
LADGATE	821	45000	0.437	1
LIFT	rsyn0815m	821	434	1516	434
COUNTS	rsyn0815m	821	2242	8260	7745
LADGATE	7993	45000	1.097	1
LIFT	arki0016	7993	4968	26810	4968
COUNTS	arki0016	7993	37208	878890	835794
LADGATE	18	45000	0.148	1
COUNTS	st_glmp_ss2	18	48	121	121
LADGATE	2670	45000	0.747	1
LIFT	rsyn0810m02hfsg	2670	1484	4808	1484
COUNTS	rsyn0810m02hfsg	2670	6964	36862	34672
LADGATE	55	45000	0.157	1
LIFT	pointpack06	55	34	234	34
COUNTS	pointpack06	55	276	1497	1497
LADGATE	6328	45000	0.378	1
LIFT	syn40m04hfsg	6328	3492	11224	3492
COUNTS	syn40m04hfsg	6328	16896	76232	73557
LADGATE	258	45000	0.228	1
LIFT	clay0304m	258	122	576	122
COUNTS	clay0304m	258	840	2742	2742
LADGATE	1218	45000	0.475	1
LIFT	pooling_foulds5pq	1218	655	7342	655
COUNTS	pooling_foulds5pq	1218	8300	159641	159641
LADGATE	1000	45000	0.409	1
LIFT	clay0305hfsg	1000	485	2050	485
COUNTS	clay0305hfsg	1000	2910	12260	11240
LADGATE	64	45000	0.210	1
LIFT	st_test8	64	44	192	44
COUNTS	st_test8	64	232	2343	1964
LIFT	gams05	17364	8487	278504	8487
COUNTS	gams05	17364	252910	6179750712	3259322396
LADGATE	31	45000	0.187	1
COUNTS	sporttournament08	31	156	862	862
LADGATE	1121	45000	0.387	1
LIFT	powerflow0030p	1121	642	3468	642
COUNTS	powerflow0030p	1121	4194	24944	23642
LADGATE	22407	45000	0.920	1
LIFT	popdynm200	22407	18799	98384	18799
COUNTS	popdynm200	22407	105584	2567878	2405378
LADGATE	11120	45000	0.783	1
LIFT	mpbp_35	11120	6920	32350	6920
COUNTS	mpbp_35	11120	40790	3037207	975441
LADGATE	1492	45000	0.454	1
LIFT	syn30m02m	1492	762	2608	762
COUNTS	syn30m02m	1492	3936	13752	13455
LADGATE	481	45000	0.404	1
LIFT	wastewater13m1	481	353	3026	353
COUNTS	wastewater13m1	481	3252	60135	60068
LADGATE	1022	45000	0.318	1
LIFT	syn40hfsg	1022	573	1726	573
COUNTS	syn40hfsg	1022	2624	8432	8155
LADGATE	69	45000	0.193	1
LIFT	sep1	69	36	150	36
COUNTS	sep1	69	206	1097	1047
LADGATE	2508	45000	0.560	1
LIFT	syn30m03m	2508	1278	4542	1278
COUNTS	syn30m03m	2508	6804	26806	26552
COUNTS	st_qpc-m3a	30	304	2330	1574
LADGATE	2644	45000	1.198	1
LIFT	crudeoil_pooling_ct3	2644	1586	9346	1586
COUNTS	crudeoil_pooling_ct3	2644	11426	1381490	865101
LADGATE	634	45000	0.394	1
LIFT	space25a	634	417	2530	417
COUNTS	space25a	634	3246	29078	27875
COUNTS	autocorr_bern20-15	23	394	2784	2784
LADGATE	35	45000	0.179	1
LIFT	ex7_2_1	35	21	106	21
COUNTS	ex7_2_1	35	134	352	341
LADGATE	2092	45000	0.756	1
LIFT	hydroenergy2	2092	1090	4556	1090
COUNTS	hydroenergy2	2092	6236	69051	56014
LADGATE	514	45000	0.384	1
LIFT	pooling_digabel19	514	296	5918	296
COUNTS	pooling_digabel19	514	5340	325989	274903
LADGATE	132	45000	0.224	1
LIFT	clay0203m	132	63	282	63
COUNTS	clay0203m	132	420	1348	1348
LADGATE	13680	45000	0.409	1
LIFT	squfl030-150	13680	4680	18000	4680
COUNTS	squfl030-150	13680	36000	252605	252605

--- every order() call, slowest first (TSV) ---
secs	matrix	n	nnz	ratio
1.6277	ringpack_30_2	17999	121458	0.2311
1.5281	nd_netgen-3000-1-1-b-b-ns_7	33155	90000	0.9584
1.5223	chimera_selby-c16-02	2031	10878	0.5368
1.4905	arki0013	44909	160172	0.4009
1.4467	chimera_selby-c16-01	2031	10964	0.6669
1.4271	crudeoil_lee4_10	17809	120632	0.6196
1.3866	crudeoil_pooling_ct3	2644	11426	0.6262
1.3829	gasprod_sarawak81	22536	75636	0.9118
1.3357	arki0016	7993	37208	0.9510
1.3172	pinene200	19995	97990	0.8339
1.2889	crudeoil_lee4_09	15904	101792	0.6211
1.2649	procurement1large	14416	41068	0.5286
1.2334	crudeoil_pooling_dt3	30660	152210	0.7079
1.1872	popdynm200	22407	105584	0.9367
1.1853	emfl100_5_5	21925	52300	1.0000
1.1777	crudeoil_lee4_06	10429	55492	0.4965
1.1766	mpbp_48	28368	91016	0.4754
1.1686	transswitch0300p	11659	48446	0.9272
1.1639	chp_shorttermplan2d	16364	52108	0.5025
1.1567	nd_netgen-2000-3-4-b-a-ns_7	22074	60000	0.9424
1.1549	gabriel09	21688	89702	0.8748
1.1400	faclay30	16678	82242	0.9552
1.1393	crudeoil_lee2_06	6418	34646	0.6841
1.1299	mpbp_35	11120	40790	0.3212
1.1263	powerflow0300p	11251	41918	0.9521
1.1174	chp_partload	5211	16740	0.7328
1.1143	acopf_case9241pegase_qcqp	313068	1292408	0.9737
1.1117	nuclear10a	17493	163816	0.6709
1.0719	rsyn0840m04m	8508	24272	0.8081
1.0198	gams05	17364	252910	0.5274
1.0136	mpbp_15	9858	31692	0.7778
1.0133	sfacloc2_4_80	5067	21424	0.9552
1.0125	sfacloc2_3_80	4799	20600	0.9580
1.0109	crudeoil_lee1_07	3670	19322	0.7388
1.0073	gabriel10	244056	1148210	0.9285
1.0053	rsyn0805m03m	2868	8270	0.8992
1.0022	powerflow0118p	5065	18730	0.9656
1.0007	supplychainr1_053050	16640	57800	1.0000
0.9967	gasprod_sarawak16	4596	15316	0.9168
0.9876	nuclear104	39098	257806	0.7593
0.9868	edgecross24-115	16747	77352	0.8064
0.9712	crudeoil_pooling_dt2	18742	75910	0.6615
0.9543	mpbp_07	9532	30810	0.9120
0.9491	methanol400	23999	151728	0.7040
0.9470	faclay35	26778	132380	0.9522
0.9253	mpbp_47	5310	17098	0.8927
0.9015	popdynm25	2807	13904	0.7963
0.8976	squfl015-060	2775	7200	1.0000
0.8942	mpbp_21	11716	37660	0.8615
0.8905	multiplants_stg5	827	3804	0.4122
0.8872	chimera_rfr-02	2032	15140	0.6441
0.8852	waste	4825	21504	0.8654
0.8812	hydroenergy2	2092	6236	0.8112
0.8724	rsyn0815m04m	5456	15756	0.7779
0.8703	mpbp_34	11556	40860	0.2880
0.8512	multiplants_stg1b	814	3992	0.6079
0.8505	rsyn0810m02hfsg	2670	6964	0.9406
0.8474	chimera_k64ising-02	1225	3846	0.6051
0.8436	rsyn0820m04m	6028	17372	0.7758
0.8425	methanol200	11999	76128	0.7018
0.8413	crudeoil_li05	4225	14628	0.7845
0.8375	chp_shorttermplan1a	4952	15700	0.7957
0.8166	batchs201210m	5188	17910	0.8685
0.7916	rsyn0830m04m	7252	20752	0.8085
0.7909	syn40m04m	4960	13792	0.9588
0.7894	faclay75	272878	1379706	0.9405
0.7866	squfl010-080	2490	6400	1.0000
0.7865	multiplants_stg1	736	3594	0.7853
0.7862	multiplants_stg1c	800	3894	0.9532
0.7850	multiplants_mtg1b	645	4404	0.6627
0.7843	multiplants_stg1a	726	3510	0.8549
0.7813	kall_circlespolygons_c1p5b	1681	7432	0.9608
0.7761	rsyn0810m04m	4772	13836	0.7672
0.7559	rsyn0840m02m	3486	9576	0.9464
0.7548	p_ball_30b_7p_2d_h	2207	7516	0.9968
0.7539	nuclear25a	1942	16030	0.5747
0.7538	chp_shorttermplan2a	8992	26288	0.7007
0.7489	batchs121208m	3404	11462	0.9332
0.7471	sonet24v5	874	7260	0.5940
0.7466	crudeoil_pooling_ct1	1271	4642	0.7501
0.7443	pooling_sppc3pq	23173	893724	0.2822
0.7382	pooling_sppa9tp	5040	121302	0.1613
0.7359	rsyn0820m02m	2486	6932	0.9328
0.7351	netmod_kar1	1746	4928	0.7717
0.7219	chimera_mgw-c16-2031-01	2032	15900	0.7721
0.7216	pooling_foulds5tp	1218	8364	0.6828
0.7207	sonet23v4	803	6462	0.6753
0.7173	ndcc13	969	5882	0.6183
0.7150	squfl025-030	2305	6000	1.0000
0.7132	rsyn0815m02hfsg	3054	7968	0.9278
0.7101	sporttournament48	1131	6676	0.6439
0.7007	ndcc12	974	5982	0.9533
0.6948	mpbp_46	4518	14492	0.8960
0.6941	chimera_lga-01	1120	6400	0.7441
0.6850	squfl010-040persp	2450	7200	1.0000
0.6739	qapw	705	87496	1.0000
0.6702	squfl020-150	9170	24000	1.0000
0.6676	pooling_sppa0pq	1649	24192	0.3171
0.6642	catmix400	2001	11192	0.9998
0.6607	kan_r3_h1_n4	3183	14062	0.9405
0.6519	pooling_foulds4pq	1294	8302	0.9989
0.6510	transswitch2383wpr	59853	277562	0.9785
0.6492	torsion50	2508	29808	0.6617
0.6458	ringpack_20_3	6709	45220	0.3584
0.6454	syn30m03m	2508	6804	0.9905
0.6446	pooling_sppb5pq	18529	674470	0.4077
0.6420	ringpack_20_2	6089	40368	0.3779
0.6399	sonet21v6	8232	40744	0.9650
0.6207	risk2bpb	1462	5396	0.5574
0.6202	chimera_mgw-c8-439-onc8-001	440	3040	0.7522
0.6192	rocket50	555	3488	0.9641
0.6181	pooling_foulds5pq	1218	8300	1.0000
0.6174	slay09h	2718	7488	0.8982
0.6142	blend146	1422	4460	0.8232
0.6087	arki0002	4432	11248	0.9764
0.6061	oil	3270	8430	0.9572
0.6028	squfl030-150	13680	36000	1.0000
0.5977	rsyn0830hfsg	1590	4100	0.9514
0.5901	syn30m02m	1492	3936	0.9784
0.5842	gancns	548	2800	0.8421
0.5821	maxcsp-langford-3-11	660	29646	0.3098
0.5802	ndcc12persp	1112	5522	0.9521
0.5727	transswitch2736spr	69651	331010	0.9179
0.5712	rsyn0815m	821	2242	0.9377
0.5705	kall_circlesrectangles_c6r39	1306	5378	0.9850
0.5692	chimera_mgw-c8-439-onc8-002	440	3038	0.8820
0.5657	supplychainr1_022020	4620	15680	0.9999
0.5597	syn40m04hfsg	6328	16896	0.9649
0.5594	glider400	10017	49624	0.8777
0.5537	clay0305hfsg	1000	2910	0.9168
0.5528	space25a	634	3246	0.9586
0.5327	powerflow0030p	1121	4194	0.9478
0.5323	syn15m04m	1908	5288	0.9604
0.5295	wastewater13m1	481	3252	0.9989
0.5257	p_ball_30b_5p_2d_h	1543	5224	0.9961
0.5251	sfacloc2_4_90	1491	4500	0.9104
0.5244	unitcommit_200_100_1_mod_8	146830	476332	0.9764
0.5172	tls6	413	2860	0.9474
0.5164	catmix200	1001	5592	0.9995
0.5123	forest	713	2658	0.9933
0.5121	pooling_digabel19	514	5340	0.8433
0.5033	blend721	1428	4548	0.8528
0.4985	edgecross10-040	1053	5116	0.8867
0.4984	waternd2	615	2580	0.4806
0.4922	blend718	1386	4310	0.8737
0.4890	edgecross10-030	1053	4654	0.7367
0.4775	emfl050_5_5	13175	32300	1.0000
0.4740	p_ball_10b_7p_3d_h	1236	4186	0.9739
0.4710	edgecross14-156	3097	19664	0.9254
0.4568	chain400	1201	4796	1.0000
0.4513	rsyn0840m	1159	3168	0.9404
0.4468	pooling_sppc1pq	14100	477680	0.1683
0.4407	waterund14	333	2204	0.3600
0.4391	chain200	601	2396	1.0000
0.4373	slay05h	760	2080	0.8961
0.4329	fo9_ar25_1	1049	4336	0.9177
0.4319	cont6-qq	120395	557994	0.6962
0.4309	space25	1178	4334	0.9559
0.4284	sonetgr17	440	2958	0.8190
0.4265	sporttournament18	156	886	0.7746
0.4253	o9_ar4_1	1049	4336	0.9177
0.4241	pooling_sppa9pq	5030	120730	0.6312
0.4201	squfl015-080persp	7295	21600	1.0000
0.4184	syn40hfsg	1022	2624	0.9671
0.4144	korcns	156	712	0.9113
0.4131	knp5-44	2157	32604	1.0000
0.4127	primary	378	5610	0.8688
0.4123	knp5-43	2065	31132	1.0000
0.4091	edgecross10-080	1053	5940	0.9638
0.4073	emfl100_3_3	6885	15948	1.0000
0.4034	syn10m04m	1224	3384	0.9972
0.4002	kissing2	20772	401024	1.0000
0.3958	p_ball_10b_5p_4d_m	403	1484	0.9784
0.3951	ex1265a	123	560	0.9498
0.3947	edgecross10-090	1053	5204	0.8181
0.3921	graphpart_clique-30	120	2790	0.7961
0.3917	powerflow0014r	403	1630	0.9628
0.3907	wastepaper4	115	724	0.7397
0.3899	syn40m	560	1528	0.9644
0.3871	hydroenergy1	1046	3024	1.0000
0.3855	wastepaper6	191	1416	1.0000
0.3837	sssd20-08persp	356	1232	1.0000
0.3823	syn10m03hfsg	1071	2772	0.9921
0.3767	waterund11	160	828	0.7224
0.3679	ex8_3_9	123	834	0.7643
0.3642	clay0204hfsg	590	1696	0.9116
0.3640	slay08m	660	2016	1.0000
0.3638	sssd18-08persp	338	1168	1.0000
0.3615	qspp_0_14_0_1_10_1	560	120274	0.9950
0.3613	st_rv9	90	840	0.9447
0.3528	waterund01	96	404	0.7297
0.3515	squfl025-025persp	3800	11250	1.0000
0.3509	genpooling_lee2	221	1048	0.7051
0.3450	wastewater05m1	98	536	0.6845
0.3441	p_ball_10b_5p_2d_m	293	964	0.9848
0.3417	pooling_adhya4pq	170	932	0.6809
0.3409	lop97icx	1073	2118	0.8078
0.3375	demo7	155	618	0.9573
0.3366	pooling_rt2tp	118	654	0.9864
0.3364	graphpart_clique-70	280	14910	0.8103
0.3363	st_e31	301	744	0.9389
0.3351	graphpart_clique-20	80	1260	0.7985
0.3301	graphpart_3g-0244-0244	128	672	0.9727
0.3300	orth_d4m6_pl	172	1096	0.9785
0.3270	waterund08	230	1290	0.8534
0.3255	slay07m	497	1512	1.0000
0.3187	graphpart_3g-0333-0333	108	648	0.8064
0.3174	clay0304m	258	840	1.0000
0.3128	clay0203m	132	420	1.0000
0.3123	slay05m	240	720	1.0000
0.3094	st_m2	72	1226	1.0000
0.3068	st_test8	64	232	0.8382
0.3064	pooling_adhya4tp	170	936	0.7667
0.3035	tspn08	72	668	0.6863
0.3032	sssd25-08	401	1200	1.0000
0.3025	syn15hfsg	399	1022	0.9915
0.3004	meanvar-orl400_05_e_7	5205	174804	0.9998
0.3002	qspp_0_13_0_1_10_1	481	88522	0.9948
0.2989	clay0204m	222	704	1.0000
0.2939	slay06m	357	1080	1.0000
0.2903	qspp_0_11_0_1_10_1	341	44264	0.9911
0.2897	wastewater02m1	36	138	0.9316
0.2891	prolog	64	292	0.9839
0.2888	csched1	110	376	1.0000
0.2875	meanvar-orl400_05_e_8	4405	171604	1.0000
0.2835	ex1263a	94	390	1.0000
0.2812	st_rv2	40	340	1.0000
0.2810	maxcsp-ehi-85-297-71	2372	207996	0.8040
0.2746	elf	124	376	0.7951
0.2738	sporttournament08	31	156	1.0000
0.2728	maxmin	181	1440	1.0000
0.2682	ex8_4_1	32	100	1.0000
0.2602	ex7_2_1	35	134	0.9688
0.2580	slay04m	146	432	1.0000
0.2573	pooling_haverly1tp	31	96	0.9527
0.2530	st_jcbpaf2	36	246	0.9437
0.2505	hybriddynamic_fixed	168	388	1.0000
0.2492	nvs05	22	84	0.9603
0.2463	qspp_0_10_0_1_10_1	280	29636	0.9946
0.2456	st_e07	19	60	1.0000
0.2452	st_m1	42	432	1.0000
0.2441	st_bpaf1a	30	120	0.9310
0.2437	pooling_haverly1pq	31	96	0.9782
0.2399	kall_diffcircles_6	76	302	1.0000
0.2346	pointpack04	29	120	1.0000
0.2345	prob02	22	76	0.8689
0.2334	ex5_2_4	18	62	0.9461
0.2322	watercontamination0303r	1310	37028	1.0000
0.2320	sssd15-04	163	440	1.0000
0.2308	pointpack06	55	276	1.0000
0.2263	qap	255	43748	0.9599
0.2227	sep1	69	206	0.9544
0.2088	ex1223	33	82	1.0000
0.2041	tln2	32	88	1.0000
0.2008	st_ph1	16	58	0.8504
0.1946	ex6_1_4	10	48	0.7766
0.1944	ex8_1_7	14	46	0.9343
0.1938	ex2_1_3	31	72	1.0000
0.1911	himmel11	14	60	1.0000
0.1897	ex9_2_6	28	68	1.0000
0.1893	st_qpk3	55	548	0.6881
0.1877	ex1223b	25	66	1.0000
0.1867	ex9_1_2	19	54	0.9521
0.1864	ex1225	26	66	0.9415
0.1811	nvs02	11	46	1.0000
0.1760	st_bsj2	13	40	0.7972
0.1720	st_glmp_ss1	24	66	1.0000
0.1703	st_glmp_ss2	18	48	1.0000
0.1646	oaer	20	40	1.0000
0.1630	st_bpk1	16	44	0.9391
0.1532	ex3_1_3	18	36	0.9222
0.1507	st_ph13	23	68	0.8599
0.1453	ex9_2_4	15	36	1.0000
0.1418	st_pan1	11	32	0.7642
0.1296	st_ht	8	18	0.8627
0.1265	ex14_1_8	11	30	1.0000
0.1165	st_e22	12	30	0.9091
0.0002	polygon75	5846	49652	1.0000
0.0001	pedigree_sim400	351	23546	0.9997
0.0000	camshape400	2000	7188	1.0000
0.0000	autocorr_bern40-30	43	1534	1.0000
0.0000	smallinvDAXr1b010-011	39	1120	0.9859
0.0000	autocorr_bern35-35fix	38	1264	1.0000
0.0000	autocorr_bern30-23	33	878	1.0000
0.0000	autocorr_bern25-19	28	612	1.0000
0.0000	cvxnonsep_psig30	30	870	1.0000
0.0000	autocorr_bern20-15	23	394	1.0000
0.0000	st_qpc-m3a	30	304	0.6755
0.0000	cvxnonsep_psig20	20	380	1.0000
0.0000	nvs23	27	252	0.6356
0.0000	nvs19	24	200	0.6534
0.0000	st_iqpbk1	22	98	1.0000
0.0000	st_e25	20	92	0.7798
0.0000	cvxnonsep_normcon40r	162	322	1.0000
0.0000	cvxnonsep_psig30r	126	250	1.0000
0.0000	st_e41	8	32	1.0000
0.0000	st_e24	10	26	0.8906
0.0000	cvxnonsep_normcon20r	82	162	1.0000
0.0000	st_miqp2	10	18	1.0000
0.0000	cvxnonsep_psig20r	86	170	1.0000
matrices under 0.010s: 23/300
matrices under 0.050s: 23/300
matrices under 0.100s: 23/300
matrices under 0.200s: 45/300
matrices under 0.400s: 128/300

--- per-bucket ---
lt_1k    count=147   geomean=0.8873
1k_10k   count=108   geomean=0.8373
gt_10k   count=45    geomean=0.6831
SCORE = 0.790611
WORST order() = 1.628 s
FORCEAUDIT	stage1b_sites=39	force_fires=0	unsound=0	core_total_mismatch=0	max_drift_ppm=0	worst_incumbent=0	worst_adopted=0	tie_window_opened=16	tie_pass_run=2
ok

test result: ok. 1 passed; 0 failed; 0 ignored; 0 measured; 180 filtered out; finished in 163.42s

