2026-09-13T07:40:43.3977554Z Current runner version: '2.337.0'
2026-09-13T07:40:43.4004791Z ##[group]Runner Image Provisioner
2026-09-13T07:40:43.4005939Z Hosted Compute Agent
2026-09-13T07:40:43.4006746Z Version: 20260828.587
2026-09-13T07:40:43.4007585Z Commit: abac92662cab4cc7352de4f9f9d2e2419aad9c29
2026-09-13T07:40:43.4008542Z Build Date: 2026-08-28T16:44:25Z
2026-09-13T07:40:43.4009619Z Worker ID: {0f4c7022-3516-4f0c-b7b2-72a8d2a43363}
2026-09-13T07:40:43.4010499Z Azure Region: westus
2026-09-13T07:40:43.4011663Z ##[endgroup]
2026-09-13T07:40:43.4013466Z ##[group]Operating System
2026-09-13T07:40:43.4014311Z Ubuntu
2026-09-13T07:40:43.4014927Z 24.04.5
2026-09-13T07:40:43.4015532Z LTS
2026-09-13T07:40:43.4016130Z ##[endgroup]
2026-09-13T07:40:43.4016800Z ##[group]Runner Image
2026-09-13T07:40:43.4017541Z Image: ubuntu-24.04
2026-09-13T07:40:43.4018218Z Version: 20260907.300.1
2026-09-13T07:40:43.4020054Z Included Software: https://github.com/actions/runner-images/blob/ubuntu24/20260907.300/images/ubuntu/Ubuntu2404-Readme.md
2026-09-13T07:40:43.4022059Z Image Release: https://github.com/actions/runner-images/releases/tag/ubuntu24%2F20260907.300
2026-09-13T07:40:43.4023193Z ##[endgroup]
2026-09-13T07:40:43.4024476Z ##[group]GITHUB_TOKEN Permissions
2026-09-13T07:40:43.4026774Z Contents: read
2026-09-13T07:40:43.4027532Z Metadata: read
2026-09-13T07:40:43.4028205Z ##[endgroup]
2026-09-13T07:40:43.4030768Z Secret source: Actions
2026-09-13T07:40:43.4031960Z Cache mode: write
2026-09-13T07:40:43.4032931Z Prepare workflow directory
2026-09-13T07:40:43.4455316Z Prepare all required actions
2026-09-13T07:40:43.4517386Z Getting action download info
2026-09-13T07:40:43.8145692Z Download action repository 'actions/checkout@11d5960a326750d5838078e36cf38b85af677262' (SHA:11d5960a326750d5838078e36cf38b85af677262)
2026-09-13T07:40:43.9519177Z Download action repository 'dtolnay/rust-toolchain@4360b52568e2003a75bf9bc1d59f33a8e3fc893c' (SHA:4360b52568e2003a75bf9bc1d59f33a8e3fc893c)
2026-09-13T07:40:44.1290158Z Download action repository 'actions/upload-artifact@ea165f8d65b6e75b540449e92b4886f43607fa02' (SHA:ea165f8d65b6e75b540449e92b4886f43607fa02)
2026-09-13T07:40:44.4056654Z Complete job name: benchmark
2026-09-13T07:40:44.4951963Z Node 20 is being deprecated. This workflow is running with Node 24 by default. If you need to temporarily use Node 20, you can set the ACTIONS_ALLOW_USE_UNSECURE_NODE_VERSION=true environment variable. For more information see: https://github.blog/changelog/2025-09-19-deprecation-of-node-20-on-github-actions-runners/
2026-09-13T07:40:44.4961609Z ##[group]Run actions/checkout@11d5960a326750d5838078e36cf38b85af677262
2026-09-13T07:40:44.4962700Z with:
2026-09-13T07:40:44.4963211Z   lfs: true
2026-09-13T07:40:44.4963739Z   repository: Layr-Labs/matrices-fast
2026-09-13T07:40:44.4968711Z   token: ***
2026-09-13T07:40:44.4969247Z   ssh-strict: true
2026-09-13T07:40:44.4970091Z   ssh-user: git
2026-09-13T07:40:44.4970644Z   persist-credentials: true
2026-09-13T07:40:44.4971259Z   clean: true
2026-09-13T07:40:44.4971808Z   sparse-checkout-cone-mode: true
2026-09-13T07:40:44.4972498Z   fetch-depth: 1
2026-09-13T07:40:44.4973057Z   fetch-tags: false
2026-09-13T07:40:44.4973671Z   show-progress: true
2026-09-13T07:40:44.4974243Z   submodules: false
2026-09-13T07:40:44.4974802Z   set-safe-directory: true
2026-09-13T07:40:44.4975423Z   allow-unsafe-pr-checkout: false
2026-09-13T07:40:44.4976377Z ##[endgroup]
2026-09-13T07:40:44.6053508Z Syncing repository: Layr-Labs/matrices-fast
2026-09-13T07:40:44.6055882Z ##[group]Getting Git version info
2026-09-13T07:40:44.6056867Z Working directory is '/home/runner/work/matrices-fast/matrices-fast'
2026-09-13T07:40:44.6058493Z [command]/usr/bin/git version
2026-09-13T07:40:44.6130243Z git version 2.55.0
2026-09-13T07:40:44.6171577Z [command]/usr/bin/git lfs version
2026-09-13T07:40:44.6841556Z git-lfs/3.8.0 (GitHub; linux amd64; go 1.27.0)
2026-09-13T07:40:44.6860536Z ##[endgroup]
2026-09-13T07:40:44.6880458Z Temporarily overriding HOME='/home/runner/work/_temp/4aff785c-5b88-4272-b8cb-e7d47e0dfcab' before making global git config changes
2026-09-13T07:40:44.6883885Z Adding repository directory to the temporary git global config as a safe directory
2026-09-13T07:40:44.6887631Z [command]/usr/bin/git config --global --add safe.directory /home/runner/work/matrices-fast/matrices-fast
2026-09-13T07:40:44.6941435Z Deleting the contents of '/home/runner/work/matrices-fast/matrices-fast'
2026-09-13T07:40:44.6945202Z ##[group]Initializing the repository
2026-09-13T07:40:44.6951053Z [command]/usr/bin/git init /home/runner/work/matrices-fast/matrices-fast
2026-09-13T07:40:44.7102441Z hint: Using 'master' as the name for the initial branch. This default branch name
2026-09-13T07:40:44.7105288Z hint: will change to "main" in Git 3.0. To configure the initial branch name
2026-09-13T07:40:44.7107754Z hint: to use in all of your new repositories, which will suppress this warning,
2026-09-13T07:40:44.7110242Z hint: call:
2026-09-13T07:40:44.7111652Z hint:
2026-09-13T07:40:44.7113195Z hint: 	git config --global init.defaultBranch <name>
2026-09-13T07:40:44.7115201Z hint:
2026-09-13T07:40:44.7116665Z hint: Names commonly chosen instead of 'master' are 'main', 'trunk' and
2026-09-13T07:40:44.7119638Z hint: 'development'. The just-created branch can be renamed via this command:
2026-09-13T07:40:44.7121218Z hint:
2026-09-13T07:40:44.7122186Z hint: 	git branch -m <name>
2026-09-13T07:40:44.7123326Z hint:
2026-09-13T07:40:44.7124749Z hint: Disable this message with "git config set advice.defaultBranchName false"
2026-09-13T07:40:44.7127077Z Initialized empty Git repository in /home/runner/work/matrices-fast/matrices-fast/.git/
2026-09-13T07:40:44.7130909Z [command]/usr/bin/git remote add origin https://github.com/Layr-Labs/matrices-fast
2026-09-13T07:40:44.7182356Z ##[endgroup]
2026-09-13T07:40:44.7184591Z ##[group]Disabling ***matic garbage collection
2026-09-13T07:40:44.7186806Z [command]/usr/bin/git config --local gc.*** 0
2026-09-13T07:40:44.7217987Z ##[endgroup]
2026-09-13T07:40:44.7219924Z ##[group]Setting up auth
2026-09-13T07:40:44.7226001Z [command]/usr/bin/git config --local --name-only --get-regexp core\.sshCommand
2026-09-13T07:40:44.7262194Z [command]/usr/bin/git submodule foreach --recursive sh -c "git config --local --name-only --get-regexp 'core\.sshCommand' && git config --local --unset-all 'core.sshCommand' || :"
2026-09-13T07:40:44.7552106Z [command]/usr/bin/git config --local --name-only --get-regexp http\.https\:\/\/github\.com\/\.extraheader
2026-09-13T07:40:44.7586365Z [command]/usr/bin/git submodule foreach --recursive sh -c "git config --local --name-only --get-regexp 'http\.https\:\/\/github\.com\/\.extraheader' && git config --local --unset-all 'http.https://github.com/.extraheader' || :"
2026-09-13T07:40:44.7822298Z [command]/usr/bin/git config --local --name-only --get-regexp ^includeIf\.gitdir:
2026-09-13T07:40:44.7857627Z [command]/usr/bin/git submodule foreach --recursive git config --local --show-origin --name-only --get-regexp remote.origin.url
2026-09-13T07:40:44.8094459Z [command]/usr/bin/git config --local http.https://github.com/.extraheader AUTHORIZATION: basic ***
2026-09-13T07:40:44.8132130Z ##[endgroup]
2026-09-13T07:40:44.8137134Z [command]/usr/bin/git lfs install --local
2026-09-13T07:40:44.8547659Z Updated Git hooks.
2026-09-13T07:40:44.8555116Z Git LFS initialized.
2026-09-13T07:40:44.8564618Z ##[group]Fetching the repository
2026-09-13T07:40:44.8657500Z [command]/usr/bin/git -c protocol.version=2 fetch --no-tags --prune --no-recurse-submodules --depth=1 origin +69ab3de0d4ee1a3995bd68ab68700ef1f04af4d9:refs/remotes/origin/submissions/9440dedb-0159-49f1-a98a-1c350bf3c736
2026-09-13T07:40:47.0405326Z From https://github.com/Layr-Labs/matrices-fast
2026-09-13T07:40:47.0408198Z  * [new ref]         69ab3de0d4ee1a3995bd68ab68700ef1f04af4d9 -> origin/submissions/9440dedb-0159-49f1-a98a-1c350bf3c736
2026-09-13T07:40:47.0413887Z ##[endgroup]
2026-09-13T07:40:47.0415484Z ##[group]Determining the checkout info
2026-09-13T07:40:47.0417243Z ##[endgroup]
2026-09-13T07:40:47.0418781Z ##[group]Fetching LFS objects
2026-09-13T07:40:47.0423771Z [command]/usr/bin/git lfs fetch origin refs/remotes/origin/submissions/9440dedb-0159-49f1-a98a-1c350bf3c736
2026-09-13T07:40:47.0692605Z Fetching reference refs/remotes/origin/submissions/9440dedb-0159-49f1-a98a-1c350bf3c736
2026-09-13T07:40:58.4115642Z ##[endgroup]
2026-09-13T07:40:58.4121047Z [command]/usr/bin/git sparse-checkout disable
2026-09-13T07:40:58.4175121Z [command]/usr/bin/git config --local --unset-all extensions.worktreeConfig
2026-09-13T07:40:58.4204659Z ##[group]Checking out the ref
2026-09-13T07:40:58.4208693Z [command]/usr/bin/git checkout --progress --force -B submissions/9440dedb-0159-49f1-a98a-1c350bf3c736 refs/remotes/origin/submissions/9440dedb-0159-49f1-a98a-1c350bf3c736
2026-09-13T07:40:58.7339136Z Switched to a new branch 'submissions/9440dedb-0159-49f1-a98a-1c350bf3c736'
2026-09-13T07:40:58.7345158Z branch 'submissions/9440dedb-0159-49f1-a98a-1c350bf3c736' set up to track 'origin/submissions/9440dedb-0159-49f1-a98a-1c350bf3c736'.
2026-09-13T07:40:58.7643387Z ##[endgroup]
2026-09-13T07:40:58.7689712Z [command]/usr/bin/git log -1 --format=%H
2026-09-13T07:40:58.7714856Z 69ab3de0d4ee1a3995bd68ab68700ef1f04af4d9
2026-09-13T07:40:58.8076953Z ##[group]Run dtolnay/rust-toolchain@4360b52568e2003a75bf9bc1d59f33a8e3fc893c
2026-09-13T07:40:58.8077433Z with:
2026-09-13T07:40:58.8077668Z   toolchain: stable
2026-09-13T07:40:58.8077911Z ##[endgroup]
2026-09-13T07:40:58.8152711Z ##[start-action display=Parse toolchain version;id=__dtolnay_rust-toolchain.parse]
2026-09-13T07:40:58.8210899Z ##[group]Run if [[ -z $toolchain ]]; then
2026-09-13T07:40:58.8211327Z [36;1mif [[ -z $toolchain ]]; then[0m
2026-09-13T07:40:58.8211915Z [36;1m  # GitHub does not enforce `required: true` inputs itself. https://github.com/actions/runner/issues/1070[0m
2026-09-13T07:40:58.8212533Z [36;1m  echo "'toolchain' is a required input" >&2[0m
2026-09-13T07:40:58.8212864Z [36;1m  exit 1[0m
2026-09-13T07:40:58.8213243Z [36;1melif [[ $toolchain =~ ^stable' '[0-9]+' '(year|month|week|day)s?' 'ago$ ]]; then[0m
2026-09-13T07:40:58.8213748Z [36;1m  if [[ Linux == macOS ]]; then[0m
2026-09-13T07:40:58.8214396Z [36;1m    echo "toolchain=1.$((($(date -v-$(sed 's/stable \([0-9]*\) \(.\).*/\1\2/' <<< $toolchain) +%s)/60/60/24-16569)/7/6))" >> $GITHUB_OUTPUT[0m
2026-09-13T07:40:58.8214943Z [36;1m  else[0m
2026-09-13T07:40:58.8215396Z [36;1m    echo "toolchain=1.$((($(date --date "${toolchain#stable }" +%s)/60/60/24-16569)/7/6))" >> $GITHUB_OUTPUT[0m
2026-09-13T07:40:58.8215902Z [36;1m  fi[0m
2026-09-13T07:40:58.8216235Z [36;1melif [[ $toolchain =~ ^stable' 'minus' '[0-9]+' 'releases?$ ]]; then[0m
2026-09-13T07:40:58.8216807Z [36;1m  echo "toolchain=1.$((($(date +%s)/60/60/24-16569)/7/6-${toolchain//[^0-9]/}))" >> $GITHUB_OUTPUT[0m
2026-09-13T07:40:58.8217309Z [36;1melif [[ $toolchain =~ ^1\.[0-9]+$ ]]; then[0m
2026-09-13T07:40:58.8217866Z [36;1m  echo "toolchain=1.$((i=${toolchain#1.}, c=($(date +%s)/60/60/24-16569)/7/6, i+9*i*(10*i<=c)+90*i*(100*i<=c)))" >> $GITHUB_OUTPUT[0m
2026-09-13T07:40:58.8218410Z [36;1melse[0m
2026-09-13T07:40:58.8218687Z [36;1m  echo "toolchain=$toolchain" >> $GITHUB_OUTPUT[0m
2026-09-13T07:40:58.8219017Z [36;1mfi[0m
2026-09-13T07:40:58.8261171Z shell: /usr/bin/bash --noprofile --norc -e -o pipefail {0}
2026-09-13T07:40:58.8261562Z env:
2026-09-13T07:40:58.8261787Z   toolchain: stable
2026-09-13T07:40:58.8262026Z ##[endgroup]
2026-09-13T07:40:58.8383632Z ##[end-action id=__dtolnay_rust-toolchain.parse;outcome=success;conclusion=success;duration_ms=22]
2026-09-13T07:40:58.8397522Z ##[start-action display=Construct rustup command line;id=__dtolnay_rust-toolchain.flags]
2026-09-13T07:40:58.8427237Z ##[group]Run echo "targets=$(for t in ${targets//,/ }; do echo -n ' --target' $t; done)" >> $GITHUB_OUTPUT
2026-09-13T07:40:58.8427941Z [36;1mecho "targets=$(for t in ${targets//,/ }; do echo -n ' --target' $t; done)" >> $GITHUB_OUTPUT[0m
2026-09-13T07:40:58.8428630Z [36;1mecho "components=$(for c in ${components//,/ }; do echo -n ' --component' $c; done)" >> $GITHUB_OUTPUT[0m
2026-09-13T07:40:58.8429655Z [36;1mecho "downgrade=" >> $GITHUB_OUTPUT[0m
2026-09-13T07:40:58.8466410Z shell: /usr/bin/bash --noprofile --norc -e -o pipefail {0}
2026-09-13T07:40:58.8466793Z env:
2026-09-13T07:40:58.8467009Z   targets: 
2026-09-13T07:40:58.8467227Z   components: 
2026-09-13T07:40:58.8467456Z ##[endgroup]
2026-09-13T07:40:58.8549158Z ##[end-action id=__dtolnay_rust-toolchain.flags;outcome=success;conclusion=success;duration_ms=15]
2026-09-13T07:40:58.8552660Z ##[start-action display=Set $CARGO_HOME;id=__dtolnay_rust-toolchain.__run]
2026-09-13T07:40:58.8573575Z ##[group]Run echo CARGO_HOME=${CARGO_HOME:-"$HOME/.cargo"} >> $GITHUB_ENV
2026-09-13T07:40:58.8574085Z [36;1mecho CARGO_HOME=${CARGO_HOME:-"$HOME/.cargo"} >> $GITHUB_ENV[0m
2026-09-13T07:40:58.8611014Z shell: /usr/bin/bash --noprofile --norc -e -o pipefail {0}
2026-09-13T07:40:58.8611397Z ##[endgroup]
2026-09-13T07:40:58.8683961Z ##[end-action id=__dtolnay_rust-toolchain.__run;outcome=success;conclusion=success;duration_ms=13]
2026-09-13T07:40:58.8686702Z ##[start-action display=Install rustup if needed;id=__dtolnay_rust-toolchain.__run_2]
2026-09-13T07:40:58.8715712Z ##[group]Run if ! command -v rustup &>/dev/null; then
2026-09-13T07:40:58.8716137Z [36;1mif ! command -v rustup &>/dev/null; then[0m
2026-09-13T07:40:58.8716940Z [36;1m  curl --proto '=https' --tlsv1.2 --retry 10 --retry-connrefused --location --silent --show-error --fail https://sh.rustup.rs | sh -s -- --default-toolchain none -y[0m
2026-09-13T07:40:58.8717748Z [36;1m  echo "$CARGO_HOME/bin" >> $GITHUB_PATH[0m
2026-09-13T07:40:58.8718056Z [36;1mfi[0m
2026-09-13T07:40:58.8756300Z shell: /usr/bin/bash --noprofile --norc -e -o pipefail {0}
2026-09-13T07:40:58.8756687Z env:
2026-09-13T07:40:58.8756922Z   CARGO_HOME: /home/runner/.cargo
2026-09-13T07:40:58.8757221Z ##[endgroup]
2026-09-13T07:40:58.8827144Z ##[end-action id=__dtolnay_rust-toolchain.__run_2;outcome=success;conclusion=success;duration_ms=13]
2026-09-13T07:40:58.8830255Z ##[start-action display=Install rustup if needed on windows;id=__dtolnay_rust-toolchain.__run_3]
2026-09-13T07:40:58.8838260Z ##[end-action id=__dtolnay_rust-toolchain.__run_3;outcome=skipped;conclusion=skipped;duration_ms=0]
2026-09-13T07:40:58.8850697Z ##[start-action display=rustup toolchain install stable;id=__dtolnay_rust-toolchain.__run_4]
2026-09-13T07:40:58.8871165Z ##[group]Run rustup toolchain install stable --profile minimal --no-self-update
2026-09-13T07:40:58.8871760Z [36;1mrustup toolchain install stable --profile minimal --no-self-update[0m
2026-09-13T07:40:58.8911553Z shell: /usr/bin/bash --noprofile --norc -e -o pipefail {0}
2026-09-13T07:40:58.8911976Z env:
2026-09-13T07:40:58.8912313Z   CARGO_HOME: /home/runner/.cargo
2026-09-13T07:40:58.8912626Z   RUSTUP_PERMIT_COPY_RENAME: 1
2026-09-13T07:40:58.8912899Z ##[endgroup]
2026-09-13T07:40:59.8130321Z info: syncing channel updates for stable-x86_64-unknown-linux-gnu
2026-09-13T07:40:59.8931364Z 
2026-09-13T07:40:59.9015084Z   stable-x86_64-unknown-linux-gnu unchanged - rustc 1.98.1 (48a229cea 2026-09-01)
2026-09-13T07:40:59.9015874Z 
2026-09-13T07:40:59.9043963Z ##[end-action id=__dtolnay_rust-toolchain.__run_4;outcome=success;conclusion=success;duration_ms=1019]
2026-09-13T07:40:59.9051815Z ##[start-action display=rustup default stable;id=__dtolnay_rust-toolchain.__run_5]
2026-09-13T07:40:59.9070592Z ##[group]Run rustup default stable
2026-09-13T07:40:59.9070925Z [36;1mrustup default stable[0m
2026-09-13T07:40:59.9106203Z shell: /usr/bin/bash --noprofile --norc -e -o pipefail {0}
2026-09-13T07:40:59.9132090Z env:
2026-09-13T07:40:59.9132341Z   CARGO_HOME: /home/runner/.cargo
2026-09-13T07:40:59.9132636Z ##[endgroup]
2026-09-13T07:40:59.9241781Z info: using existing install for stable-x86_64-unknown-linux-gnu
2026-09-13T07:40:59.9252557Z info: default toolchain set to stable-x86_64-unknown-linux-gnu
2026-09-13T07:40:59.9253142Z 
2026-09-13T07:40:59.9333992Z   stable-x86_64-unknown-linux-gnu unchanged - rustc 1.98.1 (48a229cea 2026-09-01)
2026-09-13T07:40:59.9335493Z info: note that the toolchain 'stable-x86_64-unknown-linux-gnu' is currently in use (overridden by '/home/runner/work/matrices-fast/matrices-fast/rust-toolchain')
2026-09-13T07:40:59.9336536Z 
2026-09-13T07:40:59.9352872Z ##[end-action id=__dtolnay_rust-toolchain.__run_5;outcome=success;conclusion=success;duration_ms=30]
2026-09-13T07:40:59.9355765Z ##[start-action display=Create cachekey;id=__dtolnay_rust-toolchain.rustc-version]
2026-09-13T07:40:59.9375556Z ##[group]Run DATE=$(rustc +stable --version --verbose | sed -ne 's/^commit-date: \(20[0-9][0-9]\)-\([01][0-9]\)-\([0-3][0-9]\)$/\1\2\3/p')
2026-09-13T07:40:59.9376548Z [36;1mDATE=$(rustc +stable --version --verbose | sed -ne 's/^commit-date: \(20[0-9][0-9]\)-\([01][0-9]\)-\([0-3][0-9]\)$/\1\2\3/p')[0m
2026-09-13T07:40:59.9377272Z [36;1mHASH=$(rustc +stable --version --verbose | sed -ne 's/^commit-hash: //p')[0m
2026-09-13T07:40:59.9377821Z [36;1mecho "cachekey=$(echo $DATE$HASH | head -c12)" >> $GITHUB_OUTPUT[0m
2026-09-13T07:40:59.9413389Z shell: /usr/bin/bash --noprofile --norc -e -o pipefail {0}
2026-09-13T07:40:59.9413780Z env:
2026-09-13T07:40:59.9414007Z   CARGO_HOME: /home/runner/.cargo
2026-09-13T07:40:59.9414678Z ##[endgroup]
2026-09-13T07:41:00.0173805Z ##[end-action id=__dtolnay_rust-toolchain.rustc-version;outcome=success;conclusion=success;duration_ms=81]
2026-09-13T07:41:00.0176922Z ##[start-action display=Disable incremental compilation;id=__dtolnay_rust-toolchain.__run_6]
2026-09-13T07:41:00.0194943Z ##[group]Run if [ -z "${CARGO_INCREMENTAL+set}" ]; then
2026-09-13T07:41:00.0195383Z [36;1mif [ -z "${CARGO_INCREMENTAL+set}" ]; then[0m
2026-09-13T07:41:00.0195758Z [36;1m  echo CARGO_INCREMENTAL=0 >> $GITHUB_ENV[0m
2026-09-13T07:41:00.0196086Z [36;1mfi[0m
2026-09-13T07:41:00.0232301Z shell: /usr/bin/bash --noprofile --norc -e -o pipefail {0}
2026-09-13T07:41:00.0232687Z env:
2026-09-13T07:41:00.0232922Z   CARGO_HOME: /home/runner/.cargo
2026-09-13T07:41:00.0233207Z ##[endgroup]
2026-09-13T07:41:00.0301484Z ##[end-action id=__dtolnay_rust-toolchain.__run_6;outcome=success;conclusion=success;duration_ms=12]
2026-09-13T07:41:00.0304205Z ##[start-action display=Enable colors in Cargo output;id=__dtolnay_rust-toolchain.__run_7]
2026-09-13T07:41:00.0321574Z ##[group]Run if [ -z "${CARGO_TERM_COLOR+set}" ]; then
2026-09-13T07:41:00.0322001Z [36;1mif [ -z "${CARGO_TERM_COLOR+set}" ]; then[0m
2026-09-13T07:41:00.0322376Z [36;1m  echo CARGO_TERM_COLOR=always >> $GITHUB_ENV[0m
2026-09-13T07:41:00.0322711Z [36;1mfi[0m
2026-09-13T07:41:00.0357167Z shell: /usr/bin/bash --noprofile --norc -e -o pipefail {0}
2026-09-13T07:41:00.0357539Z env:
2026-09-13T07:41:00.0357777Z   CARGO_HOME: /home/runner/.cargo
2026-09-13T07:41:00.0358071Z   CARGO_INCREMENTAL: 0
2026-09-13T07:41:00.0358318Z ##[endgroup]
2026-09-13T07:41:00.0422468Z ##[end-action id=__dtolnay_rust-toolchain.__run_7;outcome=success;conclusion=success;duration_ms=11]
2026-09-13T07:41:00.0425008Z ##[start-action display=Enable Cargo sparse registry;id=__dtolnay_rust-toolchain.__run_8]
2026-09-13T07:41:00.0444166Z ##[group]Run # implemented in 1.66, stabilized in 1.68, made default in 1.70
2026-09-13T07:41:00.0444746Z [36;1m# implemented in 1.66, stabilized in 1.68, made default in 1.70[0m
2026-09-13T07:41:00.0445521Z [36;1mif [ -z "${CARGO_REGISTRIES_CRATES_IO_PROTOCOL+set}" -o -f "/home/runner/work/_temp"/.implicit_cargo_registries_crates_io_protocol ]; then[0m
2026-09-13T07:41:00.0446312Z [36;1m  if rustc +stable --version --verbose | grep -q '^release: 1\.6[89]\.'; then[0m
2026-09-13T07:41:00.0446925Z [36;1m    touch "/home/runner/work/_temp"/.implicit_cargo_registries_crates_io_protocol || true[0m
2026-09-13T07:41:00.0447522Z [36;1m    echo CARGO_REGISTRIES_CRATES_IO_PROTOCOL=sparse >> $GITHUB_ENV[0m
2026-09-13T07:41:00.0448079Z [36;1m  elif rustc +stable --version --verbose | grep -q '^release: 1\.6[67]\.'; then[0m
2026-09-13T07:41:00.0448708Z [36;1m    touch "/home/runner/work/_temp"/.implicit_cargo_registries_crates_io_protocol || true[0m
2026-09-13T07:41:00.0449637Z [36;1m    echo CARGO_REGISTRIES_CRATES_IO_PROTOCOL=git >> $GITHUB_ENV[0m
2026-09-13T07:41:00.0450242Z [36;1m  fi[0m
2026-09-13T07:41:00.0450461Z [36;1mfi[0m
2026-09-13T07:41:00.0486029Z shell: /usr/bin/bash --noprofile --norc -e -o pipefail {0}
2026-09-13T07:41:00.0486403Z env:
2026-09-13T07:41:00.0486625Z   CARGO_HOME: /home/runner/.cargo
2026-09-13T07:41:00.0486918Z   CARGO_INCREMENTAL: 0
2026-09-13T07:41:00.0487158Z   CARGO_TERM_COLOR: always
2026-09-13T07:41:00.0487404Z ##[endgroup]
2026-09-13T07:41:00.0826752Z ##[end-action id=__dtolnay_rust-toolchain.__run_8;outcome=success;conclusion=success;duration_ms=40]
2026-09-13T07:41:00.0829945Z ##[start-action display=Work around spurious network errors in curl 8.0;id=__dtolnay_rust-toolchain.__run_9]
2026-09-13T07:41:00.0847900Z ##[group]Run # https://rust-lang.zulipchat.com/#narrow/stream/246057-t-cargo/topic/timeout.20investigation
2026-09-13T07:41:00.0848702Z [36;1m# https://rust-lang.zulipchat.com/#narrow/stream/246057-t-cargo/topic/timeout.20investigation[0m
2026-09-13T07:41:00.0849708Z [36;1mif rustc +stable --version --verbose | grep -q '^release: 1\.7[01]\.'; then[0m
2026-09-13T07:41:00.0850438Z [36;1m  echo CARGO_HTTP_MULTIPLEXING=false >> $GITHUB_ENV[0m
2026-09-13T07:41:00.0850803Z [36;1mfi[0m
2026-09-13T07:41:00.0886770Z shell: /usr/bin/bash --noprofile --norc -e -o pipefail {0}
2026-09-13T07:41:00.0887148Z env:
2026-09-13T07:41:00.0887369Z   CARGO_HOME: /home/runner/.cargo
2026-09-13T07:41:00.0887659Z   CARGO_INCREMENTAL: 0
2026-09-13T07:41:00.0887900Z   CARGO_TERM_COLOR: always
2026-09-13T07:41:00.0888157Z ##[endgroup]
2026-09-13T07:41:00.1086302Z ##[end-action id=__dtolnay_rust-toolchain.__run_9;outcome=success;conclusion=success;duration_ms=25]
2026-09-13T07:41:00.1091370Z ##[start-action display=rustc +stable --version --verbose;id=__dtolnay_rust-toolchain.__run_10]
2026-09-13T07:41:00.1110009Z ##[group]Run rustc +stable --version --verbose
2026-09-13T07:41:00.1110430Z [36;1mrustc +stable --version --verbose[0m
2026-09-13T07:41:00.1145765Z shell: /usr/bin/bash --noprofile --norc -e -o pipefail {0}
2026-09-13T07:41:00.1146174Z env:
2026-09-13T07:41:00.1146412Z   CARGO_HOME: /home/runner/.cargo
2026-09-13T07:41:00.1146743Z   CARGO_INCREMENTAL: 0
2026-09-13T07:41:00.1147011Z   CARGO_TERM_COLOR: always
2026-09-13T07:41:00.1147279Z ##[endgroup]
2026-09-13T07:41:00.1328480Z rustc 1.98.1 (48a229cea 2026-09-01)
2026-09-13T07:41:00.1329230Z binary: rustc
2026-09-13T07:41:00.1330051Z commit-hash: 48a229ceaefd4985c50990b14116b6d856af0985
2026-09-13T07:41:00.1330749Z commit-date: 2026-09-01
2026-09-13T07:41:00.1331222Z host: x86_64-unknown-linux-gnu
2026-09-13T07:41:00.1331768Z release: 1.98.1
2026-09-13T07:41:00.1332483Z LLVM version: 22.1.8
2026-09-13T07:41:00.1354998Z ##[end-action id=__dtolnay_rust-toolchain.__run_10;outcome=success;conclusion=success;duration_ms=26]
2026-09-13T07:41:00.1413519Z ##[group]Run cargo install cargo-deny --version 0.20.2 --locked
2026-09-13T07:41:00.1414043Z [36;1mcargo install cargo-deny --version 0.20.2 --locked[0m
2026-09-13T07:41:00.1451423Z shell: /usr/bin/bash -e {0}
2026-09-13T07:41:00.1451711Z env:
2026-09-13T07:41:00.1451945Z   CARGO_HOME: /home/runner/.cargo
2026-09-13T07:41:00.1452250Z   CARGO_INCREMENTAL: 0
2026-09-13T07:41:00.1452508Z   CARGO_TERM_COLOR: always
2026-09-13T07:41:00.1452769Z ##[endgroup]
2026-09-13T07:41:01.4082335Z [1m[92m    Updating[0m crates.io index
2026-09-13T07:41:01.5702154Z [1m[92m Downloading[0m crates ...
2026-09-13T07:41:01.5974894Z [1m[92m  Downloaded[0m cargo-deny v0.20.2
2026-09-13T07:41:01.8977387Z [1m[92m  Installing[0m cargo-deny v0.20.2
2026-09-13T07:41:01.9041087Z [1m[33mwarning[0m: default toolchain implicitly overridden with `stable-x86_64-unknown-linux-gnu` by rustup toolchain file
2026-09-13T07:41:01.9042427Z   [1m[94m|[0m
2026-09-13T07:41:01.9043591Z   [1m[94m= [0m[1mhelp[0m: use `cargo +stable install` if you meant to use the stable toolchain
2026-09-13T07:41:01.9045588Z   [1m[94m= [0m[1mnote[0m: rustup selects the toolchain based on the parent environment and not the environment of the package being installed
2026-09-13T07:41:01.9451948Z [1m[92m    Updating[0m crates.io index
2026-09-13T07:41:02.6850997Z [1m[92m    Updating[0m crates.io index
2026-09-13T07:41:02.7526834Z [1m[92m Downloading[0m crates ...
2026-09-13T07:41:02.7700986Z [1m[92m  Downloaded[0m codespan v0.13.1
2026-09-13T07:41:02.7721828Z [1m[92m  Downloaded[0m anyhow v1.0.103
2026-09-13T07:41:02.7833154Z [1m[92m  Downloaded[0m crossbeam-deque v0.8.6
2026-09-13T07:41:02.7852979Z [1m[92m  Downloaded[0m fixedbitset v0.5.7
2026-09-13T07:41:02.7875650Z [1m[92m  Downloaded[0m allocator-api2 v0.2.21
2026-09-13T07:41:02.7905634Z [1m[92m  Downloaded[0m anstream v1.0.0
2026-09-13T07:41:02.8060898Z [1m[92m  Downloaded[0m cfg-if v1.0.4
2026-09-13T07:41:02.8081750Z [1m[92m  Downloaded[0m anstyle-parse v1.0.0
2026-09-13T07:41:02.8106751Z [1m[92m  Downloaded[0m camino v1.2.2
2026-09-13T07:41:02.8135909Z [1m[92m  Downloaded[0m cfg_aliases v0.2.1
2026-09-13T07:41:02.8150978Z [1m[92m  Downloaded[0m clap v4.6.1
2026-09-13T07:41:02.8269072Z [1m[92m  Downloaded[0m thiserror-impl v2.0.18
2026-09-13T07:41:02.8283384Z [1m[92m  Downloaded[0m strsim v0.11.1
2026-09-13T07:41:02.8296410Z [1m[92m  Downloaded[0m anstyle v1.0.14
2026-09-13T07:41:02.8310858Z [1m[92m  Downloaded[0m borsh v1.6.1
2026-09-13T07:41:02.8382509Z [1m[92m  Downloaded[0m icu_properties v2.2.0
2026-09-13T07:41:02.8405382Z [1m[92m  Downloaded[0m rayon-core v1.13.0
2026-09-13T07:41:02.8442688Z [1m[92m  Downloaded[0m synstructure v0.13.2
2026-09-13T07:41:02.8452626Z [1m[92m  Downloaded[0m cfg-expr v0.20.7
2026-09-13T07:41:02.8489382Z [1m[92m  Downloaded[0m serde v1.0.228
2026-09-13T07:41:02.8523393Z [1m[92m  Downloaded[0m smol_str v0.3.2
2026-09-13T07:41:02.8538214Z [1m[92m  Downloaded[0m url v2.5.8
2026-09-13T07:41:02.8564091Z [1m[92m  Downloaded[0m anstyle-query v1.1.5
2026-09-13T07:41:02.8575305Z [1m[92m  Downloaded[0m clap_lex v1.1.0
2026-09-13T07:41:02.8585813Z [1m[92m  Downloaded[0m strum v0.28.0
2026-09-13T07:41:02.8594875Z [1m[92m  Downloaded[0m idna v1.1.0
2026-09-13T07:41:02.8629121Z [1m[92m  Downloaded[0m tinyvec_macros v0.1.1
2026-09-13T07:41:02.8637040Z [1m[92m  Downloaded[0m utf8parse v0.2.2
2026-09-13T07:41:02.8646822Z [1m[92m  Downloaded[0m aho-corasick v1.1.4
2026-09-13T07:41:02.8697963Z [1m[92m  Downloaded[0m cc v1.2.62
2026-09-13T07:41:02.8727741Z [1m[92m  Downloaded[0m strum_macros v0.28.0
2026-09-13T07:41:02.8751796Z [1m[92m  Downloaded[0m bitvec v1.0.1
2026-09-13T07:41:02.8925718Z [1m[92m  Downloaded[0m clap_builder v4.6.0
2026-09-13T07:41:02.8989013Z [1m[92m  Downloaded[0m toml-span v0.7.1
2026-09-13T07:41:02.9004906Z [1m[92m  Downloaded[0m typenum v1.20.0
2026-09-13T07:41:02.9038988Z [1m[92m  Downloaded[0m zerovec v0.11.6
2026-09-13T07:41:02.9099793Z [1m[92m  Downloaded[0m form_urlencoded v1.2.2
2026-09-13T07:41:02.9106904Z [1m[92m  Downloaded[0m yoke-derive v0.8.2
2026-09-13T07:41:02.9119253Z [1m[92m  Downloaded[0m zerofrom-derive v0.1.7
2026-09-13T07:41:02.9130500Z [1m[92m  Downloaded[0m hashbrown v0.17.1
2026-09-13T07:41:02.9245640Z [1m[92m  Downloaded[0m tap v1.0.1
2026-09-13T07:41:02.9256819Z [1m[92m  Downloaded[0m cpufeatures v0.2.17
2026-09-13T07:41:02.9270906Z [1m[92m  Downloaded[0m untrusted v0.9.0
2026-09-13T07:41:02.9287062Z [1m[92m  Downloaded[0m version_check v0.9.5
2026-09-13T07:41:02.9299211Z [1m[92m  Downloaded[0m funty v2.0.0
2026-09-13T07:41:02.9307355Z [1m[92m  Downloaded[0m colorchoice v1.0.5
2026-09-13T07:41:02.9316970Z [1m[92m  Downloaded[0m digest v0.10.7
2026-09-13T07:41:02.9334557Z [1m[92m  Downloaded[0m http v1.4.0
2026-09-13T07:41:02.9370288Z [1m[92m  Downloaded[0m displaydoc v0.2.5
2026-09-13T07:41:02.9401332Z [1m[92m  Downloaded[0m hashbrown v0.15.5
2026-09-13T07:41:02.9449805Z [1m[92m  Downloaded[0m unicode-normalization v0.1.25
2026-09-13T07:41:02.9483944Z [1m[92m  Downloaded[0m getrandom v0.2.17
2026-09-13T07:41:02.9513345Z [1m[92m  Downloaded[0m icu_normalizer v2.2.0
2026-09-13T07:41:02.9551444Z [1m[92m  Downloaded[0m zerovec-derive v0.11.3
2026-09-13T07:41:02.9566429Z [1m[92m  Downloaded[0m crossbeam-queue v0.3.12
2026-09-13T07:41:02.9579048Z [1m[92m  Downloaded[0m icu_normalizer_data v2.2.0
2026-09-13T07:41:02.9600158Z [1m[92m  Downloaded[0m twox-hash v2.1.2
2026-09-13T07:41:02.9634915Z [1m[92m  Downloaded[0m heck v0.5.0
2026-09-13T07:41:02.9645968Z [1m[92m  Downloaded[0m thiserror v2.0.18
2026-09-13T07:41:02.9705299Z [1m[92m  Downloaded[0m unicode-ident v1.0.24
2026-09-13T07:41:02.9733170Z [1m[92m  Downloaded[0m utf8_iter v1.0.4
2026-09-13T07:41:02.9743593Z [1m[92m  Downloaded[0m writeable v0.6.3
2026-09-13T07:41:02.9763307Z [1m[92m  Downloaded[0m zerofrom v0.1.8
2026-09-13T07:41:02.9772677Z [1m[92m  Downloaded[0m zmij v1.0.21
2026-09-13T07:41:02.9790833Z [1m[92m  Downloaded[0m crossbeam v0.8.4
2026-09-13T07:41:02.9802121Z [1m[92m  Downloaded[0m crossbeam-channel v0.5.15
2026-09-13T07:41:02.9842874Z [1m[92m  Downloaded[0m stable_deref_trait v1.2.1
2026-09-13T07:41:02.9852532Z [1m[92m  Downloaded[0m target-lexicon v0.13.3
2026-09-13T07:41:02.9873385Z [1m[92m  Downloaded[0m walkdir v2.5.0
2026-09-13T07:41:02.9891526Z [1m[92m  Downloaded[0m zstd v0.13.3
2026-09-13T07:41:02.9921117Z [1m[92m  Downloaded[0m either v1.16.0
2026-09-13T07:41:02.9936338Z [1m[92m  Downloaded[0m tinyvec v1.11.0
2026-09-13T07:41:02.9962096Z [1m[92m  Downloaded[0m yoke v0.8.2
2026-09-13T07:41:02.9979597Z [1m[92m  Downloaded[0m zstd-safe v7.2.4
2026-09-13T07:41:02.9994684Z [1m[92m  Downloaded[0m termcolor v1.4.1
2026-09-13T07:41:03.0006814Z [1m[92m  Downloaded[0m tinystr v0.8.3
2026-09-13T07:41:03.0027949Z [1m[92m  Downloaded[0m wyz v0.5.1
2026-09-13T07:41:03.0040492Z [1m[92m  Downloaded[0m tame-index v0.26.3
2026-09-13T07:41:03.0083083Z [1m[92m  Downloaded[0m zerotrie v0.2.4
2026-09-13T07:41:03.0122204Z [1m[92m  Downloaded[0m block-buffer v0.10.4
2026-09-13T07:41:03.0132442Z [1m[92m  Downloaded[0m crossbeam-utils v0.8.21
2026-09-13T07:41:03.0159019Z [1m[92m  Downloaded[0m foldhash v0.1.5
2026-09-13T07:41:03.0171921Z [1m[92m  Downloaded[0m icu_collections v2.2.0
2026-09-13T07:41:03.0234317Z [1m[92m  Downloaded[0m unicode-width v0.2.2
2026-09-13T07:41:03.0288736Z [1m[92m  Downloaded[0m syn v2.0.117
2026-09-13T07:41:03.0394278Z [1m[92m  Downloaded[0m icu_locale_core v2.2.0
2026-09-13T07:41:03.0464762Z [1m[92m  Downloaded[0m codespan-reporting v0.13.1
2026-09-13T07:41:03.0539982Z [1m[92m  Downloaded[0m generic-array v0.14.7
2026-09-13T07:41:03.0553966Z [1m[92m  Downloaded[0m pkg-config v0.3.33
2026-09-13T07:41:03.0569077Z [1m[92m  Downloaded[0m litemap v0.8.2
2026-09-13T07:41:03.0593022Z [1m[92m  Downloaded[0m itoa v1.0.18
2026-09-13T07:41:03.0607731Z [1m[92m  Downloaded[0m equivalent v1.0.2
2026-09-13T07:41:03.0617267Z [1m[92m  Downloaded[0m goblin v0.10.5
2026-09-13T07:41:03.0689254Z [1m[92m  Downloaded[0m percent-encoding v2.3.2
2026-09-13T07:41:03.0697871Z [1m[92m  Downloaded[0m crypto-common v0.1.7
2026-09-13T07:41:03.0707014Z [1m[92m  Downloaded[0m memmap2 v0.9.11
2026-09-13T07:41:03.0724071Z [1m[92m  Downloaded[0m zstd-sys v2.0.16+zstd.1.5.7
2026-09-13T07:41:03.0888683Z [1m[92m  Downloaded[0m fern v0.7.1
2026-09-13T07:41:03.0931765Z [1m[92m  Downloaded[0m scroll v0.13.0
2026-09-13T07:41:03.0945032Z [1m[92m  Downloaded[0m log v0.4.29
2026-09-13T07:41:03.0969645Z [1m[92m  Downloaded[0m potential_utf v0.1.5
2026-09-13T07:41:03.0980546Z [1m[92m  Downloaded[0m bstr v1.12.1
2026-09-13T07:41:03.1058650Z [1m[92m  Downloaded[0m same-file v1.0.6
2026-09-13T07:41:03.1072591Z [1m[92m  Downloaded[0m crossbeam-epoch v0.9.20
2026-09-13T07:41:03.1097266Z [1m[92m  Downloaded[0m parking_lot_core v0.9.12
2026-09-13T07:41:03.1119232Z [1m[92m  Downloaded[0m idna_adapter v1.2.2
2026-09-13T07:41:03.1130008Z [1m[92m  Downloaded[0m jobserver v0.1.34
2026-09-13T07:41:03.1151014Z [1m[92m  Downloaded[0m sha2 v0.10.9
2026-09-13T07:41:03.1176234Z [1m[92m  Downloaded[0m find-msvc-tools v0.1.9
2026-09-13T07:41:03.1191813Z [1m[92m  Downloaded[0m nu-ansi-term v0.50.3
2026-09-13T07:41:03.1214973Z [1m[92m  Downloaded[0m plain v0.2.3
2026-09-13T07:41:03.1225687Z [1m[92m  Downloaded[0m quote v1.0.45
2026-09-13T07:41:03.1253610Z [1m[92m  Downloaded[0m serde_derive v1.0.228
2026-09-13T07:41:03.1284397Z [1m[92m  Downloaded[0m shlex v1.3.0
2026-09-13T07:41:03.1296577Z [1m[92m  Downloaded[0m semver v1.0.28
2026-09-13T07:41:03.1319846Z [1m[92m  Downloaded[0m scopeguard v1.2.0
2026-09-13T07:41:03.1331528Z [1m[92m  Downloaded[0m scroll_derive v0.13.1
2026-09-13T07:41:03.1339210Z [1m[92m  Downloaded[0m bytes v1.11.1
2026-09-13T07:41:03.1381794Z [1m[92m  Downloaded[0m lock_api v0.4.14
2026-09-13T07:41:03.1394062Z [1m[92m  Downloaded[0m rustc-stable-hash v0.1.2
2026-09-13T07:41:03.1409559Z [1m[92m  Downloaded[0m smallvec v1.15.1
2026-09-13T07:41:03.1431243Z [1m[92m  Downloaded[0m is_terminal_polyfill v1.70.2
2026-09-13T07:41:03.1440467Z [1m[92m  Downloaded[0m regex v1.12.3
2026-09-13T07:41:03.1492880Z [1m[92m  Downloaded[0m indexmap v2.14.0
2026-09-13T07:41:03.1534666Z [1m[92m  Downloaded[0m icu_provider v2.2.0
2026-09-13T07:41:03.1560819Z [1m[92m  Downloaded[0m serde_json v1.0.150
2026-09-13T07:41:03.1634393Z [1m[92m  Downloaded[0m rayon v1.12.0
2026-09-13T07:41:03.1778814Z [1m[92m  Downloaded[0m radium v0.7.0
2026-09-13T07:41:03.1800213Z [1m[92m  Downloaded[0m icu_properties_data v2.2.0
2026-09-13T07:41:03.1901024Z [1m[92m  Downloaded[0m regex-syntax v0.8.10
2026-09-13T07:41:03.1970756Z [1m[92m  Downloaded[0m parking_lot v0.12.5
2026-09-13T07:41:03.1995351Z [1m[92m  Downloaded[0m memchr v2.8.0
2026-09-13T07:41:03.2049202Z [1m[92m  Downloaded[0m proc-macro2 v1.0.106
2026-09-13T07:41:03.2078737Z [1m[92m  Downloaded[0m globset v0.4.18
2026-09-13T07:41:03.2093427Z [1m[92m  Downloaded[0m krates v0.21.2
2026-09-13T07:41:03.2117569Z [1m[92m  Downloaded[0m serde_core v1.0.228
2026-09-13T07:41:03.2144651Z [1m[92m  Downloaded[0m jiff v0.2.24
2026-09-13T07:41:03.2313014Z [1m[92m  Downloaded[0m regex-***mata v0.4.14
2026-09-13T07:41:03.2450830Z [1m[92m  Downloaded[0m petgraph v0.8.1
2026-09-13T07:41:03.2640413Z [1m[92m  Downloaded[0m libc v0.2.186
2026-09-13T07:41:03.3038406Z [1m[92m  Downloaded[0m ring v0.17.14
2026-09-13T07:41:03.3459623Z [1m[92m  Downloaded[0m spdx v0.13.4
2026-09-13T07:41:03.4980979Z [1m[92m   Compiling[0m proc-macro2 v1.0.106
2026-09-13T07:41:03.4981767Z [1m[92m   Compiling[0m quote v1.0.45
2026-09-13T07:41:03.4982447Z [1m[92m   Compiling[0m unicode-ident v1.0.24
2026-09-13T07:41:03.4983082Z [1m[92m   Compiling[0m libc v0.2.186
2026-09-13T07:41:06.2241355Z [1m[92m   Compiling[0m stable_deref_trait v1.2.1
2026-09-13T07:41:06.3747689Z [1m[92m   Compiling[0m serde_core v1.0.228
2026-09-13T07:41:07.8943543Z [1m[92m   Compiling[0m shlex v1.3.0
2026-09-13T07:41:07.8970764Z [1m[92m   Compiling[0m smallvec v1.15.1
2026-09-13T07:41:08.0914873Z [1m[92m   Compiling[0m find-msvc-tools v0.1.9
2026-09-13T07:41:08.4260180Z [1m[92m   Compiling[0m crossbeam-utils v0.8.21
2026-09-13T07:41:08.5649654Z [1m[92m   Compiling[0m memchr v2.8.0
2026-09-13T07:41:09.0853241Z [1m[92m   Compiling[0m jobserver v0.1.34
2026-09-13T07:41:09.2702560Z [1m[92m   Compiling[0m syn v2.0.117
2026-09-13T07:41:09.3742151Z [1m[92m   Compiling[0m cc v1.2.62
2026-09-13T07:41:10.3201374Z [1m[92m   Compiling[0m version_check v0.9.5
2026-09-13T07:41:10.5543830Z [1m[92m   Compiling[0m serde v1.0.228
2026-09-13T07:41:10.7372418Z [1m[92m   Compiling[0m generic-array v0.14.7
2026-09-13T07:41:10.8530938Z [1m[92m   Compiling[0m crossbeam-epoch v0.9.20
2026-09-13T07:41:10.9786889Z [1m[92m   Compiling[0m pkg-config v0.3.33
2026-09-13T07:41:11.0490967Z [1m[92m   Compiling[0m writeable v0.6.3
2026-09-13T07:41:11.0580857Z [1m[92m   Compiling[0m litemap v0.8.2
2026-09-13T07:41:11.2352001Z [1m[92m   Compiling[0m utf8_iter v1.0.4
2026-09-13T07:41:11.3310082Z [1m[92m   Compiling[0m typenum v1.20.0
2026-09-13T07:41:11.4467060Z [1m[92m   Compiling[0m synstructure v0.13.2
2026-09-13T07:41:11.9091236Z [1m[92m   Compiling[0m zstd-sys v2.0.16+zstd.1.5.7
2026-09-13T07:41:12.1310805Z [1m[92m   Compiling[0m cfg-if v1.0.4
2026-09-13T07:41:12.1547340Z [1m[92m   Compiling[0m icu_properties_data v2.2.0
2026-09-13T07:41:12.1781095Z [1m[92m   Compiling[0m icu_normalizer_data v2.2.0
2026-09-13T07:41:12.4350896Z [1m[92m   Compiling[0m zerofrom-derive v0.1.7
2026-09-13T07:41:12.6060922Z [1m[92m   Compiling[0m yoke-derive v0.8.2
2026-09-13T07:41:12.8831531Z [1m[92m   Compiling[0m zerovec-derive v0.11.3
2026-09-13T07:41:13.1897884Z [1m[92m   Compiling[0m zerofrom v0.1.8
2026-09-13T07:41:13.1924189Z [1m[92m   Compiling[0m displaydoc v0.2.5
2026-09-13T07:41:13.2661530Z [1m[92m   Compiling[0m yoke v0.8.2
2026-09-13T07:41:13.4420925Z [1m[92m   Compiling[0m serde_derive v1.0.228
2026-09-13T07:41:13.6970757Z [1m[92m   Compiling[0m zerotrie v0.2.4
2026-09-13T07:41:13.7973503Z [1m[92m   Compiling[0m zerovec v0.11.6
2026-09-13T07:41:14.0853295Z [1m[92m   Compiling[0m zmij v1.0.21
2026-09-13T07:41:14.2254676Z [1m[92m   Compiling[0m crossbeam-deque v0.8.6
2026-09-13T07:41:14.3653916Z [1m[92m   Compiling[0m tinystr v0.8.3
2026-09-13T07:41:14.4010716Z [1m[92m   Compiling[0m potential_utf v0.1.5
2026-09-13T07:41:14.4911161Z [1m[92m   Compiling[0m icu_collections v2.2.0
2026-09-13T07:41:14.5241075Z [1m[92m   Compiling[0m icu_locale_core v2.2.0
2026-09-13T07:41:15.2211212Z [1m[92m   Compiling[0m aho-corasick v1.1.4
2026-09-13T07:41:16.7971653Z [1m[92m   Compiling[0m icu_provider v2.2.0
2026-09-13T07:41:16.9083456Z [1m[92m   Compiling[0m serde_json v1.0.150
2026-09-13T07:41:16.9721388Z [1m[92m   Compiling[0m camino v1.2.2
2026-09-13T07:41:17.1023064Z [1m[92m   Compiling[0m target-lexicon v0.13.3
2026-09-13T07:41:17.2060679Z [1m[92m   Compiling[0m regex-syntax v0.8.10
2026-09-13T07:41:17.4061143Z [1m[92m   Compiling[0m termcolor v1.4.1
2026-09-13T07:41:17.7842652Z [1m[92m   Compiling[0m equivalent v1.0.2
2026-09-13T07:41:17.8251052Z [1m[92m   Compiling[0m unicode-width v0.2.2
2026-09-13T07:41:18.0467591Z [1m[92m   Compiling[0m utf8parse v0.2.2
2026-09-13T07:41:18.0992432Z [1m[92m   Compiling[0m itoa v1.0.18
2026-09-13T07:41:18.2801052Z [1m[92m   Compiling[0m zstd-safe v7.2.4
2026-09-13T07:41:18.3761487Z [1m[92m   Compiling[0m rayon-core v1.13.0
2026-09-13T07:41:18.4701296Z [1m[92m   Compiling[0m anstyle-parse v1.0.0
2026-09-13T07:41:18.6110999Z [1m[92m   Compiling[0m codespan-reporting v0.13.1
2026-09-13T07:41:19.0581258Z [1m[92m   Compiling[0m icu_properties v2.2.0
2026-09-13T07:41:19.6161486Z [1m[92m   Compiling[0m regex-***mata v0.4.14
2026-09-13T07:41:20.6517220Z [1m[92m   Compiling[0m icu_normalizer v2.2.0
2026-09-13T07:41:21.9341748Z [1m[92m   Compiling[0m crypto-common v0.1.7
2026-09-13T07:41:22.0020917Z [1m[92m   Compiling[0m block-buffer v0.10.4
2026-09-13T07:41:22.0451198Z [1m[92m   Compiling[0m allocator-api2 v0.2.21
2026-09-13T07:41:22.0817977Z [1m[92m   Compiling[0m is_terminal_polyfill v1.70.2
2026-09-13T07:41:22.1201839Z [1m[92m   Compiling[0m thiserror v2.0.18
2026-09-13T07:41:22.3067501Z [1m[92m   Compiling[0m colorchoice v1.0.5
2026-09-13T07:41:22.3512520Z [1m[92m   Compiling[0m log v0.4.29
2026-09-13T07:41:22.3681587Z [1m[92m   Compiling[0m parking_lot_core v0.9.12
2026-09-13T07:41:22.4941538Z [1m[92m   Compiling[0m hashbrown v0.17.1
2026-09-13T07:41:22.5011083Z [1m[92m   Compiling[0m anstyle v1.0.14
2026-09-13T07:41:22.6850994Z [1m[92m   Compiling[0m anstyle-query v1.1.5
2026-09-13T07:41:22.7351429Z [1m[92m   Compiling[0m tinyvec_macros v0.1.1
2026-09-13T07:41:22.7680792Z [1m[92m   Compiling[0m radium v0.7.0
2026-09-13T07:41:22.9071471Z [1m[92m   Compiling[0m foldhash v0.1.5
2026-09-13T07:41:23.0420949Z [1m[92m   Compiling[0m hashbrown v0.15.5
2026-09-13T07:41:23.2151458Z [1m[92m   Compiling[0m indexmap v2.14.0
2026-09-13T07:41:23.7480911Z [1m[92m   Compiling[0m tinyvec v1.11.0
2026-09-13T07:41:24.1481200Z [1m[92m   Compiling[0m anstream v1.0.0
2026-09-13T07:41:24.2481256Z [1m[92m   Compiling[0m digest v0.10.7
2026-09-13T07:41:24.4755992Z [1m[92m   Compiling[0m idna_adapter v1.2.2
2026-09-13T07:41:26.2710885Z [1m[92m   Compiling[0m scroll_derive v0.13.1
2026-09-13T07:41:26.3871301Z [1m[92m   Compiling[0m thiserror-impl v2.0.18
2026-09-13T07:41:26.8061469Z [1m[92m   Compiling[0m ring v0.17.14
2026-09-13T07:41:26.9050728Z [1m[92m   Compiling[0m semver v1.0.28
2026-09-13T07:41:27.1720963Z [1m[92m   Compiling[0m percent-encoding v2.3.2
2026-09-13T07:41:27.3287039Z [1m[92m   Compiling[0m anyhow v1.0.103
2026-09-13T07:41:27.3340719Z [1m[92m   Compiling[0m fixedbitset v0.5.7
2026-09-13T07:41:27.4921073Z [1m[92m   Compiling[0m strsim v0.11.1
2026-09-13T07:41:27.5795715Z [1m[92m   Compiling[0m cpufeatures v0.2.17
2026-09-13T07:41:27.6141107Z [1m[92m   Compiling[0m clap_lex v1.1.0
2026-09-13T07:41:27.6771364Z [1m[92m   Compiling[0m scopeguard v1.2.0
2026-09-13T07:41:27.7221366Z [1m[92m   Compiling[0m heck v0.5.0
2026-09-13T07:41:27.8622651Z [1m[92m   Compiling[0m bytes v1.11.1
2026-09-13T07:41:27.8783547Z [1m[92m   Compiling[0m tap v1.0.1
2026-09-13T07:41:27.9371746Z [1m[92m   Compiling[0m either v1.16.0
2026-09-13T07:41:28.0592871Z [1m[92m   Compiling[0m wyz v0.5.1
2026-09-13T07:41:28.1072831Z [1m[92m   Compiling[0m rayon v1.12.0
2026-09-13T07:41:28.2551751Z [1m[92m   Compiling[0m strum_macros v0.28.0
2026-09-13T07:41:28.6560703Z [1m[92m   Compiling[0m http v1.4.0
2026-09-13T07:41:30.3382575Z [1m[92m   Compiling[0m clap_builder v4.6.0
2026-09-13T07:41:30.4400913Z [1m[92m   Compiling[0m lock_api v0.4.14
2026-09-13T07:41:30.6551141Z [1m[92m   Compiling[0m sha2 v0.10.9
2026-09-13T07:41:31.2180987Z [1m[92m   Compiling[0m petgraph v0.8.1
2026-09-13T07:41:31.5811085Z [1m[92m   Compiling[0m form_urlencoded v1.2.2
2026-09-13T07:41:33.1940839Z [1m[92m   Compiling[0m scroll v0.13.0
2026-09-13T07:41:33.4080984Z [1m[92m   Compiling[0m cfg-expr v0.20.7
2026-09-13T07:41:34.2428703Z [1m[92m   Compiling[0m idna v1.1.0
2026-09-13T07:41:35.9630777Z [1m[92m   Compiling[0m unicode-normalization v0.1.25
2026-09-13T07:41:36.6006710Z [1m[92m   Compiling[0m regex v1.12.3
2026-09-13T07:41:37.4017617Z [1m[92m   Compiling[0m toml-span v0.7.1
2026-09-13T07:41:37.6017901Z [1m[92m   Compiling[0m smol_str v0.3.2
2026-09-13T07:41:37.8151604Z [1m[92m   Compiling[0m getrandom v0.2.17
2026-09-13T07:41:37.9480816Z [1m[92m   Compiling[0m crossbeam-queue v0.3.12
2026-09-13T07:41:38.0389184Z [1m[92m   Compiling[0m crossbeam-channel v0.5.15
2026-09-13T07:41:38.5943967Z [1m[92m   Compiling[0m bstr v1.12.1
2026-09-13T07:41:39.2053754Z [1m[92m   Compiling[0m funty v2.0.0
2026-09-13T07:41:39.4751334Z [1m[92m   Compiling[0m twox-hash v2.1.2
2026-09-13T07:41:39.5933861Z [1m[92m   Compiling[0m rustc-stable-hash v0.1.2
2026-09-13T07:41:39.6770341Z [1m[92m   Compiling[0m untrusted v0.9.0
2026-09-13T07:41:39.7298681Z [1m[92m   Compiling[0m same-file v1.0.6
2026-09-13T07:41:39.8128501Z [1m[92m   Compiling[0m plain v0.2.3
2026-09-13T07:41:39.8770593Z [1m[92m   Compiling[0m goblin v0.10.5
2026-09-13T07:41:39.9975141Z [1m[92m   Compiling[0m walkdir v2.5.0
2026-09-13T07:41:40.3804599Z [1m[92m   Compiling[0m tame-index v0.26.3
2026-09-13T07:41:44.5933243Z [1m[92m   Compiling[0m bitvec v1.0.1
2026-09-13T07:41:47.0529907Z [1m[92m   Compiling[0m globset v0.4.18
2026-09-13T07:41:47.4270893Z [1m[92m   Compiling[0m crossbeam v0.8.4
2026-09-13T07:41:47.4660802Z [1m[92m   Compiling[0m parking_lot v0.12.5
2026-09-13T07:41:48.0352479Z [1m[92m   Compiling[0m url v2.5.8
2026-09-13T07:41:48.1774075Z [1m[92m   Compiling[0m krates v0.21.2
2026-09-13T07:41:48.8671313Z [1m[92m   Compiling[0m clap v4.6.1
2026-09-13T07:41:49.3401690Z [1m[92m   Compiling[0m strum v0.28.0
2026-09-13T07:41:49.4012420Z [1m[92m   Compiling[0m fern v0.7.1
2026-09-13T07:41:49.5840982Z [1m[92m   Compiling[0m codespan v0.13.1
2026-09-13T07:41:49.9158520Z [1m[92m   Compiling[0m memmap2 v0.9.11
2026-09-13T07:41:50.1090428Z [1m[92m   Compiling[0m nu-ansi-term v0.50.3
2026-09-13T07:41:50.1609193Z [1m[92m   Compiling[0m jiff v0.2.24
2026-09-13T07:41:58.4916200Z [1m[92m   Compiling[0m zstd v0.13.3
2026-09-13T07:41:58.6522191Z [1m[92m   Compiling[0m spdx v0.13.4
2026-09-13T07:41:59.1320243Z [1m[92m   Compiling[0m cargo-deny v0.20.2
2026-09-13T07:43:09.2722683Z [1m[92m    Finished[0m `release` profile [optimized] target(s) in 2m 08s
2026-09-13T07:43:09.2831630Z [1m[92m  Installing[0m /home/runner/.cargo/bin/cargo-deny
2026-09-13T07:43:09.2839536Z [1m[92m   Installed[0m package `cargo-deny v0.20.2` (executable `cargo-deny`)
2026-09-13T07:43:09.3720385Z ##[group]Run set -euo pipefail
2026-09-13T07:43:09.3720761Z [36;1mset -euo pipefail[0m
2026-09-13T07:43:09.3721045Z [36;1msudo apt-get update[0m
2026-09-13T07:43:09.3721418Z [36;1msudo apt-get install --yes --no-install-recommends bubblewrap[0m
2026-09-13T07:43:09.3721846Z [36;1mbwrap --version[0m
2026-09-13T07:43:09.3722103Z [36;1mprlimit --version[0m
2026-09-13T07:43:09.3757463Z shell: /usr/bin/bash -e {0}
2026-09-13T07:43:09.3757728Z env:
2026-09-13T07:43:09.3757952Z   CARGO_HOME: /home/runner/.cargo
2026-09-13T07:43:09.3758238Z   CARGO_INCREMENTAL: 0
2026-09-13T07:43:09.3758474Z   CARGO_TERM_COLOR: always
2026-09-13T07:43:09.3758720Z ##[endgroup]
2026-09-13T07:43:09.4639689Z Get:1 file:/etc/apt/apt-mirrors.txt Mirrorlist [144 B]
2026-09-13T07:43:09.5038710Z Hit:2 http://azure.archive.ubuntu.com/ubuntu noble InRelease
2026-09-13T07:43:09.5080740Z Get:3 http://azure.archive.ubuntu.com/ubuntu noble-updates InRelease [126 kB]
2026-09-13T07:43:09.5090336Z Get:4 http://azure.archive.ubuntu.com/ubuntu noble-backports InRelease [126 kB]
2026-09-13T07:43:09.5150418Z Get:5 http://azure.archive.ubuntu.com/ubuntu noble-security InRelease [126 kB]
2026-09-13T07:43:09.5230670Z Get:6 https://packages.microsoft.com/ubuntu/24.04/prod noble InRelease [3600 B]
2026-09-13T07:43:09.5406934Z Get:7 https://dl.google.com/linux/chrome-stable/deb stable InRelease [2548 B]
2026-09-13T07:43:09.6434954Z Get:8 http://azure.archive.ubuntu.com/ubuntu noble-updates/main amd64 Packages [1263 kB]
2026-09-13T07:43:09.6575535Z Get:9 http://azure.archive.ubuntu.com/ubuntu noble-updates/main Translation-en [292 kB]
2026-09-13T07:43:09.6617176Z Get:10 http://azure.archive.ubuntu.com/ubuntu noble-updates/main amd64 Components [180 kB]
2026-09-13T07:43:09.6618518Z Get:11 http://azure.archive.ubuntu.com/ubuntu noble-updates/universe amd64 Packages [1690 kB]
2026-09-13T07:43:09.6690725Z Get:12 http://azure.archive.ubuntu.com/ubuntu noble-updates/universe amd64 Components [388 kB]
2026-09-13T07:43:09.6711783Z Get:13 http://azure.archive.ubuntu.com/ubuntu noble-updates/restricted amd64 Packages [1544 kB]
2026-09-13T07:43:09.6786472Z Get:14 http://azure.archive.ubuntu.com/ubuntu noble-updates/restricted Translation-en [354 kB]
2026-09-13T07:43:09.6808439Z Get:15 http://azure.archive.ubuntu.com/ubuntu noble-updates/multiverse amd64 Components [940 B]
2026-09-13T07:43:09.7012899Z Get:16 http://azure.archive.ubuntu.com/ubuntu noble-backports/main amd64 Components [5748 B]
2026-09-13T07:43:09.7020598Z Get:17 http://azure.archive.ubuntu.com/ubuntu noble-backports/universe amd64 Components [12.6 kB]
2026-09-13T07:43:09.8061160Z Get:18 http://azure.archive.ubuntu.com/ubuntu noble-security/main amd64 Packages [1006 kB]
2026-09-13T07:43:09.8139740Z Get:19 http://azure.archive.ubuntu.com/ubuntu noble-security/main Translation-en [213 kB]
2026-09-13T07:43:09.8143987Z Get:20 http://azure.archive.ubuntu.com/ubuntu noble-security/main amd64 Components [46.4 kB]
2026-09-13T07:43:09.8145344Z Get:21 http://azure.archive.ubuntu.com/ubuntu noble-security/universe amd64 Packages [1206 kB]
2026-09-13T07:43:09.8171509Z Get:25 https://packages.microsoft.com/ubuntu/24.04/prod noble/main amd64 Packages [463 kB]
2026-09-13T07:43:09.8193627Z Get:22 http://azure.archive.ubuntu.com/ubuntu noble-security/universe amd64 Components [76.3 kB]
2026-09-13T07:43:09.8212658Z Get:23 http://azure.archive.ubuntu.com/ubuntu noble-security/restricted amd64 Packages [1445 kB]
2026-09-13T07:43:09.8239111Z Get:26 https://packages.microsoft.com/ubuntu/24.04/prod noble/main arm64 Packages [414 kB]
2026-09-13T07:43:09.8311582Z Get:24 http://azure.archive.ubuntu.com/ubuntu noble-security/restricted Translation-en [336 kB]
2026-09-13T07:43:09.9026626Z Get:27 https://dl.google.com/linux/chrome-stable/deb stable/main amd64 Packages [1409 B]
2026-09-13T07:43:14.1797035Z Fetched 11.3 MB in 1s (8903 kB/s)
2026-09-13T07:43:15.0327402Z Reading package lists...
2026-09-13T07:43:15.0667078Z Reading package lists...
2026-09-13T07:43:15.3109027Z Building dependency tree...
2026-09-13T07:43:15.3118283Z Reading state information...
2026-09-13T07:43:15.5795150Z The following NEW packages will be installed:
2026-09-13T07:43:15.5807419Z   bubblewrap
2026-09-13T07:43:15.6000487Z 0 upgraded, 1 newly installed, 0 to remove and 50 not upgraded.
2026-09-13T07:43:15.6001275Z Need to get 50.2 kB of archives.
2026-09-13T07:43:15.6001940Z After this operation, 133 kB of additional disk space will be used.
2026-09-13T07:43:15.6002756Z Get:1 file:/etc/apt/apt-mirrors.txt Mirrorlist [144 B]
2026-09-13T07:43:15.6769057Z Get:2 http://azure.archive.ubuntu.com/ubuntu noble-updates/main amd64 bubblewrap amd64 0.9.0-1ubuntu0.1 [50.2 kB]
2026-09-13T07:43:15.9746493Z Fetched 50.2 kB in 0s (569 kB/s)
2026-09-13T07:43:15.9986675Z Selecting previously unselected package bubblewrap.
2026-09-13T07:43:16.0287345Z (Reading database ... 
2026-09-13T07:43:16.0288020Z (Reading database ... 5%
2026-09-13T07:43:16.0288564Z (Reading database ... 10%
2026-09-13T07:43:16.0289163Z (Reading database ... 15%
2026-09-13T07:43:16.0290971Z (Reading database ... 20%
2026-09-13T07:43:16.0291895Z (Reading database ... 25%
2026-09-13T07:43:16.0292490Z (Reading database ... 30%
2026-09-13T07:43:16.0293083Z (Reading database ... 35%
2026-09-13T07:43:16.0293672Z (Reading database ... 40%
2026-09-13T07:43:16.0294291Z (Reading database ... 45%
2026-09-13T07:43:16.0294850Z (Reading database ... 50%
2026-09-13T07:43:16.0355545Z (Reading database ... 55%
2026-09-13T07:43:16.1703773Z (Reading database ... 60%
2026-09-13T07:43:16.3168696Z (Reading database ... 65%
2026-09-13T07:43:16.5210300Z (Reading database ... 70%
2026-09-13T07:43:16.6699911Z (Reading database ... 75%
2026-09-13T07:43:16.8315475Z (Reading database ... 80%
2026-09-13T07:43:16.9717649Z (Reading database ... 85%
2026-09-13T07:43:17.1229635Z (Reading database ... 90%
2026-09-13T07:43:17.2892564Z (Reading database ... 95%
2026-09-13T07:43:17.2893415Z (Reading database ... 100%
2026-09-13T07:43:17.2894501Z (Reading database ... 201818 files and directories currently installed.)
2026-09-13T07:43:17.2944010Z Preparing to unpack .../bubblewrap_0.9.0-1ubuntu0.1_amd64.deb ...
2026-09-13T07:43:17.2973464Z Unpacking bubblewrap (0.9.0-1ubuntu0.1) ...
2026-09-13T07:43:17.3468459Z Setting up bubblewrap (0.9.0-1ubuntu0.1) ...
2026-09-13T07:43:17.3530829Z Processing triggers for man-db (2.12.0-4build2) ...
2026-09-13T07:43:17.3553119Z Not building database; man-db/***-update is not 'true'.
2026-09-13T07:43:18.0364757Z 
2026-09-13T07:43:18.0365982Z Running kernel seems to be up-to-date.
2026-09-13T07:43:18.0366434Z 
2026-09-13T07:43:18.0366599Z No services need to be restarted.
2026-09-13T07:43:18.0366873Z 
2026-09-13T07:43:18.0367025Z No containers need to be restarted.
2026-09-13T07:43:18.0367299Z 
2026-09-13T07:43:18.0367489Z No user sessions are running outdated binaries.
2026-09-13T07:43:18.0367814Z 
2026-09-13T07:43:18.0368122Z No VM guests are running outdated hypervisor (qemu) binaries on this host.
2026-09-13T07:43:19.3648979Z bubblewrap 0.9.0
2026-09-13T07:43:19.3751107Z prlimit from util-linux 2.39.3
2026-09-13T07:43:19.3793823Z ##[group]Run sudo sysctl -w kernel.apparmor_restrict_unprivileged_userns=0
2026-09-13T07:43:19.3794575Z [36;1msudo sysctl -w kernel.apparmor_restrict_unprivileged_userns=0[0m
2026-09-13T07:43:19.3830628Z shell: /usr/bin/bash -e {0}
2026-09-13T07:43:19.3831178Z env:
2026-09-13T07:43:19.3831481Z   CARGO_HOME: /home/runner/.cargo
2026-09-13T07:43:19.3831876Z   CARGO_INCREMENTAL: 0
2026-09-13T07:43:19.3832219Z   CARGO_TERM_COLOR: always
2026-09-13T07:43:19.3832564Z ##[endgroup]
2026-09-13T07:43:19.3961806Z kernel.apparmor_restrict_unprivileged_userns = 0
2026-09-13T07:43:19.4020104Z ##[group]Run bash scripts/prepare-build.sh
2026-09-13T07:43:19.4020591Z [36;1mbash scripts/prepare-build.sh[0m
2026-09-13T07:43:19.4055904Z shell: /usr/bin/bash -e {0}
2026-09-13T07:43:19.4056272Z env:
2026-09-13T07:43:19.4056580Z   CARGO_HOME: /home/runner/.cargo
2026-09-13T07:43:19.4056976Z   CARGO_INCREMENTAL: 0
2026-09-13T07:43:19.4057324Z   CARGO_TERM_COLOR: always
2026-09-13T07:43:19.4057667Z ##[endgroup]
2026-09-13T07:43:20.0821166Z prepare-build: wrote Cargo.toml and candidate-worker/Cargo.toml
2026-09-13T07:43:20.1079110Z [1m[92m Downloading[0m crates ...
2026-09-13T07:43:20.1686574Z [1m[92m  Downloaded[0m ***cfg v1.5.1
2026-09-13T07:43:20.1730382Z [1m[92m  Downloaded[0m feral-amd v0.2.1
2026-09-13T07:43:20.1759313Z [1m[92m  Downloaded[0m libm v0.2.16
2026-09-13T07:43:20.1894291Z [1m[92m  Downloaded[0m pulp-wasm-simd-flag v0.1.1
2026-09-13T07:43:20.1899771Z [1m[92m  Downloaded[0m reborrow v0.5.5
2026-09-13T07:43:20.1907182Z [1m[92m  Downloaded[0m bitflags v2.13.0
2026-09-13T07:43:20.1952743Z [1m[92m  Downloaded[0m bytemuck v1.25.0
2026-09-13T07:43:20.1985960Z [1m[92m  Downloaded[0m crossbeam-epoch v0.9.18
2026-09-13T07:43:20.2011801Z [1m[92m  Downloaded[0m feral-amf v0.2.1
2026-09-13T07:43:20.2022332Z [1m[92m  Downloaded[0m paste v1.0.15
2026-09-13T07:43:20.2055015Z [1m[92m  Downloaded[0m num-complex v0.4.6
2026-09-13T07:43:20.2069143Z [1m[92m  Downloaded[0m quote v1.0.46
2026-09-13T07:43:20.2097412Z [1m[92m  Downloaded[0m feral-metis v0.2.1
2026-09-13T07:43:20.2114009Z [1m[92m  Downloaded[0m feral-scotch v0.2.1
2026-09-13T07:43:20.2129597Z [1m[92m  Downloaded[0m num-traits v0.2.19
2026-09-13T07:43:20.2156885Z [1m[92m  Downloaded[0m feral-ordering-core v0.2.1
2026-09-13T07:43:20.2174151Z [1m[92m  Downloaded[0m feral-kahip v0.2.1
2026-09-13T07:43:20.2200587Z [1m[92m  Downloaded[0m memchr v2.8.2
2026-09-13T07:43:20.2247532Z [1m[92m  Downloaded[0m pulp v0.22.3
2026-09-13T07:43:20.2300706Z [1m[92m  Downloaded[0m raw-cpuid v11.6.0
2026-09-13T07:43:20.2336607Z [1m[92m  Downloaded[0m syn v2.0.118
2026-09-13T07:43:20.2443940Z [1m[92m  Downloaded[0m feral v0.11.0
2026-09-13T07:43:20.2614867Z [1m[92m   Vendoring[0m ***cfg v1.5.1 (/home/runner/.cargo/registry/src/index.crates.io-1949cf8c6b5b557f/***cfg-1.5.1) to vendor/***cfg
2026-09-13T07:43:20.2644677Z [1m[92m   Vendoring[0m bitflags v2.13.0 (/home/runner/.cargo/registry/src/index.crates.io-1949cf8c6b5b557f/bitflags-2.13.0) to vendor/bitflags
2026-09-13T07:43:20.2698336Z [1m[92m   Vendoring[0m bytemuck v1.25.0 (/home/runner/.cargo/registry/src/index.crates.io-1949cf8c6b5b557f/bytemuck-1.25.0) to vendor/bytemuck
2026-09-13T07:43:20.2734839Z [1m[92m   Vendoring[0m cfg-if v1.0.4 (/home/runner/.cargo/registry/src/index.crates.io-1949cf8c6b5b557f/cfg-if-1.0.4) to vendor/cfg-if
2026-09-13T07:43:20.2750110Z [1m[92m   Vendoring[0m crossbeam-deque v0.8.6 (/home/runner/.cargo/registry/src/index.crates.io-1949cf8c6b5b557f/crossbeam-deque-0.8.6) to vendor/crossbeam-deque
2026-09-13T07:43:20.2766404Z [1m[92m   Vendoring[0m crossbeam-epoch v0.9.18 (/home/runner/.cargo/registry/src/index.crates.io-1949cf8c6b5b557f/crossbeam-epoch-0.9.18) to vendor/crossbeam-epoch
2026-09-13T07:43:20.2795217Z [1m[92m   Vendoring[0m crossbeam-utils v0.8.21 (/home/runner/.cargo/registry/src/index.crates.io-1949cf8c6b5b557f/crossbeam-utils-0.8.21) to vendor/crossbeam-utils
2026-09-13T07:43:20.2827341Z [1m[92m   Vendoring[0m either v1.16.0 (/home/runner/.cargo/registry/src/index.crates.io-1949cf8c6b5b557f/either-1.16.0) to vendor/either
2026-09-13T07:43:20.2844274Z [1m[92m   Vendoring[0m feral v0.11.0 (/home/runner/.cargo/registry/src/index.crates.io-1949cf8c6b5b557f/feral-0.11.0) to vendor/feral
2026-09-13T07:43:20.2978527Z [1m[92m   Vendoring[0m feral-amd v0.2.1 (/home/runner/.cargo/registry/src/index.crates.io-1949cf8c6b5b557f/feral-amd-0.2.1) to vendor/feral-amd
2026-09-13T07:43:20.3001827Z [1m[92m   Vendoring[0m feral-amf v0.2.1 (/home/runner/.cargo/registry/src/index.crates.io-1949cf8c6b5b557f/feral-amf-0.2.1) to vendor/feral-amf
2026-09-13T07:43:20.3012907Z [1m[92m   Vendoring[0m feral-kahip v0.2.1 (/home/runner/.cargo/registry/src/index.crates.io-1949cf8c6b5b557f/feral-kahip-0.2.1) to vendor/feral-kahip
2026-09-13T07:43:20.3030449Z [1m[92m   Vendoring[0m feral-metis v0.2.1 (/home/runner/.cargo/registry/src/index.crates.io-1949cf8c6b5b557f/feral-metis-0.2.1) to vendor/feral-metis
2026-09-13T07:43:20.3048902Z [1m[92m   Vendoring[0m feral-ordering-core v0.2.1 (/home/runner/.cargo/registry/src/index.crates.io-1949cf8c6b5b557f/feral-ordering-core-0.2.1) to vendor/feral-ordering-core
2026-09-13T07:43:20.3065428Z [1m[92m   Vendoring[0m feral-scotch v0.2.1 (/home/runner/.cargo/registry/src/index.crates.io-1949cf8c6b5b557f/feral-scotch-0.2.1) to vendor/feral-scotch
2026-09-13T07:43:20.3083772Z [1m[92m   Vendoring[0m itoa v1.0.18 (/home/runner/.cargo/registry/src/index.crates.io-1949cf8c6b5b557f/itoa-1.0.18) to vendor/itoa
2026-09-13T07:43:20.3100963Z [1m[92m   Vendoring[0m libm v0.2.16 (/home/runner/.cargo/registry/src/index.crates.io-1949cf8c6b5b557f/libm-0.2.16) to vendor/libm
2026-09-13T07:43:20.3237634Z [1m[92m   Vendoring[0m memchr v2.8.2 (/home/runner/.cargo/registry/src/index.crates.io-1949cf8c6b5b557f/memchr-2.8.2) to vendor/memchr
2026-09-13T07:43:20.3305686Z [1m[92m   Vendoring[0m num-complex v0.4.6 (/home/runner/.cargo/registry/src/index.crates.io-1949cf8c6b5b557f/num-complex-0.4.6) to vendor/num-complex
2026-09-13T07:43:20.3320965Z [1m[92m   Vendoring[0m num-traits v0.2.19 (/home/runner/.cargo/registry/src/index.crates.io-1949cf8c6b5b557f/num-traits-0.2.19) to vendor/num-traits
2026-09-13T07:43:20.3351386Z [1m[92m   Vendoring[0m paste v1.0.15 (/home/runner/.cargo/registry/src/index.crates.io-1949cf8c6b5b557f/paste-1.0.15) to vendor/paste
2026-09-13T07:43:20.3389644Z [1m[92m   Vendoring[0m proc-macro2 v1.0.106 (/home/runner/.cargo/registry/src/index.crates.io-1949cf8c6b5b557f/proc-macro2-1.0.106) to vendor/proc-macro2
2026-09-13T07:43:20.3424341Z [1m[92m   Vendoring[0m pulp v0.22.3 (/home/runner/.cargo/registry/src/index.crates.io-1949cf8c6b5b557f/pulp-0.22.3) to vendor/pulp
2026-09-13T07:43:20.3490013Z [1m[92m   Vendoring[0m pulp-wasm-simd-flag v0.1.1 (/home/runner/.cargo/registry/src/index.crates.io-1949cf8c6b5b557f/pulp-wasm-simd-flag-0.1.1) to vendor/pulp-wasm-simd-flag
2026-09-13T07:43:20.3496994Z [1m[92m   Vendoring[0m quote v1.0.46 (/home/runner/.cargo/registry/src/index.crates.io-1949cf8c6b5b557f/quote-1.0.46) to vendor/quote
2026-09-13T07:43:20.3528621Z [1m[92m   Vendoring[0m raw-cpuid v11.6.0 (/home/runner/.cargo/registry/src/index.crates.io-1949cf8c6b5b557f/raw-cpuid-11.6.0) to vendor/raw-cpuid
2026-09-13T07:43:20.3569183Z [1m[92m   Vendoring[0m rayon v1.12.0 (/home/runner/.cargo/registry/src/index.crates.io-1949cf8c6b5b557f/rayon-1.12.0) to vendor/rayon
2026-09-13T07:43:20.3687110Z [1m[92m   Vendoring[0m rayon-core v1.13.0 (/home/runner/.cargo/registry/src/index.crates.io-1949cf8c6b5b557f/rayon-core-1.13.0) to vendor/rayon-core
2026-09-13T07:43:20.3731970Z [1m[92m   Vendoring[0m reborrow v0.5.5 (/home/runner/.cargo/registry/src/index.crates.io-1949cf8c6b5b557f/reborrow-0.5.5) to vendor/reborrow
2026-09-13T07:43:20.3739625Z [1m[92m   Vendoring[0m serde v1.0.228 (/home/runner/.cargo/registry/src/index.crates.io-1949cf8c6b5b557f/serde-1.0.228) to vendor/serde
2026-09-13T07:43:20.3782623Z [1m[92m   Vendoring[0m serde_core v1.0.228 (/home/runner/.cargo/registry/src/index.crates.io-1949cf8c6b5b557f/serde_core-1.0.228) to vendor/serde_core
2026-09-13T07:43:20.3817794Z [1m[92m   Vendoring[0m serde_derive v1.0.228 (/home/runner/.cargo/registry/src/index.crates.io-1949cf8c6b5b557f/serde_derive-1.0.228) to vendor/serde_derive
2026-09-13T07:43:20.3854506Z [1m[92m   Vendoring[0m serde_json v1.0.150 (/home/runner/.cargo/registry/src/index.crates.io-1949cf8c6b5b557f/serde_json-1.0.150) to vendor/serde_json
2026-09-13T07:43:20.3943449Z [1m[92m   Vendoring[0m syn v2.0.118 (/home/runner/.cargo/registry/src/index.crates.io-1949cf8c6b5b557f/syn-2.0.118) to vendor/syn
2026-09-13T07:43:20.4077290Z [1m[92m   Vendoring[0m unicode-ident v1.0.24 (/home/runner/.cargo/registry/src/index.crates.io-1949cf8c6b5b557f/unicode-ident-1.0.24) to vendor/unicode-ident
2026-09-13T07:43:20.4108869Z [1m[92m   Vendoring[0m version_check v0.9.5 (/home/runner/.cargo/registry/src/index.crates.io-1949cf8c6b5b557f/version_check-0.9.5) to vendor/version_check
2026-09-13T07:43:20.4122939Z [1m[92m   Vendoring[0m zmij v1.0.21 (/home/runner/.cargo/registry/src/index.crates.io-1949cf8c6b5b557f/zmij-1.0.21) to vendor/zmij
2026-09-13T07:43:20.4149540Z To use vendored sources, add this to your .cargo/config.toml for this project:
2026-09-13T07:43:20.4150453Z 
2026-09-13T07:43:20.5505294Z prepare-build: vendored tree scanned clean
2026-09-13T07:43:20.5540309Z ##[group]Run set -euo pipefail
2026-09-13T07:43:20.5540721Z [36;1mset -euo pipefail[0m
2026-09-13T07:43:20.5541022Z [36;1mtest "$(id -u)" -ne 0[0m
2026-09-13T07:43:20.5541353Z [36;1mscripts/grader-sandbox.sh self-check[0m
2026-09-13T07:43:20.5541767Z [36;1mscripts/grader-sandbox.sh trusted-build[0m
2026-09-13T07:43:20.5542184Z [36;1mscripts/grader-sandbox.sh candidate-build[0m
2026-09-13T07:43:20.5579929Z shell: /usr/bin/bash -e {0}
2026-09-13T07:43:20.5580271Z env:
2026-09-13T07:43:20.5580538Z   CARGO_HOME: /home/runner/.cargo
2026-09-13T07:43:20.5580887Z   CARGO_INCREMENTAL: 0
2026-09-13T07:43:20.5581186Z   CARGO_TERM_COLOR: always
2026-09-13T07:43:20.5581476Z ##[endgroup]
2026-09-13T07:43:20.6074923Z assert-no-network: outbound to 1.1.1.1:443 blocked — network isolation looks effective.
2026-09-13T07:43:20.6080294Z grader-sandbox: build boundary self-check passed
2026-09-13T07:43:20.7377894Z    Compiling proc-macro2 v1.0.106
2026-09-13T07:43:20.7378988Z    Compiling crossbeam-utils v0.8.21
2026-09-13T07:43:20.7380148Z    Compiling quote v1.0.46
2026-09-13T07:43:20.7381078Z    Compiling unicode-ident v1.0.24
2026-09-13T07:43:20.8035151Z    Compiling feral-ordering-core v0.2.1
2026-09-13T07:43:20.8821075Z    Compiling ***cfg v1.5.1
2026-09-13T07:43:21.2231703Z    Compiling num-traits v0.2.19
2026-09-13T07:43:21.3350698Z    Compiling serde_core v1.0.228
2026-09-13T07:43:21.5805818Z    Compiling crossbeam-epoch v0.9.18
2026-09-13T07:43:21.6910730Z    Compiling feral-amd v0.2.1
2026-09-13T07:43:21.6951250Z    Compiling libm v0.2.16
2026-09-13T07:43:21.7300501Z    Compiling version_check v0.9.5
2026-09-13T07:43:21.8080740Z    Compiling rayon-core v1.13.0
2026-09-13T07:43:21.8644733Z    Compiling paste v1.0.15
2026-09-13T07:43:21.8891063Z    Compiling zmij v1.0.21
2026-09-13T07:43:21.9623345Z    Compiling pulp v0.22.3
2026-09-13T07:43:22.0056274Z    Compiling crossbeam-deque v0.8.6
2026-09-13T07:43:22.0197946Z    Compiling feral-metis v0.2.1
2026-09-13T07:43:22.1460613Z    Compiling syn v2.0.118
2026-09-13T07:43:22.9530619Z    Compiling bytemuck v1.25.0
2026-09-13T07:43:23.1652801Z    Compiling bitflags v2.13.0
2026-09-13T07:43:23.4852390Z    Compiling serde v1.0.228
2026-09-13T07:43:23.6521002Z    Compiling serde_json v1.0.150
2026-09-13T07:43:23.7640361Z    Compiling raw-cpuid v11.6.0
2026-09-13T07:43:23.9740566Z    Compiling num-complex v0.4.6
2026-09-13T07:43:24.6741638Z    Compiling serde_derive v1.0.228
2026-09-13T07:43:26.1960754Z    Compiling reborrow v0.5.5
2026-09-13T07:43:26.2372054Z    Compiling pulp-wasm-simd-flag v0.1.1
2026-09-13T07:43:26.2750912Z    Compiling cfg-if v1.0.4
2026-09-13T07:43:26.3051023Z    Compiling either v1.16.0
2026-09-13T07:43:26.4707489Z    Compiling memchr v2.8.2
2026-09-13T07:43:27.3801056Z    Compiling itoa v1.0.18
2026-09-13T07:43:27.8040878Z    Compiling rayon v1.12.0
2026-09-13T07:43:28.5252638Z    Compiling feral-kahip v0.2.1
2026-09-13T07:43:30.5490647Z    Compiling feral-scotch v0.2.1
2026-09-13T07:43:30.6430701Z    Compiling feral-amf v0.2.1
2026-09-13T07:43:30.7408783Z    Compiling ssi-purity v0.1.0 (/workspace/ssi-purity)
2026-09-13T07:43:32.3353581Z    Compiling feral v0.11.0
2026-09-13T07:43:38.3476322Z    Compiling ssi-scoring v0.1.0 (/workspace/ssi-scoring)
2026-09-13T07:43:38.4542004Z    Compiling ssi-worker-protocol v0.1.0 (/workspace/ssi-worker-protocol)
2026-09-13T07:43:38.7249647Z    Compiling matrices-fast v0.1.0 (/workspace)
2026-09-13T07:43:39.5231098Z     Finished `release` profile [optimized] target(s) in 18.88s
2026-09-13T07:43:39.6530728Z    Compiling proc-macro2 v1.0.106
2026-09-13T07:43:39.6531556Z    Compiling crossbeam-utils v0.8.21
2026-09-13T07:43:39.6532497Z    Compiling ***cfg v1.5.1
2026-09-13T07:43:39.6533133Z    Compiling quote v1.0.46
2026-09-13T07:43:39.7870104Z    Compiling feral-ordering-core v0.2.1
2026-09-13T07:43:39.7930419Z    Compiling unicode-ident v1.0.24
2026-09-13T07:43:39.9704346Z    Compiling num-traits v0.2.19
2026-09-13T07:43:40.0790551Z    Compiling serde_core v1.0.228
2026-09-13T07:43:40.5065336Z    Compiling crossbeam-epoch v0.9.18
2026-09-13T07:43:40.5150443Z    Compiling feral-amd v0.2.1
2026-09-13T07:43:40.5301983Z    Compiling version_check v0.9.5
2026-09-13T07:43:40.6453424Z    Compiling zmij v1.0.21
2026-09-13T07:43:40.6922167Z    Compiling paste v1.0.15
2026-09-13T07:43:40.7460554Z    Compiling rayon-core v1.13.0
2026-09-13T07:43:40.7950645Z    Compiling libm v0.2.16
2026-09-13T07:43:40.8370824Z    Compiling pulp v0.22.3
2026-09-13T07:43:40.8430383Z    Compiling crossbeam-deque v0.8.6
2026-09-13T07:43:40.9101465Z    Compiling feral-metis v0.2.1
2026-09-13T07:43:40.9655800Z    Compiling syn v2.0.118
2026-09-13T07:43:41.9280709Z    Compiling serde_json v1.0.150
2026-09-13T07:43:42.0113854Z    Compiling bitflags v2.13.0
2026-09-13T07:43:42.3207354Z    Compiling serde v1.0.228
2026-09-13T07:43:42.4750607Z    Compiling bytemuck v1.25.0
2026-09-13T07:43:42.6570525Z    Compiling num-complex v0.4.6
2026-09-13T07:43:42.9290362Z    Compiling raw-cpuid v11.6.0
2026-09-13T07:43:43.4560571Z    Compiling serde_derive v1.0.228
2026-09-13T07:43:45.6140361Z    Compiling memchr v2.8.2
2026-09-13T07:43:45.8650670Z    Compiling pulp-wasm-simd-flag v0.1.1
2026-09-13T07:43:45.8923218Z    Compiling either v1.16.0
2026-09-13T07:43:46.0660760Z    Compiling reborrow v0.5.5
2026-09-13T07:43:46.1140622Z    Compiling itoa v1.0.18
2026-09-13T07:43:46.3190633Z    Compiling cfg-if v1.0.4
2026-09-13T07:43:47.0035083Z    Compiling rayon v1.12.0
2026-09-13T07:43:47.3820012Z    Compiling feral-scotch v0.2.1
2026-09-13T07:43:49.2810675Z    Compiling feral-kahip v0.2.1
2026-09-13T07:43:49.7590583Z    Compiling feral-amf v0.2.1
2026-09-13T07:43:50.8224123Z    Compiling feral v0.11.0
2026-09-13T07:43:56.8443965Z    Compiling ssi-scoring v0.1.0 (/workspace/ssi-scoring)
2026-09-13T07:43:56.9422079Z    Compiling ssi-worker-protocol v0.1.0 (/workspace/ssi-worker-protocol)
2026-09-13T07:43:57.2303863Z    Compiling ssi-candidate-worker v0.1.0 (/workspace/candidate-worker)
2026-09-13T07:43:57.3350808Z warning: unused doc comment
2026-09-13T07:43:57.3352313Z     --> candidate-worker/src/../../src/ordering/mod.rs:5196:9
2026-09-13T07:43:57.3353549Z      |
2026-09-13T07:43:57.3354532Z 5196 | /         /// `nnz < 3n` = the sparse band of the 0184 price law (66 of the 300 dev
2026-09-13T07:43:57.3356060Z 5197 | |         /// rows, all of them in-window). Structural, never per-matrix.
2026-09-13T07:43:57.3357268Z      | |_______________________________________________________________________^
2026-09-13T07:43:57.3358355Z 5198 | /         let shipped_ladder = || {
2026-09-13T07:43:57.3359573Z 5199 | |             if nnz < 3 * n {
2026-09-13T07:43:57.3360435Z 5200 | |                 SHIPPED_SPARSE_LADDER.to_vec()
2026-09-13T07:43:57.3361329Z 5201 | |             } else {
2026-09-13T07:43:57.3361976Z ...    |
2026-09-13T07:43:57.3362493Z 5204 | |         };
2026-09-13T07:43:57.3363138Z      | |__________- rustdoc does not generate documentation for statements
2026-09-13T07:43:57.3364088Z      |
2026-09-13T07:43:57.3364447Z      = help: use `//` for a plain comment
2026-09-13T07:43:57.3365143Z      = note: `#[warn(unused_doc_comments)]` (part of `#[warn(unused)]`) on by default
2026-09-13T07:43:57.3365742Z 
2026-09-13T07:43:57.7874700Z warning: value assigned to `d` is never read
2026-09-13T07:43:57.7875941Z    --> candidate-worker/src/../../src/ordering/rgreedy.rs:433:29
2026-09-13T07:43:57.7877215Z     |
2026-09-13T07:43:57.7877943Z 433 |                 let mut d = 0u32;
2026-09-13T07:43:57.7879631Z     |                             ^^^^ this value is reassigned later and never used
2026-09-13T07:43:57.7880981Z ...
2026-09-13T07:43:57.7881672Z 451 |                     d = self.deg[u] + added as u32;
2026-09-13T07:43:57.7883154Z     |                     ------------------------------ `d` is overwritten here before the previous value is read
2026-09-13T07:43:57.7884528Z     |
2026-09-13T07:43:57.7885484Z     = note: `#[warn(unused_assignments)]` (part of `#[warn(unused)]`) on by default
2026-09-13T07:43:57.7886200Z 
2026-09-13T07:43:58.1814389Z warning: constant `RELABEL_BUDGET` is never used
2026-09-13T07:43:58.1815338Z    --> candidate-worker/src/../../src/ordering/mod.rs:858:7
2026-09-13T07:43:58.1816100Z     |
2026-09-13T07:43:58.1816549Z 858 | const RELABEL_BUDGET: usize = 300_000;
2026-09-13T07:43:58.1817162Z     |       ^^^^^^^^^^^^^^
2026-09-13T07:43:58.1817667Z     |
2026-09-13T07:43:58.1818277Z     = note: `#[warn(dead_code)]` (part of `#[warn(unused)]`) on by default
2026-09-13T07:43:58.1818906Z 
2026-09-13T07:43:58.1819538Z warning: constant `RELABEL_MAX_RESTARTS` is never used
2026-09-13T07:43:58.1820410Z    --> candidate-worker/src/../../src/ordering/mod.rs:859:7
2026-09-13T07:43:58.1821168Z     |
2026-09-13T07:43:58.1821656Z 859 | const RELABEL_MAX_RESTARTS: usize = 24;
2026-09-13T07:43:58.1822319Z     |       ^^^^^^^^^^^^^^^^^^^^
2026-09-13T07:43:58.1822670Z 
2026-09-13T07:43:58.1822946Z warning: constant `SUBTREE_MAX_N` is never used
2026-09-13T07:43:58.1824114Z    --> candidate-worker/src/../../src/ordering/mod.rs:922:7
2026-09-13T07:43:58.1824890Z     |
2026-09-13T07:43:58.1825327Z 922 | const SUBTREE_MAX_N: usize = 250_000;
2026-09-13T07:43:58.1825979Z     |       ^^^^^^^^^^^^^
2026-09-13T07:43:58.1826273Z 
2026-09-13T07:43:58.1826567Z warning: function `relabel_restarts` is never used
2026-09-13T07:43:58.1827379Z     --> candidate-worker/src/../../src/ordering/mod.rs:1211:4
2026-09-13T07:43:58.1827938Z      |
2026-09-13T07:43:58.1828478Z 1211 | fn relabel_restarts(budget: usize, cap: usize, nnz: usize) -> usize {
2026-09-13T07:43:58.1829198Z      |    ^^^^^^^^^^^^^^^^
2026-09-13T07:43:58.1829713Z 
2026-09-13T07:43:58.1829946Z warning: function `paired_swap_refine` is never used
2026-09-13T07:43:58.1830565Z     --> candidate-worker/src/../../src/ordering/mod.rs:1345:4
2026-09-13T07:43:58.1831096Z      |
2026-09-13T07:43:58.1831649Z 1345 | fn paired_swap_refine(pattern: &Pattern, mut best: Vec<usize>) -> Vec<usize> {
2026-09-13T07:43:58.1832329Z      |    ^^^^^^^^^^^^^^^^^^
2026-09-13T07:43:58.1832590Z 
2026-09-13T07:43:58.1832851Z warning: function `plateau_refine` is never used
2026-09-13T07:43:58.1833460Z     --> candidate-worker/src/../../src/ordering/mod.rs:1368:4
2026-09-13T07:43:58.1833980Z      |
2026-09-13T07:43:58.1834567Z 1368 | fn plateau_refine(pattern: &Pattern, start: Vec<usize>, neutral: bool) -> Vec<usize> {
2026-09-13T07:43:58.1835281Z      |    ^^^^^^^^^^^^^^
2026-09-13T07:43:58.1835505Z 
2026-09-13T07:43:58.1835691Z warning: function `capture` is never used
2026-09-13T07:43:58.1836319Z   --> candidate-worker/src/../../src/ordering/transplant_probe.rs:11:15
2026-09-13T07:43:58.1836908Z    |
2026-09-13T07:43:58.1837289Z 11 | pub(super) fn capture(pool: &[(u64, Vec<usize>)]) {
2026-09-13T07:43:58.1837819Z    |               ^^^^^^^
2026-09-13T07:43:58.1838041Z 
2026-09-13T07:43:58.1838247Z warning: function `terminal_pass` is never used
2026-09-13T07:43:58.1838894Z    --> candidate-worker/src/../../src/ordering/transplant_probe.rs:240:4
2026-09-13T07:43:58.1840059Z     |
2026-09-13T07:43:58.1840355Z 240 | fn terminal_pass(
2026-09-13T07:43:58.1840712Z     |    ^^^^^^^^^^^^^
2026-09-13T07:43:58.1840927Z 
2026-09-13T07:43:58.1841092Z warning: function `refine` is never used
2026-09-13T07:43:58.1841654Z   --> candidate-worker/src/../../src/ordering/completion.rs:12:15
2026-09-13T07:43:58.1842176Z    |
2026-09-13T07:43:58.1842481Z 12 | pub(super) fn refine(
2026-09-13T07:43:58.1842844Z    |               ^^^^^^
2026-09-13T07:43:58.1843074Z 
2026-09-13T07:43:58.1843260Z warning: function `candidates` is never used
2026-09-13T07:43:58.1843893Z   --> candidate-worker/src/../../src/ordering/peo_extract.rs:63:15
2026-09-13T07:43:58.1844455Z    |
2026-09-13T07:43:58.1844777Z 63 | pub(super) fn candidates(
2026-09-13T07:43:58.1845164Z    |               ^^^^^^^^^^
2026-09-13T07:43:58.1845409Z 
2026-09-13T07:43:58.1845597Z warning: type alias `PermFn` is never used
2026-09-13T07:43:58.1846180Z   --> candidate-worker/src/../../src/ordering/parallel.rs:80:17
2026-09-13T07:43:58.1846731Z    |
2026-09-13T07:43:58.1847448Z 80 | pub(crate) type PermFn<'a> = Box<dyn Fn() -> Option<Vec<usize>> + Sync + 'a>;
2026-09-13T07:43:58.1848108Z    |                 ^^^^^^
2026-09-13T07:43:58.1848339Z 
2026-09-13T07:43:58.1848528Z warning: function `run_perms` is never used
2026-09-13T07:43:58.1849132Z    --> candidate-worker/src/../../src/ordering/parallel.rs:189:15
2026-09-13T07:43:58.1849926Z     |
2026-09-13T07:43:58.1850242Z 189 | pub(crate) fn run_perms(
2026-09-13T07:43:58.1850629Z     |               ^^^^^^^^^
2026-09-13T07:43:58.1850873Z 
2026-09-13T07:43:58.1851050Z warning: function `accept` is never used
2026-09-13T07:43:58.1851654Z    --> candidate-worker/src/../../src/ordering/parallel.rs:314:15
2026-09-13T07:43:58.1852216Z     |
2026-09-13T07:43:58.1852878Z 314 | pub(crate) fn accept(results: &mut [CandOut], best_flops: &mut u64, best_perm: &mut Vec<usize>) -> bool {
2026-09-13T07:43:58.1853679Z     |               ^^^^^^
2026-09-13T07:43:58.1853924Z 
2026-09-13T07:43:58.1854132Z warning: function `minl_is_clique` is never used
2026-09-13T07:43:58.1854742Z    --> candidate-worker/src/../../src/ordering/minl.rs:134:4
2026-09-13T07:43:58.1855250Z     |
2026-09-13T07:43:58.1855730Z 134 | fn minl_is_clique(adj: &[Vec<u32>], c: &[u32], ops: &mut i64) -> bool {
2026-09-13T07:43:58.1856335Z     |    ^^^^^^^^^^^^^^
2026-09-13T07:43:58.1856560Z 
2026-09-13T07:43:58.1856785Z warning: function `minl_try_delete_edge` is never used
2026-09-13T07:43:58.1857433Z    --> candidate-worker/src/../../src/ordering/minl.rs:230:4
2026-09-13T07:43:58.1857960Z     |
2026-09-13T07:43:58.1858286Z 230 | fn minl_try_delete_edge(
2026-09-13T07:43:58.1858675Z     |    ^^^^^^^^^^^^^^^^^^^^
2026-09-13T07:43:58.1858920Z 
2026-09-13T07:43:58.1859092Z warning: function `order` is never used
2026-09-13T07:43:58.1859945Z   --> candidate-worker/src/../../src/ordering/chordal_certificate.rs:32:15
2026-09-13T07:43:58.1860558Z    |
2026-09-13T07:43:58.1861068Z 32 | pub(crate) fn order(n: usize, cp: &[usize], ri: &[usize]) -> Option<Vec<usize>> {
2026-09-13T07:43:58.1861731Z    |               ^^^^^
2026-09-13T07:43:58.1861960Z 
2026-09-13T07:43:58.1862178Z warning: function `run_sequential_180` is never used
2026-09-13T07:43:58.1862832Z    --> candidate-worker/src/../../src/ordering/indep_first.rs:725:4
2026-09-13T07:43:58.1863401Z     |
2026-09-13T07:43:58.1863981Z 725 | fn run_sequential_180(sp: &ScoringPattern, ledger: u64) -> Option<(u64, Vec<usize>)> {
2026-09-13T07:43:58.1864674Z     |    ^^^^^^^^^^^^^^^^^^
2026-09-13T07:43:58.1864914Z 
2026-09-13T07:44:04.3333236Z warning: `ssi-candidate-worker` (bin "ssi-candidate-worker") generated 19 warnings
2026-09-13T07:44:04.3334577Z     Finished `release` profile [optimized] target(s) in 24.77s
2026-09-13T07:44:04.3420577Z ##[group]Run set -euo pipefail
2026-09-13T07:44:04.3420956Z [36;1mset -euo pipefail[0m
2026-09-13T07:44:04.3421409Z [36;1m./target/trusted/release/matrices-fast --grader --sandbox-self-check[0m
2026-09-13T07:44:04.3422259Z [36;1m./target/trusted/release/matrices-fast --grader --sandbox-timeout-self-check[0m
2026-09-13T07:44:04.3422878Z [36;1mcargo test --offline --locked --package matrices-fast \[0m
2026-09-13T07:44:04.3423447Z [36;1m  sandbox::tests::bubblewrap_timeout_tears_down_candidate_descendants \[0m
2026-09-13T07:44:04.3423930Z [36;1m  -- --ignored[0m
2026-09-13T07:44:04.3458917Z shell: /usr/bin/bash -e {0}
2026-09-13T07:44:04.3459214Z env:
2026-09-13T07:44:04.3460229Z   CARGO_HOME: /home/runner/.cargo
2026-09-13T07:44:04.3460559Z   CARGO_INCREMENTAL: 0
2026-09-13T07:44:04.3460835Z   CARGO_TERM_COLOR: always
2026-09-13T07:44:04.3461127Z   SSI_GRADER_SANDBOX: bubblewrap
2026-09-13T07:44:04.3461808Z   SSI_CANDIDATE_WORKER: /home/runner/work/matrices-fast/matrices-fast/target/candidate/release/ssi-candidate-worker
2026-09-13T07:44:04.3462456Z ##[endgroup]
2026-09-13T07:44:04.3651456Z per-worker bubblewrap self-check passed
2026-09-13T07:44:04.5711128Z bubblewrap timeout teardown self-check passed
2026-09-13T07:44:04.6452408Z [1m[92m   Compiling[0m proc-macro2 v1.0.106
2026-09-13T07:44:04.6453340Z [1m[92m   Compiling[0m crossbeam-utils v0.8.21
2026-09-13T07:44:04.6480641Z [1m[92m   Compiling[0m unicode-ident v1.0.24
2026-09-13T07:44:04.6501708Z [1m[92m   Compiling[0m ***cfg v1.5.1
2026-09-13T07:44:04.7111612Z [1m[92m   Compiling[0m quote v1.0.46
2026-09-13T07:44:04.8220385Z [1m[92m   Compiling[0m feral-ordering-core v0.2.1
2026-09-13T07:44:04.9911803Z [1m[92m   Compiling[0m num-traits v0.2.19
2026-09-13T07:44:05.0961319Z [1m[92m   Compiling[0m serde_core v1.0.228
2026-09-13T07:44:05.2417485Z [1m[92m   Compiling[0m feral-amd v0.2.1
2026-09-13T07:44:05.3172389Z [1m[92m   Compiling[0m crossbeam-epoch v0.9.18
2026-09-13T07:44:05.4378034Z [1m[92m   Compiling[0m zmij v1.0.21
2026-09-13T07:44:05.5560207Z [1m[92m   Compiling[0m paste v1.0.15
2026-09-13T07:44:05.5782138Z [1m[92m   Compiling[0m libm v0.2.16
2026-09-13T07:44:05.5937787Z [1m[92m   Compiling[0m rayon-core v1.13.0
2026-09-13T07:44:05.6363270Z [1m[92m   Compiling[0m version_check v0.9.5
2026-09-13T07:44:05.7099933Z [1m[92m   Compiling[0m crossbeam-deque v0.8.6
2026-09-13T07:44:05.7421055Z [1m[92m   Compiling[0m syn v2.0.118
2026-09-13T07:44:05.8503363Z [1m[92m   Compiling[0m feral-metis v0.2.1
2026-09-13T07:44:05.8793091Z [1m[92m   Compiling[0m pulp v0.22.3
2026-09-13T07:44:06.3951114Z [1m[92m   Compiling[0m serde_json v1.0.150
2026-09-13T07:44:06.5063445Z [1m[92m   Compiling[0m bitflags v2.13.0
2026-09-13T07:44:06.6673485Z [1m[92m   Compiling[0m bytemuck v1.25.0
2026-09-13T07:44:06.7800746Z [1m[92m   Compiling[0m serde v1.0.228
2026-09-13T07:44:06.8296373Z [1m[92m   Compiling[0m num-complex v0.4.6
2026-09-13T07:44:06.9683377Z [1m[92m   Compiling[0m raw-cpuid v11.6.0
2026-09-13T07:44:08.2291189Z [1m[92m   Compiling[0m serde_derive v1.0.228
2026-09-13T07:44:08.9361275Z [1m[92m   Compiling[0m cfg-if v1.0.4
2026-09-13T07:44:08.9706255Z [1m[92m   Compiling[0m either v1.16.0
2026-09-13T07:44:09.1271479Z [1m[92m   Compiling[0m memchr v2.8.2
2026-09-13T07:44:09.4636747Z [1m[92m   Compiling[0m pulp-wasm-simd-flag v0.1.1
2026-09-13T07:44:09.4742421Z [1m[92m   Compiling[0m itoa v1.0.18
2026-09-13T07:44:09.4940540Z [1m[92m   Compiling[0m reborrow v0.5.5
2026-09-13T07:44:09.6179162Z [1m[92m   Compiling[0m rayon v1.12.0
2026-09-13T07:44:11.3040963Z [1m[92m   Compiling[0m feral-kahip v0.2.1
2026-09-13T07:44:11.8891157Z [1m[92m   Compiling[0m feral-scotch v0.2.1
2026-09-13T07:44:12.0250883Z [1m[92m   Compiling[0m feral-amf v0.2.1
2026-09-13T07:44:12.0911565Z [1m[92m   Compiling[0m prototype-oracle v0.1.0 (/home/runner/work/matrices-fast/matrices-fast/prototype-oracle)
2026-09-13T07:44:12.8058709Z [1m[92m   Compiling[0m feral v0.11.0
2026-09-13T07:44:14.9975722Z [1m[92m   Compiling[0m ssi-scoring v0.1.0 (/home/runner/work/matrices-fast/matrices-fast/ssi-scoring)
2026-09-13T07:44:15.0791641Z [1m[92m   Compiling[0m ssi-worker-protocol v0.1.0 (/home/runner/work/matrices-fast/matrices-fast/ssi-worker-protocol)
2026-09-13T07:44:15.1921281Z [1m[92m   Compiling[0m matrices-fast v0.1.0 (/home/runner/work/matrices-fast/matrices-fast)
2026-09-13T07:44:16.1749181Z [1m[92m    Finished[0m `test` profile [unoptimized + debuginfo] target(s) in 11.59s
2026-09-13T07:44:16.1771028Z [1m[92m     Running[0m unittests src/main.rs (target/debug/deps/matrices_fast-42399a26ce091bfa)
2026-09-13T07:44:16.1785020Z 
2026-09-13T07:44:16.1785362Z running 1 test
2026-09-13T07:44:16.3846717Z test sandbox::tests::bubblewrap_timeout_tears_down_candidate_descendants ... ok
2026-09-13T07:44:16.3847931Z [1m[92m     Running[0m tests/exact_equivalence.rs (target/debug/deps/exact_equivalence-a0ee54e703a06ced)
2026-09-13T07:44:16.3848469Z 
2026-09-13T07:44:16.3848852Z test result: ok. 1 passed; 0 failed; 0 ignored; 0 measured; 51 filtered out; finished in 0.21s
2026-09-13T07:44:16.3849614Z 
2026-09-13T07:44:16.3852262Z 
2026-09-13T07:44:16.3852540Z running 0 tests
2026-09-13T07:44:16.3852832Z 
2026-09-13T07:44:16.3854891Z test result: ok. 0 passed; 0 failed; 0 ignored; 0 measured; 3 filtered out; finished in 0.00s
2026-09-13T07:44:16.3855340Z 
2026-09-13T07:44:16.3856320Z [1m[92m     Running[0m tests/scorer_crosscheck.rs (target/debug/deps/scorer_crosscheck-4e6cf07f9d3ae241)
2026-09-13T07:44:16.3865278Z 
2026-09-13T07:44:16.3865459Z running 0 tests
2026-09-13T07:44:16.3865755Z 
2026-09-13T07:44:16.3866225Z test result: ok. 0 passed; 0 failed; 0 ignored; 0 measured; 2 filtered out; finished in 0.00s
2026-09-13T07:44:16.3866835Z 
2026-09-13T07:44:16.3868780Z [1m[92m     Running[0m tests/security_boundary.rs (target/debug/deps/security_boundary-5080f7360994ca56)
2026-09-13T07:44:16.3877479Z 
2026-09-13T07:44:16.3877650Z running 0 tests
2026-09-13T07:44:16.3878923Z 
2026-09-13T07:44:16.3879620Z test result: ok. 0 passed; 0 failed; 0 ignored; 0 measured; 4 filtered out; finished in 0.00s
2026-09-13T07:44:16.3880343Z 
2026-09-13T07:44:16.3881175Z [1m[92m     Running[0m tests/time_cap.rs (target/debug/deps/time_cap-0e88487439caaaea)
2026-09-13T07:44:16.3890648Z 
2026-09-13T07:44:16.3890821Z running 0 tests
2026-09-13T07:44:16.3891166Z 
2026-09-13T07:44:16.3891530Z test result: ok. 0 passed; 0 failed; 0 ignored; 0 measured; 5 filtered out; finished in 0.00s
2026-09-13T07:44:16.3891952Z 
2026-09-13T07:44:16.3951561Z ##[group]Run if [ -z "${EVAL_BUCKET_NAME:-}" ]; then
2026-09-13T07:44:16.3952014Z [36;1mif [ -z "${EVAL_BUCKET_NAME:-}" ]; then[0m
2026-09-13T07:44:16.3952488Z [36;1m  echo "No EVAL_BUCKET_NAME secret set; grading the committed public dev corpus."[0m
2026-09-13T07:44:16.3952965Z [36;1m  echo "corpus_file=" >> "$GITHUB_OUTPUT"[0m
2026-09-13T07:44:16.3953282Z [36;1melse[0m
2026-09-13T07:44:16.3953625Z [36;1m  ./.github/scripts/fetch-eval-corpus.sh "$RUNNER_TEMP/eval.jsonl"[0m
2026-09-13T07:44:16.3954134Z [36;1m  echo "corpus_file=$RUNNER_TEMP/eval.jsonl" >> "$GITHUB_OUTPUT"[0m
2026-09-13T07:44:16.3954505Z [36;1mfi[0m
2026-09-13T07:44:16.3989612Z shell: /usr/bin/bash -e {0}
2026-09-13T07:44:16.3989905Z env:
2026-09-13T07:44:16.3990132Z   CARGO_HOME: /home/runner/.cargo
2026-09-13T07:44:16.3990418Z   CARGO_INCREMENTAL: 0
2026-09-13T07:44:16.3990662Z   CARGO_TERM_COLOR: always
2026-09-13T07:44:16.3991068Z   EVAL_BUCKET_NAME: ***
2026-09-13T07:44:16.3991568Z   EVAL_BUCKET_ENDPOINT: ***
2026-09-13T07:44:16.3991888Z   AWS_ACCESS_KEY_ID: ***
2026-09-13T07:44:16.3992347Z   AWS_SECRET_ACCESS_KEY: ***
2026-09-13T07:44:16.3992637Z   AWS_DEFAULT_REGION: ***
2026-09-13T07:44:16.3992889Z ##[endgroup]
2026-09-13T07:44:20.9212699Z fetch-eval-corpus: pointer resolved
2026-09-13T07:44:25.2582173Z fetch-eval-corpus: checksum OK
2026-09-13T07:44:25.2602537Z fetch-eval-corpus: corpus downloaded and verified
2026-09-13T07:44:25.2647841Z ##[group]Run set -euo pipefail
2026-09-13T07:44:25.2648408Z [36;1mset -euo pipefail[0m
2026-09-13T07:44:25.2648878Z [36;1mtest "$(id -u)" -ne 0[0m
2026-09-13T07:44:25.2649886Z [36;1mexec ./target/trusted/release/matrices-fast --grader[0m
2026-09-13T07:44:25.2687724Z shell: /usr/bin/bash -e {0}
2026-09-13T07:44:25.2688188Z env:
2026-09-13T07:44:25.2688410Z   CARGO_HOME: /home/runner/.cargo
2026-09-13T07:44:25.2688696Z   CARGO_INCREMENTAL: 0
2026-09-13T07:44:25.2688939Z   CARGO_TERM_COLOR: always
2026-09-13T07:44:25.2689429Z   SSI_CORPUS_FILE: /home/runner/work/_temp/eval.jsonl
2026-09-13T07:44:25.2689817Z   SSI_GRADER_SANDBOX: bubblewrap
2026-09-13T07:44:25.2690344Z   SSI_CANDIDATE_WORKER: /home/runner/work/matrices-fast/matrices-fast/target/candidate/release/ssi-candidate-worker
2026-09-13T07:44:25.2690894Z ##[endgroup]
2026-09-13T07:45:52.9985958Z 
2026-09-13T07:45:52.9986892Z RUN FAILED: hidden matrix: order() exceeded the 2.0s per-matrix cap and was killed
2026-09-13T07:45:53.0247725Z ##[error]Process completed with exit code 1.
2026-09-13T07:45:53.0385674Z Node 20 is being deprecated. This workflow is running with Node 24 by default. If you need to temporarily use Node 20, you can set the ACTIONS_ALLOW_USE_UNSECURE_NODE_VERSION=true environment variable. For more information see: https://github.blog/changelog/2025-09-19-deprecation-of-node-20-on-github-actions-runners/
2026-09-13T07:45:53.0387320Z Post job cleanup.
2026-09-13T07:45:53.1278799Z [command]/usr/bin/git version
2026-09-13T07:45:53.1318783Z git version 2.55.0
2026-09-13T07:45:53.1358316Z Temporarily overriding HOME='/home/runner/work/_temp/f1a8636b-945e-443e-ad10-86ad25d42e42' before making global git config changes
2026-09-13T07:45:53.1360454Z Adding repository directory to the temporary git global config as a safe directory
2026-09-13T07:45:53.1364295Z [command]/usr/bin/git config --global --add safe.directory /home/runner/work/matrices-fast/matrices-fast
2026-09-13T07:45:53.1405406Z [command]/usr/bin/git config --local --name-only --get-regexp core\.sshCommand
2026-09-13T07:45:53.1441353Z [command]/usr/bin/git submodule foreach --recursive sh -c "git config --local --name-only --get-regexp 'core\.sshCommand' && git config --local --unset-all 'core.sshCommand' || :"
2026-09-13T07:45:53.1679062Z [command]/usr/bin/git config --local --name-only --get-regexp http\.https\:\/\/github\.com\/\.extraheader
2026-09-13T07:45:53.1707928Z http.https://github.com/.extraheader
2026-09-13T07:45:53.1719714Z [command]/usr/bin/git config --local --unset-all http.https://github.com/.extraheader
2026-09-13T07:45:53.1754853Z [command]/usr/bin/git submodule foreach --recursive sh -c "git config --local --name-only --get-regexp 'http\.https\:\/\/github\.com\/\.extraheader' && git config --local --unset-all 'http.https://github.com/.extraheader' || :"
2026-09-13T07:45:53.1989938Z [command]/usr/bin/git config --local --name-only --get-regexp ^includeIf\.gitdir:
2026-09-13T07:45:53.2026365Z [command]/usr/bin/git submodule foreach --recursive git config --local --show-origin --name-only --get-regexp remote.origin.url
2026-09-13T07:45:53.2415050Z Cleaning up orphan processes
2026-09-13T07:45:53.2745223Z ##[warning]Node.js 20 is deprecated. The following actions target Node.js 20 but are being forced to run on Node.js 24: actions/checkout@11d5960a326750d5838078e36cf38b85af677262. For more information see: https://github.blog/changelog/2025-09-19-deprecation-of-node-20-on-github-actions-runners/
