2026-09-13T09:46:52.3413907Z Current runner version: '2.337.0'
2026-09-13T09:46:52.3439561Z ##[group]Runner Image Provisioner
2026-09-13T09:46:52.3440560Z Hosted Compute Agent
2026-09-13T09:46:52.3441233Z Version: 20260828.587
2026-09-13T09:46:52.3441990Z Commit: abac92662cab4cc7352de4f9f9d2e2419aad9c29
2026-09-13T09:46:52.3442787Z Build Date: 2026-08-28T16:44:25Z
2026-09-13T09:46:52.3443504Z Worker ID: {777ca5fc-3432-4637-8d32-38c94315e84d}
2026-09-13T09:46:52.3444750Z Azure Region: eastus
2026-09-13T09:46:52.3445369Z ##[endgroup]
2026-09-13T09:46:52.3447364Z ##[group]Operating System
2026-09-13T09:46:52.3448057Z Ubuntu
2026-09-13T09:46:52.3448732Z 24.04.5
2026-09-13T09:46:52.3449357Z LTS
2026-09-13T09:46:52.3449886Z ##[endgroup]
2026-09-13T09:46:52.3450583Z ##[group]Runner Image
2026-09-13T09:46:52.3451226Z Image: ubuntu-24.04
2026-09-13T09:46:52.3451956Z Version: 20260907.300.1
2026-09-13T09:46:52.3453242Z Included Software: https://github.com/actions/runner-images/blob/ubuntu24/20260907.300/images/ubuntu/Ubuntu2404-Readme.md
2026-09-13T09:46:52.3454881Z Image Release: https://github.com/actions/runner-images/releases/tag/ubuntu24%2F20260907.300
2026-09-13T09:46:52.3456401Z ##[endgroup]
2026-09-13T09:46:52.3457647Z ##[group]GITHUB_TOKEN Permissions
2026-09-13T09:46:52.3460569Z Contents: read
2026-09-13T09:46:52.3461221Z Metadata: read
2026-09-13T09:46:52.3461874Z ##[endgroup]
2026-09-13T09:46:52.3464089Z Secret source: Actions
2026-09-13T09:46:52.3465235Z Cache mode: write
2026-09-13T09:46:52.3466451Z Prepare workflow directory
2026-09-13T09:46:52.3792180Z Prepare all required actions
2026-09-13T09:46:52.3841464Z Getting action download info
2026-09-13T09:46:52.6547704Z Download action repository 'actions/checkout@11d5960a326750d5838078e36cf38b85af677262' (SHA:11d5960a326750d5838078e36cf38b85af677262)
2026-09-13T09:46:52.7899101Z Download action repository 'dtolnay/rust-toolchain@4360b52568e2003a75bf9bc1d59f33a8e3fc893c' (SHA:4360b52568e2003a75bf9bc1d59f33a8e3fc893c)
2026-09-13T09:46:52.8747052Z Download action repository 'actions/upload-artifact@ea165f8d65b6e75b540449e92b4886f43607fa02' (SHA:ea165f8d65b6e75b540449e92b4886f43607fa02)
2026-09-13T09:46:53.1227111Z Complete job name: benchmark
2026-09-13T09:46:53.2024273Z Node 20 is being deprecated. This workflow is running with Node 24 by default. If you need to temporarily use Node 20, you can set the ACTIONS_ALLOW_USE_UNSECURE_NODE_VERSION=true environment variable. For more information see: https://github.blog/changelog/2025-09-19-deprecation-of-node-20-on-github-actions-runners/
2026-09-13T09:46:53.2033363Z ##[group]Run actions/checkout@11d5960a326750d5838078e36cf38b85af677262
2026-09-13T09:46:53.2034326Z with:
2026-09-13T09:46:53.2034765Z   lfs: true
2026-09-13T09:46:53.2035245Z   repository: Layr-Labs/matrices-fast
2026-09-13T09:46:53.2039192Z   token: ***
2026-09-13T09:46:53.2039652Z   ssh-strict: true
2026-09-13T09:46:53.2040117Z   ssh-user: git
2026-09-13T09:46:53.2040596Z   persist-credentials: true
2026-09-13T09:46:53.2041106Z   clean: true
2026-09-13T09:46:53.2041584Z   sparse-checkout-cone-mode: true
2026-09-13T09:46:53.2042154Z   fetch-depth: 1
2026-09-13T09:46:53.2042625Z   fetch-tags: false
2026-09-13T09:46:53.2043120Z   show-progress: true
2026-09-13T09:46:53.2043599Z   submodules: false
2026-09-13T09:46:53.2044074Z   set-safe-directory: true
2026-09-13T09:46:53.2044604Z   allow-unsafe-pr-checkout: false
2026-09-13T09:46:53.2045427Z ##[endgroup]
2026-09-13T09:46:53.3037766Z Syncing repository: Layr-Labs/matrices-fast
2026-09-13T09:46:53.3039889Z ##[group]Getting Git version info
2026-09-13T09:46:53.3040736Z Working directory is '/home/runner/work/matrices-fast/matrices-fast'
2026-09-13T09:46:53.3041862Z [command]/usr/bin/git version
2026-09-13T09:46:53.3174697Z git version 2.55.0
2026-09-13T09:46:53.3217226Z [command]/usr/bin/git lfs version
2026-09-13T09:46:53.4001344Z git-lfs/3.8.0 (GitHub; linux amd64; go 1.27.0)
2026-09-13T09:46:53.4016737Z ##[endgroup]
2026-09-13T09:46:53.4032542Z Temporarily overriding HOME='/home/runner/work/_temp/4b31ede5-67c6-47c6-aadd-1b9d37e93574' before making global git config changes
2026-09-13T09:46:53.4035820Z Adding repository directory to the temporary git global config as a safe directory
2026-09-13T09:46:53.4039262Z [command]/usr/bin/git config --global --add safe.directory /home/runner/work/matrices-fast/matrices-fast
2026-09-13T09:46:53.4089334Z Deleting the contents of '/home/runner/work/matrices-fast/matrices-fast'
2026-09-13T09:46:53.4092983Z ##[group]Initializing the repository
2026-09-13T09:46:53.4097462Z [command]/usr/bin/git init /home/runner/work/matrices-fast/matrices-fast
2026-09-13T09:46:53.4264948Z hint: Using 'master' as the name for the initial branch. This default branch name
2026-09-13T09:46:53.4266543Z hint: will change to "main" in Git 3.0. To configure the initial branch name
2026-09-13T09:46:53.4268258Z hint: to use in all of your new repositories, which will suppress this warning,
2026-09-13T09:46:53.4269663Z hint: call:
2026-09-13T09:46:53.4270388Z hint:
2026-09-13T09:46:53.4271355Z hint: 	git config --global init.defaultBranch <name>
2026-09-13T09:46:53.4272093Z hint:
2026-09-13T09:46:53.4272710Z hint: Names commonly chosen instead of 'master' are 'main', 'trunk' and
2026-09-13T09:46:53.4273692Z hint: 'development'. The just-created branch can be renamed via this command:
2026-09-13T09:46:53.4274461Z hint:
2026-09-13T09:46:53.4275175Z hint: 	git branch -m <name>
2026-09-13T09:46:53.4276176Z hint:
2026-09-13T09:46:53.4276867Z hint: Disable this message with "git config set advice.defaultBranchName false"
2026-09-13T09:46:53.4277975Z Initialized empty Git repository in /home/runner/work/matrices-fast/matrices-fast/.git/
2026-09-13T09:46:53.4280606Z [command]/usr/bin/git remote add origin https://github.com/Layr-Labs/matrices-fast
2026-09-13T09:46:53.4337798Z ##[endgroup]
2026-09-13T09:46:53.4339172Z ##[group]Disabling ***matic garbage collection
2026-09-13T09:46:53.4343687Z [command]/usr/bin/git config --local gc.*** 0
2026-09-13T09:46:53.4375284Z ##[endgroup]
2026-09-13T09:46:53.4376365Z ##[group]Setting up auth
2026-09-13T09:46:53.4387188Z [command]/usr/bin/git config --local --name-only --get-regexp core\.sshCommand
2026-09-13T09:46:53.4422905Z [command]/usr/bin/git submodule foreach --recursive sh -c "git config --local --name-only --get-regexp 'core\.sshCommand' && git config --local --unset-all 'core.sshCommand' || :"
2026-09-13T09:46:53.4751392Z [command]/usr/bin/git config --local --name-only --get-regexp http\.https\:\/\/github\.com\/\.extraheader
2026-09-13T09:46:53.4786348Z [command]/usr/bin/git submodule foreach --recursive sh -c "git config --local --name-only --get-regexp 'http\.https\:\/\/github\.com\/\.extraheader' && git config --local --unset-all 'http.https://github.com/.extraheader' || :"
2026-09-13T09:46:53.5003737Z [command]/usr/bin/git config --local --name-only --get-regexp ^includeIf\.gitdir:
2026-09-13T09:46:53.5033266Z [command]/usr/bin/git submodule foreach --recursive git config --local --show-origin --name-only --get-regexp remote.origin.url
2026-09-13T09:46:53.5251000Z [command]/usr/bin/git config --local http.https://github.com/.extraheader AUTHORIZATION: basic ***
2026-09-13T09:46:53.5283949Z ##[endgroup]
2026-09-13T09:46:53.5287919Z [command]/usr/bin/git lfs install --local
2026-09-13T09:46:53.5691736Z Updated Git hooks.
2026-09-13T09:46:53.5692303Z Git LFS initialized.
2026-09-13T09:46:53.5707663Z ##[group]Fetching the repository
2026-09-13T09:46:53.5717561Z [command]/usr/bin/git -c protocol.version=2 fetch --no-tags --prune --no-recurse-submodules --depth=1 origin +416e372b13b4c318e08365caf16eadd5b16a22fa:refs/remotes/origin/submissions/b9549e8f-6db5-417d-93de-72556a6ee16d
2026-09-13T09:46:55.7232090Z From https://github.com/Layr-Labs/matrices-fast
2026-09-13T09:46:55.7235433Z  * [new ref]         416e372b13b4c318e08365caf16eadd5b16a22fa -> origin/submissions/b9549e8f-6db5-417d-93de-72556a6ee16d
2026-09-13T09:46:55.7241595Z ##[endgroup]
2026-09-13T09:46:55.7243661Z ##[group]Determining the checkout info
2026-09-13T09:46:55.7246088Z ##[endgroup]
2026-09-13T09:46:55.7248129Z ##[group]Fetching LFS objects
2026-09-13T09:46:55.7254373Z [command]/usr/bin/git lfs fetch origin refs/remotes/origin/submissions/b9549e8f-6db5-417d-93de-72556a6ee16d
2026-09-13T09:46:55.7482482Z Fetching reference refs/remotes/origin/submissions/b9549e8f-6db5-417d-93de-72556a6ee16d
2026-09-13T09:46:59.7565919Z ##[endgroup]
2026-09-13T09:46:59.7570620Z [command]/usr/bin/git sparse-checkout disable
2026-09-13T09:46:59.7623796Z [command]/usr/bin/git config --local --unset-all extensions.worktreeConfig
2026-09-13T09:46:59.7651422Z ##[group]Checking out the ref
2026-09-13T09:46:59.7655308Z [command]/usr/bin/git checkout --progress --force -B submissions/b9549e8f-6db5-417d-93de-72556a6ee16d refs/remotes/origin/submissions/b9549e8f-6db5-417d-93de-72556a6ee16d
2026-09-13T09:47:00.0903884Z Switched to a new branch 'submissions/b9549e8f-6db5-417d-93de-72556a6ee16d'
2026-09-13T09:47:00.0911104Z branch 'submissions/b9549e8f-6db5-417d-93de-72556a6ee16d' set up to track 'origin/submissions/b9549e8f-6db5-417d-93de-72556a6ee16d'.
2026-09-13T09:47:00.1186314Z ##[endgroup]
2026-09-13T09:47:00.1226642Z [command]/usr/bin/git log -1 --format=%H
2026-09-13T09:47:00.1248644Z 416e372b13b4c318e08365caf16eadd5b16a22fa
2026-09-13T09:47:00.1589718Z ##[group]Run dtolnay/rust-toolchain@4360b52568e2003a75bf9bc1d59f33a8e3fc893c
2026-09-13T09:47:00.1590269Z with:
2026-09-13T09:47:00.1590531Z   toolchain: stable
2026-09-13T09:47:00.1590802Z ##[endgroup]
2026-09-13T09:47:00.1661490Z ##[start-action display=Parse toolchain version;id=__dtolnay_rust-toolchain.parse]
2026-09-13T09:47:00.1716913Z ##[group]Run if [[ -z $toolchain ]]; then
2026-09-13T09:47:00.1717407Z [36;1mif [[ -z $toolchain ]]; then[0m
2026-09-13T09:47:00.1718026Z [36;1m  # GitHub does not enforce `required: true` inputs itself. https://github.com/actions/runner/issues/1070[0m
2026-09-13T09:47:00.1718671Z [36;1m  echo "'toolchain' is a required input" >&2[0m
2026-09-13T09:47:00.1719041Z [36;1m  exit 1[0m
2026-09-13T09:47:00.1719451Z [36;1melif [[ $toolchain =~ ^stable' '[0-9]+' '(year|month|week|day)s?' 'ago$ ]]; then[0m
2026-09-13T09:47:00.1719985Z [36;1m  if [[ Linux == macOS ]]; then[0m
2026-09-13T09:47:00.1720666Z [36;1m    echo "toolchain=1.$((($(date -v-$(sed 's/stable \([0-9]*\) \(.\).*/\1\2/' <<< $toolchain) +%s)/60/60/24-16569)/7/6))" >> $GITHUB_OUTPUT[0m
2026-09-13T09:47:00.1721279Z [36;1m  else[0m
2026-09-13T09:47:00.1721776Z [36;1m    echo "toolchain=1.$((($(date --date "${toolchain#stable }" +%s)/60/60/24-16569)/7/6))" >> $GITHUB_OUTPUT[0m
2026-09-13T09:47:00.1722317Z [36;1m  fi[0m
2026-09-13T09:47:00.1722686Z [36;1melif [[ $toolchain =~ ^stable' 'minus' '[0-9]+' 'releases?$ ]]; then[0m
2026-09-13T09:47:00.1723304Z [36;1m  echo "toolchain=1.$((($(date +%s)/60/60/24-16569)/7/6-${toolchain//[^0-9]/}))" >> $GITHUB_OUTPUT[0m
2026-09-13T09:47:00.1723840Z [36;1melif [[ $toolchain =~ ^1\.[0-9]+$ ]]; then[0m
2026-09-13T09:47:00.1724445Z [36;1m  echo "toolchain=1.$((i=${toolchain#1.}, c=($(date +%s)/60/60/24-16569)/7/6, i+9*i*(10*i<=c)+90*i*(100*i<=c)))" >> $GITHUB_OUTPUT[0m
2026-09-13T09:47:00.1725014Z [36;1melse[0m
2026-09-13T09:47:00.1725330Z [36;1m  echo "toolchain=$toolchain" >> $GITHUB_OUTPUT[0m
2026-09-13T09:47:00.1725854Z [36;1mfi[0m
2026-09-13T09:47:00.1765515Z shell: /usr/bin/bash --noprofile --norc -e -o pipefail {0}
2026-09-13T09:47:00.1766168Z env:
2026-09-13T09:47:00.1766437Z   toolchain: stable
2026-09-13T09:47:00.1766711Z ##[endgroup]
2026-09-13T09:47:00.1877358Z ##[end-action id=__dtolnay_rust-toolchain.parse;outcome=success;conclusion=success;duration_ms=21]
2026-09-13T09:47:00.1890107Z ##[start-action display=Construct rustup command line;id=__dtolnay_rust-toolchain.flags]
2026-09-13T09:47:00.1919987Z ##[group]Run echo "targets=$(for t in ${targets//,/ }; do echo -n ' --target' $t; done)" >> $GITHUB_OUTPUT
2026-09-13T09:47:00.1920746Z [36;1mecho "targets=$(for t in ${targets//,/ }; do echo -n ' --target' $t; done)" >> $GITHUB_OUTPUT[0m
2026-09-13T09:47:00.1921455Z [36;1mecho "components=$(for c in ${components//,/ }; do echo -n ' --component' $c; done)" >> $GITHUB_OUTPUT[0m
2026-09-13T09:47:00.1922183Z [36;1mecho "downgrade=" >> $GITHUB_OUTPUT[0m
2026-09-13T09:47:00.1955242Z shell: /usr/bin/bash --noprofile --norc -e -o pipefail {0}
2026-09-13T09:47:00.1955929Z env:
2026-09-13T09:47:00.1956189Z   targets: 
2026-09-13T09:47:00.1956441Z   components: 
2026-09-13T09:47:00.1956708Z ##[endgroup]
2026-09-13T09:47:00.2024313Z ##[end-action id=__dtolnay_rust-toolchain.flags;outcome=success;conclusion=success;duration_ms=13]
2026-09-13T09:47:00.2027155Z ##[start-action display=Set $CARGO_HOME;id=__dtolnay_rust-toolchain.__run]
2026-09-13T09:47:00.2046752Z ##[group]Run echo CARGO_HOME=${CARGO_HOME:-"$HOME/.cargo"} >> $GITHUB_ENV
2026-09-13T09:47:00.2047328Z [36;1mecho CARGO_HOME=${CARGO_HOME:-"$HOME/.cargo"} >> $GITHUB_ENV[0m
2026-09-13T09:47:00.2079216Z shell: /usr/bin/bash --noprofile --norc -e -o pipefail {0}
2026-09-13T09:47:00.2079639Z ##[endgroup]
2026-09-13T09:47:00.2142312Z ##[end-action id=__dtolnay_rust-toolchain.__run;outcome=success;conclusion=success;duration_ms=11]
2026-09-13T09:47:00.2145001Z ##[start-action display=Install rustup if needed;id=__dtolnay_rust-toolchain.__run_2]
2026-09-13T09:47:00.2172061Z ##[group]Run if ! command -v rustup &>/dev/null; then
2026-09-13T09:47:00.2172521Z [36;1mif ! command -v rustup &>/dev/null; then[0m
2026-09-13T09:47:00.2173362Z [36;1m  curl --proto '=https' --tlsv1.2 --retry 10 --retry-connrefused --location --silent --show-error --fail https://sh.rustup.rs | sh -s -- --default-toolchain none -y[0m
2026-09-13T09:47:00.2174175Z [36;1m  echo "$CARGO_HOME/bin" >> $GITHUB_PATH[0m
2026-09-13T09:47:00.2174522Z [36;1mfi[0m
2026-09-13T09:47:00.2207375Z shell: /usr/bin/bash --noprofile --norc -e -o pipefail {0}
2026-09-13T09:47:00.2207799Z env:
2026-09-13T09:47:00.2208066Z   CARGO_HOME: /home/runner/.cargo
2026-09-13T09:47:00.2208388Z ##[endgroup]
2026-09-13T09:47:00.2269085Z ##[end-action id=__dtolnay_rust-toolchain.__run_2;outcome=success;conclusion=success;duration_ms=12]
2026-09-13T09:47:00.2271723Z ##[start-action display=Install rustup if needed on windows;id=__dtolnay_rust-toolchain.__run_3]
2026-09-13T09:47:00.2279596Z ##[end-action id=__dtolnay_rust-toolchain.__run_3;outcome=skipped;conclusion=skipped;duration_ms=0]
2026-09-13T09:47:00.2291495Z ##[start-action display=rustup toolchain install stable;id=__dtolnay_rust-toolchain.__run_4]
2026-09-13T09:47:00.2312102Z ##[group]Run rustup toolchain install stable --profile minimal --no-self-update
2026-09-13T09:47:00.2312759Z [36;1mrustup toolchain install stable --profile minimal --no-self-update[0m
2026-09-13T09:47:00.2345084Z shell: /usr/bin/bash --noprofile --norc -e -o pipefail {0}
2026-09-13T09:47:00.2345505Z env:
2026-09-13T09:47:00.2346025Z   CARGO_HOME: /home/runner/.cargo
2026-09-13T09:47:00.2346368Z   RUSTUP_PERMIT_COPY_RENAME: 1
2026-09-13T09:47:00.2346668Z ##[endgroup]
2026-09-13T09:47:00.5069900Z info: syncing channel updates for stable-x86_64-unknown-linux-gnu
2026-09-13T09:47:00.6266779Z 
2026-09-13T09:47:00.6345477Z   stable-x86_64-unknown-linux-gnu unchanged - rustc 1.98.1 (48a229cea 2026-09-01)
2026-09-13T09:47:00.6346197Z 
2026-09-13T09:47:00.6374184Z ##[end-action id=__dtolnay_rust-toolchain.__run_4;outcome=success;conclusion=success;duration_ms=408]
2026-09-13T09:47:00.6379877Z ##[start-action display=rustup default stable;id=__dtolnay_rust-toolchain.__run_5]
2026-09-13T09:47:00.6399779Z ##[group]Run rustup default stable
2026-09-13T09:47:00.6421161Z [36;1mrustup default stable[0m
2026-09-13T09:47:00.6456561Z shell: /usr/bin/bash --noprofile --norc -e -o pipefail {0}
2026-09-13T09:47:00.6456986Z env:
2026-09-13T09:47:00.6457256Z   CARGO_HOME: /home/runner/.cargo
2026-09-13T09:47:00.6457569Z ##[endgroup]
2026-09-13T09:47:00.6553429Z info: using existing install for stable-x86_64-unknown-linux-gnu
2026-09-13T09:47:00.6595813Z info: default toolchain set to stable-x86_64-unknown-linux-gnu
2026-09-13T09:47:00.6596371Z 
2026-09-13T09:47:00.6672511Z   stable-x86_64-unknown-linux-gnu unchanged - rustc 1.98.1 (48a229cea 2026-09-01)
2026-09-13T09:47:00.6673503Z 
2026-09-13T09:47:00.6674517Z info: note that the toolchain 'stable-x86_64-unknown-linux-gnu' is currently in use (overridden by '/home/runner/work/matrices-fast/matrices-fast/rust-toolchain')
2026-09-13T09:47:00.6690711Z ##[end-action id=__dtolnay_rust-toolchain.__run_5;outcome=success;conclusion=success;duration_ms=30]
2026-09-13T09:47:00.6693586Z ##[start-action display=Create cachekey;id=__dtolnay_rust-toolchain.rustc-version]
2026-09-13T09:47:00.6714674Z ##[group]Run DATE=$(rustc +stable --version --verbose | sed -ne 's/^commit-date: \(20[0-9][0-9]\)-\([01][0-9]\)-\([0-3][0-9]\)$/\1\2\3/p')
2026-09-13T09:47:00.6715917Z [36;1mDATE=$(rustc +stable --version --verbose | sed -ne 's/^commit-date: \(20[0-9][0-9]\)-\([01][0-9]\)-\([0-3][0-9]\)$/\1\2\3/p')[0m
2026-09-13T09:47:00.6716670Z [36;1mHASH=$(rustc +stable --version --verbose | sed -ne 's/^commit-hash: //p')[0m
2026-09-13T09:47:00.6717241Z [36;1mecho "cachekey=$(echo $DATE$HASH | head -c12)" >> $GITHUB_OUTPUT[0m
2026-09-13T09:47:00.6751830Z shell: /usr/bin/bash --noprofile --norc -e -o pipefail {0}
2026-09-13T09:47:00.6752253Z env:
2026-09-13T09:47:00.6752522Z   CARGO_HOME: /home/runner/.cargo
2026-09-13T09:47:00.6753009Z ##[endgroup]
2026-09-13T09:47:00.7129133Z ##[end-action id=__dtolnay_rust-toolchain.rustc-version;outcome=success;conclusion=success;duration_ms=43]
2026-09-13T09:47:00.7132209Z ##[start-action display=Disable incremental compilation;id=__dtolnay_rust-toolchain.__run_6]
2026-09-13T09:47:00.7151547Z ##[group]Run if [ -z "${CARGO_INCREMENTAL+set}" ]; then
2026-09-13T09:47:00.7152010Z [36;1mif [ -z "${CARGO_INCREMENTAL+set}" ]; then[0m
2026-09-13T09:47:00.7152415Z [36;1m  echo CARGO_INCREMENTAL=0 >> $GITHUB_ENV[0m
2026-09-13T09:47:00.7152767Z [36;1mfi[0m
2026-09-13T09:47:00.7187637Z shell: /usr/bin/bash --noprofile --norc -e -o pipefail {0}
2026-09-13T09:47:00.7188070Z env:
2026-09-13T09:47:00.7188341Z   CARGO_HOME: /home/runner/.cargo
2026-09-13T09:47:00.7188660Z ##[endgroup]
2026-09-13T09:47:00.7247474Z ##[end-action id=__dtolnay_rust-toolchain.__run_6;outcome=success;conclusion=success;duration_ms=11]
2026-09-13T09:47:00.7250022Z ##[start-action display=Enable colors in Cargo output;id=__dtolnay_rust-toolchain.__run_7]
2026-09-13T09:47:00.7268792Z ##[group]Run if [ -z "${CARGO_TERM_COLOR+set}" ]; then
2026-09-13T09:47:00.7269248Z [36;1mif [ -z "${CARGO_TERM_COLOR+set}" ]; then[0m
2026-09-13T09:47:00.7269656Z [36;1m  echo CARGO_TERM_COLOR=always >> $GITHUB_ENV[0m
2026-09-13T09:47:00.7270010Z [36;1mfi[0m
2026-09-13T09:47:00.7301330Z shell: /usr/bin/bash --noprofile --norc -e -o pipefail {0}
2026-09-13T09:47:00.7301750Z env:
2026-09-13T09:47:00.7302067Z   CARGO_HOME: /home/runner/.cargo
2026-09-13T09:47:00.7302385Z   CARGO_INCREMENTAL: 0
2026-09-13T09:47:00.7302665Z ##[endgroup]
2026-09-13T09:47:00.7360663Z ##[end-action id=__dtolnay_rust-toolchain.__run_7;outcome=success;conclusion=success;duration_ms=10]
2026-09-13T09:47:00.7363200Z ##[start-action display=Enable Cargo sparse registry;id=__dtolnay_rust-toolchain.__run_8]
2026-09-13T09:47:00.7382488Z ##[group]Run # implemented in 1.66, stabilized in 1.68, made default in 1.70
2026-09-13T09:47:00.7383089Z [36;1m# implemented in 1.66, stabilized in 1.68, made default in 1.70[0m
2026-09-13T09:47:00.7383895Z [36;1mif [ -z "${CARGO_REGISTRIES_CRATES_IO_PROTOCOL+set}" -o -f "/home/runner/work/_temp"/.implicit_cargo_registries_crates_io_protocol ]; then[0m
2026-09-13T09:47:00.7384726Z [36;1m  if rustc +stable --version --verbose | grep -q '^release: 1\.6[89]\.'; then[0m
2026-09-13T09:47:00.7385383Z [36;1m    touch "/home/runner/work/_temp"/.implicit_cargo_registries_crates_io_protocol || true[0m
2026-09-13T09:47:00.7386320Z [36;1m    echo CARGO_REGISTRIES_CRATES_IO_PROTOCOL=sparse >> $GITHUB_ENV[0m
2026-09-13T09:47:00.7386905Z [36;1m  elif rustc +stable --version --verbose | grep -q '^release: 1\.6[67]\.'; then[0m
2026-09-13T09:47:00.7387545Z [36;1m    touch "/home/runner/work/_temp"/.implicit_cargo_registries_crates_io_protocol || true[0m
2026-09-13T09:47:00.7388142Z [36;1m    echo CARGO_REGISTRIES_CRATES_IO_PROTOCOL=git >> $GITHUB_ENV[0m
2026-09-13T09:47:00.7388708Z [36;1m  fi[0m
2026-09-13T09:47:00.7388963Z [36;1mfi[0m
2026-09-13T09:47:00.7419701Z shell: /usr/bin/bash --noprofile --norc -e -o pipefail {0}
2026-09-13T09:47:00.7420127Z env:
2026-09-13T09:47:00.7420391Z   CARGO_HOME: /home/runner/.cargo
2026-09-13T09:47:00.7420719Z   CARGO_INCREMENTAL: 0
2026-09-13T09:47:00.7421007Z   CARGO_TERM_COLOR: always
2026-09-13T09:47:00.7421288Z ##[endgroup]
2026-09-13T09:47:00.7726205Z ##[end-action id=__dtolnay_rust-toolchain.__run_8;outcome=success;conclusion=success;duration_ms=36]
2026-09-13T09:47:00.7729295Z ##[start-action display=Work around spurious network errors in curl 8.0;id=__dtolnay_rust-toolchain.__run_9]
2026-09-13T09:47:00.7749780Z ##[group]Run # https://rust-lang.zulipchat.com/#narrow/stream/246057-t-cargo/topic/timeout.20investigation
2026-09-13T09:47:00.7750606Z [36;1m# https://rust-lang.zulipchat.com/#narrow/stream/246057-t-cargo/topic/timeout.20investigation[0m
2026-09-13T09:47:00.7751312Z [36;1mif rustc +stable --version --verbose | grep -q '^release: 1\.7[01]\.'; then[0m
2026-09-13T09:47:00.7752014Z [36;1m  echo CARGO_HTTP_MULTIPLEXING=false >> $GITHUB_ENV[0m
2026-09-13T09:47:00.7752404Z [36;1mfi[0m
2026-09-13T09:47:00.7787049Z shell: /usr/bin/bash --noprofile --norc -e -o pipefail {0}
2026-09-13T09:47:00.7787482Z env:
2026-09-13T09:47:00.7787751Z   CARGO_HOME: /home/runner/.cargo
2026-09-13T09:47:00.7788092Z   CARGO_INCREMENTAL: 0
2026-09-13T09:47:00.7788379Z   CARGO_TERM_COLOR: always
2026-09-13T09:47:00.7788670Z ##[endgroup]
2026-09-13T09:47:00.7968210Z ##[end-action id=__dtolnay_rust-toolchain.__run_9;outcome=success;conclusion=success;duration_ms=23]
2026-09-13T09:47:00.7972510Z ##[start-action display=rustc +stable --version --verbose;id=__dtolnay_rust-toolchain.__run_10]
2026-09-13T09:47:00.7991789Z ##[group]Run rustc +stable --version --verbose
2026-09-13T09:47:00.7992204Z [36;1mrustc +stable --version --verbose[0m
2026-09-13T09:47:00.8026042Z shell: /usr/bin/bash --noprofile --norc -e -o pipefail {0}
2026-09-13T09:47:00.8026472Z env:
2026-09-13T09:47:00.8026738Z   CARGO_HOME: /home/runner/.cargo
2026-09-13T09:47:00.8027081Z   CARGO_INCREMENTAL: 0
2026-09-13T09:47:00.8027363Z   CARGO_TERM_COLOR: always
2026-09-13T09:47:00.8027648Z ##[endgroup]
2026-09-13T09:47:00.8188676Z rustc 1.98.1 (48a229cea 2026-09-01)
2026-09-13T09:47:00.8189749Z binary: rustc
2026-09-13T09:47:00.8190722Z commit-hash: 48a229ceaefd4985c50990b14116b6d856af0985
2026-09-13T09:47:00.8191742Z commit-date: 2026-09-01
2026-09-13T09:47:00.8192613Z host: x86_64-unknown-linux-gnu
2026-09-13T09:47:00.8193539Z release: 1.98.1
2026-09-13T09:47:00.8194435Z LLVM version: 22.1.8
2026-09-13T09:47:00.8212291Z ##[end-action id=__dtolnay_rust-toolchain.__run_10;outcome=success;conclusion=success;duration_ms=23]
2026-09-13T09:47:00.8272148Z ##[group]Run cargo install cargo-deny --version 0.20.2 --locked
2026-09-13T09:47:00.8272702Z [36;1mcargo install cargo-deny --version 0.20.2 --locked[0m
2026-09-13T09:47:00.8308371Z shell: /usr/bin/bash -e {0}
2026-09-13T09:47:00.8308689Z env:
2026-09-13T09:47:00.8308953Z   CARGO_HOME: /home/runner/.cargo
2026-09-13T09:47:00.8309286Z   CARGO_INCREMENTAL: 0
2026-09-13T09:47:00.8309580Z   CARGO_TERM_COLOR: always
2026-09-13T09:47:00.8309877Z ##[endgroup]
2026-09-13T09:47:00.9732707Z [1m[92m    Updating[0m crates.io index
2026-09-13T09:47:01.0351808Z [1m[92m Downloading[0m crates ...
2026-09-13T09:47:01.1341857Z [1m[92m  Downloaded[0m cargo-deny v0.20.2
2026-09-13T09:47:01.2156060Z [1m[92m  Installing[0m cargo-deny v0.20.2
2026-09-13T09:47:01.2161342Z [1m[33mwarning[0m: default toolchain implicitly overridden with `stable-x86_64-unknown-linux-gnu` by rustup toolchain file
2026-09-13T09:47:01.2162062Z   [1m[94m|[0m
2026-09-13T09:47:01.2162637Z   [1m[94m= [0m[1mhelp[0m: use `cargo +stable install` if you meant to use the stable toolchain
2026-09-13T09:47:01.2163521Z   [1m[94m= [0m[1mnote[0m: rustup selects the toolchain based on the parent environment and not the environment of the package being installed
2026-09-13T09:47:01.2248296Z [1m[92m    Updating[0m crates.io index
2026-09-13T09:47:01.5919435Z [1m[92m    Updating[0m crates.io index
2026-09-13T09:47:01.6528473Z [1m[92m Downloading[0m crates ...
2026-09-13T09:47:01.6698295Z [1m[92m  Downloaded[0m anstyle-query v1.1.5
2026-09-13T09:47:01.6734397Z [1m[92m  Downloaded[0m crossbeam-queue v0.3.12
2026-09-13T09:47:01.6748877Z [1m[92m  Downloaded[0m anstream v1.0.0
2026-09-13T09:47:01.6770900Z [1m[92m  Downloaded[0m anstyle v1.0.14
2026-09-13T09:47:01.6790978Z [1m[92m  Downloaded[0m anstyle-parse v1.0.0
2026-09-13T09:47:01.6814259Z [1m[92m  Downloaded[0m aho-corasick v1.1.4
2026-09-13T09:47:01.6894086Z [1m[92m  Downloaded[0m allocator-api2 v0.2.21
2026-09-13T09:47:01.6923299Z [1m[92m  Downloaded[0m crossbeam-utils v0.8.21
2026-09-13T09:47:01.6957454Z [1m[92m  Downloaded[0m crossbeam-epoch v0.9.20
2026-09-13T09:47:01.6989305Z [1m[92m  Downloaded[0m digest v0.10.7
2026-09-13T09:47:01.7013964Z [1m[92m  Downloaded[0m clap_lex v1.1.0
2026-09-13T09:47:01.7029895Z [1m[92m  Downloaded[0m cfg-expr v0.20.7
2026-09-13T09:47:01.7065444Z [1m[92m  Downloaded[0m camino v1.2.2
2026-09-13T09:47:01.7087474Z [1m[92m  Downloaded[0m crypto-common v0.1.7
2026-09-13T09:47:01.7102402Z [1m[92m  Downloaded[0m icu_properties v2.2.0
2026-09-13T09:47:01.7138539Z [1m[92m  Downloaded[0m icu_properties_data v2.2.0
2026-09-13T09:47:01.7283114Z [1m[92m  Downloaded[0m idna_adapter v1.2.2
2026-09-13T09:47:01.7293144Z [1m[92m  Downloaded[0m strsim v0.11.1
2026-09-13T09:47:01.7306354Z [1m[92m  Downloaded[0m cc v1.2.62
2026-09-13T09:47:01.7335119Z [1m[92m  Downloaded[0m colorchoice v1.0.5
2026-09-13T09:47:01.7345046Z [1m[92m  Downloaded[0m plain v0.2.3
2026-09-13T09:47:01.7355829Z [1m[92m  Downloaded[0m rayon v1.12.0
2026-09-13T09:47:01.7447800Z [1m[92m  Downloaded[0m regex v1.12.3
2026-09-13T09:47:01.7498583Z [1m[92m  Downloaded[0m scroll v0.13.0
2026-09-13T09:47:01.7511982Z [1m[92m  Downloaded[0m strum v0.28.0
2026-09-13T09:47:01.7520312Z [1m[92m  Downloaded[0m clap_builder v4.6.0
2026-09-13T09:47:01.7581328Z [1m[92m  Downloaded[0m quote v1.0.45
2026-09-13T09:47:01.7613442Z [1m[92m  Downloaded[0m strum_macros v0.28.0
2026-09-13T09:47:01.7648822Z [1m[92m  Downloaded[0m yoke v0.8.2
2026-09-13T09:47:01.7676256Z [1m[92m  Downloaded[0m borsh v1.6.1
2026-09-13T09:47:01.7791384Z [1m[92m  Downloaded[0m cfg-if v1.0.4
2026-09-13T09:47:01.7810254Z [1m[92m  Downloaded[0m codespan v0.13.1
2026-09-13T09:47:01.7823690Z [1m[92m  Downloaded[0m cpufeatures v0.2.17
2026-09-13T09:47:01.7838813Z [1m[92m  Downloaded[0m globset v0.4.18
2026-09-13T09:47:01.7854801Z [1m[92m  Downloaded[0m icu_locale_core v2.2.0
2026-09-13T09:47:01.7926941Z [1m[92m  Downloaded[0m itoa v1.0.18
2026-09-13T09:47:01.7942559Z [1m[92m  Downloaded[0m nu-ansi-term v0.50.3
2026-09-13T09:47:01.7968203Z [1m[92m  Downloaded[0m parking_lot v0.12.5
2026-09-13T09:47:01.7994341Z [1m[92m  Downloaded[0m percent-encoding v2.3.2
2026-09-13T09:47:01.8004104Z [1m[92m  Downloaded[0m proc-macro2 v1.0.106
2026-09-13T09:47:01.8034649Z [1m[92m  Downloaded[0m radium v0.7.0
2026-09-13T09:47:01.8045632Z [1m[92m  Downloaded[0m regex-syntax v0.8.10
2026-09-13T09:47:01.8113387Z [1m[92m  Downloaded[0m scroll_derive v0.13.1
2026-09-13T09:47:01.8122697Z [1m[92m  Downloaded[0m stable_deref_trait v1.2.1
2026-09-13T09:47:01.8132674Z [1m[92m  Downloaded[0m bytes v1.11.1
2026-09-13T09:47:01.8176266Z [1m[92m  Downloaded[0m zerofrom v0.1.8
2026-09-13T09:47:01.8187524Z [1m[92m  Downloaded[0m form_urlencoded v1.2.2
2026-09-13T09:47:01.8196725Z [1m[92m  Downloaded[0m is_terminal_polyfill v1.70.2
2026-09-13T09:47:01.8207454Z [1m[92m  Downloaded[0m potential_utf v0.1.5
2026-09-13T09:47:01.8219625Z [1m[92m  Downloaded[0m smol_str v0.3.2
2026-09-13T09:47:01.8236224Z [1m[92m  Downloaded[0m serde_derive v1.0.228
2026-09-13T09:47:01.8267895Z [1m[92m  Downloaded[0m sha2 v0.10.9
2026-09-13T09:47:01.8297036Z [1m[92m  Downloaded[0m tinyvec_macros v0.1.1
2026-09-13T09:47:01.8304449Z [1m[92m  Downloaded[0m utf8_iter v1.0.4
2026-09-13T09:47:01.8314629Z [1m[92m  Downloaded[0m version_check v0.9.5
2026-09-13T09:47:01.8328611Z [1m[92m  Downloaded[0m yoke-derive v0.8.2
2026-09-13T09:47:01.8341401Z [1m[92m  Downloaded[0m untrusted v0.9.0
2026-09-13T09:47:01.8427127Z [1m[92m  Downloaded[0m tap v1.0.1
2026-09-13T09:47:01.8428320Z [1m[92m  Downloaded[0m utf8parse v0.2.2
2026-09-13T09:47:01.8431649Z [1m[92m  Downloaded[0m cfg_aliases v0.2.1
2026-09-13T09:47:01.8432505Z [1m[92m  Downloaded[0m crossbeam v0.8.4
2026-09-13T09:47:01.8433146Z [1m[92m  Downloaded[0m funty v2.0.0
2026-09-13T09:47:01.8433797Z [1m[92m  Downloaded[0m scopeguard v1.2.0
2026-09-13T09:47:01.8436393Z [1m[92m  Downloaded[0m zerofrom-derive v0.1.7
2026-09-13T09:47:01.8449636Z [1m[92m  Downloaded[0m foldhash v0.1.5
2026-09-13T09:47:01.8463142Z [1m[92m  Downloaded[0m memmap2 v0.9.11
2026-09-13T09:47:01.8481663Z [1m[92m  Downloaded[0m synstructure v0.13.2
2026-09-13T09:47:01.8492958Z [1m[92m  Downloaded[0m termcolor v1.4.1
2026-09-13T09:47:01.8507257Z [1m[92m  Downloaded[0m thiserror v2.0.18
2026-09-13T09:47:01.8576898Z [1m[92m  Downloaded[0m thiserror-impl v2.0.18
2026-09-13T09:47:01.8592131Z [1m[92m  Downloaded[0m wyz v0.5.1
2026-09-13T09:47:01.8605075Z [1m[92m  Downloaded[0m zstd v0.13.3
2026-09-13T09:47:01.8636401Z [1m[92m  Downloaded[0m codespan-reporting v0.13.1
2026-09-13T09:47:01.8713822Z [1m[92m  Downloaded[0m tinystr v0.8.3
2026-09-13T09:47:01.8735674Z [1m[92m  Downloaded[0m walkdir v2.5.0
2026-09-13T09:47:01.8755023Z [1m[92m  Downloaded[0m zerovec-derive v0.11.3
2026-09-13T09:47:01.8771463Z [1m[92m  Downloaded[0m bitvec v1.0.1
2026-09-13T09:47:01.8946209Z [1m[92m  Downloaded[0m target-lexicon v0.13.3
2026-09-13T09:47:01.8968943Z [1m[92m  Downloaded[0m twox-hash v2.1.2
2026-09-13T09:47:01.8992497Z [1m[92m  Downloaded[0m unicode-ident v1.0.24
2026-09-13T09:47:01.9021643Z [1m[92m  Downloaded[0m writeable v0.6.3
2026-09-13T09:47:01.9042639Z [1m[92m  Downloaded[0m zmij v1.0.21
2026-09-13T09:47:01.9061568Z [1m[92m  Downloaded[0m zstd-safe v7.2.4
2026-09-13T09:47:01.9077600Z [1m[92m  Downloaded[0m same-file v1.0.6
2026-09-13T09:47:01.9092257Z [1m[92m  Downloaded[0m syn v2.0.117
2026-09-13T09:47:01.9198736Z [1m[92m  Downloaded[0m tinyvec v1.11.0
2026-09-13T09:47:01.9225475Z [1m[92m  Downloaded[0m toml-span v0.7.1
2026-09-13T09:47:01.9242999Z [1m[92m  Downloaded[0m zerotrie v0.2.4
2026-09-13T09:47:01.9283529Z [1m[92m  Downloaded[0m equivalent v1.0.2
2026-09-13T09:47:01.9294788Z [1m[92m  Downloaded[0m generic-array v0.14.7
2026-09-13T09:47:01.9310272Z [1m[92m  Downloaded[0m heck v0.5.0
2026-09-13T09:47:01.9324699Z [1m[92m  Downloaded[0m log v0.4.29
2026-09-13T09:47:01.9350310Z [1m[92m  Downloaded[0m rustc-stable-hash v0.1.2
2026-09-13T09:47:01.9366448Z [1m[92m  Downloaded[0m shlex v1.3.0
2026-09-13T09:47:01.9379269Z [1m[92m  Downloaded[0m url v2.5.8
2026-09-13T09:47:01.9405009Z [1m[92m  Downloaded[0m anyhow v1.0.103
2026-09-13T09:47:01.9445785Z [1m[92m  Downloaded[0m block-buffer v0.10.4
2026-09-13T09:47:01.9456458Z [1m[92m  Downloaded[0m crossbeam-deque v0.8.6
2026-09-13T09:47:01.9470719Z [1m[92m  Downloaded[0m either v1.16.0
2026-09-13T09:47:01.9486098Z [1m[92m  Downloaded[0m find-msvc-tools v0.1.9
2026-09-13T09:47:01.9502934Z [1m[92m  Downloaded[0m fixedbitset v0.5.7
2026-09-13T09:47:01.9521899Z [1m[92m  Downloaded[0m icu_normalizer_data v2.2.0
2026-09-13T09:47:01.9543079Z [1m[92m  Downloaded[0m tame-index v0.26.3
2026-09-13T09:47:01.9587255Z [1m[92m  Downloaded[0m typenum v1.20.0
2026-09-13T09:47:01.9622303Z [1m[92m  Downloaded[0m zerovec v0.11.6
2026-09-13T09:47:01.9682973Z [1m[92m  Downloaded[0m jobserver v0.1.34
2026-09-13T09:47:01.9703442Z [1m[92m  Downloaded[0m litemap v0.8.2
2026-09-13T09:47:01.9726468Z [1m[92m  Downloaded[0m lock_api v0.4.14
2026-09-13T09:47:01.9739381Z [1m[92m  Downloaded[0m memchr v2.8.0
2026-09-13T09:47:01.9793239Z [1m[92m  Downloaded[0m pkg-config v0.3.33
2026-09-13T09:47:01.9809222Z [1m[92m  Downloaded[0m semver v1.0.28
2026-09-13T09:47:01.9832932Z [1m[92m  Downloaded[0m serde_core v1.0.228
2026-09-13T09:47:01.9861410Z [1m[92m  Downloaded[0m smallvec v1.15.1
2026-09-13T09:47:01.9882621Z [1m[92m  Downloaded[0m unicode-normalization v0.1.25
2026-09-13T09:47:01.9916307Z [1m[92m  Downloaded[0m displaydoc v0.2.5
2026-09-13T09:47:01.9947005Z [1m[92m  Downloaded[0m getrandom v0.2.17
2026-09-13T09:47:01.9976416Z [1m[92m  Downloaded[0m krates v0.21.2
2026-09-13T09:47:02.0000855Z [1m[92m  Downloaded[0m parking_lot_core v0.9.12
2026-09-13T09:47:02.0022176Z [1m[92m  Downloaded[0m icu_normalizer v2.2.0
2026-09-13T09:47:02.0059812Z [1m[92m  Downloaded[0m icu_provider v2.2.0
2026-09-13T09:47:02.0085984Z [1m[92m  Downloaded[0m rayon-core v1.13.0
2026-09-13T09:47:02.0123567Z [1m[92m  Downloaded[0m serde v1.0.228
2026-09-13T09:47:02.0158119Z [1m[92m  Downloaded[0m clap v4.6.1
2026-09-13T09:47:02.0254921Z [1m[92m  Downloaded[0m icu_collections v2.2.0
2026-09-13T09:47:02.0317864Z [1m[92m  Downloaded[0m unicode-width v0.2.2
2026-09-13T09:47:02.0372172Z [1m[92m  Downloaded[0m crossbeam-channel v0.5.15
2026-09-13T09:47:02.0412323Z [1m[92m  Downloaded[0m indexmap v2.14.0
2026-09-13T09:47:02.0455622Z [1m[92m  Downloaded[0m hashbrown v0.15.5
2026-09-13T09:47:02.0504130Z [1m[92m  Downloaded[0m idna v1.1.0
2026-09-13T09:47:02.0538444Z [1m[92m  Downloaded[0m http v1.4.0
2026-09-13T09:47:02.0574334Z [1m[92m  Downloaded[0m serde_json v1.0.150
2026-09-13T09:47:02.0650535Z [1m[92m  Downloaded[0m hashbrown v0.17.1
2026-09-13T09:47:02.0709721Z [1m[92m  Downloaded[0m fern v0.7.1
2026-09-13T09:47:02.0752051Z [1m[92m  Downloaded[0m goblin v0.10.5
2026-09-13T09:47:02.0822739Z [1m[92m  Downloaded[0m bstr v1.12.1
2026-09-13T09:47:02.0898775Z [1m[92m  Downloaded[0m zstd-sys v2.0.16+zstd.1.5.7
2026-09-13T09:47:02.1060533Z [1m[92m  Downloaded[0m regex-***mata v0.4.14
2026-09-13T09:47:02.1195227Z [1m[92m  Downloaded[0m jiff v0.2.24
2026-09-13T09:47:02.1358056Z [1m[92m  Downloaded[0m petgraph v0.8.1
2026-09-13T09:47:02.1545798Z [1m[92m  Downloaded[0m libc v0.2.186
2026-09-13T09:47:02.1939959Z [1m[92m  Downloaded[0m ring v0.17.14
2026-09-13T09:47:02.2364059Z [1m[92m  Downloaded[0m spdx v0.13.4
2026-09-13T09:47:02.3528659Z [1m[92m   Compiling[0m proc-macro2 v1.0.106
2026-09-13T09:47:02.3529720Z [1m[92m   Compiling[0m quote v1.0.45
2026-09-13T09:47:02.3530276Z [1m[92m   Compiling[0m unicode-ident v1.0.24
2026-09-13T09:47:02.3530668Z [1m[92m   Compiling[0m libc v0.2.186
2026-09-13T09:47:02.6839964Z [1m[92m   Compiling[0m stable_deref_trait v1.2.1
2026-09-13T09:47:02.7935405Z [1m[92m   Compiling[0m serde_core v1.0.228
2026-09-13T09:47:02.9376452Z [1m[92m   Compiling[0m shlex v1.3.0
2026-09-13T09:47:02.9422917Z [1m[92m   Compiling[0m find-msvc-tools v0.1.9
2026-09-13T09:47:03.0504252Z [1m[92m   Compiling[0m smallvec v1.15.1
2026-09-13T09:47:03.3289774Z [1m[92m   Compiling[0m crossbeam-utils v0.8.21
2026-09-13T09:47:03.4707421Z [1m[92m   Compiling[0m memchr v2.8.0
2026-09-13T09:47:03.8916981Z [1m[92m   Compiling[0m jobserver v0.1.34
2026-09-13T09:47:03.9887201Z [1m[92m   Compiling[0m syn v2.0.117
2026-09-13T09:47:04.1694555Z [1m[92m   Compiling[0m cc v1.2.62
2026-09-13T09:47:05.0882102Z [1m[92m   Compiling[0m version_check v0.9.5
2026-09-13T09:47:05.3087302Z [1m[92m   Compiling[0m serde v1.0.228
2026-09-13T09:47:05.4705496Z [1m[92m   Compiling[0m generic-array v0.14.7
2026-09-13T09:47:05.5915118Z [1m[92m   Compiling[0m crossbeam-epoch v0.9.20
2026-09-13T09:47:05.6321292Z [1m[92m   Compiling[0m writeable v0.6.3
2026-09-13T09:47:05.7016012Z [1m[92m   Compiling[0m litemap v0.8.2
2026-09-13T09:47:05.7417538Z [1m[92m   Compiling[0m pkg-config v0.3.33
2026-09-13T09:47:05.8706918Z [1m[92m   Compiling[0m icu_normalizer_data v2.2.0
2026-09-13T09:47:05.9555946Z [1m[92m   Compiling[0m utf8_iter v1.0.4
2026-09-13T09:47:06.0507040Z [1m[92m   Compiling[0m synstructure v0.13.2
2026-09-13T09:47:06.1897237Z [1m[92m   Compiling[0m zstd-sys v2.0.16+zstd.1.5.7
2026-09-13T09:47:06.3908575Z [1m[92m   Compiling[0m typenum v1.20.0
2026-09-13T09:47:06.4464516Z [1m[92m   Compiling[0m cfg-if v1.0.4
2026-09-13T09:47:06.4721742Z [1m[92m   Compiling[0m icu_properties_data v2.2.0
2026-09-13T09:47:06.9911669Z [1m[92m   Compiling[0m zerofrom-derive v0.1.7
2026-09-13T09:47:07.0033708Z [1m[92m   Compiling[0m yoke-derive v0.8.2
2026-09-13T09:47:07.0605071Z [1m[92m   Compiling[0m zerovec-derive v0.11.3
2026-09-13T09:47:07.5181329Z [1m[92m   Compiling[0m zerofrom v0.1.8
2026-09-13T09:47:07.5863739Z [1m[92m   Compiling[0m displaydoc v0.2.5
2026-09-13T09:47:07.5917240Z [1m[92m   Compiling[0m yoke v0.8.2
2026-09-13T09:47:07.7367157Z [1m[92m   Compiling[0m serde_derive v1.0.228
2026-09-13T09:47:07.8846967Z [1m[92m   Compiling[0m zerovec v0.11.6
2026-09-13T09:47:07.9894493Z [1m[92m   Compiling[0m zerotrie v0.2.4
2026-09-13T09:47:08.4787336Z [1m[92m   Compiling[0m tinystr v0.8.3
2026-09-13T09:47:08.6207201Z [1m[92m   Compiling[0m icu_locale_core v2.2.0
2026-09-13T09:47:08.8387188Z [1m[92m   Compiling[0m potential_utf v0.1.5
2026-09-13T09:47:08.9004169Z [1m[92m   Compiling[0m icu_collections v2.2.0
2026-09-13T09:47:09.4067130Z [1m[92m   Compiling[0m zmij v1.0.21
2026-09-13T09:47:09.5290065Z [1m[92m   Compiling[0m crossbeam-deque v0.8.6
2026-09-13T09:47:09.6390622Z [1m[92m   Compiling[0m icu_provider v2.2.0
2026-09-13T09:47:10.1394851Z [1m[92m   Compiling[0m aho-corasick v1.1.4
2026-09-13T09:47:10.5770817Z [1m[92m   Compiling[0m termcolor v1.4.1
2026-09-13T09:47:10.9227399Z [1m[92m   Compiling[0m zstd-safe v7.2.4
2026-09-13T09:47:11.0067519Z [1m[92m   Compiling[0m utf8parse v0.2.2
2026-09-13T09:47:11.0586412Z [1m[92m   Compiling[0m equivalent v1.0.2
2026-09-13T09:47:11.0957168Z [1m[92m   Compiling[0m target-lexicon v0.13.3
2026-09-13T09:47:11.2507157Z [1m[92m   Compiling[0m camino v1.2.2
2026-09-13T09:47:11.4017445Z [1m[92m   Compiling[0m rayon-core v1.13.0
2026-09-13T09:47:11.4087227Z [1m[92m   Compiling[0m regex-syntax v0.8.10
2026-09-13T09:47:11.4897019Z [1m[92m   Compiling[0m serde_json v1.0.150
2026-09-13T09:47:11.5677406Z [1m[92m   Compiling[0m itoa v1.0.18
2026-09-13T09:47:11.7203519Z [1m[92m   Compiling[0m unicode-width v0.2.2
2026-09-13T09:47:11.9277725Z [1m[92m   Compiling[0m codespan-reporting v0.13.1
2026-09-13T09:47:12.9016965Z [1m[92m   Compiling[0m anstyle-parse v1.0.0
2026-09-13T09:47:13.0328542Z [1m[92m   Compiling[0m icu_properties v2.2.0
2026-09-13T09:47:13.7117602Z [1m[92m   Compiling[0m regex-***mata v0.4.14
2026-09-13T09:47:14.4415421Z [1m[92m   Compiling[0m icu_normalizer v2.2.0
2026-09-13T09:47:15.6220959Z [1m[92m   Compiling[0m block-buffer v0.10.4
2026-09-13T09:47:15.6982049Z [1m[92m   Compiling[0m crypto-common v0.1.7
2026-09-13T09:47:15.7617067Z [1m[92m   Compiling[0m anstyle v1.0.14
2026-09-13T09:47:15.9252896Z [1m[92m   Compiling[0m hashbrown v0.17.1
2026-09-13T09:47:16.0057254Z [1m[92m   Compiling[0m radium v0.7.0
2026-09-13T09:47:16.1337521Z [1m[92m   Compiling[0m parking_lot_core v0.9.12
2026-09-13T09:47:16.2517195Z [1m[92m   Compiling[0m log v0.4.29
2026-09-13T09:47:16.4122916Z [1m[92m   Compiling[0m allocator-api2 v0.2.21
2026-09-13T09:47:16.5246122Z [1m[92m   Compiling[0m colorchoice v1.0.5
2026-09-13T09:47:16.5559316Z [1m[92m   Compiling[0m tinyvec_macros v0.1.1
2026-09-13T09:47:16.5743094Z [1m[92m   Compiling[0m thiserror v2.0.18
2026-09-13T09:47:16.6966656Z [1m[92m   Compiling[0m is_terminal_polyfill v1.70.2
2026-09-13T09:47:16.7366525Z [1m[92m   Compiling[0m anstyle-query v1.1.5
2026-09-13T09:47:16.7622691Z [1m[92m   Compiling[0m foldhash v0.1.5
2026-09-13T09:47:16.7867130Z [1m[92m   Compiling[0m anstream v1.0.0
2026-09-13T09:47:16.8847095Z [1m[92m   Compiling[0m hashbrown v0.15.5
2026-09-13T09:47:17.1527109Z [1m[92m   Compiling[0m tinyvec v1.11.0
2026-09-13T09:47:17.5757230Z [1m[92m   Compiling[0m indexmap v2.14.0
2026-09-13T09:47:17.6872376Z [1m[92m   Compiling[0m digest v0.10.7
2026-09-13T09:47:18.4297115Z [1m[92m   Compiling[0m idna_adapter v1.2.2
2026-09-13T09:47:19.6258761Z [1m[92m   Compiling[0m scroll_derive v0.13.1
2026-09-13T09:47:20.1952756Z [1m[92m   Compiling[0m thiserror-impl v2.0.18
2026-09-13T09:47:20.1999460Z [1m[92m   Compiling[0m ring v0.17.14
2026-09-13T09:47:20.2071285Z [1m[92m   Compiling[0m semver v1.0.28
2026-09-13T09:47:20.5166875Z [1m[92m   Compiling[0m anyhow v1.0.103
2026-09-13T09:47:20.5877048Z [1m[92m   Compiling[0m bytes v1.11.1
2026-09-13T09:47:20.6667194Z [1m[92m   Compiling[0m either v1.16.0
2026-09-13T09:47:20.8307192Z [1m[92m   Compiling[0m strsim v0.11.1
2026-09-13T09:47:21.2838934Z [1m[92m   Compiling[0m percent-encoding v2.3.2
2026-09-13T09:47:21.3107383Z [1m[92m   Compiling[0m clap_lex v1.1.0
2026-09-13T09:47:21.3744876Z [1m[92m   Compiling[0m heck v0.5.0
2026-09-13T09:47:21.4404083Z [1m[92m   Compiling[0m scopeguard v1.2.0
2026-09-13T09:47:21.4839071Z [1m[92m   Compiling[0m fixedbitset v0.5.7
2026-09-13T09:47:21.5077356Z [1m[92m   Compiling[0m cpufeatures v0.2.17
2026-09-13T09:47:21.5308366Z [1m[92m   Compiling[0m tap v1.0.1
2026-09-13T09:47:21.5433374Z [1m[92m   Compiling[0m sha2 v0.10.9
2026-09-13T09:47:21.5951109Z [1m[92m   Compiling[0m wyz v0.5.1
2026-09-13T09:47:21.7517000Z [1m[92m   Compiling[0m petgraph v0.8.1
2026-09-13T09:47:21.8154026Z [1m[92m   Compiling[0m strum_macros v0.28.0
2026-09-13T09:47:22.4567108Z [1m[92m   Compiling[0m lock_api v0.4.14
2026-09-13T09:47:22.6627054Z [1m[92m   Compiling[0m clap_builder v4.6.0
2026-09-13T09:47:23.5938987Z [1m[92m   Compiling[0m form_urlencoded v1.2.2
2026-09-13T09:47:23.7153802Z [1m[92m   Compiling[0m http v1.4.0
2026-09-13T09:47:23.7339410Z [1m[92m   Compiling[0m rayon v1.12.0
2026-09-13T09:47:26.3487105Z [1m[92m   Compiling[0m scroll v0.13.0
2026-09-13T09:47:26.5517128Z [1m[92m   Compiling[0m cfg-expr v0.20.7
2026-09-13T09:47:27.2937555Z [1m[92m   Compiling[0m idna v1.1.0
2026-09-13T09:47:29.0597127Z [1m[92m   Compiling[0m unicode-normalization v0.1.25
2026-09-13T09:47:29.5746999Z [1m[92m   Compiling[0m regex v1.12.3
2026-09-13T09:47:29.6156716Z [1m[92m   Compiling[0m toml-span v0.7.1
2026-09-13T09:47:30.2571955Z [1m[92m   Compiling[0m smol_str v0.3.2
2026-09-13T09:47:30.4571221Z [1m[92m   Compiling[0m getrandom v0.2.17
2026-09-13T09:47:30.5771183Z [1m[92m   Compiling[0m crossbeam-queue v0.3.12
2026-09-13T09:47:30.6867066Z [1m[92m   Compiling[0m crossbeam-channel v0.5.15
2026-09-13T09:47:31.2277566Z [1m[92m   Compiling[0m bstr v1.12.1
2026-09-13T09:47:31.5409664Z [1m[92m   Compiling[0m plain v0.2.3
2026-09-13T09:47:31.5907939Z [1m[92m   Compiling[0m funty v2.0.0
2026-09-13T09:47:31.7693409Z [1m[92m   Compiling[0m rustc-stable-hash v0.1.2
2026-09-13T09:47:31.8807059Z [1m[92m   Compiling[0m same-file v1.0.6
2026-09-13T09:47:31.9637532Z [1m[92m   Compiling[0m twox-hash v2.1.2
2026-09-13T09:47:32.0543371Z [1m[92m   Compiling[0m untrusted v0.9.0
2026-09-13T09:47:32.1167070Z [1m[92m   Compiling[0m tame-index v0.26.3
2026-09-13T09:47:32.3053859Z [1m[92m   Compiling[0m bitvec v1.0.1
2026-09-13T09:47:34.8201856Z [1m[92m   Compiling[0m walkdir v2.5.0
2026-09-13T09:47:35.0882426Z [1m[92m   Compiling[0m globset v0.4.18
2026-09-13T09:47:35.9377114Z [1m[92m   Compiling[0m goblin v0.10.5
2026-09-13T09:47:36.6140340Z [1m[92m   Compiling[0m crossbeam v0.8.4
2026-09-13T09:47:36.6428891Z [1m[92m   Compiling[0m parking_lot v0.12.5
2026-09-13T09:47:37.1962637Z [1m[92m   Compiling[0m url v2.5.8
2026-09-13T09:47:38.6097056Z [1m[92m   Compiling[0m krates v0.21.2
2026-09-13T09:47:42.0546833Z [1m[92m   Compiling[0m clap v4.6.1
2026-09-13T09:47:42.0836526Z [1m[92m   Compiling[0m strum v0.28.0
2026-09-13T09:47:42.1407018Z [1m[92m   Compiling[0m fern v0.7.1
2026-09-13T09:47:42.9526655Z [1m[92m   Compiling[0m codespan v0.13.1
2026-09-13T09:47:43.2817071Z [1m[92m   Compiling[0m memmap2 v0.9.11
2026-09-13T09:47:43.3607022Z [1m[92m   Compiling[0m jiff v0.2.24
2026-09-13T09:47:43.4783270Z [1m[92m   Compiling[0m nu-ansi-term v0.50.3
2026-09-13T09:47:50.9833798Z [1m[92m   Compiling[0m zstd v0.13.3
2026-09-13T09:47:51.1318377Z [1m[92m   Compiling[0m spdx v0.13.4
2026-09-13T09:47:51.5657715Z [1m[92m   Compiling[0m cargo-deny v0.20.2
2026-09-13T09:48:57.5916134Z [1m[92m    Finished[0m `release` profile [optimized] target(s) in 1m 56s
2026-09-13T09:48:57.6023715Z [1m[92m  Installing[0m /home/runner/.cargo/bin/cargo-deny
2026-09-13T09:48:57.6029294Z [1m[92m   Installed[0m package `cargo-deny v0.20.2` (executable `cargo-deny`)
2026-09-13T09:48:57.6857420Z ##[group]Run set -euo pipefail
2026-09-13T09:48:57.6857763Z [36;1mset -euo pipefail[0m
2026-09-13T09:48:57.6858023Z [36;1msudo apt-get update[0m
2026-09-13T09:48:57.6858374Z [36;1msudo apt-get install --yes --no-install-recommends bubblewrap[0m
2026-09-13T09:48:57.6858797Z [36;1mbwrap --version[0m
2026-09-13T09:48:57.6859037Z [36;1mprlimit --version[0m
2026-09-13T09:48:57.6896019Z shell: /usr/bin/bash -e {0}
2026-09-13T09:48:57.6896282Z env:
2026-09-13T09:48:57.6896497Z   CARGO_HOME: /home/runner/.cargo
2026-09-13T09:48:57.6896774Z   CARGO_INCREMENTAL: 0
2026-09-13T09:48:57.6897005Z   CARGO_TERM_COLOR: always
2026-09-13T09:48:57.6897247Z ##[endgroup]
2026-09-13T09:48:57.7867857Z Get:1 file:/etc/apt/apt-mirrors.txt Mirrorlist [144 B]
2026-09-13T09:48:57.8151939Z Get:6 https://packages.microsoft.com/ubuntu/24.04/prod noble InRelease [3600 B]
2026-09-13T09:48:57.8257089Z Hit:2 http://azure.archive.ubuntu.com/ubuntu noble InRelease
2026-09-13T09:48:57.8274801Z Get:3 http://azure.archive.ubuntu.com/ubuntu noble-updates InRelease [126 kB]
2026-09-13T09:48:57.8330043Z Get:4 http://azure.archive.ubuntu.com/ubuntu noble-backports InRelease [126 kB]
2026-09-13T09:48:57.8368195Z Get:5 http://azure.archive.ubuntu.com/ubuntu noble-security InRelease [126 kB]
2026-09-13T09:48:57.8384650Z Get:7 https://dl.google.com/linux/chrome-stable/deb stable InRelease [2548 B]
2026-09-13T09:48:57.8985017Z Get:8 https://packages.microsoft.com/ubuntu/24.04/prod noble/main arm64 Packages [414 kB]
2026-09-13T09:48:57.9207319Z Get:9 https://packages.microsoft.com/ubuntu/24.04/prod noble/main amd64 Packages [463 kB]
2026-09-13T09:48:58.0226896Z Get:10 http://azure.archive.ubuntu.com/ubuntu noble-updates/main amd64 Packages [1263 kB]
2026-09-13T09:48:58.0306177Z Get:11 http://azure.archive.ubuntu.com/ubuntu noble-updates/main Translation-en [292 kB]
2026-09-13T09:48:58.0357132Z Get:12 http://azure.archive.ubuntu.com/ubuntu noble-updates/main amd64 Components [180 kB]
2026-09-13T09:48:58.0358407Z Get:13 http://azure.archive.ubuntu.com/ubuntu noble-updates/universe amd64 Packages [1690 kB]
2026-09-13T09:48:58.0459324Z Get:14 http://azure.archive.ubuntu.com/ubuntu noble-updates/universe amd64 Components [388 kB]
2026-09-13T09:48:58.0486494Z Get:15 http://azure.archive.ubuntu.com/ubuntu noble-updates/restricted amd64 Packages [1544 kB]
2026-09-13T09:48:58.0575348Z Get:16 http://azure.archive.ubuntu.com/ubuntu noble-updates/restricted Translation-en [354 kB]
2026-09-13T09:48:58.0599523Z Get:17 http://azure.archive.ubuntu.com/ubuntu noble-updates/multiverse amd64 Components [940 B]
2026-09-13T09:48:58.0812409Z Get:18 http://azure.archive.ubuntu.com/ubuntu noble-backports/main amd64 Components [5748 B]
2026-09-13T09:48:58.0821334Z Get:19 http://azure.archive.ubuntu.com/ubuntu noble-backports/universe amd64 Components [12.6 kB]
2026-09-13T09:48:58.1749460Z Get:20 http://azure.archive.ubuntu.com/ubuntu noble-security/main amd64 Packages [1006 kB]
2026-09-13T09:48:58.1802416Z Get:21 http://azure.archive.ubuntu.com/ubuntu noble-security/main Translation-en [213 kB]
2026-09-13T09:48:58.1822241Z Get:22 http://azure.archive.ubuntu.com/ubuntu noble-security/main amd64 Components [46.4 kB]
2026-09-13T09:48:58.1834520Z Get:23 http://azure.archive.ubuntu.com/ubuntu noble-security/universe amd64 Packages [1206 kB]
2026-09-13T09:48:58.1893689Z Get:24 http://azure.archive.ubuntu.com/ubuntu noble-security/universe amd64 Components [76.3 kB]
2026-09-13T09:48:58.1907631Z Get:25 http://azure.archive.ubuntu.com/ubuntu noble-security/restricted amd64 Packages [1445 kB]
2026-09-13T09:48:58.1940228Z Get:27 https://dl.google.com/linux/chrome-stable/deb stable/main amd64 Packages [1409 B]
2026-09-13T09:48:58.1976209Z Get:26 http://azure.archive.ubuntu.com/ubuntu noble-security/restricted Translation-en [336 kB]
2026-09-13T09:49:02.3925982Z Fetched 11.3 MB in 1s (8795 kB/s)
2026-09-13T09:49:03.2169584Z Reading package lists...
2026-09-13T09:49:03.2479960Z Reading package lists...
2026-09-13T09:49:03.4223104Z Building dependency tree...
2026-09-13T09:49:03.4233058Z Reading state information...
2026-09-13T09:49:03.5858532Z The following NEW packages will be installed:
2026-09-13T09:49:03.5865484Z   bubblewrap
2026-09-13T09:49:03.6036380Z 0 upgraded, 1 newly installed, 0 to remove and 50 not upgraded.
2026-09-13T09:49:03.6037102Z Need to get 50.2 kB of archives.
2026-09-13T09:49:03.6037733Z After this operation, 133 kB of additional disk space will be used.
2026-09-13T09:49:03.6038269Z Get:1 file:/etc/apt/apt-mirrors.txt Mirrorlist [144 B]
2026-09-13T09:49:03.6331137Z Get:2 http://azure.archive.ubuntu.com/ubuntu noble-updates/main amd64 bubblewrap amd64 0.9.0-1ubuntu0.1 [50.2 kB]
2026-09-13T09:49:03.8844387Z Fetched 50.2 kB in 0s (1196 kB/s)
2026-09-13T09:49:03.9094030Z Selecting previously unselected package bubblewrap.
2026-09-13T09:49:03.9517839Z (Reading database ... 
2026-09-13T09:49:03.9518362Z (Reading database ... 5%
2026-09-13T09:49:03.9518868Z (Reading database ... 10%
2026-09-13T09:49:03.9519509Z (Reading database ... 15%
2026-09-13T09:49:03.9520062Z (Reading database ... 20%
2026-09-13T09:49:03.9520586Z (Reading database ... 25%
2026-09-13T09:49:03.9521207Z (Reading database ... 30%
2026-09-13T09:49:03.9521773Z (Reading database ... 35%
2026-09-13T09:49:03.9522349Z (Reading database ... 40%
2026-09-13T09:49:03.9522952Z (Reading database ... 45%
2026-09-13T09:49:03.9523561Z (Reading database ... 50%
2026-09-13T09:49:03.9596858Z (Reading database ... 55%
2026-09-13T09:49:04.1356014Z (Reading database ... 60%
2026-09-13T09:49:04.3061152Z (Reading database ... 65%
2026-09-13T09:49:04.4894750Z (Reading database ... 70%
2026-09-13T09:49:04.6519376Z (Reading database ... 75%
2026-09-13T09:49:04.8745592Z (Reading database ... 80%
2026-09-13T09:49:05.0532048Z (Reading database ... 85%
2026-09-13T09:49:05.2611803Z (Reading database ... 90%
2026-09-13T09:49:05.4596742Z (Reading database ... 95%
2026-09-13T09:49:05.4597375Z (Reading database ... 100%
2026-09-13T09:49:05.4597909Z (Reading database ... 201818 files and directories currently installed.)
2026-09-13T09:49:05.4638005Z Preparing to unpack .../bubblewrap_0.9.0-1ubuntu0.1_amd64.deb ...
2026-09-13T09:49:05.4676384Z Unpacking bubblewrap (0.9.0-1ubuntu0.1) ...
2026-09-13T09:49:05.5297203Z Setting up bubblewrap (0.9.0-1ubuntu0.1) ...
2026-09-13T09:49:05.5371502Z Processing triggers for man-db (2.12.0-4build2) ...
2026-09-13T09:49:05.5404829Z Not building database; man-db/***-update is not 'true'.
2026-09-13T09:49:06.2183906Z 
2026-09-13T09:49:06.2184442Z Running kernel seems to be up-to-date.
2026-09-13T09:49:06.2184879Z 
2026-09-13T09:49:06.2185056Z No services need to be restarted.
2026-09-13T09:49:06.2185374Z 
2026-09-13T09:49:06.2185554Z No containers need to be restarted.
2026-09-13T09:49:06.2186266Z 
2026-09-13T09:49:06.2186483Z No user sessions are running outdated binaries.
2026-09-13T09:49:06.2186862Z 
2026-09-13T09:49:06.2187210Z No VM guests are running outdated hypervisor (qemu) binaries on this host.
2026-09-13T09:49:07.0359320Z bubblewrap 0.9.0
2026-09-13T09:49:07.0417186Z prlimit from util-linux 2.39.3
2026-09-13T09:49:07.0449556Z ##[group]Run sudo sysctl -w kernel.apparmor_restrict_unprivileged_userns=0
2026-09-13T09:49:07.0450131Z [36;1msudo sysctl -w kernel.apparmor_restrict_unprivileged_userns=0[0m
2026-09-13T09:49:07.0486365Z shell: /usr/bin/bash -e {0}
2026-09-13T09:49:07.0486795Z env:
2026-09-13T09:49:07.0487013Z   CARGO_HOME: /home/runner/.cargo
2026-09-13T09:49:07.0487293Z   CARGO_INCREMENTAL: 0
2026-09-13T09:49:07.0487531Z   CARGO_TERM_COLOR: always
2026-09-13T09:49:07.0487764Z ##[endgroup]
2026-09-13T09:49:07.0601725Z kernel.apparmor_restrict_unprivileged_userns = 0
2026-09-13T09:49:07.0652276Z ##[group]Run bash scripts/prepare-build.sh
2026-09-13T09:49:07.0652654Z [36;1mbash scripts/prepare-build.sh[0m
2026-09-13T09:49:07.0686856Z shell: /usr/bin/bash -e {0}
2026-09-13T09:49:07.0687123Z env:
2026-09-13T09:49:07.0687339Z   CARGO_HOME: /home/runner/.cargo
2026-09-13T09:49:07.0687616Z   CARGO_INCREMENTAL: 0
2026-09-13T09:49:07.0687857Z   CARGO_TERM_COLOR: always
2026-09-13T09:49:07.0688096Z ##[endgroup]
2026-09-13T09:49:08.0806286Z prepare-build: wrote Cargo.toml and candidate-worker/Cargo.toml
2026-09-13T09:49:08.1052922Z [1m[92m Downloading[0m crates ...
2026-09-13T09:49:08.1919893Z [1m[92m  Downloaded[0m num-complex v0.4.6
2026-09-13T09:49:08.1937319Z [1m[92m  Downloaded[0m ***cfg v1.5.1
2026-09-13T09:49:08.1956025Z [1m[92m  Downloaded[0m bitflags v2.13.0
2026-09-13T09:49:08.2001679Z [1m[92m  Downloaded[0m bytemuck v1.25.0
2026-09-13T09:49:08.2033376Z [1m[92m  Downloaded[0m pulp-wasm-simd-flag v0.1.1
2026-09-13T09:49:08.2041376Z [1m[92m  Downloaded[0m reborrow v0.5.5
2026-09-13T09:49:08.2050811Z [1m[92m  Downloaded[0m crossbeam-epoch v0.9.18
2026-09-13T09:49:08.2079040Z [1m[92m  Downloaded[0m libm v0.2.16
2026-09-13T09:49:08.2189620Z [1m[92m  Downloaded[0m feral-metis v0.2.1
2026-09-13T09:49:08.2204933Z [1m[92m  Downloaded[0m quote v1.0.46
2026-09-13T09:49:08.2231697Z [1m[92m  Downloaded[0m feral-amd v0.2.1
2026-09-13T09:49:08.2250893Z [1m[92m  Downloaded[0m feral-kahip v0.2.1
2026-09-13T09:49:08.2266551Z [1m[92m  Downloaded[0m feral-amf v0.2.1
2026-09-13T09:49:08.2276613Z [1m[92m  Downloaded[0m feral-ordering-core v0.2.1
2026-09-13T09:49:08.2290407Z [1m[92m  Downloaded[0m num-traits v0.2.19
2026-09-13T09:49:08.2320687Z [1m[92m  Downloaded[0m paste v1.0.15
2026-09-13T09:49:08.2354631Z [1m[92m  Downloaded[0m feral-scotch v0.2.1
2026-09-13T09:49:08.2370208Z [1m[92m  Downloaded[0m memchr v2.8.2
2026-09-13T09:49:08.2424652Z [1m[92m  Downloaded[0m pulp v0.22.3
2026-09-13T09:49:08.2473732Z [1m[92m  Downloaded[0m raw-cpuid v11.6.0
2026-09-13T09:49:08.2508240Z [1m[92m  Downloaded[0m syn v2.0.118
2026-09-13T09:49:08.2611960Z [1m[92m  Downloaded[0m feral v0.11.0
2026-09-13T09:49:08.2761069Z [1m[92m   Vendoring[0m ***cfg v1.5.1 (/home/runner/.cargo/registry/src/index.crates.io-1949cf8c6b5b557f/***cfg-1.5.1) to vendor/***cfg
2026-09-13T09:49:08.2792742Z [1m[92m   Vendoring[0m bitflags v2.13.0 (/home/runner/.cargo/registry/src/index.crates.io-1949cf8c6b5b557f/bitflags-2.13.0) to vendor/bitflags
2026-09-13T09:49:08.2844114Z [1m[92m   Vendoring[0m bytemuck v1.25.0 (/home/runner/.cargo/registry/src/index.crates.io-1949cf8c6b5b557f/bytemuck-1.25.0) to vendor/bytemuck
2026-09-13T09:49:08.2879140Z [1m[92m   Vendoring[0m cfg-if v1.0.4 (/home/runner/.cargo/registry/src/index.crates.io-1949cf8c6b5b557f/cfg-if-1.0.4) to vendor/cfg-if
2026-09-13T09:49:08.2893431Z [1m[92m   Vendoring[0m crossbeam-deque v0.8.6 (/home/runner/.cargo/registry/src/index.crates.io-1949cf8c6b5b557f/crossbeam-deque-0.8.6) to vendor/crossbeam-deque
2026-09-13T09:49:08.2908856Z [1m[92m   Vendoring[0m crossbeam-epoch v0.9.18 (/home/runner/.cargo/registry/src/index.crates.io-1949cf8c6b5b557f/crossbeam-epoch-0.9.18) to vendor/crossbeam-epoch
2026-09-13T09:49:08.2936148Z [1m[92m   Vendoring[0m crossbeam-utils v0.8.21 (/home/runner/.cargo/registry/src/index.crates.io-1949cf8c6b5b557f/crossbeam-utils-0.8.21) to vendor/crossbeam-utils
2026-09-13T09:49:08.2965600Z [1m[92m   Vendoring[0m either v1.16.0 (/home/runner/.cargo/registry/src/index.crates.io-1949cf8c6b5b557f/either-1.16.0) to vendor/either
2026-09-13T09:49:08.2981207Z [1m[92m   Vendoring[0m feral v0.11.0 (/home/runner/.cargo/registry/src/index.crates.io-1949cf8c6b5b557f/feral-0.11.0) to vendor/feral
2026-09-13T09:49:08.3104978Z [1m[92m   Vendoring[0m feral-amd v0.2.1 (/home/runner/.cargo/registry/src/index.crates.io-1949cf8c6b5b557f/feral-amd-0.2.1) to vendor/feral-amd
2026-09-13T09:49:08.3127629Z [1m[92m   Vendoring[0m feral-amf v0.2.1 (/home/runner/.cargo/registry/src/index.crates.io-1949cf8c6b5b557f/feral-amf-0.2.1) to vendor/feral-amf
2026-09-13T09:49:08.3138124Z [1m[92m   Vendoring[0m feral-kahip v0.2.1 (/home/runner/.cargo/registry/src/index.crates.io-1949cf8c6b5b557f/feral-kahip-0.2.1) to vendor/feral-kahip
2026-09-13T09:49:08.3154907Z [1m[92m   Vendoring[0m feral-metis v0.2.1 (/home/runner/.cargo/registry/src/index.crates.io-1949cf8c6b5b557f/feral-metis-0.2.1) to vendor/feral-metis
2026-09-13T09:49:08.3172628Z [1m[92m   Vendoring[0m feral-ordering-core v0.2.1 (/home/runner/.cargo/registry/src/index.crates.io-1949cf8c6b5b557f/feral-ordering-core-0.2.1) to vendor/feral-ordering-core
2026-09-13T09:49:08.3188763Z [1m[92m   Vendoring[0m feral-scotch v0.2.1 (/home/runner/.cargo/registry/src/index.crates.io-1949cf8c6b5b557f/feral-scotch-0.2.1) to vendor/feral-scotch
2026-09-13T09:49:08.3206709Z [1m[92m   Vendoring[0m itoa v1.0.18 (/home/runner/.cargo/registry/src/index.crates.io-1949cf8c6b5b557f/itoa-1.0.18) to vendor/itoa
2026-09-13T09:49:08.3221956Z [1m[92m   Vendoring[0m libm v0.2.16 (/home/runner/.cargo/registry/src/index.crates.io-1949cf8c6b5b557f/libm-0.2.16) to vendor/libm
2026-09-13T09:49:08.3353256Z [1m[92m   Vendoring[0m memchr v2.8.2 (/home/runner/.cargo/registry/src/index.crates.io-1949cf8c6b5b557f/memchr-2.8.2) to vendor/memchr
2026-09-13T09:49:08.3419114Z [1m[92m   Vendoring[0m num-complex v0.4.6 (/home/runner/.cargo/registry/src/index.crates.io-1949cf8c6b5b557f/num-complex-0.4.6) to vendor/num-complex
2026-09-13T09:49:08.3433950Z [1m[92m   Vendoring[0m num-traits v0.2.19 (/home/runner/.cargo/registry/src/index.crates.io-1949cf8c6b5b557f/num-traits-0.2.19) to vendor/num-traits
2026-09-13T09:49:08.3463207Z [1m[92m   Vendoring[0m paste v1.0.15 (/home/runner/.cargo/registry/src/index.crates.io-1949cf8c6b5b557f/paste-1.0.15) to vendor/paste
2026-09-13T09:49:08.3500654Z [1m[92m   Vendoring[0m proc-macro2 v1.0.106 (/home/runner/.cargo/registry/src/index.crates.io-1949cf8c6b5b557f/proc-macro2-1.0.106) to vendor/proc-macro2
2026-09-13T09:49:08.3533516Z [1m[92m   Vendoring[0m pulp v0.22.3 (/home/runner/.cargo/registry/src/index.crates.io-1949cf8c6b5b557f/pulp-0.22.3) to vendor/pulp
2026-09-13T09:49:08.3596416Z [1m[92m   Vendoring[0m pulp-wasm-simd-flag v0.1.1 (/home/runner/.cargo/registry/src/index.crates.io-1949cf8c6b5b557f/pulp-wasm-simd-flag-0.1.1) to vendor/pulp-wasm-simd-flag
2026-09-13T09:49:08.3603010Z [1m[92m   Vendoring[0m quote v1.0.46 (/home/runner/.cargo/registry/src/index.crates.io-1949cf8c6b5b557f/quote-1.0.46) to vendor/quote
2026-09-13T09:49:08.3634336Z [1m[92m   Vendoring[0m raw-cpuid v11.6.0 (/home/runner/.cargo/registry/src/index.crates.io-1949cf8c6b5b557f/raw-cpuid-11.6.0) to vendor/raw-cpuid
2026-09-13T09:49:08.3673384Z [1m[92m   Vendoring[0m rayon v1.12.0 (/home/runner/.cargo/registry/src/index.crates.io-1949cf8c6b5b557f/rayon-1.12.0) to vendor/rayon
2026-09-13T09:49:08.3787790Z [1m[92m   Vendoring[0m rayon-core v1.13.0 (/home/runner/.cargo/registry/src/index.crates.io-1949cf8c6b5b557f/rayon-core-1.13.0) to vendor/rayon-core
2026-09-13T09:49:08.3830711Z [1m[92m   Vendoring[0m reborrow v0.5.5 (/home/runner/.cargo/registry/src/index.crates.io-1949cf8c6b5b557f/reborrow-0.5.5) to vendor/reborrow
2026-09-13T09:49:08.3838346Z [1m[92m   Vendoring[0m serde v1.0.228 (/home/runner/.cargo/registry/src/index.crates.io-1949cf8c6b5b557f/serde-1.0.228) to vendor/serde
2026-09-13T09:49:08.3879291Z [1m[92m   Vendoring[0m serde_core v1.0.228 (/home/runner/.cargo/registry/src/index.crates.io-1949cf8c6b5b557f/serde_core-1.0.228) to vendor/serde_core
2026-09-13T09:49:08.3911310Z [1m[92m   Vendoring[0m serde_derive v1.0.228 (/home/runner/.cargo/registry/src/index.crates.io-1949cf8c6b5b557f/serde_derive-1.0.228) to vendor/serde_derive
2026-09-13T09:49:08.3946854Z [1m[92m   Vendoring[0m serde_json v1.0.150 (/home/runner/.cargo/registry/src/index.crates.io-1949cf8c6b5b557f/serde_json-1.0.150) to vendor/serde_json
2026-09-13T09:49:08.4032831Z [1m[92m   Vendoring[0m syn v2.0.118 (/home/runner/.cargo/registry/src/index.crates.io-1949cf8c6b5b557f/syn-2.0.118) to vendor/syn
2026-09-13T09:49:08.4161226Z [1m[92m   Vendoring[0m unicode-ident v1.0.24 (/home/runner/.cargo/registry/src/index.crates.io-1949cf8c6b5b557f/unicode-ident-1.0.24) to vendor/unicode-ident
2026-09-13T09:49:08.4192082Z [1m[92m   Vendoring[0m version_check v0.9.5 (/home/runner/.cargo/registry/src/index.crates.io-1949cf8c6b5b557f/version_check-0.9.5) to vendor/version_check
2026-09-13T09:49:08.4205995Z [1m[92m   Vendoring[0m zmij v1.0.21 (/home/runner/.cargo/registry/src/index.crates.io-1949cf8c6b5b557f/zmij-1.0.21) to vendor/zmij
2026-09-13T09:49:08.4231411Z To use vendored sources, add this to your .cargo/config.toml for this project:
2026-09-13T09:49:08.4231903Z 
2026-09-13T09:49:08.5366328Z prepare-build: vendored tree scanned clean
2026-09-13T09:49:08.5399397Z ##[group]Run set -euo pipefail
2026-09-13T09:49:08.5399741Z [36;1mset -euo pipefail[0m
2026-09-13T09:49:08.5400002Z [36;1mtest "$(id -u)" -ne 0[0m
2026-09-13T09:49:08.5400291Z [36;1mscripts/grader-sandbox.sh self-check[0m
2026-09-13T09:49:08.5400648Z [36;1mscripts/grader-sandbox.sh trusted-build[0m
2026-09-13T09:49:08.5401032Z [36;1mscripts/grader-sandbox.sh candidate-build[0m
2026-09-13T09:49:08.5435989Z shell: /usr/bin/bash -e {0}
2026-09-13T09:49:08.5436261Z env:
2026-09-13T09:49:08.5436479Z   CARGO_HOME: /home/runner/.cargo
2026-09-13T09:49:08.5436751Z   CARGO_INCREMENTAL: 0
2026-09-13T09:49:08.5436988Z   CARGO_TERM_COLOR: always
2026-09-13T09:49:08.5437220Z ##[endgroup]
2026-09-13T09:49:08.5878003Z assert-no-network: outbound to 1.1.1.1:443 blocked — network isolation looks effective.
2026-09-13T09:49:08.5883151Z grader-sandbox: build boundary self-check passed
2026-09-13T09:49:08.7039999Z    Compiling crossbeam-utils v0.8.21
2026-09-13T09:49:08.7040873Z    Compiling proc-macro2 v1.0.106
2026-09-13T09:49:08.7041480Z    Compiling quote v1.0.46
2026-09-13T09:49:08.7042041Z    Compiling feral-ordering-core v0.2.1
2026-09-13T09:49:08.8553149Z    Compiling unicode-ident v1.0.24
2026-09-13T09:49:08.8680490Z    Compiling ***cfg v1.5.1
2026-09-13T09:49:09.1917921Z    Compiling num-traits v0.2.19
2026-09-13T09:49:09.2896787Z    Compiling serde_core v1.0.228
2026-09-13T09:49:09.4550629Z    Compiling crossbeam-epoch v0.9.18
2026-09-13T09:49:09.5779092Z    Compiling feral-amd v0.2.1
2026-09-13T09:49:09.6156767Z    Compiling paste v1.0.15
2026-09-13T09:49:09.6977491Z    Compiling libm v0.2.16
2026-09-13T09:49:09.7281910Z    Compiling zmij v1.0.21
2026-09-13T09:49:09.7536954Z    Compiling rayon-core v1.13.0
2026-09-13T09:49:09.8230466Z    Compiling version_check v0.9.5
2026-09-13T09:49:09.8427060Z    Compiling syn v2.0.118
2026-09-13T09:49:09.8516547Z    Compiling crossbeam-deque v0.8.6
2026-09-13T09:49:09.8686801Z    Compiling feral-metis v0.2.1
2026-09-13T09:49:10.0396818Z    Compiling pulp v0.22.3
2026-09-13T09:49:10.8667871Z    Compiling serde_json v1.0.150
2026-09-13T09:49:10.9547473Z    Compiling bitflags v2.13.0
2026-09-13T09:49:11.2636761Z    Compiling bytemuck v1.25.0
2026-09-13T09:49:11.4596881Z    Compiling serde v1.0.228
2026-09-13T09:49:11.6287253Z    Compiling num-complex v0.4.6
2026-09-13T09:49:11.7846753Z    Compiling raw-cpuid v11.6.0
2026-09-13T09:49:12.2617164Z    Compiling serde_derive v1.0.228
2026-09-13T09:49:14.1114518Z    Compiling either v1.16.0
2026-09-13T09:49:14.2838406Z    Compiling pulp-wasm-simd-flag v0.1.1
2026-09-13T09:49:14.3157488Z    Compiling cfg-if v1.0.4
2026-09-13T09:49:14.3463719Z    Compiling memchr v2.8.2
2026-09-13T09:49:15.2940592Z    Compiling reborrow v0.5.5
2026-09-13T09:49:15.3008449Z    Compiling itoa v1.0.18
2026-09-13T09:49:15.6266770Z    Compiling rayon v1.12.0
2026-09-13T09:49:16.0246857Z    Compiling feral-scotch v0.2.1
2026-09-13T09:49:17.9218324Z    Compiling feral-kahip v0.2.1
2026-09-13T09:49:18.2176940Z    Compiling feral-amf v0.2.1
2026-09-13T09:49:18.3083396Z    Compiling ssi-purity v0.1.0 (/workspace/ssi-purity)
2026-09-13T09:49:19.8773566Z    Compiling feral v0.11.0
2026-09-13T09:49:25.7616816Z    Compiling ssi-scoring v0.1.0 (/workspace/ssi-scoring)
2026-09-13T09:49:25.8537621Z    Compiling ssi-worker-protocol v0.1.0 (/workspace/ssi-worker-protocol)
2026-09-13T09:49:26.1179417Z    Compiling matrices-fast v0.1.0 (/workspace)
2026-09-13T09:49:26.8856062Z     Finished `release` profile [optimized] target(s) in 18.26s
2026-09-13T09:49:27.0079280Z    Compiling crossbeam-utils v0.8.21
2026-09-13T09:49:27.0080092Z    Compiling proc-macro2 v1.0.106
2026-09-13T09:49:27.0080665Z    Compiling quote v1.0.46
2026-09-13T09:49:27.0083738Z    Compiling unicode-ident v1.0.24
2026-09-13T09:49:27.0669774Z    Compiling feral-ordering-core v0.2.1
2026-09-13T09:49:27.1407752Z    Compiling ***cfg v1.5.1
2026-09-13T09:49:27.4206667Z    Compiling num-traits v0.2.19
2026-09-13T09:49:27.5167182Z    Compiling serde_core v1.0.228
2026-09-13T09:49:27.7957208Z    Compiling crossbeam-epoch v0.9.18
2026-09-13T09:49:27.8806932Z    Compiling feral-amd v0.2.1
2026-09-13T09:49:27.9029451Z    Compiling libm v0.2.16
2026-09-13T09:49:27.9138674Z    Compiling zmij v1.0.21
2026-09-13T09:49:27.9936964Z    Compiling version_check v0.9.5
2026-09-13T09:49:28.0341102Z    Compiling rayon-core v1.13.0
2026-09-13T09:49:28.0557248Z    Compiling paste v1.0.15
2026-09-13T09:49:28.1316875Z    Compiling crossbeam-deque v0.8.6
2026-09-13T09:49:28.1819499Z    Compiling feral-metis v0.2.1
2026-09-13T09:49:28.2206651Z    Compiling pulp v0.22.3
2026-09-13T09:49:28.2956858Z    Compiling syn v2.0.118
2026-09-13T09:49:29.0666964Z    Compiling bytemuck v1.25.0
2026-09-13T09:49:29.2436615Z    Compiling serde_json v1.0.150
2026-09-13T09:49:29.3200781Z    Compiling bitflags v2.13.0
2026-09-13T09:49:29.6466707Z    Compiling serde v1.0.228
2026-09-13T09:49:29.8007954Z    Compiling raw-cpuid v11.6.0
2026-09-13T09:49:30.0806755Z    Compiling num-complex v0.4.6
2026-09-13T09:49:30.6776739Z    Compiling serde_derive v1.0.228
2026-09-13T09:49:32.2706641Z    Compiling cfg-if v1.0.4
2026-09-13T09:49:32.2970768Z    Compiling either v1.16.0
2026-09-13T09:49:32.4531574Z    Compiling reborrow v0.5.5
2026-09-13T09:49:32.4956787Z    Compiling itoa v1.0.18
2026-09-13T09:49:32.6846501Z    Compiling memchr v2.8.2
2026-09-13T09:49:33.2887371Z    Compiling pulp-wasm-simd-flag v0.1.1
2026-09-13T09:49:33.9947807Z    Compiling rayon v1.12.0
2026-09-13T09:49:34.3399570Z    Compiling feral-scotch v0.2.1
2026-09-13T09:49:36.1586860Z    Compiling feral-kahip v0.2.1
2026-09-13T09:49:36.5756830Z    Compiling feral-amf v0.2.1
2026-09-13T09:49:37.6014245Z    Compiling feral v0.11.0
2026-09-13T09:49:43.3723972Z    Compiling ssi-scoring v0.1.0 (/workspace/ssi-scoring)
2026-09-13T09:49:43.4658519Z    Compiling ssi-worker-protocol v0.1.0 (/workspace/ssi-worker-protocol)
2026-09-13T09:49:43.7358745Z    Compiling ssi-candidate-worker v0.1.0 (/workspace/candidate-worker)
2026-09-13T09:49:43.8227886Z warning: unused doc comment
2026-09-13T09:49:43.8228617Z     --> candidate-worker/src/../../src/ordering/mod.rs:5196:9
2026-09-13T09:49:43.8229219Z      |
2026-09-13T09:49:43.8229672Z 5196 | /         /// `nnz < 3n` = the sparse band of the 0184 price law (66 of the 300 dev
2026-09-13T09:49:43.8230404Z 5197 | |         /// rows, all of them in-window). Structural, never per-matrix.
2026-09-13T09:49:43.8231043Z      | |_______________________________________________________________________^
2026-09-13T09:49:43.8231589Z 5198 | /         let shipped_ladder = || {
2026-09-13T09:49:43.8232023Z 5199 | |             if nnz < 3 * n {
2026-09-13T09:49:43.8232471Z 5200 | |                 SHIPPED_SPARSE_LADDER.to_vec()
2026-09-13T09:49:43.8232926Z 5201 | |             } else {
2026-09-13T09:49:43.8233283Z ...    |
2026-09-13T09:49:43.8233534Z 5204 | |         };
2026-09-13T09:49:43.8233987Z      | |__________- rustdoc does not generate documentation for statements
2026-09-13T09:49:43.8234798Z      |
2026-09-13T09:49:43.8235092Z      = help: use `//` for a plain comment
2026-09-13T09:49:43.8235991Z      = note: `#[warn(unused_doc_comments)]` (part of `#[warn(unused)]`) on by default
2026-09-13T09:49:43.8236468Z 
2026-09-13T09:49:44.2380915Z warning: value assigned to `d` is never read
2026-09-13T09:49:44.2381814Z    --> candidate-worker/src/../../src/ordering/rgreedy.rs:568:29
2026-09-13T09:49:44.2382399Z     |
2026-09-13T09:49:44.2382815Z 568 |                 let mut d = 0u32;
2026-09-13T09:49:44.2383540Z     |                             ^^^^ this value is reassigned later and never used
2026-09-13T09:49:44.2384114Z ...
2026-09-13T09:49:44.2384500Z 586 |                     d = self.deg[u] + added as u32;
2026-09-13T09:49:44.2385336Z     |                     ------------------------------ `d` is overwritten here before the previous value is read
2026-09-13T09:49:44.2386432Z     |
2026-09-13T09:49:44.2386935Z     = note: `#[warn(unused_assignments)]` (part of `#[warn(unused)]`) on by default
2026-09-13T09:49:44.2387517Z 
2026-09-13T09:49:44.6049924Z warning: constant `RELABEL_BUDGET` is never used
2026-09-13T09:49:44.6050797Z    --> candidate-worker/src/../../src/ordering/mod.rs:858:7
2026-09-13T09:49:44.6051439Z     |
2026-09-13T09:49:44.6051841Z 858 | const RELABEL_BUDGET: usize = 300_000;
2026-09-13T09:49:44.6052394Z     |       ^^^^^^^^^^^^^^
2026-09-13T09:49:44.6052824Z     |
2026-09-13T09:49:44.6053334Z     = note: `#[warn(dead_code)]` (part of `#[warn(unused)]`) on by default
2026-09-13T09:49:44.6053859Z 
2026-09-13T09:49:44.6054131Z warning: constant `RELABEL_MAX_RESTARTS` is never used
2026-09-13T09:49:44.6054774Z    --> candidate-worker/src/../../src/ordering/mod.rs:859:7
2026-09-13T09:49:44.6055208Z     |
2026-09-13T09:49:44.6055478Z 859 | const RELABEL_MAX_RESTARTS: usize = 24;
2026-09-13T09:49:44.6056092Z     |       ^^^^^^^^^^^^^^^^^^^^
2026-09-13T09:49:44.6056353Z 
2026-09-13T09:49:44.6056591Z warning: constant `SUBTREE_MAX_N` is never used
2026-09-13T09:49:44.6057292Z    --> candidate-worker/src/../../src/ordering/mod.rs:922:7
2026-09-13T09:49:44.6057895Z     |
2026-09-13T09:49:44.6058292Z 922 | const SUBTREE_MAX_N: usize = 250_000;
2026-09-13T09:49:44.6058826Z     |       ^^^^^^^^^^^^^
2026-09-13T09:49:44.6059103Z 
2026-09-13T09:49:44.6059382Z warning: function `relabel_restarts` is never used
2026-09-13T09:49:44.6060097Z     --> candidate-worker/src/../../src/ordering/mod.rs:1211:4
2026-09-13T09:49:44.6060705Z      |
2026-09-13T09:49:44.6061253Z 1211 | fn relabel_restarts(budget: usize, cap: usize, nnz: usize) -> usize {
2026-09-13T09:49:44.6061952Z      |    ^^^^^^^^^^^^^^^^
2026-09-13T09:49:44.6062206Z 
2026-09-13T09:49:44.6062460Z warning: function `paired_swap_refine` is never used
2026-09-13T09:49:44.6063136Z     --> candidate-worker/src/../../src/ordering/mod.rs:1345:4
2026-09-13T09:49:44.6063707Z      |
2026-09-13T09:49:44.6064301Z 1345 | fn paired_swap_refine(pattern: &Pattern, mut best: Vec<usize>) -> Vec<usize> {
2026-09-13T09:49:44.6065048Z      |    ^^^^^^^^^^^^^^^^^^
2026-09-13T09:49:44.6065313Z 
2026-09-13T09:49:44.6065536Z warning: function `plateau_refine` is never used
2026-09-13T09:49:44.6066398Z     --> candidate-worker/src/../../src/ordering/mod.rs:1368:4
2026-09-13T09:49:44.6066964Z      |
2026-09-13T09:49:44.6067594Z 1368 | fn plateau_refine(pattern: &Pattern, start: Vec<usize>, neutral: bool) -> Vec<usize> {
2026-09-13T09:49:44.6068399Z      |    ^^^^^^^^^^^^^^
2026-09-13T09:49:44.6068646Z 
2026-09-13T09:49:44.6068842Z warning: function `capture` is never used
2026-09-13T09:49:44.6069506Z   --> candidate-worker/src/../../src/ordering/transplant_probe.rs:11:15
2026-09-13T09:49:44.6070073Z    |
2026-09-13T09:49:44.6070315Z 11 | pub(super) fn capture(pool: &[(u64, Vec<usize>)]) {
2026-09-13T09:49:44.6070625Z    |               ^^^^^^^
2026-09-13T09:49:44.6070768Z 
2026-09-13T09:49:44.6070898Z warning: function `terminal_pass` is never used
2026-09-13T09:49:44.6071300Z    --> candidate-worker/src/../../src/ordering/transplant_probe.rs:240:4
2026-09-13T09:49:44.6071862Z     |
2026-09-13T09:49:44.6072052Z 240 | fn terminal_pass(
2026-09-13T09:49:44.6072283Z     |    ^^^^^^^^^^^^^
2026-09-13T09:49:44.6072412Z 
2026-09-13T09:49:44.6072522Z warning: function `refine` is never used
2026-09-13T09:49:44.6072876Z   --> candidate-worker/src/../../src/ordering/completion.rs:12:15
2026-09-13T09:49:44.6073217Z    |
2026-09-13T09:49:44.6073409Z 12 | pub(super) fn refine(
2026-09-13T09:49:44.6073644Z    |               ^^^^^^
2026-09-13T09:49:44.6073779Z 
2026-09-13T09:49:44.6073899Z warning: function `candidates` is never used
2026-09-13T09:49:44.6074277Z   --> candidate-worker/src/../../src/ordering/peo_extract.rs:63:15
2026-09-13T09:49:44.6074613Z    |
2026-09-13T09:49:44.6074806Z 63 | pub(super) fn candidates(
2026-09-13T09:49:44.6075052Z    |               ^^^^^^^^^^
2026-09-13T09:49:44.6075202Z 
2026-09-13T09:49:44.6075318Z warning: type alias `PermFn` is never used
2026-09-13T09:49:44.6076041Z   --> candidate-worker/src/../../src/ordering/parallel.rs:80:17
2026-09-13T09:49:44.6076395Z    |
2026-09-13T09:49:44.6076877Z 80 | pub(crate) type PermFn<'a> = Box<dyn Fn() -> Option<Vec<usize>> + Sync + 'a>;
2026-09-13T09:49:44.6077294Z    |                 ^^^^^^
2026-09-13T09:49:44.6077446Z 
2026-09-13T09:49:44.6077562Z warning: function `run_perms` is never used
2026-09-13T09:49:44.6077937Z    --> candidate-worker/src/../../src/ordering/parallel.rs:189:15
2026-09-13T09:49:44.6078285Z     |
2026-09-13T09:49:44.6078483Z 189 | pub(crate) fn run_perms(
2026-09-13T09:49:44.6078723Z     |               ^^^^^^^^^
2026-09-13T09:49:44.6078873Z 
2026-09-13T09:49:44.6078984Z warning: function `accept` is never used
2026-09-13T09:49:44.6079334Z    --> candidate-worker/src/../../src/ordering/parallel.rs:314:15
2026-09-13T09:49:44.6079675Z     |
2026-09-13T09:49:44.6080087Z 314 | pub(crate) fn accept(results: &mut [CandOut], best_flops: &mut u64, best_perm: &mut Vec<usize>) -> bool {
2026-09-13T09:49:44.6080575Z     |               ^^^^^^
2026-09-13T09:49:44.6080719Z 
2026-09-13T09:49:44.6080846Z warning: function `minl_is_clique` is never used
2026-09-13T09:49:44.6081217Z    --> candidate-worker/src/../../src/ordering/minl.rs:134:4
2026-09-13T09:49:44.6081543Z     |
2026-09-13T09:49:44.6081836Z 134 | fn minl_is_clique(adj: &[Vec<u32>], c: &[u32], ops: &mut i64) -> bool {
2026-09-13T09:49:44.6082207Z     |    ^^^^^^^^^^^^^^
2026-09-13T09:49:44.6082340Z 
2026-09-13T09:49:44.6082483Z warning: function `minl_try_delete_edge` is never used
2026-09-13T09:49:44.6082863Z    --> candidate-worker/src/../../src/ordering/minl.rs:230:4
2026-09-13T09:49:44.6083179Z     |
2026-09-13T09:49:44.6083377Z 230 | fn minl_try_delete_edge(
2026-09-13T09:49:44.6083624Z     |    ^^^^^^^^^^^^^^^^^^^^
2026-09-13T09:49:44.6083776Z 
2026-09-13T09:49:44.6083880Z warning: function `order` is never used
2026-09-13T09:49:44.6084274Z   --> candidate-worker/src/../../src/ordering/chordal_certificate.rs:32:15
2026-09-13T09:49:44.6084652Z    |
2026-09-13T09:49:44.6084972Z 32 | pub(crate) fn order(n: usize, cp: &[usize], ri: &[usize]) -> Option<Vec<usize>> {
2026-09-13T09:49:44.6085376Z    |               ^^^^^
2026-09-13T09:49:44.6085519Z 
2026-09-13T09:49:44.6085915Z warning: function `run_sequential_180` is never used
2026-09-13T09:49:44.6086317Z    --> candidate-worker/src/../../src/ordering/indep_first.rs:725:4
2026-09-13T09:49:44.6086654Z     |
2026-09-13T09:49:44.6086999Z 725 | fn run_sequential_180(sp: &ScoringPattern, ledger: u64) -> Option<(u64, Vec<usize>)> {
2026-09-13T09:49:44.6087424Z     |    ^^^^^^^^^^^^^^^^^^
2026-09-13T09:49:44.6087574Z 
2026-09-13T09:49:50.4110945Z warning: `ssi-candidate-worker` (bin "ssi-candidate-worker") generated 19 warnings
2026-09-13T09:49:50.4111962Z     Finished `release` profile [optimized] target(s) in 23.49s
2026-09-13T09:49:50.4187508Z ##[group]Run set -euo pipefail
2026-09-13T09:49:50.4187844Z [36;1mset -euo pipefail[0m
2026-09-13T09:49:50.4188245Z [36;1m./target/trusted/release/matrices-fast --grader --sandbox-self-check[0m
2026-09-13T09:49:50.4188993Z [36;1m./target/trusted/release/matrices-fast --grader --sandbox-timeout-self-check[0m
2026-09-13T09:49:50.4189543Z [36;1mcargo test --offline --locked --package matrices-fast \[0m
2026-09-13T09:49:50.4190036Z [36;1m  sandbox::tests::bubblewrap_timeout_tears_down_candidate_descendants \[0m
2026-09-13T09:49:50.4190457Z [36;1m  -- --ignored[0m
2026-09-13T09:49:50.4224829Z shell: /usr/bin/bash -e {0}
2026-09-13T09:49:50.4225097Z env:
2026-09-13T09:49:50.4225313Z   CARGO_HOME: /home/runner/.cargo
2026-09-13T09:49:50.4225846Z   CARGO_INCREMENTAL: 0
2026-09-13T09:49:50.4226170Z   CARGO_TERM_COLOR: always
2026-09-13T09:49:50.4226426Z   SSI_GRADER_SANDBOX: bubblewrap
2026-09-13T09:49:50.4227011Z   SSI_CANDIDATE_WORKER: /home/runner/work/matrices-fast/matrices-fast/target/candidate/release/ssi-candidate-worker
2026-09-13T09:49:50.4227581Z ##[endgroup]
2026-09-13T09:49:50.4437696Z per-worker bubblewrap self-check passed
2026-09-13T09:49:50.6497826Z bubblewrap timeout teardown self-check passed
2026-09-13T09:49:50.7206623Z [1m[92m   Compiling[0m proc-macro2 v1.0.106
2026-09-13T09:49:50.7207820Z [1m[92m   Compiling[0m crossbeam-utils v0.8.21
2026-09-13T09:49:50.7213189Z [1m[92m   Compiling[0m unicode-ident v1.0.24
2026-09-13T09:49:50.7214447Z [1m[92m   Compiling[0m quote v1.0.46
2026-09-13T09:49:50.7798071Z [1m[92m   Compiling[0m ***cfg v1.5.1
2026-09-13T09:49:50.8687720Z [1m[92m   Compiling[0m feral-ordering-core v0.2.1
2026-09-13T09:49:51.1096976Z [1m[92m   Compiling[0m num-traits v0.2.19
2026-09-13T09:49:51.2007173Z [1m[92m   Compiling[0m serde_core v1.0.228
2026-09-13T09:49:51.2940391Z [1m[92m   Compiling[0m crossbeam-epoch v0.9.18
2026-09-13T09:49:51.3851452Z [1m[92m   Compiling[0m feral-amd v0.2.1
2026-09-13T09:49:51.4697127Z [1m[92m   Compiling[0m libm v0.2.16
2026-09-13T09:49:51.5498756Z [1m[92m   Compiling[0m zmij v1.0.21
2026-09-13T09:49:51.5797620Z [1m[92m   Compiling[0m rayon-core v1.13.0
2026-09-13T09:49:51.5850009Z [1m[92m   Compiling[0m paste v1.0.15
2026-09-13T09:49:51.6500992Z [1m[92m   Compiling[0m version_check v0.9.5
2026-09-13T09:49:51.6620548Z [1m[92m   Compiling[0m syn v2.0.118
2026-09-13T09:49:51.7207026Z [1m[92m   Compiling[0m crossbeam-deque v0.8.6
2026-09-13T09:49:51.7376878Z [1m[92m   Compiling[0m feral-metis v0.2.1
2026-09-13T09:49:51.8846966Z [1m[92m   Compiling[0m pulp v0.22.3
2026-09-13T09:49:52.2586900Z [1m[92m   Compiling[0m serde v1.0.228
2026-09-13T09:49:52.4317180Z [1m[92m   Compiling[0m serde_json v1.0.150
2026-09-13T09:49:52.5297053Z [1m[92m   Compiling[0m bytemuck v1.25.0
2026-09-13T09:49:52.6797112Z [1m[92m   Compiling[0m bitflags v2.13.0
2026-09-13T09:49:52.7577116Z [1m[92m   Compiling[0m num-complex v0.4.6
2026-09-13T09:49:52.8347935Z [1m[92m   Compiling[0m raw-cpuid v11.6.0
2026-09-13T09:49:54.1276925Z [1m[92m   Compiling[0m serde_derive v1.0.228
2026-09-13T09:49:54.4496885Z [1m[92m   Compiling[0m cfg-if v1.0.4
2026-09-13T09:49:54.4727788Z [1m[92m   Compiling[0m itoa v1.0.18
2026-09-13T09:49:54.5898143Z [1m[92m   Compiling[0m either v1.16.0
2026-09-13T09:49:54.7369997Z [1m[92m   Compiling[0m memchr v2.8.2
2026-09-13T09:49:55.1857131Z [1m[92m   Compiling[0m reborrow v0.5.5
2026-09-13T09:49:55.2277177Z [1m[92m   Compiling[0m pulp-wasm-simd-flag v0.1.1
2026-09-13T09:49:55.5756920Z [1m[92m   Compiling[0m rayon v1.12.0
2026-09-13T09:49:56.7457138Z [1m[92m   Compiling[0m feral-scotch v0.2.1
2026-09-13T09:49:57.2698996Z [1m[92m   Compiling[0m feral-kahip v0.2.1
2026-09-13T09:49:57.6808400Z [1m[92m   Compiling[0m feral-amf v0.2.1
2026-09-13T09:49:57.6980143Z [1m[92m   Compiling[0m prototype-oracle v0.1.0 (/home/runner/work/matrices-fast/matrices-fast/prototype-oracle)
2026-09-13T09:49:58.3371970Z [1m[92m   Compiling[0m feral v0.11.0
2026-09-13T09:50:00.3982266Z [1m[92m   Compiling[0m ssi-scoring v0.1.0 (/home/runner/work/matrices-fast/matrices-fast/ssi-scoring)
2026-09-13T09:50:00.4743090Z [1m[92m   Compiling[0m ssi-worker-protocol v0.1.0 (/home/runner/work/matrices-fast/matrices-fast/ssi-worker-protocol)
2026-09-13T09:50:00.5709947Z [1m[92m   Compiling[0m matrices-fast v0.1.0 (/home/runner/work/matrices-fast/matrices-fast)
2026-09-13T09:50:01.4724430Z [1m[92m    Finished[0m `test` profile [unoptimized + debuginfo] target(s) in 10.81s
2026-09-13T09:50:01.4744685Z [1m[92m     Running[0m unittests src/main.rs (target/debug/deps/matrices_fast-42399a26ce091bfa)
2026-09-13T09:50:01.4758208Z 
2026-09-13T09:50:01.4758484Z running 1 test
2026-09-13T09:50:01.6829685Z test sandbox::tests::bubblewrap_timeout_tears_down_candidate_descendants ... ok
2026-09-13T09:50:01.6830997Z [1m[92m     Running[0m tests/exact_equivalence.rs (target/debug/deps/exact_equivalence-a0ee54e703a06ced)
2026-09-13T09:50:01.6831437Z 
2026-09-13T09:50:01.6832251Z test result: ok. 1 passed; 0 failed; 0 ignored; 0 measured; 51 filtered out; finished in 0.21s
2026-09-13T09:50:01.6833730Z [1m[92m     Running[0m tests/scorer_crosscheck.rs (target/debug/deps/scorer_crosscheck-4e6cf07f9d3ae241)
2026-09-13T09:50:01.6834460Z 
2026-09-13T09:50:01.6834620Z 
2026-09-13T09:50:01.6834808Z running 0 tests
2026-09-13T09:50:01.6835048Z 
2026-09-13T09:50:01.6835477Z test result: ok. 0 passed; 0 failed; 0 ignored; 0 measured; 3 filtered out; finished in 0.00s
2026-09-13T09:50:01.6836287Z 
2026-09-13T09:50:01.6839485Z 
2026-09-13T09:50:01.6839795Z running 0 tests
2026-09-13T09:50:01.6840062Z 
2026-09-13T09:50:01.6840523Z test result: ok. 0 passed; 0 failed; 0 ignored; 0 measured; 2 filtered out; finished in 0.00s
2026-09-13T09:50:01.6841176Z 
2026-09-13T09:50:01.6842299Z [1m[92m     Running[0m tests/security_boundary.rs (target/debug/deps/security_boundary-5080f7360994ca56)
2026-09-13T09:50:01.6852181Z 
2026-09-13T09:50:01.6852530Z running 0 tests
2026-09-13T09:50:01.6852795Z 
2026-09-13T09:50:01.6853247Z test result: ok. 0 passed; 0 failed; 0 ignored; 0 measured; 4 filtered out; finished in 0.00s
2026-09-13T09:50:01.6853885Z 
2026-09-13T09:50:01.6854866Z [1m[92m     Running[0m tests/time_cap.rs (target/debug/deps/time_cap-0e88487439caaaea)
2026-09-13T09:50:01.6865548Z 
2026-09-13T09:50:01.6866167Z running 0 tests
2026-09-13T09:50:01.6866411Z 
2026-09-13T09:50:01.6866868Z test result: ok. 0 passed; 0 failed; 0 ignored; 0 measured; 5 filtered out; finished in 0.00s
2026-09-13T09:50:01.6867418Z 
2026-09-13T09:50:01.6929634Z ##[group]Run if [ -z "${EVAL_BUCKET_NAME:-}" ]; then
2026-09-13T09:50:01.6930078Z [36;1mif [ -z "${EVAL_BUCKET_NAME:-}" ]; then[0m
2026-09-13T09:50:01.6930658Z [36;1m  echo "No EVAL_BUCKET_NAME secret set; grading the committed public dev corpus."[0m
2026-09-13T09:50:01.6931204Z [36;1m  echo "corpus_file=" >> "$GITHUB_OUTPUT"[0m
2026-09-13T09:50:01.6931536Z [36;1melse[0m
2026-09-13T09:50:01.6931876Z [36;1m  ./.github/scripts/fetch-eval-corpus.sh "$RUNNER_TEMP/eval.jsonl"[0m
2026-09-13T09:50:01.6932371Z [36;1m  echo "corpus_file=$RUNNER_TEMP/eval.jsonl" >> "$GITHUB_OUTPUT"[0m
2026-09-13T09:50:01.6932739Z [36;1mfi[0m
2026-09-13T09:50:01.6969200Z shell: /usr/bin/bash -e {0}
2026-09-13T09:50:01.6969499Z env:
2026-09-13T09:50:01.6969716Z   CARGO_HOME: /home/runner/.cargo
2026-09-13T09:50:01.6970018Z   CARGO_INCREMENTAL: 0
2026-09-13T09:50:01.6970255Z   CARGO_TERM_COLOR: always
2026-09-13T09:50:01.6970639Z   EVAL_BUCKET_NAME: ***
2026-09-13T09:50:01.6971118Z   EVAL_BUCKET_ENDPOINT: ***
2026-09-13T09:50:01.6971428Z   AWS_ACCESS_KEY_ID: ***
2026-09-13T09:50:01.6971834Z   AWS_SECRET_ACCESS_KEY: ***
2026-09-13T09:50:01.6972098Z   AWS_DEFAULT_REGION: ***
2026-09-13T09:50:01.6972333Z ##[endgroup]
2026-09-13T09:50:05.0607039Z fetch-eval-corpus: pointer resolved
2026-09-13T09:50:10.0315275Z fetch-eval-corpus: checksum OK
2026-09-13T09:50:10.0316524Z fetch-eval-corpus: corpus downloaded and verified
2026-09-13T09:50:10.0365162Z ##[group]Run set -euo pipefail
2026-09-13T09:50:10.0365499Z [36;1mset -euo pipefail[0m
2026-09-13T09:50:10.0366130Z [36;1mtest "$(id -u)" -ne 0[0m
2026-09-13T09:50:10.0366464Z [36;1mexec ./target/trusted/release/matrices-fast --grader[0m
2026-09-13T09:50:10.0400766Z shell: /usr/bin/bash -e {0}
2026-09-13T09:50:10.0401185Z env:
2026-09-13T09:50:10.0401396Z   CARGO_HOME: /home/runner/.cargo
2026-09-13T09:50:10.0401675Z   CARGO_INCREMENTAL: 0
2026-09-13T09:50:10.0401906Z   CARGO_TERM_COLOR: always
2026-09-13T09:50:10.0402198Z   SSI_CORPUS_FILE: /home/runner/work/_temp/eval.jsonl
2026-09-13T09:50:10.0402530Z   SSI_GRADER_SANDBOX: bubblewrap
2026-09-13T09:50:10.0403059Z   SSI_CANDIDATE_WORKER: /home/runner/work/matrices-fast/matrices-fast/target/candidate/release/ssi-candidate-worker
2026-09-13T09:50:10.0403597Z ##[endgroup]
2026-09-13T09:52:04.3424865Z 
2026-09-13T09:52:04.3425529Z RUN FAILED: hidden matrix: order() exceeded the 2.0s per-matrix cap and was killed
2026-09-13T09:52:04.3689038Z ##[error]Process completed with exit code 1.
2026-09-13T09:52:04.3829476Z Node 20 is being deprecated. This workflow is running with Node 24 by default. If you need to temporarily use Node 20, you can set the ACTIONS_ALLOW_USE_UNSECURE_NODE_VERSION=true environment variable. For more information see: https://github.blog/changelog/2025-09-19-deprecation-of-node-20-on-github-actions-runners/
2026-09-13T09:52:04.3831052Z Post job cleanup.
2026-09-13T09:52:04.4730331Z [command]/usr/bin/git version
2026-09-13T09:52:04.4771993Z git version 2.55.0
2026-09-13T09:52:04.4814864Z Temporarily overriding HOME='/home/runner/work/_temp/b653ac49-9a29-470b-a55a-b6365604fbf4' before making global git config changes
2026-09-13T09:52:04.4816527Z Adding repository directory to the temporary git global config as a safe directory
2026-09-13T09:52:04.4822000Z [command]/usr/bin/git config --global --add safe.directory /home/runner/work/matrices-fast/matrices-fast
2026-09-13T09:52:04.4861807Z [command]/usr/bin/git config --local --name-only --get-regexp core\.sshCommand
2026-09-13T09:52:04.4898600Z [command]/usr/bin/git submodule foreach --recursive sh -c "git config --local --name-only --get-regexp 'core\.sshCommand' && git config --local --unset-all 'core.sshCommand' || :"
2026-09-13T09:52:04.5142246Z [command]/usr/bin/git config --local --name-only --get-regexp http\.https\:\/\/github\.com\/\.extraheader
2026-09-13T09:52:04.5168531Z http.https://github.com/.extraheader
2026-09-13T09:52:04.5179378Z [command]/usr/bin/git config --local --unset-all http.https://github.com/.extraheader
2026-09-13T09:52:04.5213661Z [command]/usr/bin/git submodule foreach --recursive sh -c "git config --local --name-only --get-regexp 'http\.https\:\/\/github\.com\/\.extraheader' && git config --local --unset-all 'http.https://github.com/.extraheader' || :"
2026-09-13T09:52:04.5484426Z [command]/usr/bin/git config --local --name-only --get-regexp ^includeIf\.gitdir:
2026-09-13T09:52:04.5519332Z [command]/usr/bin/git submodule foreach --recursive git config --local --show-origin --name-only --get-regexp remote.origin.url
2026-09-13T09:52:04.5877744Z Cleaning up orphan processes
2026-09-13T09:52:04.6197313Z ##[warning]Node.js 20 is deprecated. The following actions target Node.js 20 but are being forced to run on Node.js 24: actions/checkout@11d5960a326750d5838078e36cf38b85af677262. For more information see: https://github.blog/changelog/2025-09-19-deprecation-of-node-20-on-github-actions-runners/
