2026-09-13T07:24:39.1063663Z Current runner version: '2.337.0'
2026-09-13T07:24:39.1088966Z ##[group]Runner Image Provisioner
2026-09-13T07:24:39.1090008Z Hosted Compute Agent
2026-09-13T07:24:39.1090648Z Version: 20260828.587
2026-09-13T07:24:39.1091411Z Commit: abac92662cab4cc7352de4f9f9d2e2419aad9c29
2026-09-13T07:24:39.1092215Z Build Date: 2026-08-28T16:44:25Z
2026-09-13T07:24:39.1092945Z Worker ID: {85c6cbc0-e768-472d-958b-775c2d3735db}
2026-09-13T07:24:39.1094152Z Azure Region: northcentralus
2026-09-13T07:24:39.1094821Z ##[endgroup]
2026-09-13T07:24:39.1096424Z ##[group]Operating System
2026-09-13T07:24:39.1097118Z Ubuntu
2026-09-13T07:24:39.1098022Z 24.04.5
2026-09-13T07:24:39.1098614Z LTS
2026-09-13T07:24:39.1099167Z ##[endgroup]
2026-09-13T07:24:39.1099850Z ##[group]Runner Image
2026-09-13T07:24:39.1100496Z Image: ubuntu-24.04
2026-09-13T07:24:39.1101212Z Version: 20260907.300.1
2026-09-13T07:24:39.1102520Z Included Software: https://github.com/actions/runner-images/blob/ubuntu24/20260907.300/images/ubuntu/Ubuntu2404-Readme.md
2026-09-13T07:24:39.1104194Z Image Release: https://github.com/actions/runner-images/releases/tag/ubuntu24%2F20260907.300
2026-09-13T07:24:39.1105259Z ##[endgroup]
2026-09-13T07:24:39.1106485Z ##[group]GITHUB_TOKEN Permissions
2026-09-13T07:24:39.1108879Z Contents: read
2026-09-13T07:24:39.1109557Z Metadata: read
2026-09-13T07:24:39.1110196Z ##[endgroup]
2026-09-13T07:24:39.1112357Z Secret source: Actions
2026-09-13T07:24:39.1113356Z Cache mode: write
2026-09-13T07:24:39.1114225Z Prepare workflow directory
2026-09-13T07:24:39.1455817Z Prepare all required actions
2026-09-13T07:24:39.1504166Z Getting action download info
2026-09-13T07:24:39.4010641Z Download action repository 'actions/checkout@11d5960a326750d5838078e36cf38b85af677262' (SHA:11d5960a326750d5838078e36cf38b85af677262)
2026-09-13T07:24:39.5212953Z Download action repository 'dtolnay/rust-toolchain@4360b52568e2003a75bf9bc1d59f33a8e3fc893c' (SHA:4360b52568e2003a75bf9bc1d59f33a8e3fc893c)
2026-09-13T07:24:39.6489508Z Download action repository 'actions/upload-artifact@ea165f8d65b6e75b540449e92b4886f43607fa02' (SHA:ea165f8d65b6e75b540449e92b4886f43607fa02)
2026-09-13T07:24:39.9004677Z Complete job name: benchmark
2026-09-13T07:24:39.9959211Z Node 20 is being deprecated. This workflow is running with Node 24 by default. If you need to temporarily use Node 20, you can set the ACTIONS_ALLOW_USE_UNSECURE_NODE_VERSION=true environment variable. For more information see: https://github.blog/changelog/2025-09-19-deprecation-of-node-20-on-github-actions-runners/
2026-09-13T07:24:39.9969339Z ##[group]Run actions/checkout@11d5960a326750d5838078e36cf38b85af677262
2026-09-13T07:24:39.9970305Z with:
2026-09-13T07:24:39.9970748Z   lfs: true
2026-09-13T07:24:39.9971232Z   repository: Layr-Labs/matrices-fast
2026-09-13T07:24:39.9975094Z   token: ***
2026-09-13T07:24:39.9975553Z   ssh-strict: true
2026-09-13T07:24:39.9976013Z   ssh-user: git
2026-09-13T07:24:39.9976491Z   persist-credentials: true
2026-09-13T07:24:39.9977011Z   clean: true
2026-09-13T07:24:39.9977767Z   sparse-checkout-cone-mode: true
2026-09-13T07:24:39.9978368Z   fetch-depth: 1
2026-09-13T07:24:39.9978827Z   fetch-tags: false
2026-09-13T07:24:39.9979344Z   show-progress: true
2026-09-13T07:24:39.9979825Z   submodules: false
2026-09-13T07:24:39.9980296Z   set-safe-directory: true
2026-09-13T07:24:39.9980832Z   allow-unsafe-pr-checkout: false
2026-09-13T07:24:39.9981659Z ##[endgroup]
2026-09-13T07:24:40.0983723Z Syncing repository: Layr-Labs/matrices-fast
2026-09-13T07:24:40.0985758Z ##[group]Getting Git version info
2026-09-13T07:24:40.0986667Z Working directory is '/home/runner/work/matrices-fast/matrices-fast'
2026-09-13T07:24:40.0988110Z [command]/usr/bin/git version
2026-09-13T07:24:40.1052341Z git version 2.55.0
2026-09-13T07:24:40.1095166Z [command]/usr/bin/git lfs version
2026-09-13T07:24:40.7855686Z git-lfs/3.8.0 (GitHub; linux amd64; go 1.27.0)
2026-09-13T07:24:40.7875303Z ##[endgroup]
2026-09-13T07:24:40.7896031Z Temporarily overriding HOME='/home/runner/work/_temp/d48e44ce-ef9d-4752-b857-67d5ebb59648' before making global git config changes
2026-09-13T07:24:40.7898897Z Adding repository directory to the temporary git global config as a safe directory
2026-09-13T07:24:40.7903584Z [command]/usr/bin/git config --global --add safe.directory /home/runner/work/matrices-fast/matrices-fast
2026-09-13T07:24:40.7956581Z Deleting the contents of '/home/runner/work/matrices-fast/matrices-fast'
2026-09-13T07:24:40.7961428Z ##[group]Initializing the repository
2026-09-13T07:24:40.7967024Z [command]/usr/bin/git init /home/runner/work/matrices-fast/matrices-fast
2026-09-13T07:24:40.8071094Z hint: Using 'master' as the name for the initial branch. This default branch name
2026-09-13T07:24:40.8072894Z hint: will change to "main" in Git 3.0. To configure the initial branch name
2026-09-13T07:24:40.8074366Z hint: to use in all of your new repositories, which will suppress this warning,
2026-09-13T07:24:40.8075486Z hint: call:
2026-09-13T07:24:40.8076015Z hint:
2026-09-13T07:24:40.8076710Z hint: 	git config --global init.defaultBranch <name>
2026-09-13T07:24:40.8077961Z hint:
2026-09-13T07:24:40.8078768Z hint: Names commonly chosen instead of 'master' are 'main', 'trunk' and
2026-09-13T07:24:40.8080092Z hint: 'development'. The just-created branch can be renamed via this command:
2026-09-13T07:24:40.8081079Z hint:
2026-09-13T07:24:40.8156103Z hint: 	git branch -m <name>
2026-09-13T07:24:40.8157762Z hint:
2026-09-13T07:24:40.8159226Z hint: Disable this message with "git config set advice.defaultBranchName false"
2026-09-13T07:24:40.8161583Z Initialized empty Git repository in /home/runner/work/matrices-fast/matrices-fast/.git/
2026-09-13T07:24:40.8164069Z [command]/usr/bin/git remote add origin https://github.com/Layr-Labs/matrices-fast
2026-09-13T07:24:40.8167232Z ##[endgroup]
2026-09-13T07:24:40.8169456Z ##[group]Disabling ***matic garbage collection
2026-09-13T07:24:40.8170969Z [command]/usr/bin/git config --local gc.*** 0
2026-09-13T07:24:40.8174381Z ##[endgroup]
2026-09-13T07:24:40.8175901Z ##[group]Setting up auth
2026-09-13T07:24:40.8182356Z [command]/usr/bin/git config --local --name-only --get-regexp core\.sshCommand
2026-09-13T07:24:40.8218489Z [command]/usr/bin/git submodule foreach --recursive sh -c "git config --local --name-only --get-regexp 'core\.sshCommand' && git config --local --unset-all 'core.sshCommand' || :"
2026-09-13T07:24:40.8485036Z [command]/usr/bin/git config --local --name-only --get-regexp http\.https\:\/\/github\.com\/\.extraheader
2026-09-13T07:24:40.8521064Z [command]/usr/bin/git submodule foreach --recursive sh -c "git config --local --name-only --get-regexp 'http\.https\:\/\/github\.com\/\.extraheader' && git config --local --unset-all 'http.https://github.com/.extraheader' || :"
2026-09-13T07:24:40.8748436Z [command]/usr/bin/git config --local --name-only --get-regexp ^includeIf\.gitdir:
2026-09-13T07:24:40.8781384Z [command]/usr/bin/git submodule foreach --recursive git config --local --show-origin --name-only --get-regexp remote.origin.url
2026-09-13T07:24:40.9003917Z [command]/usr/bin/git config --local http.https://github.com/.extraheader AUTHORIZATION: basic ***
2026-09-13T07:24:40.9038276Z ##[endgroup]
2026-09-13T07:24:40.9042323Z [command]/usr/bin/git lfs install --local
2026-09-13T07:24:40.9417186Z Updated Git hooks.
2026-09-13T07:24:40.9418538Z Git LFS initialized.
2026-09-13T07:24:40.9423542Z ##[group]Fetching the repository
2026-09-13T07:24:40.9434439Z [command]/usr/bin/git -c protocol.version=2 fetch --no-tags --prune --no-recurse-submodules --depth=1 origin +0580c10361d38c76c8885268c7ea2fd043cf5f2d:refs/remotes/origin/submissions/2efae39a-c96f-403e-b6a2-0bea89ecc9fb
2026-09-13T07:24:41.3661912Z From https://github.com/Layr-Labs/matrices-fast
2026-09-13T07:24:41.3663901Z  * [new ref]         0580c10361d38c76c8885268c7ea2fd043cf5f2d -> origin/submissions/2efae39a-c96f-403e-b6a2-0bea89ecc9fb
2026-09-13T07:24:41.3675334Z ##[endgroup]
2026-09-13T07:24:41.3675939Z ##[group]Determining the checkout info
2026-09-13T07:24:41.3677204Z ##[endgroup]
2026-09-13T07:24:41.3678599Z ##[group]Fetching LFS objects
2026-09-13T07:24:41.3683062Z [command]/usr/bin/git lfs fetch origin refs/remotes/origin/submissions/2efae39a-c96f-403e-b6a2-0bea89ecc9fb
2026-09-13T07:24:41.4022651Z Fetching reference refs/remotes/origin/submissions/2efae39a-c96f-403e-b6a2-0bea89ecc9fb
2026-09-13T07:24:47.6428927Z ##[endgroup]
2026-09-13T07:24:47.6434594Z [command]/usr/bin/git sparse-checkout disable
2026-09-13T07:24:47.6489008Z [command]/usr/bin/git config --local --unset-all extensions.worktreeConfig
2026-09-13T07:24:47.6518126Z ##[group]Checking out the ref
2026-09-13T07:24:47.6522682Z [command]/usr/bin/git checkout --progress --force -B submissions/2efae39a-c96f-403e-b6a2-0bea89ecc9fb refs/remotes/origin/submissions/2efae39a-c96f-403e-b6a2-0bea89ecc9fb
2026-09-13T07:24:47.8408414Z Switched to a new branch 'submissions/2efae39a-c96f-403e-b6a2-0bea89ecc9fb'
2026-09-13T07:24:47.8414214Z branch 'submissions/2efae39a-c96f-403e-b6a2-0bea89ecc9fb' set up to track 'origin/submissions/2efae39a-c96f-403e-b6a2-0bea89ecc9fb'.
2026-09-13T07:24:47.8740959Z ##[endgroup]
2026-09-13T07:24:47.8781820Z [command]/usr/bin/git log -1 --format=%H
2026-09-13T07:24:47.8805967Z 0580c10361d38c76c8885268c7ea2fd043cf5f2d
2026-09-13T07:24:47.9151016Z ##[group]Run dtolnay/rust-toolchain@4360b52568e2003a75bf9bc1d59f33a8e3fc893c
2026-09-13T07:24:47.9151462Z with:
2026-09-13T07:24:47.9151680Z   toolchain: stable
2026-09-13T07:24:47.9151904Z ##[endgroup]
2026-09-13T07:24:47.9222734Z ##[start-action display=Parse toolchain version;id=__dtolnay_rust-toolchain.parse]
2026-09-13T07:24:47.9277349Z ##[group]Run if [[ -z $toolchain ]]; then
2026-09-13T07:24:47.9277985Z [36;1mif [[ -z $toolchain ]]; then[0m
2026-09-13T07:24:47.9278554Z [36;1m  # GitHub does not enforce `required: true` inputs itself. https://github.com/actions/runner/issues/1070[0m
2026-09-13T07:24:47.9279158Z [36;1m  echo "'toolchain' is a required input" >&2[0m
2026-09-13T07:24:47.9279478Z [36;1m  exit 1[0m
2026-09-13T07:24:47.9279836Z [36;1melif [[ $toolchain =~ ^stable' '[0-9]+' '(year|month|week|day)s?' 'ago$ ]]; then[0m
2026-09-13T07:24:47.9280323Z [36;1m  if [[ Linux == macOS ]]; then[0m
2026-09-13T07:24:47.9280936Z [36;1m    echo "toolchain=1.$((($(date -v-$(sed 's/stable \([0-9]*\) \(.\).*/\1\2/' <<< $toolchain) +%s)/60/60/24-16569)/7/6))" >> $GITHUB_OUTPUT[0m
2026-09-13T07:24:47.9281464Z [36;1m  else[0m
2026-09-13T07:24:47.9281889Z [36;1m    echo "toolchain=1.$((($(date --date "${toolchain#stable }" +%s)/60/60/24-16569)/7/6))" >> $GITHUB_OUTPUT[0m
2026-09-13T07:24:47.9282369Z [36;1m  fi[0m
2026-09-13T07:24:47.9282695Z [36;1melif [[ $toolchain =~ ^stable' 'minus' '[0-9]+' 'releases?$ ]]; then[0m
2026-09-13T07:24:47.9283248Z [36;1m  echo "toolchain=1.$((($(date +%s)/60/60/24-16569)/7/6-${toolchain//[^0-9]/}))" >> $GITHUB_OUTPUT[0m
2026-09-13T07:24:47.9283730Z [36;1melif [[ $toolchain =~ ^1\.[0-9]+$ ]]; then[0m
2026-09-13T07:24:47.9284264Z [36;1m  echo "toolchain=1.$((i=${toolchain#1.}, c=($(date +%s)/60/60/24-16569)/7/6, i+9*i*(10*i<=c)+90*i*(100*i<=c)))" >> $GITHUB_OUTPUT[0m
2026-09-13T07:24:47.9284784Z [36;1melse[0m
2026-09-13T07:24:47.9285041Z [36;1m  echo "toolchain=$toolchain" >> $GITHUB_OUTPUT[0m
2026-09-13T07:24:47.9285355Z [36;1mfi[0m
2026-09-13T07:24:47.9326072Z shell: /usr/bin/bash --noprofile --norc -e -o pipefail {0}
2026-09-13T07:24:47.9326449Z env:
2026-09-13T07:24:47.9326669Z   toolchain: stable
2026-09-13T07:24:47.9326902Z ##[endgroup]
2026-09-13T07:24:47.9438084Z ##[end-action id=__dtolnay_rust-toolchain.parse;outcome=success;conclusion=success;duration_ms=21]
2026-09-13T07:24:47.9451300Z ##[start-action display=Construct rustup command line;id=__dtolnay_rust-toolchain.flags]
2026-09-13T07:24:47.9479729Z ##[group]Run echo "targets=$(for t in ${targets//,/ }; do echo -n ' --target' $t; done)" >> $GITHUB_OUTPUT
2026-09-13T07:24:47.9480400Z [36;1mecho "targets=$(for t in ${targets//,/ }; do echo -n ' --target' $t; done)" >> $GITHUB_OUTPUT[0m
2026-09-13T07:24:47.9481037Z [36;1mecho "components=$(for c in ${components//,/ }; do echo -n ' --component' $c; done)" >> $GITHUB_OUTPUT[0m
2026-09-13T07:24:47.9481759Z [36;1mecho "downgrade=" >> $GITHUB_OUTPUT[0m
2026-09-13T07:24:47.9516007Z shell: /usr/bin/bash --noprofile --norc -e -o pipefail {0}
2026-09-13T07:24:47.9516371Z env:
2026-09-13T07:24:47.9516576Z   targets: 
2026-09-13T07:24:47.9516785Z   components: 
2026-09-13T07:24:47.9516997Z ##[endgroup]
2026-09-13T07:24:47.9586119Z ##[end-action id=__dtolnay_rust-toolchain.flags;outcome=success;conclusion=success;duration_ms=13]
2026-09-13T07:24:47.9588890Z ##[start-action display=Set $CARGO_HOME;id=__dtolnay_rust-toolchain.__run]
2026-09-13T07:24:47.9607044Z ##[group]Run echo CARGO_HOME=${CARGO_HOME:-"$HOME/.cargo"} >> $GITHUB_ENV
2026-09-13T07:24:47.9607857Z [36;1mecho CARGO_HOME=${CARGO_HOME:-"$HOME/.cargo"} >> $GITHUB_ENV[0m
2026-09-13T07:24:47.9640716Z shell: /usr/bin/bash --noprofile --norc -e -o pipefail {0}
2026-09-13T07:24:47.9641097Z ##[endgroup]
2026-09-13T07:24:47.9702993Z ##[end-action id=__dtolnay_rust-toolchain.__run;outcome=success;conclusion=success;duration_ms=11]
2026-09-13T07:24:47.9705384Z ##[start-action display=Install rustup if needed;id=__dtolnay_rust-toolchain.__run_2]
2026-09-13T07:24:47.9729744Z ##[group]Run if ! command -v rustup &>/dev/null; then
2026-09-13T07:24:47.9730150Z [36;1mif ! command -v rustup &>/dev/null; then[0m
2026-09-13T07:24:47.9730950Z [36;1m  curl --proto '=https' --tlsv1.2 --retry 10 --retry-connrefused --location --silent --show-error --fail https://sh.rustup.rs | sh -s -- --default-toolchain none -y[0m
2026-09-13T07:24:47.9731707Z [36;1m  echo "$CARGO_HOME/bin" >> $GITHUB_PATH[0m
2026-09-13T07:24:47.9732005Z [36;1mfi[0m
2026-09-13T07:24:47.9765379Z shell: /usr/bin/bash --noprofile --norc -e -o pipefail {0}
2026-09-13T07:24:47.9765744Z env:
2026-09-13T07:24:47.9765976Z   CARGO_HOME: /home/runner/.cargo
2026-09-13T07:24:47.9766254Z ##[endgroup]
2026-09-13T07:24:47.9826733Z ##[end-action id=__dtolnay_rust-toolchain.__run_2;outcome=success;conclusion=success;duration_ms=12]
2026-09-13T07:24:47.9829578Z ##[start-action display=Install rustup if needed on windows;id=__dtolnay_rust-toolchain.__run_3]
2026-09-13T07:24:47.9836820Z ##[end-action id=__dtolnay_rust-toolchain.__run_3;outcome=skipped;conclusion=skipped;duration_ms=0]
2026-09-13T07:24:47.9849692Z ##[start-action display=rustup toolchain install stable;id=__dtolnay_rust-toolchain.__run_4]
2026-09-13T07:24:47.9868729Z ##[group]Run rustup toolchain install stable --profile minimal --no-self-update
2026-09-13T07:24:47.9869306Z [36;1mrustup toolchain install stable --profile minimal --no-self-update[0m
2026-09-13T07:24:47.9903539Z shell: /usr/bin/bash --noprofile --norc -e -o pipefail {0}
2026-09-13T07:24:47.9903900Z env:
2026-09-13T07:24:47.9904124Z   CARGO_HOME: /home/runner/.cargo
2026-09-13T07:24:47.9904404Z   RUSTUP_PERMIT_COPY_RENAME: 1
2026-09-13T07:24:47.9904663Z ##[endgroup]
2026-09-13T07:24:48.2639415Z info: syncing channel updates for stable-x86_64-unknown-linux-gnu
2026-09-13T07:24:48.4944102Z 
2026-09-13T07:24:48.5042053Z   stable-x86_64-unknown-linux-gnu unchanged - rustc 1.98.1 (48a229cea 2026-09-01)
2026-09-13T07:24:48.5042898Z 
2026-09-13T07:24:48.5079950Z ##[end-action id=__dtolnay_rust-toolchain.__run_4;outcome=success;conclusion=success;duration_ms=522]
2026-09-13T07:24:48.5087946Z ##[start-action display=rustup default stable;id=__dtolnay_rust-toolchain.__run_5]
2026-09-13T07:24:48.5137344Z ##[group]Run rustup default stable
2026-09-13T07:24:48.5138120Z [36;1mrustup default stable[0m
2026-09-13T07:24:48.5175258Z shell: /usr/bin/bash --noprofile --norc -e -o pipefail {0}
2026-09-13T07:24:48.5175614Z env:
2026-09-13T07:24:48.5175840Z   CARGO_HOME: /home/runner/.cargo
2026-09-13T07:24:48.5176111Z ##[endgroup]
2026-09-13T07:24:48.5277162Z info: using existing install for stable-x86_64-unknown-linux-gnu
2026-09-13T07:24:48.5332741Z info: default toolchain set to stable-x86_64-unknown-linux-gnu
2026-09-13T07:24:48.5333265Z 
2026-09-13T07:24:48.5418063Z   stable-x86_64-unknown-linux-gnu unchanged - rustc 1.98.1 (48a229cea 2026-09-01)
2026-09-13T07:24:48.5419210Z 
2026-09-13T07:24:48.5421450Z info: note that the toolchain 'stable-x86_64-unknown-linux-gnu' is currently in use (overridden by '/home/runner/work/matrices-fast/matrices-fast/rust-toolchain')
2026-09-13T07:24:48.5437191Z ##[end-action id=__dtolnay_rust-toolchain.__run_5;outcome=success;conclusion=success;duration_ms=34]
2026-09-13T07:24:48.5440285Z ##[start-action display=Create cachekey;id=__dtolnay_rust-toolchain.rustc-version]
2026-09-13T07:24:48.5459580Z ##[group]Run DATE=$(rustc +stable --version --verbose | sed -ne 's/^commit-date: \(20[0-9][0-9]\)-\([01][0-9]\)-\([0-3][0-9]\)$/\1\2\3/p')
2026-09-13T07:24:48.5460441Z [36;1mDATE=$(rustc +stable --version --verbose | sed -ne 's/^commit-date: \(20[0-9][0-9]\)-\([01][0-9]\)-\([0-3][0-9]\)$/\1\2\3/p')[0m
2026-09-13T07:24:48.5461110Z [36;1mHASH=$(rustc +stable --version --verbose | sed -ne 's/^commit-hash: //p')[0m
2026-09-13T07:24:48.5461646Z [36;1mecho "cachekey=$(echo $DATE$HASH | head -c12)" >> $GITHUB_OUTPUT[0m
2026-09-13T07:24:48.5497880Z shell: /usr/bin/bash --noprofile --norc -e -o pipefail {0}
2026-09-13T07:24:48.5498238Z env:
2026-09-13T07:24:48.5498452Z   CARGO_HOME: /home/runner/.cargo
2026-09-13T07:24:48.5498917Z ##[endgroup]
2026-09-13T07:24:48.6204252Z ##[end-action id=__dtolnay_rust-toolchain.rustc-version;outcome=success;conclusion=success;duration_ms=76]
2026-09-13T07:24:48.6207153Z ##[start-action display=Disable incremental compilation;id=__dtolnay_rust-toolchain.__run_6]
2026-09-13T07:24:48.6225506Z ##[group]Run if [ -z "${CARGO_INCREMENTAL+set}" ]; then
2026-09-13T07:24:48.6225931Z [36;1mif [ -z "${CARGO_INCREMENTAL+set}" ]; then[0m
2026-09-13T07:24:48.6226276Z [36;1m  echo CARGO_INCREMENTAL=0 >> $GITHUB_ENV[0m
2026-09-13T07:24:48.6226574Z [36;1mfi[0m
2026-09-13T07:24:48.6262577Z shell: /usr/bin/bash --noprofile --norc -e -o pipefail {0}
2026-09-13T07:24:48.6262949Z env:
2026-09-13T07:24:48.6263179Z   CARGO_HOME: /home/runner/.cargo
2026-09-13T07:24:48.6263450Z ##[endgroup]
2026-09-13T07:24:48.6324484Z ##[end-action id=__dtolnay_rust-toolchain.__run_6;outcome=success;conclusion=success;duration_ms=11]
2026-09-13T07:24:48.6326728Z ##[start-action display=Enable colors in Cargo output;id=__dtolnay_rust-toolchain.__run_7]
2026-09-13T07:24:48.6344066Z ##[group]Run if [ -z "${CARGO_TERM_COLOR+set}" ]; then
2026-09-13T07:24:48.6344461Z [36;1mif [ -z "${CARGO_TERM_COLOR+set}" ]; then[0m
2026-09-13T07:24:48.6344827Z [36;1m  echo CARGO_TERM_COLOR=always >> $GITHUB_ENV[0m
2026-09-13T07:24:48.6345151Z [36;1mfi[0m
2026-09-13T07:24:48.6376672Z shell: /usr/bin/bash --noprofile --norc -e -o pipefail {0}
2026-09-13T07:24:48.6377042Z env:
2026-09-13T07:24:48.6377262Z   CARGO_HOME: /home/runner/.cargo
2026-09-13T07:24:48.6377849Z   CARGO_INCREMENTAL: 0
2026-09-13T07:24:48.6378169Z ##[endgroup]
2026-09-13T07:24:48.6436010Z ##[end-action id=__dtolnay_rust-toolchain.__run_7;outcome=success;conclusion=success;duration_ms=10]
2026-09-13T07:24:48.6438609Z ##[start-action display=Enable Cargo sparse registry;id=__dtolnay_rust-toolchain.__run_8]
2026-09-13T07:24:48.6456257Z ##[group]Run # implemented in 1.66, stabilized in 1.68, made default in 1.70
2026-09-13T07:24:48.6456843Z [36;1m# implemented in 1.66, stabilized in 1.68, made default in 1.70[0m
2026-09-13T07:24:48.6457918Z [36;1mif [ -z "${CARGO_REGISTRIES_CRATES_IO_PROTOCOL+set}" -o -f "/home/runner/work/_temp"/.implicit_cargo_registries_crates_io_protocol ]; then[0m
2026-09-13T07:24:48.6458686Z [36;1m  if rustc +stable --version --verbose | grep -q '^release: 1\.6[89]\.'; then[0m
2026-09-13T07:24:48.6459295Z [36;1m    touch "/home/runner/work/_temp"/.implicit_cargo_registries_crates_io_protocol || true[0m
2026-09-13T07:24:48.6459870Z [36;1m    echo CARGO_REGISTRIES_CRATES_IO_PROTOCOL=sparse >> $GITHUB_ENV[0m
2026-09-13T07:24:48.6460418Z [36;1m  elif rustc +stable --version --verbose | grep -q '^release: 1\.6[67]\.'; then[0m
2026-09-13T07:24:48.6461022Z [36;1m    touch "/home/runner/work/_temp"/.implicit_cargo_registries_crates_io_protocol || true[0m
2026-09-13T07:24:48.6461755Z [36;1m    echo CARGO_REGISTRIES_CRATES_IO_PROTOCOL=git >> $GITHUB_ENV[0m
2026-09-13T07:24:48.6462122Z [36;1m  fi[0m
2026-09-13T07:24:48.6462335Z [36;1mfi[0m
2026-09-13T07:24:48.6493733Z shell: /usr/bin/bash --noprofile --norc -e -o pipefail {0}
2026-09-13T07:24:48.6494098Z env:
2026-09-13T07:24:48.6494338Z   CARGO_HOME: /home/runner/.cargo
2026-09-13T07:24:48.6494614Z   CARGO_INCREMENTAL: 0
2026-09-13T07:24:48.6494871Z   CARGO_TERM_COLOR: always
2026-09-13T07:24:48.6495114Z ##[endgroup]
2026-09-13T07:24:48.6813203Z ##[end-action id=__dtolnay_rust-toolchain.__run_8;outcome=success;conclusion=success;duration_ms=37]
2026-09-13T07:24:48.6816333Z ##[start-action display=Work around spurious network errors in curl 8.0;id=__dtolnay_rust-toolchain.__run_9]
2026-09-13T07:24:48.6835998Z ##[group]Run # https://rust-lang.zulipchat.com/#narrow/stream/246057-t-cargo/topic/timeout.20investigation
2026-09-13T07:24:48.6836803Z [36;1m# https://rust-lang.zulipchat.com/#narrow/stream/246057-t-cargo/topic/timeout.20investigation[0m
2026-09-13T07:24:48.6837734Z [36;1mif rustc +stable --version --verbose | grep -q '^release: 1\.7[01]\.'; then[0m
2026-09-13T07:24:48.6838429Z [36;1m  echo CARGO_HTTP_MULTIPLEXING=false >> $GITHUB_ENV[0m
2026-09-13T07:24:48.6838784Z [36;1mfi[0m
2026-09-13T07:24:48.6874981Z shell: /usr/bin/bash --noprofile --norc -e -o pipefail {0}
2026-09-13T07:24:48.6875348Z env:
2026-09-13T07:24:48.6875579Z   CARGO_HOME: /home/runner/.cargo
2026-09-13T07:24:48.6875865Z   CARGO_INCREMENTAL: 0
2026-09-13T07:24:48.6876105Z   CARGO_TERM_COLOR: always
2026-09-13T07:24:48.6876344Z ##[endgroup]
2026-09-13T07:24:48.7068348Z ##[end-action id=__dtolnay_rust-toolchain.__run_9;outcome=success;conclusion=success;duration_ms=25]
2026-09-13T07:24:48.7072891Z ##[start-action display=rustc +stable --version --verbose;id=__dtolnay_rust-toolchain.__run_10]
2026-09-13T07:24:48.7091417Z ##[group]Run rustc +stable --version --verbose
2026-09-13T07:24:48.7091787Z [36;1mrustc +stable --version --verbose[0m
2026-09-13T07:24:48.7126926Z shell: /usr/bin/bash --noprofile --norc -e -o pipefail {0}
2026-09-13T07:24:48.7127308Z env:
2026-09-13T07:24:48.7127800Z   CARGO_HOME: /home/runner/.cargo
2026-09-13T07:24:48.7128124Z   CARGO_INCREMENTAL: 0
2026-09-13T07:24:48.7128373Z   CARGO_TERM_COLOR: always
2026-09-13T07:24:48.7128621Z ##[endgroup]
2026-09-13T07:24:48.7294174Z rustc 1.98.1 (48a229cea 2026-09-01)
2026-09-13T07:24:48.7294967Z binary: rustc
2026-09-13T07:24:48.7295465Z commit-hash: 48a229ceaefd4985c50990b14116b6d856af0985
2026-09-13T07:24:48.7295908Z commit-date: 2026-09-01
2026-09-13T07:24:48.7296239Z host: x86_64-unknown-linux-gnu
2026-09-13T07:24:48.7296573Z release: 1.98.1
2026-09-13T07:24:48.7296925Z LLVM version: 22.1.8
2026-09-13T07:24:48.7317118Z ##[end-action id=__dtolnay_rust-toolchain.__run_10;outcome=success;conclusion=success;duration_ms=24]
2026-09-13T07:24:48.7375986Z ##[group]Run cargo install cargo-deny --version 0.20.2 --locked
2026-09-13T07:24:48.7376463Z [36;1mcargo install cargo-deny --version 0.20.2 --locked[0m
2026-09-13T07:24:48.7413063Z shell: /usr/bin/bash -e {0}
2026-09-13T07:24:48.7413331Z env:
2026-09-13T07:24:48.7413551Z   CARGO_HOME: /home/runner/.cargo
2026-09-13T07:24:48.7413848Z   CARGO_INCREMENTAL: 0
2026-09-13T07:24:48.7414088Z   CARGO_TERM_COLOR: always
2026-09-13T07:24:48.7414339Z ##[endgroup]
2026-09-13T07:24:49.7536561Z [1m[92m    Updating[0m crates.io index
2026-09-13T07:24:49.8903917Z [1m[92m Downloading[0m crates ...
2026-09-13T07:24:49.9189553Z [1m[92m  Downloaded[0m cargo-deny v0.20.2
2026-09-13T07:24:50.1993541Z [1m[92m  Installing[0m cargo-deny v0.20.2
2026-09-13T07:24:50.2046596Z [1m[33mwarning[0m: default toolchain implicitly overridden with `stable-x86_64-unknown-linux-gnu` by rustup toolchain file
2026-09-13T07:24:50.2047708Z   [1m[94m|[0m
2026-09-13T07:24:50.2048466Z   [1m[94m= [0m[1mhelp[0m: use `cargo +stable install` if you meant to use the stable toolchain
2026-09-13T07:24:50.2049618Z   [1m[94m= [0m[1mnote[0m: rustup selects the toolchain based on the parent environment and not the environment of the package being installed
2026-09-13T07:24:50.2438514Z [1m[92m    Updating[0m crates.io index
2026-09-13T07:24:50.9036139Z [1m[92m    Updating[0m crates.io index
2026-09-13T07:24:50.9478490Z [1m[92m Downloading[0m crates ...
2026-09-13T07:24:50.9638236Z [1m[92m  Downloaded[0m anstream v1.0.0
2026-09-13T07:24:50.9799502Z [1m[92m  Downloaded[0m anstyle v1.0.14
2026-09-13T07:24:50.9817111Z [1m[92m  Downloaded[0m anstyle-parse v1.0.0
2026-09-13T07:24:50.9836392Z [1m[92m  Downloaded[0m anstyle-query v1.1.5
2026-09-13T07:24:50.9850183Z [1m[92m  Downloaded[0m colorchoice v1.0.5
2026-09-13T07:24:50.9861684Z [1m[92m  Downloaded[0m crossbeam-utils v0.8.21
2026-09-13T07:24:50.9936200Z [1m[92m  Downloaded[0m displaydoc v0.2.5
2026-09-13T07:24:50.9972334Z [1m[92m  Downloaded[0m aho-corasick v1.1.4
2026-09-13T07:24:51.0024671Z [1m[92m  Downloaded[0m allocator-api2 v0.2.21
2026-09-13T07:24:51.0053545Z [1m[92m  Downloaded[0m anyhow v1.0.103
2026-09-13T07:24:51.0094031Z [1m[92m  Downloaded[0m clap v4.6.1
2026-09-13T07:24:51.0192298Z [1m[92m  Downloaded[0m crossbeam-epoch v0.9.20
2026-09-13T07:24:51.0217218Z [1m[92m  Downloaded[0m codespan-reporting v0.13.1
2026-09-13T07:24:51.0292321Z [1m[92m  Downloaded[0m digest v0.10.7
2026-09-13T07:24:51.0310221Z [1m[92m  Downloaded[0m crossbeam-queue v0.3.12
2026-09-13T07:24:51.0322265Z [1m[92m  Downloaded[0m bitvec v1.0.1
2026-09-13T07:24:51.0488942Z [1m[92m  Downloaded[0m cpufeatures v0.2.17
2026-09-13T07:24:51.0502482Z [1m[92m  Downloaded[0m crossbeam v0.8.4
2026-09-13T07:24:51.0513472Z [1m[92m  Downloaded[0m crossbeam-deque v0.8.6
2026-09-13T07:24:51.0527001Z [1m[92m  Downloaded[0m crypto-common v0.1.7
2026-09-13T07:24:51.0536026Z [1m[92m  Downloaded[0m strsim v0.11.1
2026-09-13T07:24:51.0549133Z [1m[92m  Downloaded[0m crossbeam-channel v0.5.15
2026-09-13T07:24:51.0589093Z [1m[92m  Downloaded[0m foldhash v0.1.5
2026-09-13T07:24:51.0601013Z [1m[92m  Downloaded[0m form_urlencoded v1.2.2
2026-09-13T07:24:51.0608981Z [1m[92m  Downloaded[0m strum v0.28.0
2026-09-13T07:24:51.0617389Z [1m[92m  Downloaded[0m idna_adapter v1.2.2
2026-09-13T07:24:51.0626525Z [1m[92m  Downloaded[0m strum_macros v0.28.0
2026-09-13T07:24:51.0650341Z [1m[92m  Downloaded[0m log v0.4.29
2026-09-13T07:24:51.0674525Z [1m[92m  Downloaded[0m block-buffer v0.10.4
2026-09-13T07:24:51.0684428Z [1m[92m  Downloaded[0m borsh v1.6.1
2026-09-13T07:24:51.0756738Z [1m[92m  Downloaded[0m itoa v1.0.18
2026-09-13T07:24:51.0771104Z [1m[92m  Downloaded[0m lock_api v0.4.14
2026-09-13T07:24:51.0783345Z [1m[92m  Downloaded[0m smol_str v0.3.2
2026-09-13T07:24:51.0798485Z [1m[92m  Downloaded[0m clap_lex v1.1.0
2026-09-13T07:24:51.0809386Z [1m[92m  Downloaded[0m hashbrown v0.15.5
2026-09-13T07:24:51.0857874Z [1m[92m  Downloaded[0m cfg-if v1.0.4
2026-09-13T07:24:51.0870419Z [1m[92m  Downloaded[0m indexmap v2.14.0
2026-09-13T07:24:51.0912404Z [1m[92m  Downloaded[0m is_terminal_polyfill v1.70.2
2026-09-13T07:24:51.0922880Z [1m[92m  Downloaded[0m clap_builder v4.6.0
2026-09-13T07:24:51.1055448Z [1m[92m  Downloaded[0m zerofrom-derive v0.1.7
2026-09-13T07:24:51.1056297Z [1m[92m  Downloaded[0m syn v2.0.117
2026-09-13T07:24:51.1122229Z [1m[92m  Downloaded[0m camino v1.2.2
2026-09-13T07:24:51.1142335Z [1m[92m  Downloaded[0m litemap v0.8.2
2026-09-13T07:24:51.1165803Z [1m[92m  Downloaded[0m zerovec-derive v0.11.3
2026-09-13T07:24:51.1181134Z [1m[92m  Downloaded[0m bytes v1.11.1
2026-09-13T07:24:51.1222691Z [1m[92m  Downloaded[0m codespan v0.13.1
2026-09-13T07:24:51.1234385Z [1m[92m  Downloaded[0m utf8_iter v1.0.4
2026-09-13T07:24:51.1244644Z [1m[92m  Downloaded[0m utf8parse v0.2.2
2026-09-13T07:24:51.1254498Z [1m[92m  Downloaded[0m version_check v0.9.5
2026-09-13T07:24:51.1266997Z [1m[92m  Downloaded[0m yoke-derive v0.8.2
2026-09-13T07:24:51.1278805Z [1m[92m  Downloaded[0m zerofrom v0.1.8
2026-09-13T07:24:51.1288105Z [1m[92m  Downloaded[0m zmij v1.0.21
2026-09-13T07:24:51.1306416Z [1m[92m  Downloaded[0m icu_properties_data v2.2.0
2026-09-13T07:24:51.1414716Z [1m[92m  Downloaded[0m tinyvec_macros v0.1.1
2026-09-13T07:24:51.1422865Z [1m[92m  Downloaded[0m untrusted v0.9.0
2026-09-13T07:24:51.1439393Z [1m[92m  Downloaded[0m equivalent v1.0.2
2026-09-13T07:24:51.1449626Z [1m[92m  Downloaded[0m zstd v0.13.3
2026-09-13T07:24:51.1479033Z [1m[92m  Downloaded[0m cfg_aliases v0.2.1
2026-09-13T07:24:51.1488210Z [1m[92m  Downloaded[0m walkdir v2.5.0
2026-09-13T07:24:51.1505935Z [1m[92m  Downloaded[0m generic-array v0.14.7
2026-09-13T07:24:51.1519785Z [1m[92m  Downloaded[0m heck v0.5.0
2026-09-13T07:24:51.1532898Z [1m[92m  Downloaded[0m icu_properties v2.2.0
2026-09-13T07:24:51.1555562Z [1m[92m  Downloaded[0m synstructure v0.13.2
2026-09-13T07:24:51.1565386Z [1m[92m  Downloaded[0m tap v1.0.1
2026-09-13T07:24:51.1574750Z [1m[92m  Downloaded[0m termcolor v1.4.1
2026-09-13T07:24:51.1586804Z [1m[92m  Downloaded[0m tinystr v0.8.3
2026-09-13T07:24:51.1606966Z [1m[92m  Downloaded[0m writeable v0.6.3
2026-09-13T07:24:51.1626116Z [1m[92m  Downloaded[0m wyz v0.5.1
2026-09-13T07:24:51.1637864Z [1m[92m  Downloaded[0m zstd-safe v7.2.4
2026-09-13T07:24:51.1652488Z [1m[92m  Downloaded[0m getrandom v0.2.17
2026-09-13T07:24:51.1681499Z [1m[92m  Downloaded[0m icu_provider v2.2.0
2026-09-13T07:24:51.1707149Z [1m[92m  Downloaded[0m jobserver v0.1.34
2026-09-13T07:24:51.1727188Z [1m[92m  Downloaded[0m target-lexicon v0.13.3
2026-09-13T07:24:51.1747373Z [1m[92m  Downloaded[0m thiserror v2.0.18
2026-09-13T07:24:51.1812517Z [1m[92m  Downloaded[0m thiserror-impl v2.0.18
2026-09-13T07:24:51.1826652Z [1m[92m  Downloaded[0m toml-span v0.7.1
2026-09-13T07:24:51.1842582Z [1m[92m  Downloaded[0m twox-hash v2.1.2
2026-09-13T07:24:51.1864905Z [1m[92m  Downloaded[0m krates v0.21.2
2026-09-13T07:24:51.1888809Z [1m[92m  Downloaded[0m same-file v1.0.6
2026-09-13T07:24:51.1902090Z [1m[92m  Downloaded[0m unicode-ident v1.0.24
2026-09-13T07:24:51.1929392Z [1m[92m  Downloaded[0m yoke v0.8.2
2026-09-13T07:24:51.1946830Z [1m[92m  Downloaded[0m tinyvec v1.11.0
2026-09-13T07:24:51.1972143Z [1m[92m  Downloaded[0m zerotrie v0.2.4
2026-09-13T07:24:51.2010946Z [1m[92m  Downloaded[0m scopeguard v1.2.0
2026-09-13T07:24:51.2022665Z [1m[92m  Downloaded[0m url v2.5.8
2026-09-13T07:24:51.2047768Z [1m[92m  Downloaded[0m either v1.16.0
2026-09-13T07:24:51.2062179Z [1m[92m  Downloaded[0m fixedbitset v0.5.7
2026-09-13T07:24:51.2080497Z [1m[92m  Downloaded[0m percent-encoding v2.3.2
2026-09-13T07:24:51.2089108Z [1m[92m  Downloaded[0m potential_utf v0.1.5
2026-09-13T07:24:51.2099572Z [1m[92m  Downloaded[0m quote v1.0.45
2026-09-13T07:24:51.2126284Z [1m[92m  Downloaded[0m tame-index v0.26.3
2026-09-13T07:24:51.2168942Z [1m[92m  Downloaded[0m typenum v1.20.0
2026-09-13T07:24:51.2202560Z [1m[92m  Downloaded[0m idna v1.1.0
2026-09-13T07:24:51.2236858Z [1m[92m  Downloaded[0m scroll_derive v0.13.1
2026-09-13T07:24:51.2244724Z [1m[92m  Downloaded[0m zerovec v0.11.6
2026-09-13T07:24:51.2303634Z [1m[92m  Downloaded[0m plain v0.2.3
2026-09-13T07:24:51.2314294Z [1m[92m  Downloaded[0m radium v0.7.0
2026-09-13T07:24:51.2324250Z [1m[92m  Downloaded[0m unicode-normalization v0.1.25
2026-09-13T07:24:51.2358577Z [1m[92m  Downloaded[0m stable_deref_trait v1.2.1
2026-09-13T07:24:51.2367086Z [1m[92m  Downloaded[0m memmap2 v0.9.11
2026-09-13T07:24:51.2383833Z [1m[92m  Downloaded[0m parking_lot_core v0.9.12
2026-09-13T07:24:51.2404547Z [1m[92m  Downloaded[0m proc-macro2 v1.0.106
2026-09-13T07:24:51.2433914Z [1m[92m  Downloaded[0m semver v1.0.28
2026-09-13T07:24:51.2456712Z [1m[92m  Downloaded[0m unicode-width v0.2.2
2026-09-13T07:24:51.2510380Z [1m[92m  Downloaded[0m parking_lot v0.12.5
2026-09-13T07:24:51.2534961Z [1m[92m  Downloaded[0m sha2 v0.10.9
2026-09-13T07:24:51.2560212Z [1m[92m  Downloaded[0m cfg-expr v0.20.7
2026-09-13T07:24:51.2589290Z [1m[92m  Downloaded[0m find-msvc-tools v0.1.9
2026-09-13T07:24:51.2605142Z [1m[92m  Downloaded[0m scroll v0.13.0
2026-09-13T07:24:51.2618976Z [1m[92m  Downloaded[0m nu-ansi-term v0.50.3
2026-09-13T07:24:51.2642588Z [1m[92m  Downloaded[0m pkg-config v0.3.33
2026-09-13T07:24:51.2657964Z [1m[92m  Downloaded[0m serde_core v1.0.228
2026-09-13T07:24:51.2685317Z [1m[92m  Downloaded[0m serde_derive v1.0.228
2026-09-13T07:24:51.2715426Z [1m[92m  Downloaded[0m funty v2.0.0
2026-09-13T07:24:51.2723061Z [1m[92m  Downloaded[0m cc v1.2.62
2026-09-13T07:24:51.2752587Z [1m[92m  Downloaded[0m rustc-stable-hash v0.1.2
2026-09-13T07:24:51.2768801Z [1m[92m  Downloaded[0m memchr v2.8.0
2026-09-13T07:24:51.2821656Z [1m[92m  Downloaded[0m shlex v1.3.0
2026-09-13T07:24:51.2834205Z [1m[92m  Downloaded[0m zstd-sys v2.0.16+zstd.1.5.7
2026-09-13T07:24:51.2994527Z [1m[92m  Downloaded[0m smallvec v1.15.1
2026-09-13T07:24:51.3015547Z [1m[92m  Downloaded[0m rayon-core v1.13.0
2026-09-13T07:24:51.3052313Z [1m[92m  Downloaded[0m globset v0.4.18
2026-09-13T07:24:51.3066804Z [1m[92m  Downloaded[0m icu_normalizer v2.2.0
2026-09-13T07:24:51.3103275Z [1m[92m  Downloaded[0m serde v1.0.228
2026-09-13T07:24:51.3137143Z [1m[92m  Downloaded[0m icu_locale_core v2.2.0
2026-09-13T07:24:51.3206744Z [1m[92m  Downloaded[0m icu_normalizer_data v2.2.0
2026-09-13T07:24:51.3227197Z [1m[92m  Downloaded[0m http v1.4.0
2026-09-13T07:24:51.3263434Z [1m[92m  Downloaded[0m icu_collections v2.2.0
2026-09-13T07:24:51.3325006Z [1m[92m  Downloaded[0m hashbrown v0.17.1
2026-09-13T07:24:51.3428747Z [1m[92m  Downloaded[0m regex v1.12.3
2026-09-13T07:24:51.3480471Z [1m[92m  Downloaded[0m serde_json v1.0.150
2026-09-13T07:24:51.3554863Z [1m[92m  Downloaded[0m rayon v1.12.0
2026-09-13T07:24:51.3650476Z [1m[92m  Downloaded[0m goblin v0.10.5
2026-09-13T07:24:51.3720071Z [1m[92m  Downloaded[0m fern v0.7.1
2026-09-13T07:24:51.3762549Z [1m[92m  Downloaded[0m bstr v1.12.1
2026-09-13T07:24:51.3839338Z [1m[92m  Downloaded[0m regex-syntax v0.8.10
2026-09-13T07:24:51.3906209Z [1m[92m  Downloaded[0m regex-***mata v0.4.14
2026-09-13T07:24:51.4041945Z [1m[92m  Downloaded[0m jiff v0.2.24
2026-09-13T07:24:51.4204500Z [1m[92m  Downloaded[0m libc v0.2.186
2026-09-13T07:24:51.4594485Z [1m[92m  Downloaded[0m petgraph v0.8.1
2026-09-13T07:24:51.4790790Z [1m[92m  Downloaded[0m ring v0.17.14
2026-09-13T07:24:51.5208399Z [1m[92m  Downloaded[0m spdx v0.13.4
2026-09-13T07:24:51.6724149Z [1m[92m   Compiling[0m proc-macro2 v1.0.106
2026-09-13T07:24:51.6724852Z [1m[92m   Compiling[0m quote v1.0.45
2026-09-13T07:24:51.6725477Z [1m[92m   Compiling[0m unicode-ident v1.0.24
2026-09-13T07:24:51.6728401Z [1m[92m   Compiling[0m libc v0.2.186
2026-09-13T07:24:55.1608287Z [1m[92m   Compiling[0m stable_deref_trait v1.2.1
2026-09-13T07:24:55.8452135Z [1m[92m   Compiling[0m serde_core v1.0.228
2026-09-13T07:24:57.3649107Z [1m[92m   Compiling[0m shlex v1.3.0
2026-09-13T07:24:57.3719113Z [1m[92m   Compiling[0m smallvec v1.15.1
2026-09-13T07:24:57.5331201Z [1m[92m   Compiling[0m find-msvc-tools v0.1.9
2026-09-13T07:24:57.8059538Z [1m[92m   Compiling[0m crossbeam-utils v0.8.21
2026-09-13T07:24:57.9478964Z [1m[92m   Compiling[0m memchr v2.8.0
2026-09-13T07:24:58.4689437Z [1m[92m   Compiling[0m jobserver v0.1.34
2026-09-13T07:24:58.5639130Z [1m[92m   Compiling[0m syn v2.0.117
2026-09-13T07:24:58.7790003Z [1m[92m   Compiling[0m cc v1.2.62
2026-09-13T07:24:59.6509018Z [1m[92m   Compiling[0m version_check v0.9.5
2026-09-13T07:24:59.8750333Z [1m[92m   Compiling[0m serde v1.0.228
2026-09-13T07:25:00.0471861Z [1m[92m   Compiling[0m generic-array v0.14.7
2026-09-13T07:25:00.1609189Z [1m[92m   Compiling[0m writeable v0.6.3
2026-09-13T07:25:00.3298799Z [1m[92m   Compiling[0m litemap v0.8.2
2026-09-13T07:25:00.3361519Z [1m[92m   Compiling[0m crossbeam-epoch v0.9.20
2026-09-13T07:25:00.3960366Z [1m[92m   Compiling[0m pkg-config v0.3.33
2026-09-13T07:25:00.4998990Z [1m[92m   Compiling[0m icu_normalizer_data v2.2.0
2026-09-13T07:25:00.5839582Z [1m[92m   Compiling[0m cfg-if v1.0.4
2026-09-13T07:25:00.6109251Z [1m[92m   Compiling[0m synstructure v0.13.2
2026-09-13T07:25:00.8699663Z [1m[92m   Compiling[0m zstd-sys v2.0.16+zstd.1.5.7
2026-09-13T07:25:01.0965572Z [1m[92m   Compiling[0m utf8_iter v1.0.4
2026-09-13T07:25:01.1208967Z [1m[92m   Compiling[0m typenum v1.20.0
2026-09-13T07:25:01.1879723Z [1m[92m   Compiling[0m icu_properties_data v2.2.0
2026-09-13T07:25:01.5778806Z [1m[92m   Compiling[0m zerofrom-derive v0.1.7
2026-09-13T07:25:01.7003830Z [1m[92m   Compiling[0m yoke-derive v0.8.2
2026-09-13T07:25:01.8595015Z [1m[92m   Compiling[0m zerovec-derive v0.11.3
2026-09-13T07:25:02.1491831Z [1m[92m   Compiling[0m zerofrom v0.1.8
2026-09-13T07:25:02.2274037Z [1m[92m   Compiling[0m displaydoc v0.2.5
2026-09-13T07:25:02.2738865Z [1m[92m   Compiling[0m yoke v0.8.2
2026-09-13T07:25:02.4105442Z [1m[92m   Compiling[0m serde_derive v1.0.228
2026-09-13T07:25:02.6409148Z [1m[92m   Compiling[0m zerovec v0.11.6
2026-09-13T07:25:02.6428838Z [1m[92m   Compiling[0m zerotrie v0.2.4
2026-09-13T07:25:03.2437221Z [1m[92m   Compiling[0m tinystr v0.8.3
2026-09-13T07:25:03.3619541Z [1m[92m   Compiling[0m potential_utf v0.1.5
2026-09-13T07:25:03.3967254Z [1m[92m   Compiling[0m icu_locale_core v2.2.0
2026-09-13T07:25:03.4427107Z [1m[92m   Compiling[0m icu_collections v2.2.0
2026-09-13T07:25:04.0073310Z [1m[92m   Compiling[0m zmij v1.0.21
2026-09-13T07:25:04.1480399Z [1m[92m   Compiling[0m crossbeam-deque v0.8.6
2026-09-13T07:25:04.3773318Z [1m[92m   Compiling[0m icu_provider v2.2.0
2026-09-13T07:25:04.7788319Z [1m[92m   Compiling[0m aho-corasick v1.1.4
2026-09-13T07:25:05.3278926Z [1m[92m   Compiling[0m itoa v1.0.18
2026-09-13T07:25:05.4800181Z [1m[92m   Compiling[0m zstd-safe v7.2.4
2026-09-13T07:25:05.5731230Z [1m[92m   Compiling[0m target-lexicon v0.13.3
2026-09-13T07:25:05.9029442Z [1m[92m   Compiling[0m rayon-core v1.13.0
2026-09-13T07:25:05.9038453Z [1m[92m   Compiling[0m termcolor v1.4.1
2026-09-13T07:25:05.9842205Z [1m[92m   Compiling[0m camino v1.2.2
2026-09-13T07:25:06.1549484Z [1m[92m   Compiling[0m unicode-width v0.2.2
2026-09-13T07:25:06.2589014Z [1m[92m   Compiling[0m equivalent v1.0.2
2026-09-13T07:25:06.2959888Z [1m[92m   Compiling[0m regex-syntax v0.8.10
2026-09-13T07:25:06.3606127Z [1m[92m   Compiling[0m serde_json v1.0.150
2026-09-13T07:25:06.4479800Z [1m[92m   Compiling[0m utf8parse v0.2.2
2026-09-13T07:25:06.5019515Z [1m[92m   Compiling[0m anstyle-parse v1.0.0
2026-09-13T07:25:06.6413225Z [1m[92m   Compiling[0m codespan-reporting v0.13.1
2026-09-13T07:25:07.3794575Z [1m[92m   Compiling[0m icu_normalizer v2.2.0
2026-09-13T07:25:08.2349426Z [1m[92m   Compiling[0m regex-***mata v0.4.14
2026-09-13T07:25:08.2999666Z [1m[92m   Compiling[0m icu_properties v2.2.0
2026-09-13T07:25:10.1949612Z [1m[92m   Compiling[0m block-buffer v0.10.4
2026-09-13T07:25:10.2779425Z [1m[92m   Compiling[0m crypto-common v0.1.7
2026-09-13T07:25:10.3448841Z [1m[92m   Compiling[0m anstyle v1.0.14
2026-09-13T07:25:10.5208957Z [1m[92m   Compiling[0m is_terminal_polyfill v1.70.2
2026-09-13T07:25:10.5570184Z [1m[92m   Compiling[0m parking_lot_core v0.9.12
2026-09-13T07:25:10.6739088Z [1m[92m   Compiling[0m foldhash v0.1.5
2026-09-13T07:25:10.7954172Z [1m[92m   Compiling[0m radium v0.7.0
2026-09-13T07:25:10.8902475Z [1m[92m   Compiling[0m colorchoice v1.0.5
2026-09-13T07:25:10.8943959Z [1m[92m   Compiling[0m thiserror v2.0.18
2026-09-13T07:25:10.9316015Z [1m[92m   Compiling[0m log v0.4.29
2026-09-13T07:25:11.0538925Z [1m[92m   Compiling[0m anstyle-query v1.1.5
2026-09-13T07:25:11.0859714Z [1m[92m   Compiling[0m tinyvec_macros v0.1.1
2026-09-13T07:25:11.1030337Z [1m[92m   Compiling[0m hashbrown v0.17.1
2026-09-13T07:25:11.1153991Z [1m[92m   Compiling[0m allocator-api2 v0.2.21
2026-09-13T07:25:11.4629321Z [1m[92m   Compiling[0m hashbrown v0.15.5
2026-09-13T07:25:11.7248254Z [1m[92m   Compiling[0m indexmap v2.14.0
2026-09-13T07:25:12.1638921Z [1m[92m   Compiling[0m tinyvec v1.11.0
2026-09-13T07:25:12.4999686Z [1m[92m   Compiling[0m anstream v1.0.0
2026-09-13T07:25:12.6438803Z [1m[92m   Compiling[0m digest v0.10.7
2026-09-13T07:25:12.8050343Z [1m[92m   Compiling[0m idna_adapter v1.2.2
2026-09-13T07:25:14.5846110Z [1m[92m   Compiling[0m scroll_derive v0.13.1
2026-09-13T07:25:14.6499041Z [1m[92m   Compiling[0m thiserror-impl v2.0.18
2026-09-13T07:25:15.0238956Z [1m[92m   Compiling[0m ring v0.17.14
2026-09-13T07:25:15.2439136Z [1m[92m   Compiling[0m semver v1.0.28
2026-09-13T07:25:15.3739523Z [1m[92m   Compiling[0m percent-encoding v2.3.2
2026-09-13T07:25:15.5371993Z [1m[92m   Compiling[0m cpufeatures v0.2.17
2026-09-13T07:25:15.5948924Z [1m[92m   Compiling[0m scopeguard v1.2.0
2026-09-13T07:25:15.6788848Z [1m[92m   Compiling[0m fixedbitset v0.5.7
2026-09-13T07:25:15.7033967Z [1m[92m   Compiling[0m clap_lex v1.1.0
2026-09-13T07:25:15.7148860Z [1m[92m   Compiling[0m tap v1.0.1
2026-09-13T07:25:15.8358933Z [1m[92m   Compiling[0m bytes v1.11.1
2026-09-13T07:25:15.9098332Z [1m[92m   Compiling[0m anyhow v1.0.103
2026-09-13T07:25:16.0599078Z [1m[92m   Compiling[0m either v1.16.0
2026-09-13T07:25:16.0701433Z [1m[92m   Compiling[0m heck v0.5.0
2026-09-13T07:25:16.2161771Z [1m[92m   Compiling[0m strsim v0.11.1
2026-09-13T07:25:16.2246970Z [1m[92m   Compiling[0m strum_macros v0.28.0
2026-09-13T07:25:16.6778924Z [1m[92m   Compiling[0m http v1.4.0
2026-09-13T07:25:17.1069072Z [1m[92m   Compiling[0m clap_builder v4.6.0
2026-09-13T07:25:18.2299388Z [1m[92m   Compiling[0m rayon v1.12.0
2026-09-13T07:25:18.2869029Z [1m[92m   Compiling[0m petgraph v0.8.1
2026-09-13T07:25:20.1849218Z [1m[92m   Compiling[0m wyz v0.5.1
2026-09-13T07:25:20.4039464Z [1m[92m   Compiling[0m lock_api v0.4.14
2026-09-13T07:25:20.6128916Z [1m[92m   Compiling[0m sha2 v0.10.9
2026-09-13T07:25:20.9430112Z [1m[92m   Compiling[0m form_urlencoded v1.2.2
2026-09-13T07:25:21.4652901Z [1m[92m   Compiling[0m scroll v0.13.0
2026-09-13T07:25:21.6747084Z [1m[92m   Compiling[0m cfg-expr v0.20.7
2026-09-13T07:25:22.4369586Z [1m[92m   Compiling[0m idna v1.1.0
2026-09-13T07:25:24.0299112Z [1m[92m   Compiling[0m unicode-normalization v0.1.25
2026-09-13T07:25:24.2085448Z [1m[92m   Compiling[0m regex v1.12.3
2026-09-13T07:25:24.5005198Z [1m[92m   Compiling[0m toml-span v0.7.1
2026-09-13T07:25:24.9659103Z [1m[92m   Compiling[0m smol_str v0.3.2
2026-09-13T07:25:25.1665482Z [1m[92m   Compiling[0m getrandom v0.2.17
2026-09-13T07:25:25.2965409Z [1m[92m   Compiling[0m crossbeam-channel v0.5.15
2026-09-13T07:25:25.8308929Z [1m[92m   Compiling[0m crossbeam-queue v0.3.12
2026-09-13T07:25:25.9359506Z [1m[92m   Compiling[0m bstr v1.12.1
2026-09-13T07:25:26.3486798Z [1m[92m   Compiling[0m same-file v1.0.6
2026-09-13T07:25:26.4143583Z [1m[92m   Compiling[0m untrusted v0.9.0
2026-09-13T07:25:26.4769802Z [1m[92m   Compiling[0m rustc-stable-hash v0.1.2
2026-09-13T07:25:26.4823998Z [1m[92m   Compiling[0m plain v0.2.3
2026-09-13T07:25:26.5320856Z [1m[92m   Compiling[0m funty v2.0.0
2026-09-13T07:25:26.5705949Z [1m[92m   Compiling[0m twox-hash v2.1.2
2026-09-13T07:25:26.6659027Z [1m[92m   Compiling[0m tame-index v0.26.3
2026-09-13T07:25:27.3511382Z [1m[92m   Compiling[0m bitvec v1.0.1
2026-09-13T07:25:29.9879378Z [1m[92m   Compiling[0m goblin v0.10.5
2026-09-13T07:25:30.0356462Z [1m[92m   Compiling[0m walkdir v2.5.0
2026-09-13T07:25:30.4329615Z [1m[92m   Compiling[0m globset v0.4.18
2026-09-13T07:25:31.8980257Z [1m[92m   Compiling[0m crossbeam v0.8.4
2026-09-13T07:25:31.9197766Z [1m[92m   Compiling[0m parking_lot v0.12.5
2026-09-13T07:25:32.3105698Z [1m[92m   Compiling[0m url v2.5.8
2026-09-13T07:25:33.4070050Z [1m[92m   Compiling[0m krates v0.21.2
2026-09-13T07:25:37.0169355Z [1m[92m   Compiling[0m clap v4.6.1
2026-09-13T07:25:37.1695958Z [1m[92m   Compiling[0m strum v0.28.0
2026-09-13T07:25:37.2072949Z [1m[92m   Compiling[0m fern v0.7.1
2026-09-13T07:25:37.3855601Z [1m[92m   Compiling[0m codespan v0.13.1
2026-09-13T07:25:37.5919181Z [1m[92m   Compiling[0m memmap2 v0.9.11
2026-09-13T07:25:37.7206356Z [1m[92m   Compiling[0m nu-ansi-term v0.50.3
2026-09-13T07:25:37.9436353Z [1m[92m   Compiling[0m jiff v0.2.24
2026-09-13T07:25:46.8890325Z [1m[92m   Compiling[0m zstd v0.13.3
2026-09-13T07:25:47.0299956Z [1m[92m   Compiling[0m spdx v0.13.4
2026-09-13T07:25:47.4690105Z [1m[92m   Compiling[0m cargo-deny v0.20.2
2026-09-13T07:26:53.8630784Z [1m[92m    Finished[0m `release` profile [optimized] target(s) in 2m 04s
2026-09-13T07:26:53.8747734Z [1m[92m  Installing[0m /home/runner/.cargo/bin/cargo-deny
2026-09-13T07:26:53.8752794Z [1m[92m   Installed[0m package `cargo-deny v0.20.2` (executable `cargo-deny`)
2026-09-13T07:26:53.9615306Z ##[group]Run set -euo pipefail
2026-09-13T07:26:53.9615648Z [36;1mset -euo pipefail[0m
2026-09-13T07:26:53.9615908Z [36;1msudo apt-get update[0m
2026-09-13T07:26:53.9616263Z [36;1msudo apt-get install --yes --no-install-recommends bubblewrap[0m
2026-09-13T07:26:53.9616664Z [36;1mbwrap --version[0m
2026-09-13T07:26:53.9616902Z [36;1mprlimit --version[0m
2026-09-13T07:26:53.9653639Z shell: /usr/bin/bash -e {0}
2026-09-13T07:26:53.9653900Z env:
2026-09-13T07:26:53.9654115Z   CARGO_HOME: /home/runner/.cargo
2026-09-13T07:26:53.9654402Z   CARGO_INCREMENTAL: 0
2026-09-13T07:26:53.9654639Z   CARGO_TERM_COLOR: always
2026-09-13T07:26:53.9654880Z ##[endgroup]
2026-09-13T07:26:54.0496322Z Get:1 file:/etc/apt/apt-mirrors.txt Mirrorlist [144 B]
2026-09-13T07:26:54.0850037Z Hit:2 http://azure.archive.ubuntu.com/ubuntu noble InRelease
2026-09-13T07:26:54.0851372Z Get:6 https://packages.microsoft.com/ubuntu/24.04/prod noble InRelease [3600 B]
2026-09-13T07:26:54.0888790Z Get:3 http://azure.archive.ubuntu.com/ubuntu noble-updates InRelease [126 kB]
2026-09-13T07:26:54.0938358Z Get:4 http://azure.archive.ubuntu.com/ubuntu noble-backports InRelease [126 kB]
2026-09-13T07:26:54.0955498Z Get:5 http://azure.archive.ubuntu.com/ubuntu noble-security InRelease [126 kB]
2026-09-13T07:26:54.1156213Z Get:7 https://dl.google.com/linux/chrome-stable/deb stable InRelease [2548 B]
2026-09-13T07:26:54.2123194Z Get:8 https://packages.microsoft.com/ubuntu/24.04/prod noble/main arm64 Packages [414 kB]
2026-09-13T07:26:54.2283483Z Get:9 https://packages.microsoft.com/ubuntu/24.04/prod noble/main amd64 Packages [463 kB]
2026-09-13T07:26:54.2620630Z Get:10 http://azure.archive.ubuntu.com/ubuntu noble-updates/main amd64 Packages [1263 kB]
2026-09-13T07:26:54.2698960Z Get:11 http://azure.archive.ubuntu.com/ubuntu noble-updates/main Translation-en [292 kB]
2026-09-13T07:26:54.2722032Z Get:12 http://azure.archive.ubuntu.com/ubuntu noble-updates/main amd64 Components [180 kB]
2026-09-13T07:26:54.2743198Z Get:13 http://azure.archive.ubuntu.com/ubuntu noble-updates/universe amd64 Packages [1690 kB]
2026-09-13T07:26:54.2846841Z Get:14 http://azure.archive.ubuntu.com/ubuntu noble-updates/universe amd64 Components [388 kB]
2026-09-13T07:26:54.2860325Z Get:15 http://azure.archive.ubuntu.com/ubuntu noble-updates/restricted amd64 Packages [1544 kB]
2026-09-13T07:26:54.2936651Z Get:16 http://azure.archive.ubuntu.com/ubuntu noble-updates/restricted Translation-en [354 kB]
2026-09-13T07:26:54.2964649Z Get:17 http://azure.archive.ubuntu.com/ubuntu noble-updates/multiverse amd64 Components [940 B]
2026-09-13T07:26:54.3162696Z Get:18 http://azure.archive.ubuntu.com/ubuntu noble-backports/main amd64 Components [5748 B]
2026-09-13T07:26:54.3179958Z Get:19 http://azure.archive.ubuntu.com/ubuntu noble-backports/universe amd64 Components [12.6 kB]
2026-09-13T07:26:54.4113239Z Get:20 http://azure.archive.ubuntu.com/ubuntu noble-security/main amd64 Packages [1006 kB]
2026-09-13T07:26:54.4175199Z Get:21 http://azure.archive.ubuntu.com/ubuntu noble-security/main Translation-en [213 kB]
2026-09-13T07:26:54.4198333Z Get:22 http://azure.archive.ubuntu.com/ubuntu noble-security/main amd64 Components [46.4 kB]
2026-09-13T07:26:54.4216097Z Get:23 http://azure.archive.ubuntu.com/ubuntu noble-security/universe amd64 Packages [1206 kB]
2026-09-13T07:26:54.4283049Z Get:24 http://azure.archive.ubuntu.com/ubuntu noble-security/universe amd64 Components [76.3 kB]
2026-09-13T07:26:54.4301051Z Get:25 http://azure.archive.ubuntu.com/ubuntu noble-security/restricted amd64 Packages [1445 kB]
2026-09-13T07:26:54.4389501Z Get:26 http://azure.archive.ubuntu.com/ubuntu noble-security/restricted Translation-en [336 kB]
2026-09-13T07:26:54.4469963Z Get:27 https://dl.google.com/linux/chrome-stable/deb stable/main amd64 Packages [1409 B]
2026-09-13T07:26:58.4424189Z Fetched 11.3 MB in 1s (9039 kB/s)
2026-09-13T07:26:59.2490997Z Reading package lists...
2026-09-13T07:26:59.2796020Z Reading package lists...
2026-09-13T07:26:59.4568967Z Building dependency tree...
2026-09-13T07:26:59.4576776Z Reading state information...
2026-09-13T07:26:59.6063066Z The following NEW packages will be installed:
2026-09-13T07:26:59.6069376Z   bubblewrap
2026-09-13T07:26:59.6231148Z 0 upgraded, 1 newly installed, 0 to remove and 50 not upgraded.
2026-09-13T07:26:59.6231909Z Need to get 50.2 kB of archives.
2026-09-13T07:26:59.6232545Z After this operation, 133 kB of additional disk space will be used.
2026-09-13T07:26:59.6233308Z Get:1 file:/etc/apt/apt-mirrors.txt Mirrorlist [144 B]
2026-09-13T07:26:59.6662634Z Get:2 http://azure.archive.ubuntu.com/ubuntu noble-updates/main amd64 bubblewrap amd64 0.9.0-1ubuntu0.1 [50.2 kB]
2026-09-13T07:26:59.9131099Z Fetched 50.2 kB in 0s (911 kB/s)
2026-09-13T07:26:59.9340396Z Selecting previously unselected package bubblewrap.
2026-09-13T07:26:59.9586882Z (Reading database ... 
2026-09-13T07:26:59.9588219Z (Reading database ... 5%
2026-09-13T07:26:59.9588779Z (Reading database ... 10%
2026-09-13T07:26:59.9589275Z (Reading database ... 15%
2026-09-13T07:26:59.9589757Z (Reading database ... 20%
2026-09-13T07:26:59.9590224Z (Reading database ... 25%
2026-09-13T07:26:59.9590683Z (Reading database ... 30%
2026-09-13T07:26:59.9591141Z (Reading database ... 35%
2026-09-13T07:26:59.9591583Z (Reading database ... 40%
2026-09-13T07:26:59.9592080Z (Reading database ... 45%
2026-09-13T07:26:59.9592538Z (Reading database ... 50%
2026-09-13T07:26:59.9637255Z (Reading database ... 55%
2026-09-13T07:27:00.1013768Z (Reading database ... 60%
2026-09-13T07:27:00.2828586Z (Reading database ... 65%
2026-09-13T07:27:00.4520477Z (Reading database ... 70%
2026-09-13T07:27:00.5899789Z (Reading database ... 75%
2026-09-13T07:27:00.7635145Z (Reading database ... 80%
2026-09-13T07:27:00.9508523Z (Reading database ... 85%
2026-09-13T07:27:01.0911299Z (Reading database ... 90%
2026-09-13T07:27:01.2595084Z (Reading database ... 95%
2026-09-13T07:27:01.2595602Z (Reading database ... 100%
2026-09-13T07:27:01.2596251Z (Reading database ... 201818 files and directories currently installed.)
2026-09-13T07:27:01.2638596Z Preparing to unpack .../bubblewrap_0.9.0-1ubuntu0.1_amd64.deb ...
2026-09-13T07:27:01.2667603Z Unpacking bubblewrap (0.9.0-1ubuntu0.1) ...
2026-09-13T07:27:01.3098412Z Setting up bubblewrap (0.9.0-1ubuntu0.1) ...
2026-09-13T07:27:01.3143299Z Processing triggers for man-db (2.12.0-4build2) ...
2026-09-13T07:27:01.3163139Z Not building database; man-db/***-update is not 'true'.
2026-09-13T07:27:01.9174902Z 
2026-09-13T07:27:01.9175574Z Running kernel seems to be up-to-date.
2026-09-13T07:27:01.9176007Z 
2026-09-13T07:27:01.9176173Z No services need to be restarted.
2026-09-13T07:27:01.9176427Z 
2026-09-13T07:27:01.9176569Z No containers need to be restarted.
2026-09-13T07:27:01.9176813Z 
2026-09-13T07:27:01.9176979Z No user sessions are running outdated binaries.
2026-09-13T07:27:01.9177273Z 
2026-09-13T07:27:01.9177706Z No VM guests are running outdated hypervisor (qemu) binaries on this host.
2026-09-13T07:27:02.7633607Z bubblewrap 0.9.0
2026-09-13T07:27:02.7701785Z prlimit from util-linux 2.39.3
2026-09-13T07:27:02.7735983Z ##[group]Run sudo sysctl -w kernel.apparmor_restrict_unprivileged_userns=0
2026-09-13T07:27:02.7736547Z [36;1msudo sysctl -w kernel.apparmor_restrict_unprivileged_userns=0[0m
2026-09-13T07:27:02.7772885Z shell: /usr/bin/bash -e {0}
2026-09-13T07:27:02.7773332Z env:
2026-09-13T07:27:02.7773556Z   CARGO_HOME: /home/runner/.cargo
2026-09-13T07:27:02.7773838Z   CARGO_INCREMENTAL: 0
2026-09-13T07:27:02.7774080Z   CARGO_TERM_COLOR: always
2026-09-13T07:27:02.7774333Z ##[endgroup]
2026-09-13T07:27:02.7890486Z kernel.apparmor_restrict_unprivileged_userns = 0
2026-09-13T07:27:02.7943711Z ##[group]Run bash scripts/prepare-build.sh
2026-09-13T07:27:02.7944082Z [36;1mbash scripts/prepare-build.sh[0m
2026-09-13T07:27:02.7978761Z shell: /usr/bin/bash -e {0}
2026-09-13T07:27:02.7979020Z env:
2026-09-13T07:27:02.7979231Z   CARGO_HOME: /home/runner/.cargo
2026-09-13T07:27:02.7979506Z   CARGO_INCREMENTAL: 0
2026-09-13T07:27:02.7979744Z   CARGO_TERM_COLOR: always
2026-09-13T07:27:02.7979976Z ##[endgroup]
2026-09-13T07:27:03.8368814Z prepare-build: wrote Cargo.toml and candidate-worker/Cargo.toml
2026-09-13T07:27:03.8601293Z [1m[92m Downloading[0m crates ...
2026-09-13T07:27:03.9445533Z [1m[92m  Downloaded[0m crossbeam-epoch v0.9.18
2026-09-13T07:27:03.9481247Z [1m[92m  Downloaded[0m ***cfg v1.5.1
2026-09-13T07:27:03.9504222Z [1m[92m  Downloaded[0m bitflags v2.13.0
2026-09-13T07:27:03.9549544Z [1m[92m  Downloaded[0m num-complex v0.4.6
2026-09-13T07:27:03.9565333Z [1m[92m  Downloaded[0m reborrow v0.5.5
2026-09-13T07:27:03.9573154Z [1m[92m  Downloaded[0m quote v1.0.46
2026-09-13T07:27:03.9600449Z [1m[92m  Downloaded[0m libm v0.2.16
2026-09-13T07:27:03.9711144Z [1m[92m  Downloaded[0m feral-amf v0.2.1
2026-09-13T07:27:03.9721026Z [1m[92m  Downloaded[0m bytemuck v1.25.0
2026-09-13T07:27:03.9752574Z [1m[92m  Downloaded[0m feral-amd v0.2.1
2026-09-13T07:27:03.9771940Z [1m[92m  Downloaded[0m pulp-wasm-simd-flag v0.1.1
2026-09-13T07:27:03.9777872Z [1m[92m  Downloaded[0m feral-metis v0.2.1
2026-09-13T07:27:03.9793228Z [1m[92m  Downloaded[0m feral-scotch v0.2.1
2026-09-13T07:27:03.9808279Z [1m[92m  Downloaded[0m num-traits v0.2.19
2026-09-13T07:27:03.9834152Z [1m[92m  Downloaded[0m paste v1.0.15
2026-09-13T07:27:03.9865767Z [1m[92m  Downloaded[0m feral-kahip v0.2.1
2026-09-13T07:27:03.9881245Z [1m[92m  Downloaded[0m feral-ordering-core v0.2.1
2026-09-13T07:27:03.9894892Z [1m[92m  Downloaded[0m memchr v2.8.2
2026-09-13T07:27:03.9949790Z [1m[92m  Downloaded[0m raw-cpuid v11.6.0
2026-09-13T07:27:03.9983584Z [1m[92m  Downloaded[0m pulp v0.22.3
2026-09-13T07:27:04.0033136Z [1m[92m  Downloaded[0m syn v2.0.118
2026-09-13T07:27:04.0138740Z [1m[92m  Downloaded[0m feral v0.11.0
2026-09-13T07:27:04.0279471Z [1m[92m   Vendoring[0m ***cfg v1.5.1 (/home/runner/.cargo/registry/src/index.crates.io-1949cf8c6b5b557f/***cfg-1.5.1) to vendor/***cfg
2026-09-13T07:27:04.0304671Z [1m[92m   Vendoring[0m bitflags v2.13.0 (/home/runner/.cargo/registry/src/index.crates.io-1949cf8c6b5b557f/bitflags-2.13.0) to vendor/bitflags
2026-09-13T07:27:04.0357086Z [1m[92m   Vendoring[0m bytemuck v1.25.0 (/home/runner/.cargo/registry/src/index.crates.io-1949cf8c6b5b557f/bytemuck-1.25.0) to vendor/bytemuck
2026-09-13T07:27:04.0392920Z [1m[92m   Vendoring[0m cfg-if v1.0.4 (/home/runner/.cargo/registry/src/index.crates.io-1949cf8c6b5b557f/cfg-if-1.0.4) to vendor/cfg-if
2026-09-13T07:27:04.0407044Z [1m[92m   Vendoring[0m crossbeam-deque v0.8.6 (/home/runner/.cargo/registry/src/index.crates.io-1949cf8c6b5b557f/crossbeam-deque-0.8.6) to vendor/crossbeam-deque
2026-09-13T07:27:04.0422350Z [1m[92m   Vendoring[0m crossbeam-epoch v0.9.18 (/home/runner/.cargo/registry/src/index.crates.io-1949cf8c6b5b557f/crossbeam-epoch-0.9.18) to vendor/crossbeam-epoch
2026-09-13T07:27:04.0449418Z [1m[92m   Vendoring[0m crossbeam-utils v0.8.21 (/home/runner/.cargo/registry/src/index.crates.io-1949cf8c6b5b557f/crossbeam-utils-0.8.21) to vendor/crossbeam-utils
2026-09-13T07:27:04.0479696Z [1m[92m   Vendoring[0m either v1.16.0 (/home/runner/.cargo/registry/src/index.crates.io-1949cf8c6b5b557f/either-1.16.0) to vendor/either
2026-09-13T07:27:04.0495139Z [1m[92m   Vendoring[0m feral v0.11.0 (/home/runner/.cargo/registry/src/index.crates.io-1949cf8c6b5b557f/feral-0.11.0) to vendor/feral
2026-09-13T07:27:04.0619806Z [1m[92m   Vendoring[0m feral-amd v0.2.1 (/home/runner/.cargo/registry/src/index.crates.io-1949cf8c6b5b557f/feral-amd-0.2.1) to vendor/feral-amd
2026-09-13T07:27:04.0642138Z [1m[92m   Vendoring[0m feral-amf v0.2.1 (/home/runner/.cargo/registry/src/index.crates.io-1949cf8c6b5b557f/feral-amf-0.2.1) to vendor/feral-amf
2026-09-13T07:27:04.0653045Z [1m[92m   Vendoring[0m feral-kahip v0.2.1 (/home/runner/.cargo/registry/src/index.crates.io-1949cf8c6b5b557f/feral-kahip-0.2.1) to vendor/feral-kahip
2026-09-13T07:27:04.0670085Z [1m[92m   Vendoring[0m feral-metis v0.2.1 (/home/runner/.cargo/registry/src/index.crates.io-1949cf8c6b5b557f/feral-metis-0.2.1) to vendor/feral-metis
2026-09-13T07:27:04.0688386Z [1m[92m   Vendoring[0m feral-ordering-core v0.2.1 (/home/runner/.cargo/registry/src/index.crates.io-1949cf8c6b5b557f/feral-ordering-core-0.2.1) to vendor/feral-ordering-core
2026-09-13T07:27:04.0704203Z [1m[92m   Vendoring[0m feral-scotch v0.2.1 (/home/runner/.cargo/registry/src/index.crates.io-1949cf8c6b5b557f/feral-scotch-0.2.1) to vendor/feral-scotch
2026-09-13T07:27:04.0721418Z [1m[92m   Vendoring[0m itoa v1.0.18 (/home/runner/.cargo/registry/src/index.crates.io-1949cf8c6b5b557f/itoa-1.0.18) to vendor/itoa
2026-09-13T07:27:04.0736942Z [1m[92m   Vendoring[0m libm v0.2.16 (/home/runner/.cargo/registry/src/index.crates.io-1949cf8c6b5b557f/libm-0.2.16) to vendor/libm
2026-09-13T07:27:04.0870266Z [1m[92m   Vendoring[0m memchr v2.8.2 (/home/runner/.cargo/registry/src/index.crates.io-1949cf8c6b5b557f/memchr-2.8.2) to vendor/memchr
2026-09-13T07:27:04.0935899Z [1m[92m   Vendoring[0m num-complex v0.4.6 (/home/runner/.cargo/registry/src/index.crates.io-1949cf8c6b5b557f/num-complex-0.4.6) to vendor/num-complex
2026-09-13T07:27:04.0950862Z [1m[92m   Vendoring[0m num-traits v0.2.19 (/home/runner/.cargo/registry/src/index.crates.io-1949cf8c6b5b557f/num-traits-0.2.19) to vendor/num-traits
2026-09-13T07:27:04.0980079Z [1m[92m   Vendoring[0m paste v1.0.15 (/home/runner/.cargo/registry/src/index.crates.io-1949cf8c6b5b557f/paste-1.0.15) to vendor/paste
2026-09-13T07:27:04.1017081Z [1m[92m   Vendoring[0m proc-macro2 v1.0.106 (/home/runner/.cargo/registry/src/index.crates.io-1949cf8c6b5b557f/proc-macro2-1.0.106) to vendor/proc-macro2
2026-09-13T07:27:04.1050287Z [1m[92m   Vendoring[0m pulp v0.22.3 (/home/runner/.cargo/registry/src/index.crates.io-1949cf8c6b5b557f/pulp-0.22.3) to vendor/pulp
2026-09-13T07:27:04.1112237Z [1m[92m   Vendoring[0m pulp-wasm-simd-flag v0.1.1 (/home/runner/.cargo/registry/src/index.crates.io-1949cf8c6b5b557f/pulp-wasm-simd-flag-0.1.1) to vendor/pulp-wasm-simd-flag
2026-09-13T07:27:04.1119314Z [1m[92m   Vendoring[0m quote v1.0.46 (/home/runner/.cargo/registry/src/index.crates.io-1949cf8c6b5b557f/quote-1.0.46) to vendor/quote
2026-09-13T07:27:04.1150193Z [1m[92m   Vendoring[0m raw-cpuid v11.6.0 (/home/runner/.cargo/registry/src/index.crates.io-1949cf8c6b5b557f/raw-cpuid-11.6.0) to vendor/raw-cpuid
2026-09-13T07:27:04.1188995Z [1m[92m   Vendoring[0m rayon v1.12.0 (/home/runner/.cargo/registry/src/index.crates.io-1949cf8c6b5b557f/rayon-1.12.0) to vendor/rayon
2026-09-13T07:27:04.1303791Z [1m[92m   Vendoring[0m rayon-core v1.13.0 (/home/runner/.cargo/registry/src/index.crates.io-1949cf8c6b5b557f/rayon-core-1.13.0) to vendor/rayon-core
2026-09-13T07:27:04.1347104Z [1m[92m   Vendoring[0m reborrow v0.5.5 (/home/runner/.cargo/registry/src/index.crates.io-1949cf8c6b5b557f/reborrow-0.5.5) to vendor/reborrow
2026-09-13T07:27:04.1354664Z [1m[92m   Vendoring[0m serde v1.0.228 (/home/runner/.cargo/registry/src/index.crates.io-1949cf8c6b5b557f/serde-1.0.228) to vendor/serde
2026-09-13T07:27:04.1396827Z [1m[92m   Vendoring[0m serde_core v1.0.228 (/home/runner/.cargo/registry/src/index.crates.io-1949cf8c6b5b557f/serde_core-1.0.228) to vendor/serde_core
2026-09-13T07:27:04.1430697Z [1m[92m   Vendoring[0m serde_derive v1.0.228 (/home/runner/.cargo/registry/src/index.crates.io-1949cf8c6b5b557f/serde_derive-1.0.228) to vendor/serde_derive
2026-09-13T07:27:04.1467081Z [1m[92m   Vendoring[0m serde_json v1.0.150 (/home/runner/.cargo/registry/src/index.crates.io-1949cf8c6b5b557f/serde_json-1.0.150) to vendor/serde_json
2026-09-13T07:27:04.1554179Z [1m[92m   Vendoring[0m syn v2.0.118 (/home/runner/.cargo/registry/src/index.crates.io-1949cf8c6b5b557f/syn-2.0.118) to vendor/syn
2026-09-13T07:27:04.1683025Z [1m[92m   Vendoring[0m unicode-ident v1.0.24 (/home/runner/.cargo/registry/src/index.crates.io-1949cf8c6b5b557f/unicode-ident-1.0.24) to vendor/unicode-ident
2026-09-13T07:27:04.1713503Z [1m[92m   Vendoring[0m version_check v0.9.5 (/home/runner/.cargo/registry/src/index.crates.io-1949cf8c6b5b557f/version_check-0.9.5) to vendor/version_check
2026-09-13T07:27:04.1727050Z [1m[92m   Vendoring[0m zmij v1.0.21 (/home/runner/.cargo/registry/src/index.crates.io-1949cf8c6b5b557f/zmij-1.0.21) to vendor/zmij
2026-09-13T07:27:04.1753107Z To use vendored sources, add this to your .cargo/config.toml for this project:
2026-09-13T07:27:04.1753787Z 
2026-09-13T07:27:04.2906146Z prepare-build: vendored tree scanned clean
2026-09-13T07:27:04.2937949Z ##[group]Run set -euo pipefail
2026-09-13T07:27:04.2938324Z [36;1mset -euo pipefail[0m
2026-09-13T07:27:04.2938597Z [36;1mtest "$(id -u)" -ne 0[0m
2026-09-13T07:27:04.2938901Z [36;1mscripts/grader-sandbox.sh self-check[0m
2026-09-13T07:27:04.2939253Z [36;1mscripts/grader-sandbox.sh trusted-build[0m
2026-09-13T07:27:04.2939614Z [36;1mscripts/grader-sandbox.sh candidate-build[0m
2026-09-13T07:27:04.2973461Z shell: /usr/bin/bash -e {0}
2026-09-13T07:27:04.2973727Z env:
2026-09-13T07:27:04.2973945Z   CARGO_HOME: /home/runner/.cargo
2026-09-13T07:27:04.2974223Z   CARGO_INCREMENTAL: 0
2026-09-13T07:27:04.2974462Z   CARGO_TERM_COLOR: always
2026-09-13T07:27:04.2974703Z ##[endgroup]
2026-09-13T07:27:04.3412472Z assert-no-network: outbound to 1.1.1.1:443 blocked — network isolation looks effective.
2026-09-13T07:27:04.3416987Z grader-sandbox: build boundary self-check passed
2026-09-13T07:27:04.4599131Z    Compiling crossbeam-utils v0.8.21
2026-09-13T07:27:04.4600413Z    Compiling proc-macro2 v1.0.106
2026-09-13T07:27:04.4601289Z    Compiling feral-ordering-core v0.2.1
2026-09-13T07:27:04.4602202Z    Compiling quote v1.0.46
2026-09-13T07:27:04.5918700Z    Compiling ***cfg v1.5.1
2026-09-13T07:27:04.6068513Z    Compiling unicode-ident v1.0.24
2026-09-13T07:27:04.9305737Z    Compiling num-traits v0.2.19
2026-09-13T07:27:05.0269887Z    Compiling serde_core v1.0.228
2026-09-13T07:27:05.2650818Z    Compiling crossbeam-epoch v0.9.18
2026-09-13T07:27:05.3398509Z    Compiling feral-amd v0.2.1
2026-09-13T07:27:05.3685336Z    Compiling libm v0.2.16
2026-09-13T07:27:05.3938657Z    Compiling zmij v1.0.21
2026-09-13T07:27:05.4618713Z    Compiling version_check v0.9.5
2026-09-13T07:27:05.5129572Z    Compiling rayon-core v1.13.0
2026-09-13T07:27:05.5348800Z    Compiling paste v1.0.15
2026-09-13T07:27:05.6098471Z    Compiling crossbeam-deque v0.8.6
2026-09-13T07:27:05.6549813Z    Compiling feral-metis v0.2.1
2026-09-13T07:27:05.6829866Z    Compiling pulp v0.22.3
2026-09-13T07:27:05.7838721Z    Compiling syn v2.0.118
2026-09-13T07:27:06.5469333Z    Compiling serde_json v1.0.150
2026-09-13T07:27:06.6297813Z    Compiling bitflags v2.13.0
2026-09-13T07:27:06.9414988Z    Compiling bytemuck v1.25.0
2026-09-13T07:27:07.1398614Z    Compiling serde v1.0.228
2026-09-13T07:27:07.3110256Z    Compiling num-complex v0.4.6
2026-09-13T07:27:07.6109067Z    Compiling raw-cpuid v11.6.0
2026-09-13T07:27:08.1480376Z    Compiling serde_derive v1.0.228
2026-09-13T07:27:09.5098974Z    Compiling reborrow v0.5.5
2026-09-13T07:27:09.5546925Z    Compiling memchr v2.8.2
2026-09-13T07:27:10.8602256Z    Compiling cfg-if v1.0.4
2026-09-13T07:27:10.8915756Z    Compiling pulp-wasm-simd-flag v0.1.1
2026-09-13T07:27:10.9218635Z    Compiling either v1.16.0
2026-09-13T07:27:11.0798917Z    Compiling itoa v1.0.18
2026-09-13T07:27:11.0818986Z    Compiling rayon v1.12.0
2026-09-13T07:27:11.8099160Z    Compiling feral-kahip v0.2.1
2026-09-13T07:27:13.6709191Z    Compiling feral-scotch v0.2.1
2026-09-13T07:27:13.9805767Z    Compiling feral-amf v0.2.1
2026-09-13T07:27:14.0728708Z    Compiling ssi-purity v0.1.0 (/workspace/ssi-purity)
2026-09-13T07:27:15.5850726Z    Compiling feral v0.11.0
2026-09-13T07:27:21.4021712Z    Compiling ssi-scoring v0.1.0 (/workspace/ssi-scoring)
2026-09-13T07:27:21.4976232Z    Compiling ssi-worker-protocol v0.1.0 (/workspace/ssi-worker-protocol)
2026-09-13T07:27:21.7730626Z    Compiling matrices-fast v0.1.0 (/workspace)
2026-09-13T07:27:22.5413210Z     Finished `release` profile [optimized] target(s) in 18.16s
2026-09-13T07:27:22.6638987Z    Compiling crossbeam-utils v0.8.21
2026-09-13T07:27:22.6640828Z    Compiling proc-macro2 v1.0.106
2026-09-13T07:27:22.6641445Z    Compiling ***cfg v1.5.1
2026-09-13T07:27:22.6641905Z    Compiling unicode-ident v1.0.24
2026-09-13T07:27:22.7234709Z    Compiling quote v1.0.46
2026-09-13T07:27:22.8049698Z    Compiling feral-ordering-core v0.2.1
2026-09-13T07:27:22.9686033Z    Compiling num-traits v0.2.19
2026-09-13T07:27:23.0488888Z    Compiling serde_core v1.0.228
2026-09-13T07:27:23.4763333Z    Compiling crossbeam-epoch v0.9.18
2026-09-13T07:27:23.4768826Z    Compiling feral-amd v0.2.1
2026-09-13T07:27:23.4884493Z    Compiling paste v1.0.15
2026-09-13T07:27:23.5809186Z    Compiling rayon-core v1.13.0
2026-09-13T07:27:23.6171548Z    Compiling libm v0.2.16
2026-09-13T07:27:23.6530955Z    Compiling zmij v1.0.21
2026-09-13T07:27:23.6559683Z    Compiling version_check v0.9.5
2026-09-13T07:27:23.7796848Z    Compiling crossbeam-deque v0.8.6
2026-09-13T07:27:23.8092247Z    Compiling feral-metis v0.2.1
2026-09-13T07:27:23.8668763Z    Compiling syn v2.0.118
2026-09-13T07:27:23.8698570Z    Compiling pulp v0.22.3
2026-09-13T07:27:24.7711071Z    Compiling bitflags v2.13.0
2026-09-13T07:27:25.0760882Z    Compiling bytemuck v1.25.0
2026-09-13T07:27:25.2448708Z    Compiling serde v1.0.228
2026-09-13T07:27:25.3848874Z    Compiling serde_json v1.0.150
2026-09-13T07:27:25.4878652Z    Compiling num-complex v0.4.6
2026-09-13T07:27:25.7488060Z    Compiling raw-cpuid v11.6.0
2026-09-13T07:27:26.2342114Z    Compiling serde_derive v1.0.228
2026-09-13T07:27:27.6348212Z    Compiling reborrow v0.5.5
2026-09-13T07:27:27.6778641Z    Compiling pulp-wasm-simd-flag v0.1.1
2026-09-13T07:27:27.7078902Z    Compiling itoa v1.0.18
2026-09-13T07:27:27.9061012Z    Compiling cfg-if v1.0.4
2026-09-13T07:27:27.9329087Z    Compiling either v1.16.0
2026-09-13T07:27:28.1008886Z    Compiling memchr v2.8.2
2026-09-13T07:27:29.4218681Z    Compiling rayon v1.12.0
2026-09-13T07:27:29.8858700Z    Compiling feral-scotch v0.2.1
2026-09-13T07:27:31.7108756Z    Compiling feral-kahip v0.2.1
2026-09-13T07:27:32.0518818Z    Compiling feral-amf v0.2.1
2026-09-13T07:27:33.2874886Z    Compiling feral v0.11.0
2026-09-13T07:27:39.1027365Z    Compiling ssi-scoring v0.1.0 (/workspace/ssi-scoring)
2026-09-13T07:27:39.1975856Z    Compiling ssi-worker-protocol v0.1.0 (/workspace/ssi-worker-protocol)
2026-09-13T07:27:39.4638267Z    Compiling ssi-candidate-worker v0.1.0 (/workspace/candidate-worker)
2026-09-13T07:27:39.9723356Z warning: value assigned to `d` is never read
2026-09-13T07:27:39.9724321Z    --> candidate-worker/src/../../src/ordering/rgreedy.rs:396:29
2026-09-13T07:27:39.9724965Z     |
2026-09-13T07:27:39.9725268Z 396 |                 let mut d = 0u32;
2026-09-13T07:27:39.9725787Z     |                             ^^^^ this value is reassigned later and never used
2026-09-13T07:27:39.9726312Z ...
2026-09-13T07:27:39.9726601Z 414 |                     d = self.deg[u] + added as u32;
2026-09-13T07:27:39.9727210Z     |                     ------------------------------ `d` is overwritten here before the previous value is read
2026-09-13T07:27:39.9728100Z     |
2026-09-13T07:27:39.9728505Z     = note: `#[warn(unused_assignments)]` (part of `#[warn(unused)]`) on by default
2026-09-13T07:27:39.9728919Z 
2026-09-13T07:27:40.3279494Z warning: constant `RELABEL_BUDGET` is never used
2026-09-13T07:27:40.3280622Z    --> candidate-worker/src/../../src/ordering/mod.rs:454:7
2026-09-13T07:27:40.3282005Z     |
2026-09-13T07:27:40.3282724Z 454 | const RELABEL_BUDGET: usize = 300_000;
2026-09-13T07:27:40.3283230Z     |       ^^^^^^^^^^^^^^
2026-09-13T07:27:40.3283698Z     |
2026-09-13T07:27:40.3284217Z     = note: `#[warn(dead_code)]` (part of `#[warn(unused)]`) on by default
2026-09-13T07:27:40.3284766Z 
2026-09-13T07:27:40.3285048Z warning: constant `RELABEL_MAX_RESTARTS` is never used
2026-09-13T07:27:40.3285778Z    --> candidate-worker/src/../../src/ordering/mod.rs:455:7
2026-09-13T07:27:40.3286452Z     |
2026-09-13T07:27:40.3286912Z 455 | const RELABEL_MAX_RESTARTS: usize = 24;
2026-09-13T07:27:40.3287741Z     |       ^^^^^^^^^^^^^^^^^^^^
2026-09-13T07:27:40.3288073Z 
2026-09-13T07:27:40.3288324Z warning: constant `SUBTREE_MAX_N` is never used
2026-09-13T07:27:40.3289055Z    --> candidate-worker/src/../../src/ordering/mod.rs:518:7
2026-09-13T07:27:40.3289713Z     |
2026-09-13T07:27:40.3290144Z 518 | const SUBTREE_MAX_N: usize = 250_000;
2026-09-13T07:27:40.3290724Z     |       ^^^^^^^^^^^^^
2026-09-13T07:27:40.3291011Z 
2026-09-13T07:27:40.3291570Z warning: function `relabel_restarts` is never used
2026-09-13T07:27:40.3292341Z    --> candidate-worker/src/../../src/ordering/mod.rs:822:4
2026-09-13T07:27:40.3293020Z     |
2026-09-13T07:27:40.3293603Z 822 | fn relabel_restarts(budget: usize, cap: usize, nnz: usize) -> usize {
2026-09-13T07:27:40.3294263Z     |    ^^^^^^^^^^^^^^^^
2026-09-13T07:27:40.3294497Z 
2026-09-13T07:27:40.3294754Z warning: function `paired_swap_refine` is never used
2026-09-13T07:27:40.3295154Z    --> candidate-worker/src/../../src/ordering/mod.rs:919:4
2026-09-13T07:27:40.3295468Z     |
2026-09-13T07:27:40.3295788Z 919 | fn paired_swap_refine(pattern: &Pattern, mut best: Vec<usize>) -> Vec<usize> {
2026-09-13T07:27:40.3296197Z     |    ^^^^^^^^^^^^^^^^^^
2026-09-13T07:27:40.3296337Z 
2026-09-13T07:27:40.3296463Z warning: function `plateau_refine` is never used
2026-09-13T07:27:40.3296818Z    --> candidate-worker/src/../../src/ordering/mod.rs:942:4
2026-09-13T07:27:40.3297134Z     |
2026-09-13T07:27:40.3297740Z 942 | fn plateau_refine(pattern: &Pattern, start: Vec<usize>, neutral: bool) -> Vec<usize> {
2026-09-13T07:27:40.3298222Z     |    ^^^^^^^^^^^^^^
2026-09-13T07:27:40.3298360Z 
2026-09-13T07:27:40.3298467Z warning: function `capture` is never used
2026-09-13T07:27:40.3298850Z   --> candidate-worker/src/../../src/ordering/transplant_probe.rs:11:15
2026-09-13T07:27:40.3299206Z    |
2026-09-13T07:27:40.3299453Z 11 | pub(super) fn capture(pool: &[(u64, Vec<usize>)]) {
2026-09-13T07:27:40.3299770Z    |               ^^^^^^^
2026-09-13T07:27:40.3299914Z 
2026-09-13T07:27:40.3300041Z warning: function `terminal_pass` is never used
2026-09-13T07:27:40.3300447Z    --> candidate-worker/src/../../src/ordering/transplant_probe.rs:179:4
2026-09-13T07:27:40.3300809Z     |
2026-09-13T07:27:40.3301002Z 179 | fn terminal_pass(
2026-09-13T07:27:40.3301215Z     |    ^^^^^^^^^^^^^
2026-09-13T07:27:40.3301343Z 
2026-09-13T07:27:40.3301477Z warning: function `refine` is never used
2026-09-13T07:27:40.3301838Z   --> candidate-worker/src/../../src/ordering/completion.rs:12:15
2026-09-13T07:27:40.3302178Z    |
2026-09-13T07:27:40.3302371Z 12 | pub(super) fn refine(
2026-09-13T07:27:40.3302600Z    |               ^^^^^^
2026-09-13T07:27:40.3302740Z 
2026-09-13T07:27:40.3302859Z warning: function `candidates` is never used
2026-09-13T07:27:40.3303223Z   --> candidate-worker/src/../../src/ordering/peo_extract.rs:10:15
2026-09-13T07:27:40.3303573Z    |
2026-09-13T07:27:40.3303771Z 10 | pub(super) fn candidates(
2026-09-13T07:27:40.3304025Z    |               ^^^^^^^^^^
2026-09-13T07:27:40.3304172Z 
2026-09-13T07:27:40.3304288Z warning: type alias `PermFn` is never used
2026-09-13T07:27:40.3304653Z   --> candidate-worker/src/../../src/ordering/parallel.rs:80:17
2026-09-13T07:27:40.3304987Z    |
2026-09-13T07:27:40.3305312Z 80 | pub(crate) type PermFn<'a> = Box<dyn Fn() -> Option<Vec<usize>> + Sync + 'a>;
2026-09-13T07:27:40.3305710Z    |                 ^^^^^^
2026-09-13T07:27:40.3306062Z 
2026-09-13T07:27:40.3306175Z warning: function `run_perms` is never used
2026-09-13T07:27:40.3306554Z    --> candidate-worker/src/../../src/ordering/parallel.rs:175:15
2026-09-13T07:27:40.3306889Z     |
2026-09-13T07:27:40.3307090Z 175 | pub(crate) fn run_perms(
2026-09-13T07:27:40.3307328Z     |               ^^^^^^^^^
2026-09-13T07:27:40.3307735Z 
2026-09-13T07:27:40.3307852Z warning: function `accept` is never used
2026-09-13T07:27:40.3308212Z    --> candidate-worker/src/../../src/ordering/parallel.rs:300:15
2026-09-13T07:27:40.3308543Z     |
2026-09-13T07:27:40.3308946Z 300 | pub(crate) fn accept(results: &mut [CandOut], best_flops: &mut u64, best_perm: &mut Vec<usize>) -> bool {
2026-09-13T07:27:40.3309422Z     |               ^^^^^^
2026-09-13T07:27:40.3309564Z 
2026-09-13T07:27:40.3309688Z warning: function `minl_is_clique` is never used
2026-09-13T07:27:40.3310042Z    --> candidate-worker/src/../../src/ordering/minl.rs:136:4
2026-09-13T07:27:40.3310355Z     |
2026-09-13T07:27:40.3310647Z 136 | fn minl_is_clique(adj: &[Vec<u32>], c: &[u32], ops: &mut i64) -> bool {
2026-09-13T07:27:40.3311158Z     |    ^^^^^^^^^^^^^^
2026-09-13T07:27:40.3311303Z 
2026-09-13T07:27:40.3311445Z warning: function `minl_try_delete_edge` is never used
2026-09-13T07:27:40.3311815Z    --> candidate-worker/src/../../src/ordering/minl.rs:232:4
2026-09-13T07:27:40.3312128Z     |
2026-09-13T07:27:40.3312334Z 232 | fn minl_try_delete_edge(
2026-09-13T07:27:40.3312569Z     |    ^^^^^^^^^^^^^^^^^^^^
2026-09-13T07:27:40.3312708Z 
2026-09-13T07:27:40.3312822Z warning: function `order` is never used
2026-09-13T07:27:40.3313195Z   --> candidate-worker/src/../../src/ordering/chordal_certificate.rs:32:15
2026-09-13T07:27:40.3313567Z    |
2026-09-13T07:27:40.3313867Z 32 | pub(crate) fn order(n: usize, cp: &[usize], ri: &[usize]) -> Option<Vec<usize>> {
2026-09-13T07:27:40.3314254Z    |               ^^^^^
2026-09-13T07:27:40.3314391Z 
2026-09-13T07:27:46.0824089Z warning: `ssi-candidate-worker` (bin "ssi-candidate-worker") generated 17 warnings
2026-09-13T07:27:46.0824917Z     Finished `release` profile [optimized] target(s) in 23.50s
2026-09-13T07:27:46.0899190Z ##[group]Run set -euo pipefail
2026-09-13T07:27:46.0899537Z [36;1mset -euo pipefail[0m
2026-09-13T07:27:46.0899948Z [36;1m./target/trusted/release/matrices-fast --grader --sandbox-self-check[0m
2026-09-13T07:27:46.0900537Z [36;1m./target/trusted/release/matrices-fast --grader --sandbox-timeout-self-check[0m
2026-09-13T07:27:46.0901086Z [36;1mcargo test --offline --locked --package matrices-fast \[0m
2026-09-13T07:27:46.0901598Z [36;1m  sandbox::tests::bubblewrap_timeout_tears_down_candidate_descendants \[0m
2026-09-13T07:27:46.0902028Z [36;1m  -- --ignored[0m
2026-09-13T07:27:46.0940082Z shell: /usr/bin/bash -e {0}
2026-09-13T07:27:46.0940355Z env:
2026-09-13T07:27:46.0940572Z   CARGO_HOME: /home/runner/.cargo
2026-09-13T07:27:46.0940857Z   CARGO_INCREMENTAL: 0
2026-09-13T07:27:46.0941099Z   CARGO_TERM_COLOR: always
2026-09-13T07:27:46.0941354Z   SSI_GRADER_SANDBOX: bubblewrap
2026-09-13T07:27:46.0941947Z   SSI_CANDIDATE_WORKER: /home/runner/work/matrices-fast/matrices-fast/target/candidate/release/ssi-candidate-worker
2026-09-13T07:27:46.0942504Z ##[endgroup]
2026-09-13T07:27:46.1124940Z per-worker bubblewrap self-check passed
2026-09-13T07:27:46.3182486Z bubblewrap timeout teardown self-check passed
2026-09-13T07:27:46.3896506Z [1m[92m   Compiling[0m proc-macro2 v1.0.106
2026-09-13T07:27:46.3897831Z [1m[92m   Compiling[0m crossbeam-utils v0.8.21
2026-09-13T07:27:46.3898967Z [1m[92m   Compiling[0m ***cfg v1.5.1
2026-09-13T07:27:46.3899772Z [1m[92m   Compiling[0m feral-ordering-core v0.2.1
2026-09-13T07:27:46.5660013Z [1m[92m   Compiling[0m unicode-ident v1.0.24
2026-09-13T07:27:46.6226053Z [1m[92m   Compiling[0m quote v1.0.46
2026-09-13T07:27:46.7388366Z [1m[92m   Compiling[0m num-traits v0.2.19
2026-09-13T07:27:46.7879038Z [1m[92m   Compiling[0m serde_core v1.0.228
2026-09-13T07:27:46.9071048Z [1m[92m   Compiling[0m feral-amd v0.2.1
2026-09-13T07:27:46.9799283Z [1m[92m   Compiling[0m libm v0.2.16
2026-09-13T07:27:46.9848800Z [1m[92m   Compiling[0m version_check v0.9.5
2026-09-13T07:27:47.1529106Z [1m[92m   Compiling[0m crossbeam-epoch v0.9.18
2026-09-13T07:27:47.1959091Z [1m[92m   Compiling[0m zmij v1.0.21
2026-09-13T07:27:47.2480495Z [1m[92m   Compiling[0m paste v1.0.15
2026-09-13T07:27:47.3458827Z [1m[92m   Compiling[0m rayon-core v1.13.0
2026-09-13T07:27:47.3609493Z [1m[92m   Compiling[0m crossbeam-deque v0.8.6
2026-09-13T07:27:47.4393063Z [1m[92m   Compiling[0m syn v2.0.118
2026-09-13T07:27:47.4418474Z [1m[92m   Compiling[0m pulp v0.22.3
2026-09-13T07:27:47.4968867Z [1m[92m   Compiling[0m feral-metis v0.2.1
2026-09-13T07:27:48.0078870Z [1m[92m   Compiling[0m bitflags v2.13.0
2026-09-13T07:27:48.1623345Z [1m[92m   Compiling[0m serde_json v1.0.150
2026-09-13T07:27:48.2703825Z [1m[92m   Compiling[0m serde v1.0.228
2026-09-13T07:27:48.3328929Z [1m[92m   Compiling[0m bytemuck v1.25.0
2026-09-13T07:27:48.4669583Z [1m[92m   Compiling[0m raw-cpuid v11.6.0
2026-09-13T07:27:48.4891315Z [1m[92m   Compiling[0m num-complex v0.4.6
2026-09-13T07:27:49.9209165Z [1m[92m   Compiling[0m serde_derive v1.0.228
2026-09-13T07:27:50.4519071Z [1m[92m   Compiling[0m memchr v2.8.2
2026-09-13T07:27:50.8149861Z [1m[92m   Compiling[0m reborrow v0.5.5
2026-09-13T07:27:50.8492636Z [1m[92m   Compiling[0m either v1.16.0
2026-09-13T07:27:50.9804330Z [1m[92m   Compiling[0m pulp-wasm-simd-flag v0.1.1
2026-09-13T07:27:50.9943965Z [1m[92m   Compiling[0m itoa v1.0.18
2026-09-13T07:27:51.0120436Z [1m[92m   Compiling[0m cfg-if v1.0.4
2026-09-13T07:27:51.1868693Z [1m[92m   Compiling[0m rayon v1.12.0
2026-09-13T07:27:52.3899001Z [1m[92m   Compiling[0m feral-kahip v0.2.1
2026-09-13T07:27:53.2859015Z [1m[92m   Compiling[0m feral-scotch v0.2.1
2026-09-13T07:27:53.4560674Z [1m[92m   Compiling[0m feral-amf v0.2.1
2026-09-13T07:27:53.5277414Z [1m[92m   Compiling[0m prototype-oracle v0.1.0 (/home/runner/work/matrices-fast/matrices-fast/prototype-oracle)
2026-09-13T07:27:54.1320295Z [1m[92m   Compiling[0m feral v0.11.0
2026-09-13T07:27:56.1663046Z [1m[92m   Compiling[0m ssi-scoring v0.1.0 (/home/runner/work/matrices-fast/matrices-fast/ssi-scoring)
2026-09-13T07:27:56.2415141Z [1m[92m   Compiling[0m ssi-worker-protocol v0.1.0 (/home/runner/work/matrices-fast/matrices-fast/ssi-worker-protocol)
2026-09-13T07:27:56.3370780Z [1m[92m   Compiling[0m matrices-fast v0.1.0 (/home/runner/work/matrices-fast/matrices-fast)
2026-09-13T07:27:57.2407323Z [1m[92m    Finished[0m `test` profile [unoptimized + debuginfo] target(s) in 10.91s
2026-09-13T07:27:57.2428154Z [1m[92m     Running[0m unittests src/main.rs (target/debug/deps/matrices_fast-42399a26ce091bfa)
2026-09-13T07:27:57.2441918Z 
2026-09-13T07:27:57.2442183Z running 1 test
2026-09-13T07:27:57.4500033Z test sandbox::tests::bubblewrap_timeout_tears_down_candidate_descendants ... ok
2026-09-13T07:27:57.4501322Z [1m[92m     Running[0m tests/exact_equivalence.rs (target/debug/deps/exact_equivalence-a0ee54e703a06ced)
2026-09-13T07:27:57.4501959Z 
2026-09-13T07:27:57.4502350Z test result: ok. 1 passed; 0 failed; 0 ignored; 0 measured; 51 filtered out; finished in 0.21s
2026-09-13T07:27:57.4502880Z 
2026-09-13T07:27:57.4505812Z 
2026-09-13T07:27:57.4505930Z running 0 tests
2026-09-13T07:27:57.4506272Z 
2026-09-13T07:27:57.4506877Z test result: ok. 0 passed; 0 failed; 0 ignored; 0 measured; 3 filtered out; finished in 0.00s
2026-09-13T07:27:57.4507771Z 
2026-09-13T07:27:57.4516509Z [1m[92m     Running[0m tests/scorer_crosscheck.rs (target/debug/deps/scorer_crosscheck-4e6cf07f9d3ae241)
2026-09-13T07:27:57.4517823Z 
2026-09-13T07:27:57.4518011Z running 0 tests
2026-09-13T07:27:57.4518471Z 
2026-09-13T07:27:57.4518920Z test result: ok. 0 passed; 0 failed; 0 ignored; 0 measured; 2 filtered out; finished in 0.00s
2026-09-13T07:27:57.4519514Z 
2026-09-13T07:27:57.4521143Z [1m[92m     Running[0m tests/security_boundary.rs (target/debug/deps/security_boundary-5080f7360994ca56)
2026-09-13T07:27:57.4529401Z 
2026-09-13T07:27:57.4529582Z running 0 tests
2026-09-13T07:27:57.4529896Z 
2026-09-13T07:27:57.4530419Z test result: ok. 0 passed; 0 failed; 0 ignored; 0 measured; 4 filtered out; finished in 0.00s
2026-09-13T07:27:57.4531052Z 
2026-09-13T07:27:57.4532205Z [1m[92m     Running[0m tests/time_cap.rs (target/debug/deps/time_cap-0e88487439caaaea)
2026-09-13T07:27:57.4541213Z 
2026-09-13T07:27:57.4541403Z running 0 tests
2026-09-13T07:27:57.4543031Z 
2026-09-13T07:27:57.4543554Z test result: ok. 0 passed; 0 failed; 0 ignored; 0 measured; 5 filtered out; finished in 0.00s
2026-09-13T07:27:57.4571159Z 
2026-09-13T07:27:57.4599510Z ##[group]Run if [ -z "${EVAL_BUCKET_NAME:-}" ]; then
2026-09-13T07:27:57.4599927Z [36;1mif [ -z "${EVAL_BUCKET_NAME:-}" ]; then[0m
2026-09-13T07:27:57.4600388Z [36;1m  echo "No EVAL_BUCKET_NAME secret set; grading the committed public dev corpus."[0m
2026-09-13T07:27:57.4600863Z [36;1m  echo "corpus_file=" >> "$GITHUB_OUTPUT"[0m
2026-09-13T07:27:57.4601176Z [36;1melse[0m
2026-09-13T07:27:57.4601505Z [36;1m  ./.github/scripts/fetch-eval-corpus.sh "$RUNNER_TEMP/eval.jsonl"[0m
2026-09-13T07:27:57.4601997Z [36;1m  echo "corpus_file=$RUNNER_TEMP/eval.jsonl" >> "$GITHUB_OUTPUT"[0m
2026-09-13T07:27:57.4602351Z [36;1mfi[0m
2026-09-13T07:27:57.4636595Z shell: /usr/bin/bash -e {0}
2026-09-13T07:27:57.4636856Z env:
2026-09-13T07:27:57.4637085Z   CARGO_HOME: /home/runner/.cargo
2026-09-13T07:27:57.4637353Z   CARGO_INCREMENTAL: 0
2026-09-13T07:27:57.4637912Z   CARGO_TERM_COLOR: always
2026-09-13T07:27:57.4638295Z   EVAL_BUCKET_NAME: ***
2026-09-13T07:27:57.4638766Z   EVAL_BUCKET_ENDPOINT: ***
2026-09-13T07:27:57.4639083Z   AWS_ACCESS_KEY_ID: ***
2026-09-13T07:27:57.4639488Z   AWS_SECRET_ACCESS_KEY: ***
2026-09-13T07:27:57.4639753Z   AWS_DEFAULT_REGION: ***
2026-09-13T07:27:57.4639982Z ##[endgroup]
2026-09-13T07:28:01.2485371Z fetch-eval-corpus: pointer resolved
2026-09-13T07:28:05.8472498Z fetch-eval-corpus: checksum OK
2026-09-13T07:28:05.8473681Z fetch-eval-corpus: corpus downloaded and verified
2026-09-13T07:28:05.8522670Z ##[group]Run set -euo pipefail
2026-09-13T07:28:05.8522990Z [36;1mset -euo pipefail[0m
2026-09-13T07:28:05.8523257Z [36;1mtest "$(id -u)" -ne 0[0m
2026-09-13T07:28:05.8523593Z [36;1mexec ./target/trusted/release/matrices-fast --grader[0m
2026-09-13T07:28:05.8558023Z shell: /usr/bin/bash -e {0}
2026-09-13T07:28:05.8558312Z env:
2026-09-13T07:28:05.8558543Z   CARGO_HOME: /home/runner/.cargo
2026-09-13T07:28:05.8558841Z   CARGO_INCREMENTAL: 0
2026-09-13T07:28:05.8559103Z   CARGO_TERM_COLOR: always
2026-09-13T07:28:05.8559415Z   SSI_CORPUS_FILE: /home/runner/work/_temp/eval.jsonl
2026-09-13T07:28:05.8559785Z   SSI_GRADER_SANDBOX: bubblewrap
2026-09-13T07:28:05.8560369Z   SSI_CANDIDATE_WORKER: /home/runner/work/matrices-fast/matrices-fast/target/candidate/release/ssi-candidate-worker
2026-09-13T07:28:05.8560979Z ##[endgroup]
2026-09-13T07:29:47.7657037Z 
2026-09-13T07:29:47.7658053Z RUN FAILED: hidden matrix: order() exceeded the 2.0s per-matrix cap and was killed
2026-09-13T07:29:47.7928730Z ##[error]Process completed with exit code 1.
2026-09-13T07:29:47.8092525Z Node 20 is being deprecated. This workflow is running with Node 24 by default. If you need to temporarily use Node 20, you can set the ACTIONS_ALLOW_USE_UNSECURE_NODE_VERSION=true environment variable. For more information see: https://github.blog/changelog/2025-09-19-deprecation-of-node-20-on-github-actions-runners/
2026-09-13T07:29:47.8094023Z Post job cleanup.
2026-09-13T07:29:47.8952250Z [command]/usr/bin/git version
2026-09-13T07:29:47.8991106Z git version 2.55.0
2026-09-13T07:29:47.9030026Z Temporarily overriding HOME='/home/runner/work/_temp/e1b5df29-edb6-4891-8959-08b5e7cff28c' before making global git config changes
2026-09-13T07:29:47.9031446Z Adding repository directory to the temporary git global config as a safe directory
2026-09-13T07:29:47.9036131Z [command]/usr/bin/git config --global --add safe.directory /home/runner/work/matrices-fast/matrices-fast
2026-09-13T07:29:47.9073749Z [command]/usr/bin/git config --local --name-only --get-regexp core\.sshCommand
2026-09-13T07:29:47.9107258Z [command]/usr/bin/git submodule foreach --recursive sh -c "git config --local --name-only --get-regexp 'core\.sshCommand' && git config --local --unset-all 'core.sshCommand' || :"
2026-09-13T07:29:47.9350611Z [command]/usr/bin/git config --local --name-only --get-regexp http\.https\:\/\/github\.com\/\.extraheader
2026-09-13T07:29:47.9378334Z http.https://github.com/.extraheader
2026-09-13T07:29:47.9390956Z [command]/usr/bin/git config --local --unset-all http.https://github.com/.extraheader
2026-09-13T07:29:47.9425267Z [command]/usr/bin/git submodule foreach --recursive sh -c "git config --local --name-only --get-regexp 'http\.https\:\/\/github\.com\/\.extraheader' && git config --local --unset-all 'http.https://github.com/.extraheader' || :"
2026-09-13T07:29:47.9662930Z [command]/usr/bin/git config --local --name-only --get-regexp ^includeIf\.gitdir:
2026-09-13T07:29:47.9700324Z [command]/usr/bin/git submodule foreach --recursive git config --local --show-origin --name-only --get-regexp remote.origin.url
2026-09-13T07:29:48.0140284Z Cleaning up orphan processes
2026-09-13T07:29:48.0531492Z ##[warning]Node.js 20 is deprecated. The following actions target Node.js 20 but are being forced to run on Node.js 24: actions/checkout@11d5960a326750d5838078e36cf38b85af677262. For more information see: https://github.blog/changelog/2025-09-19-deprecation-of-node-20-on-github-actions-runners/
