2026-09-13T08:30:14.8534790Z Current runner version: '2.337.0'
2026-09-13T08:30:14.8559987Z ##[group]Runner Image Provisioner
2026-09-13T08:30:14.8561163Z Hosted Compute Agent
2026-09-13T08:30:14.8561981Z Version: 20260828.587
2026-09-13T08:30:14.8562726Z Commit: abac92662cab4cc7352de4f9f9d2e2419aad9c29
2026-09-13T08:30:14.8563949Z Build Date: 2026-08-28T16:44:25Z
2026-09-13T08:30:14.8564727Z Worker ID: {fa622eea-30eb-4892-92a0-392a77e85b7e}
2026-09-13T08:30:14.8566083Z Azure Region: eastus
2026-09-13T08:30:14.8566797Z ##[endgroup]
2026-09-13T08:30:14.8568584Z ##[group]Operating System
2026-09-13T08:30:14.8569303Z Ubuntu
2026-09-13T08:30:14.8569898Z 24.04.5
2026-09-13T08:30:14.8570588Z LTS
2026-09-13T08:30:14.8571182Z ##[endgroup]
2026-09-13T08:30:14.8571866Z ##[group]Runner Image
2026-09-13T08:30:14.8572561Z Image: ubuntu-24.04
2026-09-13T08:30:14.8573257Z Version: 20260907.300.1
2026-09-13T08:30:14.8574617Z Included Software: https://github.com/actions/runner-images/blob/ubuntu24/20260907.300/images/ubuntu/Ubuntu2404-Readme.md
2026-09-13T08:30:14.8576534Z Image Release: https://github.com/actions/runner-images/releases/tag/ubuntu24%2F20260907.300
2026-09-13T08:30:14.8577571Z ##[endgroup]
2026-09-13T08:30:14.8578892Z ##[group]GITHUB_TOKEN Permissions
2026-09-13T08:30:14.8581174Z Contents: read
2026-09-13T08:30:14.8581853Z Metadata: read
2026-09-13T08:30:14.8582544Z ##[endgroup]
2026-09-13T08:30:14.8584691Z Secret source: Actions
2026-09-13T08:30:14.8586047Z Cache mode: write
2026-09-13T08:30:14.8587075Z Prepare workflow directory
2026-09-13T08:30:14.8911840Z Prepare all required actions
2026-09-13T08:30:14.8959757Z Getting action download info
2026-09-13T08:30:15.1299093Z Download action repository 'actions/checkout@11d5960a326750d5838078e36cf38b85af677262' (SHA:11d5960a326750d5838078e36cf38b85af677262)
2026-09-13T08:30:15.2768657Z Download action repository 'dtolnay/rust-toolchain@4360b52568e2003a75bf9bc1d59f33a8e3fc893c' (SHA:4360b52568e2003a75bf9bc1d59f33a8e3fc893c)
2026-09-13T08:30:15.3638749Z Download action repository 'actions/upload-artifact@ea165f8d65b6e75b540449e92b4886f43607fa02' (SHA:ea165f8d65b6e75b540449e92b4886f43607fa02)
2026-09-13T08:30:15.6123922Z Complete job name: benchmark
2026-09-13T08:30:15.6900420Z Node 20 is being deprecated. This workflow is running with Node 24 by default. If you need to temporarily use Node 20, you can set the ACTIONS_ALLOW_USE_UNSECURE_NODE_VERSION=true environment variable. For more information see: https://github.blog/changelog/2025-09-19-deprecation-of-node-20-on-github-actions-runners/
2026-09-13T08:30:15.6909739Z ##[group]Run actions/checkout@11d5960a326750d5838078e36cf38b85af677262
2026-09-13T08:30:15.6910696Z with:
2026-09-13T08:30:15.6911139Z   lfs: true
2026-09-13T08:30:15.6911624Z   repository: Layr-Labs/matrices-fast
2026-09-13T08:30:15.6915586Z   token: ***
2026-09-13T08:30:15.6916081Z   ssh-strict: true
2026-09-13T08:30:15.6916551Z   ssh-user: git
2026-09-13T08:30:15.6917042Z   persist-credentials: true
2026-09-13T08:30:15.6917549Z   clean: true
2026-09-13T08:30:15.6918026Z   sparse-checkout-cone-mode: true
2026-09-13T08:30:15.6918610Z   fetch-depth: 1
2026-09-13T08:30:15.6919078Z   fetch-tags: false
2026-09-13T08:30:15.6919585Z   show-progress: true
2026-09-13T08:30:15.6920073Z   submodules: false
2026-09-13T08:30:15.6920555Z   set-safe-directory: true
2026-09-13T08:30:15.6921092Z   allow-unsafe-pr-checkout: false
2026-09-13T08:30:15.6921921Z ##[endgroup]
2026-09-13T08:30:15.7866347Z Syncing repository: Layr-Labs/matrices-fast
2026-09-13T08:30:15.7868475Z ##[group]Getting Git version info
2026-09-13T08:30:15.7869322Z Working directory is '/home/runner/work/matrices-fast/matrices-fast'
2026-09-13T08:30:15.7870478Z [command]/usr/bin/git version
2026-09-13T08:30:15.7944194Z git version 2.55.0
2026-09-13T08:30:15.7981716Z [command]/usr/bin/git lfs version
2026-09-13T08:30:16.4419309Z git-lfs/3.8.0 (GitHub; linux amd64; go 1.27.0)
2026-09-13T08:30:16.4434314Z ##[endgroup]
2026-09-13T08:30:16.4450386Z Temporarily overriding HOME='/home/runner/work/_temp/735d6a06-6afe-495c-a671-ac71510240ef' before making global git config changes
2026-09-13T08:30:16.4453549Z Adding repository directory to the temporary git global config as a safe directory
2026-09-13T08:30:16.4458163Z [command]/usr/bin/git config --global --add safe.directory /home/runner/work/matrices-fast/matrices-fast
2026-09-13T08:30:16.4512409Z Deleting the contents of '/home/runner/work/matrices-fast/matrices-fast'
2026-09-13T08:30:16.4517371Z ##[group]Initializing the repository
2026-09-13T08:30:16.4521233Z [command]/usr/bin/git init /home/runner/work/matrices-fast/matrices-fast
2026-09-13T08:30:16.4655187Z hint: Using 'master' as the name for the initial branch. This default branch name
2026-09-13T08:30:16.4657414Z hint: will change to "main" in Git 3.0. To configure the initial branch name
2026-09-13T08:30:16.4659215Z hint: to use in all of your new repositories, which will suppress this warning,
2026-09-13T08:30:16.4660796Z hint: call:
2026-09-13T08:30:16.4661398Z hint:
2026-09-13T08:30:16.4662175Z hint: 	git config --global init.defaultBranch <name>
2026-09-13T08:30:16.4663267Z hint:
2026-09-13T08:30:16.4664581Z hint: Names commonly chosen instead of 'master' are 'main', 'trunk' and
2026-09-13T08:30:16.4666377Z hint: 'development'. The just-created branch can be renamed via this command:
2026-09-13T08:30:16.4667714Z hint:
2026-09-13T08:30:16.4668387Z hint: 	git branch -m <name>
2026-09-13T08:30:16.4669388Z hint:
2026-09-13T08:30:16.4670593Z hint: Disable this message with "git config set advice.defaultBranchName false"
2026-09-13T08:30:16.4672240Z Initialized empty Git repository in /home/runner/work/matrices-fast/matrices-fast/.git/
2026-09-13T08:30:16.4674763Z [command]/usr/bin/git remote add origin https://github.com/Layr-Labs/matrices-fast
2026-09-13T08:30:16.4716383Z ##[endgroup]
2026-09-13T08:30:16.4717531Z ##[group]Disabling ***matic garbage collection
2026-09-13T08:30:16.4719587Z [command]/usr/bin/git config --local gc.*** 0
2026-09-13T08:30:16.4746030Z ##[endgroup]
2026-09-13T08:30:16.4746945Z ##[group]Setting up auth
2026-09-13T08:30:16.4752269Z [command]/usr/bin/git config --local --name-only --get-regexp core\.sshCommand
2026-09-13T08:30:16.4782448Z [command]/usr/bin/git submodule foreach --recursive sh -c "git config --local --name-only --get-regexp 'core\.sshCommand' && git config --local --unset-all 'core.sshCommand' || :"
2026-09-13T08:30:16.5120248Z [command]/usr/bin/git config --local --name-only --get-regexp http\.https\:\/\/github\.com\/\.extraheader
2026-09-13T08:30:16.5127229Z [command]/usr/bin/git submodule foreach --recursive sh -c "git config --local --name-only --get-regexp 'http\.https\:\/\/github\.com\/\.extraheader' && git config --local --unset-all 'http.https://github.com/.extraheader' || :"
2026-09-13T08:30:16.5303072Z [command]/usr/bin/git config --local --name-only --get-regexp ^includeIf\.gitdir:
2026-09-13T08:30:16.5333734Z [command]/usr/bin/git submodule foreach --recursive git config --local --show-origin --name-only --get-regexp remote.origin.url
2026-09-13T08:30:16.5550709Z [command]/usr/bin/git config --local http.https://github.com/.extraheader AUTHORIZATION: basic ***
2026-09-13T08:30:16.5583640Z ##[endgroup]
2026-09-13T08:30:16.5587939Z [command]/usr/bin/git lfs install --local
2026-09-13T08:30:16.5962689Z Updated Git hooks.
2026-09-13T08:30:16.5974229Z Git LFS initialized.
2026-09-13T08:30:16.5977632Z ##[group]Fetching the repository
2026-09-13T08:30:16.5987030Z [command]/usr/bin/git -c protocol.version=2 fetch --no-tags --prune --no-recurse-submodules --depth=1 origin +a216a0ee546542a62733b052e4273e8f8490b4d0:refs/remotes/origin/submissions/edd49e95-bc03-4c5c-87b8-57483e03bb1f
2026-09-13T08:30:18.6524658Z From https://github.com/Layr-Labs/matrices-fast
2026-09-13T08:30:18.6527070Z  * [new ref]         a216a0ee546542a62733b052e4273e8f8490b4d0 -> origin/submissions/edd49e95-bc03-4c5c-87b8-57483e03bb1f
2026-09-13T08:30:18.6529628Z ##[endgroup]
2026-09-13T08:30:18.6530235Z ##[group]Determining the checkout info
2026-09-13T08:30:18.6531808Z ##[endgroup]
2026-09-13T08:30:18.6532400Z ##[group]Fetching LFS objects
2026-09-13T08:30:18.6537561Z [command]/usr/bin/git lfs fetch origin refs/remotes/origin/submissions/edd49e95-bc03-4c5c-87b8-57483e03bb1f
2026-09-13T08:30:18.6853460Z Fetching reference refs/remotes/origin/submissions/edd49e95-bc03-4c5c-87b8-57483e03bb1f
2026-09-13T08:30:22.8698858Z ##[endgroup]
2026-09-13T08:30:22.8700264Z [command]/usr/bin/git sparse-checkout disable
2026-09-13T08:30:22.8750592Z [command]/usr/bin/git config --local --unset-all extensions.worktreeConfig
2026-09-13T08:30:22.8778966Z ##[group]Checking out the ref
2026-09-13T08:30:22.8782895Z [command]/usr/bin/git checkout --progress --force -B submissions/edd49e95-bc03-4c5c-87b8-57483e03bb1f refs/remotes/origin/submissions/edd49e95-bc03-4c5c-87b8-57483e03bb1f
2026-09-13T08:30:23.1854156Z Switched to a new branch 'submissions/edd49e95-bc03-4c5c-87b8-57483e03bb1f'
2026-09-13T08:30:23.1860152Z branch 'submissions/edd49e95-bc03-4c5c-87b8-57483e03bb1f' set up to track 'origin/submissions/edd49e95-bc03-4c5c-87b8-57483e03bb1f'.
2026-09-13T08:30:23.2188692Z ##[endgroup]
2026-09-13T08:30:23.2230535Z [command]/usr/bin/git log -1 --format=%H
2026-09-13T08:30:23.2254470Z a216a0ee546542a62733b052e4273e8f8490b4d0
2026-09-13T08:30:23.2596370Z ##[group]Run dtolnay/rust-toolchain@4360b52568e2003a75bf9bc1d59f33a8e3fc893c
2026-09-13T08:30:23.2596830Z with:
2026-09-13T08:30:23.2597048Z   toolchain: stable
2026-09-13T08:30:23.2597266Z ##[endgroup]
2026-09-13T08:30:23.2667861Z ##[start-action display=Parse toolchain version;id=__dtolnay_rust-toolchain.parse]
2026-09-13T08:30:23.2721789Z ##[group]Run if [[ -z $toolchain ]]; then
2026-09-13T08:30:23.2722209Z [36;1mif [[ -z $toolchain ]]; then[0m
2026-09-13T08:30:23.2722780Z [36;1m  # GitHub does not enforce `required: true` inputs itself. https://github.com/actions/runner/issues/1070[0m
2026-09-13T08:30:23.2723398Z [36;1m  echo "'toolchain' is a required input" >&2[0m
2026-09-13T08:30:23.2723712Z [36;1m  exit 1[0m
2026-09-13T08:30:23.2724078Z [36;1melif [[ $toolchain =~ ^stable' '[0-9]+' '(year|month|week|day)s?' 'ago$ ]]; then[0m
2026-09-13T08:30:23.2724547Z [36;1m  if [[ Linux == macOS ]]; then[0m
2026-09-13T08:30:23.2725178Z [36;1m    echo "toolchain=1.$((($(date -v-$(sed 's/stable \([0-9]*\) \(.\).*/\1\2/' <<< $toolchain) +%s)/60/60/24-16569)/7/6))" >> $GITHUB_OUTPUT[0m
2026-09-13T08:30:23.2726048Z [36;1m  else[0m
2026-09-13T08:30:23.2726482Z [36;1m    echo "toolchain=1.$((($(date --date "${toolchain#stable }" +%s)/60/60/24-16569)/7/6))" >> $GITHUB_OUTPUT[0m
2026-09-13T08:30:23.2726956Z [36;1m  fi[0m
2026-09-13T08:30:23.2727277Z [36;1melif [[ $toolchain =~ ^stable' 'minus' '[0-9]+' 'releases?$ ]]; then[0m
2026-09-13T08:30:23.2727825Z [36;1m  echo "toolchain=1.$((($(date +%s)/60/60/24-16569)/7/6-${toolchain//[^0-9]/}))" >> $GITHUB_OUTPUT[0m
2026-09-13T08:30:23.2728305Z [36;1melif [[ $toolchain =~ ^1\.[0-9]+$ ]]; then[0m
2026-09-13T08:30:23.2728840Z [36;1m  echo "toolchain=1.$((i=${toolchain#1.}, c=($(date +%s)/60/60/24-16569)/7/6, i+9*i*(10*i<=c)+90*i*(100*i<=c)))" >> $GITHUB_OUTPUT[0m
2026-09-13T08:30:23.2729366Z [36;1melse[0m
2026-09-13T08:30:23.2729628Z [36;1m  echo "toolchain=$toolchain" >> $GITHUB_OUTPUT[0m
2026-09-13T08:30:23.2729944Z [36;1mfi[0m
2026-09-13T08:30:23.2770323Z shell: /usr/bin/bash --noprofile --norc -e -o pipefail {0}
2026-09-13T08:30:23.2770701Z env:
2026-09-13T08:30:23.2770927Z   toolchain: stable
2026-09-13T08:30:23.2771157Z ##[endgroup]
2026-09-13T08:30:23.2880873Z ##[end-action id=__dtolnay_rust-toolchain.parse;outcome=success;conclusion=success;duration_ms=21]
2026-09-13T08:30:23.2893381Z ##[start-action display=Construct rustup command line;id=__dtolnay_rust-toolchain.flags]
2026-09-13T08:30:23.2921303Z ##[group]Run echo "targets=$(for t in ${targets//,/ }; do echo -n ' --target' $t; done)" >> $GITHUB_OUTPUT
2026-09-13T08:30:23.2921996Z [36;1mecho "targets=$(for t in ${targets//,/ }; do echo -n ' --target' $t; done)" >> $GITHUB_OUTPUT[0m
2026-09-13T08:30:23.2922661Z [36;1mecho "components=$(for c in ${components//,/ }; do echo -n ' --component' $c; done)" >> $GITHUB_OUTPUT[0m
2026-09-13T08:30:23.2923313Z [36;1mecho "downgrade=" >> $GITHUB_OUTPUT[0m
2026-09-13T08:30:23.2956459Z shell: /usr/bin/bash --noprofile --norc -e -o pipefail {0}
2026-09-13T08:30:23.2956840Z env:
2026-09-13T08:30:23.2957038Z   targets: 
2026-09-13T08:30:23.2957248Z   components: 
2026-09-13T08:30:23.2957463Z ##[endgroup]
2026-09-13T08:30:23.3027090Z ##[end-action id=__dtolnay_rust-toolchain.flags;outcome=success;conclusion=success;duration_ms=13]
2026-09-13T08:30:23.3029329Z ##[start-action display=Set $CARGO_HOME;id=__dtolnay_rust-toolchain.__run]
2026-09-13T08:30:23.3051798Z ##[group]Run echo CARGO_HOME=${CARGO_HOME:-"$HOME/.cargo"} >> $GITHUB_ENV
2026-09-13T08:30:23.3052292Z [36;1mecho CARGO_HOME=${CARGO_HOME:-"$HOME/.cargo"} >> $GITHUB_ENV[0m
2026-09-13T08:30:23.3087926Z shell: /usr/bin/bash --noprofile --norc -e -o pipefail {0}
2026-09-13T08:30:23.3088419Z ##[endgroup]
2026-09-13T08:30:23.3153824Z ##[end-action id=__dtolnay_rust-toolchain.__run;outcome=success;conclusion=success;duration_ms=12]
2026-09-13T08:30:23.3156448Z ##[start-action display=Install rustup if needed;id=__dtolnay_rust-toolchain.__run_2]
2026-09-13T08:30:23.3180674Z ##[group]Run if ! command -v rustup &>/dev/null; then
2026-09-13T08:30:23.3181092Z [36;1mif ! command -v rustup &>/dev/null; then[0m
2026-09-13T08:30:23.3181864Z [36;1m  curl --proto '=https' --tlsv1.2 --retry 10 --retry-connrefused --location --silent --show-error --fail https://sh.rustup.rs | sh -s -- --default-toolchain none -y[0m
2026-09-13T08:30:23.3182632Z [36;1m  echo "$CARGO_HOME/bin" >> $GITHUB_PATH[0m
2026-09-13T08:30:23.3182930Z [36;1mfi[0m
2026-09-13T08:30:23.3216652Z shell: /usr/bin/bash --noprofile --norc -e -o pipefail {0}
2026-09-13T08:30:23.3217020Z env:
2026-09-13T08:30:23.3217242Z   CARGO_HOME: /home/runner/.cargo
2026-09-13T08:30:23.3217519Z ##[endgroup]
2026-09-13T08:30:23.3279836Z ##[end-action id=__dtolnay_rust-toolchain.__run_2;outcome=success;conclusion=success;duration_ms=12]
2026-09-13T08:30:23.3282093Z ##[start-action display=Install rustup if needed on windows;id=__dtolnay_rust-toolchain.__run_3]
2026-09-13T08:30:23.3288605Z ##[end-action id=__dtolnay_rust-toolchain.__run_3;outcome=skipped;conclusion=skipped;duration_ms=0]
2026-09-13T08:30:23.3299621Z ##[start-action display=rustup toolchain install stable;id=__dtolnay_rust-toolchain.__run_4]
2026-09-13T08:30:23.3318408Z ##[group]Run rustup toolchain install stable --profile minimal --no-self-update
2026-09-13T08:30:23.3318992Z [36;1mrustup toolchain install stable --profile minimal --no-self-update[0m
2026-09-13T08:30:23.3352434Z shell: /usr/bin/bash --noprofile --norc -e -o pipefail {0}
2026-09-13T08:30:23.3352793Z env:
2026-09-13T08:30:23.3353021Z   CARGO_HOME: /home/runner/.cargo
2026-09-13T08:30:23.3353302Z   RUSTUP_PERMIT_COPY_RENAME: 1
2026-09-13T08:30:23.3353561Z ##[endgroup]
2026-09-13T08:30:23.5075053Z info: syncing channel updates for stable-x86_64-unknown-linux-gnu
2026-09-13T08:30:23.5951894Z 
2026-09-13T08:30:23.6032839Z   stable-x86_64-unknown-linux-gnu unchanged - rustc 1.98.1 (48a229cea 2026-09-01)
2026-09-13T08:30:23.6033384Z 
2026-09-13T08:30:23.6062612Z ##[end-action id=__dtolnay_rust-toolchain.__run_4;outcome=success;conclusion=success;duration_ms=276]
2026-09-13T08:30:23.6067789Z ##[start-action display=rustup default stable;id=__dtolnay_rust-toolchain.__run_5]
2026-09-13T08:30:23.6086271Z ##[group]Run rustup default stable
2026-09-13T08:30:23.6086596Z [36;1mrustup default stable[0m
2026-09-13T08:30:23.6123131Z shell: /usr/bin/bash --noprofile --norc -e -o pipefail {0}
2026-09-13T08:30:23.6123491Z env:
2026-09-13T08:30:23.6123709Z   CARGO_HOME: /home/runner/.cargo
2026-09-13T08:30:23.6123973Z ##[endgroup]
2026-09-13T08:30:23.6242735Z info: using existing install for stable-x86_64-unknown-linux-gnu
2026-09-13T08:30:23.6252327Z info: default toolchain set to stable-x86_64-unknown-linux-gnu
2026-09-13T08:30:23.6252657Z 
2026-09-13T08:30:23.6331794Z   stable-x86_64-unknown-linux-gnu unchanged - rustc 1.98.1 (48a229cea 2026-09-01)
2026-09-13T08:30:23.6332607Z 
2026-09-13T08:30:23.6333345Z info: note that the toolchain 'stable-x86_64-unknown-linux-gnu' is currently in use (overridden by '/home/runner/work/matrices-fast/matrices-fast/rust-toolchain')
2026-09-13T08:30:23.6348230Z ##[end-action id=__dtolnay_rust-toolchain.__run_5;outcome=success;conclusion=success;duration_ms=27]
2026-09-13T08:30:23.6350782Z ##[start-action display=Create cachekey;id=__dtolnay_rust-toolchain.rustc-version]
2026-09-13T08:30:23.6370207Z ##[group]Run DATE=$(rustc +stable --version --verbose | sed -ne 's/^commit-date: \(20[0-9][0-9]\)-\([01][0-9]\)-\([0-3][0-9]\)$/\1\2\3/p')
2026-09-13T08:30:23.6371060Z [36;1mDATE=$(rustc +stable --version --verbose | sed -ne 's/^commit-date: \(20[0-9][0-9]\)-\([01][0-9]\)-\([0-3][0-9]\)$/\1\2\3/p')[0m
2026-09-13T08:30:23.6371735Z [36;1mHASH=$(rustc +stable --version --verbose | sed -ne 's/^commit-hash: //p')[0m
2026-09-13T08:30:23.6372251Z [36;1mecho "cachekey=$(echo $DATE$HASH | head -c12)" >> $GITHUB_OUTPUT[0m
2026-09-13T08:30:23.6407185Z shell: /usr/bin/bash --noprofile --norc -e -o pipefail {0}
2026-09-13T08:30:23.6407558Z env:
2026-09-13T08:30:23.6407781Z   CARGO_HOME: /home/runner/.cargo
2026-09-13T08:30:23.6408249Z ##[endgroup]
2026-09-13T08:30:23.6764237Z ##[end-action id=__dtolnay_rust-toolchain.rustc-version;outcome=success;conclusion=success;duration_ms=41]
2026-09-13T08:30:23.6767409Z ##[start-action display=Disable incremental compilation;id=__dtolnay_rust-toolchain.__run_6]
2026-09-13T08:30:23.6785211Z ##[group]Run if [ -z "${CARGO_INCREMENTAL+set}" ]; then
2026-09-13T08:30:23.6785978Z [36;1mif [ -z "${CARGO_INCREMENTAL+set}" ]; then[0m
2026-09-13T08:30:23.6786328Z [36;1m  echo CARGO_INCREMENTAL=0 >> $GITHUB_ENV[0m
2026-09-13T08:30:23.6786623Z [36;1mfi[0m
2026-09-13T08:30:23.6822804Z shell: /usr/bin/bash --noprofile --norc -e -o pipefail {0}
2026-09-13T08:30:23.6823169Z env:
2026-09-13T08:30:23.6823393Z   CARGO_HOME: /home/runner/.cargo
2026-09-13T08:30:23.6823668Z ##[endgroup]
2026-09-13T08:30:23.6882102Z ##[end-action id=__dtolnay_rust-toolchain.__run_6;outcome=success;conclusion=success;duration_ms=11]
2026-09-13T08:30:23.6884333Z ##[start-action display=Enable colors in Cargo output;id=__dtolnay_rust-toolchain.__run_7]
2026-09-13T08:30:23.6901639Z ##[group]Run if [ -z "${CARGO_TERM_COLOR+set}" ]; then
2026-09-13T08:30:23.6902040Z [36;1mif [ -z "${CARGO_TERM_COLOR+set}" ]; then[0m
2026-09-13T08:30:23.6902390Z [36;1m  echo CARGO_TERM_COLOR=always >> $GITHUB_ENV[0m
2026-09-13T08:30:23.6902702Z [36;1mfi[0m
2026-09-13T08:30:23.6935484Z shell: /usr/bin/bash --noprofile --norc -e -o pipefail {0}
2026-09-13T08:30:23.6935863Z env:
2026-09-13T08:30:23.6936085Z   CARGO_HOME: /home/runner/.cargo
2026-09-13T08:30:23.6936365Z   CARGO_INCREMENTAL: 0
2026-09-13T08:30:23.6936601Z ##[endgroup]
2026-09-13T08:30:23.6995106Z ##[end-action id=__dtolnay_rust-toolchain.__run_7;outcome=success;conclusion=success;duration_ms=10]
2026-09-13T08:30:23.6997849Z ##[start-action display=Enable Cargo sparse registry;id=__dtolnay_rust-toolchain.__run_8]
2026-09-13T08:30:23.7015728Z ##[group]Run # implemented in 1.66, stabilized in 1.68, made default in 1.70
2026-09-13T08:30:23.7016310Z [36;1m# implemented in 1.66, stabilized in 1.68, made default in 1.70[0m
2026-09-13T08:30:23.7017057Z [36;1mif [ -z "${CARGO_REGISTRIES_CRATES_IO_PROTOCOL+set}" -o -f "/home/runner/work/_temp"/.implicit_cargo_registries_crates_io_protocol ]; then[0m
2026-09-13T08:30:23.7017805Z [36;1m  if rustc +stable --version --verbose | grep -q '^release: 1\.6[89]\.'; then[0m
2026-09-13T08:30:23.7018404Z [36;1m    touch "/home/runner/work/_temp"/.implicit_cargo_registries_crates_io_protocol || true[0m
2026-09-13T08:30:23.7018962Z [36;1m    echo CARGO_REGISTRIES_CRATES_IO_PROTOCOL=sparse >> $GITHUB_ENV[0m
2026-09-13T08:30:23.7019484Z [36;1m  elif rustc +stable --version --verbose | grep -q '^release: 1\.6[67]\.'; then[0m
2026-09-13T08:30:23.7020072Z [36;1m    touch "/home/runner/work/_temp"/.implicit_cargo_registries_crates_io_protocol || true[0m
2026-09-13T08:30:23.7020619Z [36;1m    echo CARGO_REGISTRIES_CRATES_IO_PROTOCOL=git >> $GITHUB_ENV[0m
2026-09-13T08:30:23.7021157Z [36;1m  fi[0m
2026-09-13T08:30:23.7021368Z [36;1mfi[0m
2026-09-13T08:30:23.7053933Z shell: /usr/bin/bash --noprofile --norc -e -o pipefail {0}
2026-09-13T08:30:23.7054297Z env:
2026-09-13T08:30:23.7054516Z   CARGO_HOME: /home/runner/.cargo
2026-09-13T08:30:23.7054792Z   CARGO_INCREMENTAL: 0
2026-09-13T08:30:23.7055036Z   CARGO_TERM_COLOR: always
2026-09-13T08:30:23.7055521Z ##[endgroup]
2026-09-13T08:30:23.7357825Z ##[end-action id=__dtolnay_rust-toolchain.__run_8;outcome=success;conclusion=success;duration_ms=35]
2026-09-13T08:30:23.7360473Z ##[start-action display=Work around spurious network errors in curl 8.0;id=__dtolnay_rust-toolchain.__run_9]
2026-09-13T08:30:23.7379404Z ##[group]Run # https://rust-lang.zulipchat.com/#narrow/stream/246057-t-cargo/topic/timeout.20investigation
2026-09-13T08:30:23.7380256Z [36;1m# https://rust-lang.zulipchat.com/#narrow/stream/246057-t-cargo/topic/timeout.20investigation[0m
2026-09-13T08:30:23.7380899Z [36;1mif rustc +stable --version --verbose | grep -q '^release: 1\.7[01]\.'; then[0m
2026-09-13T08:30:23.7381580Z [36;1m  echo CARGO_HTTP_MULTIPLEXING=false >> $GITHUB_ENV[0m
2026-09-13T08:30:23.7381919Z [36;1mfi[0m
2026-09-13T08:30:23.7416748Z shell: /usr/bin/bash --noprofile --norc -e -o pipefail {0}
2026-09-13T08:30:23.7417117Z env:
2026-09-13T08:30:23.7417330Z   CARGO_HOME: /home/runner/.cargo
2026-09-13T08:30:23.7417616Z   CARGO_INCREMENTAL: 0
2026-09-13T08:30:23.7417850Z   CARGO_TERM_COLOR: always
2026-09-13T08:30:23.7418088Z ##[endgroup]
2026-09-13T08:30:23.7598672Z ##[end-action id=__dtolnay_rust-toolchain.__run_9;outcome=success;conclusion=success;duration_ms=23]
2026-09-13T08:30:23.7602322Z ##[start-action display=rustc +stable --version --verbose;id=__dtolnay_rust-toolchain.__run_10]
2026-09-13T08:30:23.7619912Z ##[group]Run rustc +stable --version --verbose
2026-09-13T08:30:23.7620283Z [36;1mrustc +stable --version --verbose[0m
2026-09-13T08:30:23.7653890Z shell: /usr/bin/bash --noprofile --norc -e -o pipefail {0}
2026-09-13T08:30:23.7654260Z env:
2026-09-13T08:30:23.7654475Z   CARGO_HOME: /home/runner/.cargo
2026-09-13T08:30:23.7654768Z   CARGO_INCREMENTAL: 0
2026-09-13T08:30:23.7655013Z   CARGO_TERM_COLOR: always
2026-09-13T08:30:23.7655484Z ##[endgroup]
2026-09-13T08:30:23.7812741Z rustc 1.98.1 (48a229cea 2026-09-01)
2026-09-13T08:30:23.7813411Z binary: rustc
2026-09-13T08:30:23.7813971Z commit-hash: 48a229ceaefd4985c50990b14116b6d856af0985
2026-09-13T08:30:23.7814408Z commit-date: 2026-09-01
2026-09-13T08:30:23.7814741Z host: x86_64-unknown-linux-gnu
2026-09-13T08:30:23.7815068Z release: 1.98.1
2026-09-13T08:30:23.7816168Z LLVM version: 22.1.8
2026-09-13T08:30:23.7834341Z ##[end-action id=__dtolnay_rust-toolchain.__run_10;outcome=success;conclusion=success;duration_ms=23]
2026-09-13T08:30:23.7890298Z ##[group]Run cargo install cargo-deny --version 0.20.2 --locked
2026-09-13T08:30:23.7890776Z [36;1mcargo install cargo-deny --version 0.20.2 --locked[0m
2026-09-13T08:30:23.7925098Z shell: /usr/bin/bash -e {0}
2026-09-13T08:30:23.7925627Z env:
2026-09-13T08:30:23.7925847Z   CARGO_HOME: /home/runner/.cargo
2026-09-13T08:30:23.7926131Z   CARGO_INCREMENTAL: 0
2026-09-13T08:30:23.7926371Z   CARGO_TERM_COLOR: always
2026-09-13T08:30:23.7926607Z ##[endgroup]
2026-09-13T08:30:23.8882190Z [1m[92m    Updating[0m crates.io index
2026-09-13T08:30:23.9376398Z [1m[92m Downloading[0m crates ...
2026-09-13T08:30:24.0295164Z [1m[92m  Downloaded[0m cargo-deny v0.20.2
2026-09-13T08:30:24.0834852Z [1m[92m  Installing[0m cargo-deny v0.20.2
2026-09-13T08:30:24.0840108Z [1m[33mwarning[0m: default toolchain implicitly overridden with `stable-x86_64-unknown-linux-gnu` by rustup toolchain file
2026-09-13T08:30:24.0840880Z   [1m[94m|[0m
2026-09-13T08:30:24.0841434Z   [1m[94m= [0m[1mhelp[0m: use `cargo +stable install` if you meant to use the stable toolchain
2026-09-13T08:30:24.0842367Z   [1m[94m= [0m[1mnote[0m: rustup selects the toolchain based on the parent environment and not the environment of the package being installed
2026-09-13T08:30:24.0893979Z [1m[92m    Updating[0m crates.io index
2026-09-13T08:30:24.4554810Z [1m[92m    Updating[0m crates.io index
2026-09-13T08:30:24.5145876Z [1m[92m Downloading[0m crates ...
2026-09-13T08:30:24.5386335Z [1m[92m  Downloaded[0m allocator-api2 v0.2.21
2026-09-13T08:30:24.5443948Z [1m[92m  Downloaded[0m camino v1.2.2
2026-09-13T08:30:24.5484485Z [1m[92m  Downloaded[0m anstyle v1.0.14
2026-09-13T08:30:24.5507506Z [1m[92m  Downloaded[0m anstyle-parse v1.0.0
2026-09-13T08:30:24.5536429Z [1m[92m  Downloaded[0m anstyle-query v1.1.5
2026-09-13T08:30:24.5566367Z [1m[92m  Downloaded[0m block-buffer v0.10.4
2026-09-13T08:30:24.5576552Z [1m[92m  Downloaded[0m clap_lex v1.1.0
2026-09-13T08:30:24.5578696Z [1m[92m  Downloaded[0m equivalent v1.0.2
2026-09-13T08:30:24.5596345Z [1m[92m  Downloaded[0m anstream v1.0.0
2026-09-13T08:30:24.5616538Z [1m[92m  Downloaded[0m displaydoc v0.2.5
2026-09-13T08:30:24.5654522Z [1m[92m  Downloaded[0m form_urlencoded v1.2.2
2026-09-13T08:30:24.5665141Z [1m[92m  Downloaded[0m generic-array v0.14.7
2026-09-13T08:30:24.5682240Z [1m[92m  Downloaded[0m anyhow v1.0.103
2026-09-13T08:30:24.5728776Z [1m[92m  Downloaded[0m clap v4.6.1
2026-09-13T08:30:24.5914532Z [1m[92m  Downloaded[0m codespan-reporting v0.13.1
2026-09-13T08:30:24.6022605Z [1m[92m  Downloaded[0m cpufeatures v0.2.17
2026-09-13T08:30:24.6036695Z [1m[92m  Downloaded[0m crossbeam-queue v0.3.12
2026-09-13T08:30:24.6049020Z [1m[92m  Downloaded[0m borsh v1.6.1
2026-09-13T08:30:24.6135494Z [1m[92m  Downloaded[0m bytes v1.11.1
2026-09-13T08:30:24.6193779Z [1m[92m  Downloaded[0m same-file v1.0.6
2026-09-13T08:30:24.6210801Z [1m[92m  Downloaded[0m cc v1.2.62
2026-09-13T08:30:24.6254394Z [1m[92m  Downloaded[0m cfg-if v1.0.4
2026-09-13T08:30:24.6279907Z [1m[92m  Downloaded[0m crossbeam v0.8.4
2026-09-13T08:30:24.6305459Z [1m[92m  Downloaded[0m crossbeam-epoch v0.9.20
2026-09-13T08:30:24.6330475Z [1m[92m  Downloaded[0m crypto-common v0.1.7
2026-09-13T08:30:24.6339555Z [1m[92m  Downloaded[0m foldhash v0.1.5
2026-09-13T08:30:24.6351499Z [1m[92m  Downloaded[0m is_terminal_polyfill v1.70.2
2026-09-13T08:30:24.6360939Z [1m[92m  Downloaded[0m cfg-expr v0.20.7
2026-09-13T08:30:24.6391078Z [1m[92m  Downloaded[0m codespan v0.13.1
2026-09-13T08:30:24.6402337Z [1m[92m  Downloaded[0m colorchoice v1.0.5
2026-09-13T08:30:24.6411492Z [1m[92m  Downloaded[0m smol_str v0.3.2
2026-09-13T08:30:24.6426671Z [1m[92m  Downloaded[0m synstructure v0.13.2
2026-09-13T08:30:24.6436468Z [1m[92m  Downloaded[0m termcolor v1.4.1
2026-09-13T08:30:24.6448312Z [1m[92m  Downloaded[0m strum v0.28.0
2026-09-13T08:30:24.6456862Z [1m[92m  Downloaded[0m utf8parse v0.2.2
2026-09-13T08:30:24.6466519Z [1m[92m  Downloaded[0m strsim v0.11.1
2026-09-13T08:30:24.6478826Z [1m[92m  Downloaded[0m tap v1.0.1
2026-09-13T08:30:24.6487897Z [1m[92m  Downloaded[0m version_check v0.9.5
2026-09-13T08:30:24.6500097Z [1m[92m  Downloaded[0m zerofrom-derive v0.1.7
2026-09-13T08:30:24.6510108Z [1m[92m  Downloaded[0m tinyvec_macros v0.1.1
2026-09-13T08:30:24.6518143Z [1m[92m  Downloaded[0m target-lexicon v0.13.3
2026-09-13T08:30:24.6538533Z [1m[92m  Downloaded[0m thiserror v2.0.18
2026-09-13T08:30:24.6603024Z [1m[92m  Downloaded[0m tinystr v0.8.3
2026-09-13T08:30:24.6623110Z [1m[92m  Downloaded[0m strum_macros v0.28.0
2026-09-13T08:30:24.6647200Z [1m[92m  Downloaded[0m zerofrom v0.1.8
2026-09-13T08:30:24.6656383Z [1m[92m  Downloaded[0m utf8_iter v1.0.4
2026-09-13T08:30:24.6666387Z [1m[92m  Downloaded[0m yoke-derive v0.8.2
2026-09-13T08:30:24.6677731Z [1m[92m  Downloaded[0m thiserror-impl v2.0.18
2026-09-13T08:30:24.6691810Z [1m[92m  Downloaded[0m zstd v0.13.3
2026-09-13T08:30:24.6720991Z [1m[92m  Downloaded[0m untrusted v0.9.0
2026-09-13T08:30:24.6737215Z [1m[92m  Downloaded[0m writeable v0.6.3
2026-09-13T08:30:24.6757078Z [1m[92m  Downloaded[0m zerovec-derive v0.11.3
2026-09-13T08:30:24.6771802Z [1m[92m  Downloaded[0m zmij v1.0.21
2026-09-13T08:30:24.6789341Z [1m[92m  Downloaded[0m zstd-safe v7.2.4
2026-09-13T08:30:24.6803874Z [1m[92m  Downloaded[0m toml-span v0.7.1
2026-09-13T08:30:24.6820264Z [1m[92m  Downloaded[0m twox-hash v2.1.2
2026-09-13T08:30:24.6843206Z [1m[92m  Downloaded[0m walkdir v2.5.0
2026-09-13T08:30:24.6861450Z [1m[92m  Downloaded[0m wyz v0.5.1
2026-09-13T08:30:24.6873096Z [1m[92m  Downloaded[0m crossbeam-utils v0.8.21
2026-09-13T08:30:24.6900041Z [1m[92m  Downloaded[0m fixedbitset v0.5.7
2026-09-13T08:30:24.6918377Z [1m[92m  Downloaded[0m stable_deref_trait v1.2.1
2026-09-13T08:30:24.6926830Z [1m[92m  Downloaded[0m tame-index v0.26.3
2026-09-13T08:30:24.6969672Z [1m[92m  Downloaded[0m unicode-ident v1.0.24
2026-09-13T08:30:24.6997434Z [1m[92m  Downloaded[0m yoke v0.8.2
2026-09-13T08:30:24.7015220Z [1m[92m  Downloaded[0m idna_adapter v1.2.2
2026-09-13T08:30:24.7024167Z [1m[92m  Downloaded[0m itoa v1.0.18
2026-09-13T08:30:24.7088701Z [1m[92m  Downloaded[0m plain v0.2.3
2026-09-13T08:30:24.7089387Z [1m[92m  Downloaded[0m zerotrie v0.2.4
2026-09-13T08:30:24.7090039Z [1m[92m  Downloaded[0m cfg_aliases v0.2.1
2026-09-13T08:30:24.7099373Z [1m[92m  Downloaded[0m potential_utf v0.1.5
2026-09-13T08:30:24.7110347Z [1m[92m  Downloaded[0m radium v0.7.0
2026-09-13T08:30:24.7120138Z [1m[92m  Downloaded[0m scopeguard v1.2.0
2026-09-13T08:30:24.7132091Z [1m[92m  Downloaded[0m funty v2.0.0
2026-09-13T08:30:24.7139919Z [1m[92m  Downloaded[0m percent-encoding v2.3.2
2026-09-13T08:30:24.7148720Z [1m[92m  Downloaded[0m tinyvec v1.11.0
2026-09-13T08:30:24.7174472Z [1m[92m  Downloaded[0m typenum v1.20.0
2026-09-13T08:30:24.7208981Z [1m[92m  Downloaded[0m url v2.5.8
2026-09-13T08:30:24.7234033Z [1m[92m  Downloaded[0m syn v2.0.117
2026-09-13T08:30:24.7337332Z [1m[92m  Downloaded[0m heck v0.5.0
2026-09-13T08:30:24.7349844Z [1m[92m  Downloaded[0m scroll_derive v0.13.1
2026-09-13T08:30:24.7357929Z [1m[92m  Downloaded[0m aho-corasick v1.1.4
2026-09-13T08:30:24.7409230Z [1m[92m  Downloaded[0m sha2 v0.10.9
2026-09-13T08:30:24.7434591Z [1m[92m  Downloaded[0m zerovec v0.11.6
2026-09-13T08:30:24.7494311Z [1m[92m  Downloaded[0m digest v0.10.7
2026-09-13T08:30:24.7512327Z [1m[92m  Downloaded[0m lock_api v0.4.14
2026-09-13T08:30:24.7524634Z [1m[92m  Downloaded[0m log v0.4.29
2026-09-13T08:30:24.7549043Z [1m[92m  Downloaded[0m nu-ansi-term v0.50.3
2026-09-13T08:30:24.7572689Z [1m[92m  Downloaded[0m pkg-config v0.3.33
2026-09-13T08:30:24.7588125Z [1m[92m  Downloaded[0m proc-macro2 v1.0.106
2026-09-13T08:30:24.7617226Z [1m[92m  Downloaded[0m quote v1.0.45
2026-09-13T08:30:24.7643836Z [1m[92m  Downloaded[0m rustc-stable-hash v0.1.2
2026-09-13T08:30:24.7659391Z [1m[92m  Downloaded[0m scroll v0.13.0
2026-09-13T08:30:24.7673165Z [1m[92m  Downloaded[0m semver v1.0.28
2026-09-13T08:30:24.7695805Z [1m[92m  Downloaded[0m shlex v1.3.0
2026-09-13T08:30:24.7708284Z [1m[92m  Downloaded[0m smallvec v1.15.1
2026-09-13T08:30:24.7728986Z [1m[92m  Downloaded[0m unicode-normalization v0.1.25
2026-09-13T08:30:24.7762351Z [1m[92m  Downloaded[0m crossbeam-deque v0.8.6
2026-09-13T08:30:24.7776109Z [1m[92m  Downloaded[0m either v1.16.0
2026-09-13T08:30:24.7790385Z [1m[92m  Downloaded[0m find-msvc-tools v0.1.9
2026-09-13T08:30:24.7805793Z [1m[92m  Downloaded[0m globset v0.4.18
2026-09-13T08:30:24.7820537Z [1m[92m  Downloaded[0m jobserver v0.1.34
2026-09-13T08:30:24.7840761Z [1m[92m  Downloaded[0m litemap v0.8.2
2026-09-13T08:30:24.7863519Z [1m[92m  Downloaded[0m memmap2 v0.9.11
2026-09-13T08:30:24.7880579Z [1m[92m  Downloaded[0m parking_lot v0.12.5
2026-09-13T08:30:24.7905109Z [1m[92m  Downloaded[0m parking_lot_core v0.9.12
2026-09-13T08:30:24.7925878Z [1m[92m  Downloaded[0m icu_normalizer_data v2.2.0
2026-09-13T08:30:24.7946554Z [1m[92m  Downloaded[0m icu_properties v2.2.0
2026-09-13T08:30:24.7969461Z [1m[92m  Downloaded[0m icu_provider v2.2.0
2026-09-13T08:30:24.7995214Z [1m[92m  Downloaded[0m krates v0.21.2
2026-09-13T08:30:24.8019443Z [1m[92m  Downloaded[0m serde_core v1.0.228
2026-09-13T08:30:24.8046407Z [1m[92m  Downloaded[0m serde_derive v1.0.228
2026-09-13T08:30:24.8076793Z [1m[92m  Downloaded[0m getrandom v0.2.17
2026-09-13T08:30:24.8106271Z [1m[92m  Downloaded[0m icu_locale_core v2.2.0
2026-09-13T08:30:24.8176569Z [1m[92m  Downloaded[0m icu_normalizer v2.2.0
2026-09-13T08:30:24.8213388Z [1m[92m  Downloaded[0m rayon-core v1.13.0
2026-09-13T08:30:24.8250657Z [1m[92m  Downloaded[0m serde v1.0.228
2026-09-13T08:30:24.8287873Z [1m[92m  Downloaded[0m crossbeam-channel v0.5.15
2026-09-13T08:30:24.8327738Z [1m[92m  Downloaded[0m icu_collections v2.2.0
2026-09-13T08:30:24.8389534Z [1m[92m  Downloaded[0m indexmap v2.14.0
2026-09-13T08:30:24.8431453Z [1m[92m  Downloaded[0m memchr v2.8.0
2026-09-13T08:30:24.8484929Z [1m[92m  Downloaded[0m http v1.4.0
2026-09-13T08:30:24.8520821Z [1m[92m  Downloaded[0m unicode-width v0.2.2
2026-09-13T08:30:24.8574420Z [1m[92m  Downloaded[0m hashbrown v0.15.5
2026-09-13T08:30:24.8622823Z [1m[92m  Downloaded[0m hashbrown v0.17.1
2026-09-13T08:30:24.8678046Z [1m[92m  Downloaded[0m serde_json v1.0.150
2026-09-13T08:30:24.8751741Z [1m[92m  Downloaded[0m bitvec v1.0.1
2026-09-13T08:30:24.8920956Z [1m[92m  Downloaded[0m idna v1.1.0
2026-09-13T08:30:24.8955184Z [1m[92m  Downloaded[0m regex v1.12.3
2026-09-13T08:30:24.9008209Z [1m[92m  Downloaded[0m clap_builder v4.6.0
2026-09-13T08:30:24.9071171Z [1m[92m  Downloaded[0m rayon v1.12.0
2026-09-13T08:30:24.9167826Z [1m[92m  Downloaded[0m icu_properties_data v2.2.0
2026-09-13T08:30:24.9277752Z [1m[92m  Downloaded[0m bstr v1.12.1
2026-09-13T08:30:24.9354473Z [1m[92m  Downloaded[0m goblin v0.10.5
2026-09-13T08:30:24.9425032Z [1m[92m  Downloaded[0m fern v0.7.1
2026-09-13T08:30:24.9467945Z [1m[92m  Downloaded[0m regex-syntax v0.8.10
2026-09-13T08:30:24.9535849Z [1m[92m  Downloaded[0m regex-***mata v0.4.14
2026-09-13T08:30:24.9675239Z [1m[92m  Downloaded[0m zstd-sys v2.0.16+zstd.1.5.7
2026-09-13T08:30:24.9837049Z [1m[92m  Downloaded[0m jiff v0.2.24
2026-09-13T08:30:25.0002012Z [1m[92m  Downloaded[0m petgraph v0.8.1
2026-09-13T08:30:25.0189644Z [1m[92m  Downloaded[0m libc v0.2.186
2026-09-13T08:30:25.0579391Z [1m[92m  Downloaded[0m ring v0.17.14
2026-09-13T08:30:25.1001018Z [1m[92m  Downloaded[0m spdx v0.13.4
2026-09-13T08:30:25.2126980Z [1m[92m   Compiling[0m proc-macro2 v1.0.106
2026-09-13T08:30:25.2128000Z [1m[92m   Compiling[0m unicode-ident v1.0.24
2026-09-13T08:30:25.2129165Z [1m[92m   Compiling[0m quote v1.0.45
2026-09-13T08:30:25.2130237Z [1m[92m   Compiling[0m libc v0.2.186
2026-09-13T08:30:25.4660179Z [1m[92m   Compiling[0m stable_deref_trait v1.2.1
2026-09-13T08:30:25.5638606Z [1m[92m   Compiling[0m serde_core v1.0.228
2026-09-13T08:30:25.6839224Z [1m[92m   Compiling[0m shlex v1.3.0
2026-09-13T08:30:25.7156808Z [1m[92m   Compiling[0m smallvec v1.15.1
2026-09-13T08:30:25.8996975Z [1m[92m   Compiling[0m find-msvc-tools v0.1.9
2026-09-13T08:30:26.4722492Z [1m[92m   Compiling[0m crossbeam-utils v0.8.21
2026-09-13T08:30:26.8084176Z [1m[92m   Compiling[0m syn v2.0.117
2026-09-13T08:30:26.8176444Z [1m[92m   Compiling[0m memchr v2.8.0
2026-09-13T08:30:26.9467094Z [1m[92m   Compiling[0m jobserver v0.1.34
2026-09-13T08:30:27.2291698Z [1m[92m   Compiling[0m cc v1.2.62
2026-09-13T08:30:28.4746670Z [1m[92m   Compiling[0m serde v1.0.228
2026-09-13T08:30:28.6192483Z [1m[92m   Compiling[0m version_check v0.9.5
2026-09-13T08:30:28.8447041Z [1m[92m   Compiling[0m generic-array v0.14.7
2026-09-13T08:30:28.9590897Z [1m[92m   Compiling[0m writeable v0.6.3
2026-09-13T08:30:28.9835739Z [1m[92m   Compiling[0m litemap v0.8.2
2026-09-13T08:30:29.0526724Z [1m[92m   Compiling[0m pkg-config v0.3.33
2026-09-13T08:30:29.1197612Z [1m[92m   Compiling[0m synstructure v0.13.2
2026-09-13T08:30:29.1316760Z [1m[92m   Compiling[0m crossbeam-epoch v0.9.20
2026-09-13T08:30:29.4966821Z [1m[92m   Compiling[0m zstd-sys v2.0.16+zstd.1.5.7
2026-09-13T08:30:29.5626763Z [1m[92m   Compiling[0m icu_properties_data v2.2.0
2026-09-13T08:30:29.6546952Z [1m[92m   Compiling[0m icu_normalizer_data v2.2.0
2026-09-13T08:30:29.6860021Z [1m[92m   Compiling[0m typenum v1.20.0
2026-09-13T08:30:29.7425016Z [1m[92m   Compiling[0m utf8_iter v1.0.4
2026-09-13T08:30:29.8330589Z [1m[92m   Compiling[0m cfg-if v1.0.4
2026-09-13T08:30:30.1142761Z [1m[92m   Compiling[0m zerofrom-derive v0.1.7
2026-09-13T08:30:30.1424157Z [1m[92m   Compiling[0m yoke-derive v0.8.2
2026-09-13T08:30:30.3414164Z [1m[92m   Compiling[0m zerovec-derive v0.11.3
2026-09-13T08:30:30.6838824Z [1m[92m   Compiling[0m zerofrom v0.1.8
2026-09-13T08:30:30.7349709Z [1m[92m   Compiling[0m displaydoc v0.2.5
2026-09-13T08:30:30.7656742Z [1m[92m   Compiling[0m yoke v0.8.2
2026-09-13T08:30:30.9494083Z [1m[92m   Compiling[0m serde_derive v1.0.228
2026-09-13T08:30:31.1964692Z [1m[92m   Compiling[0m zerovec v0.11.6
2026-09-13T08:30:31.2107266Z [1m[92m   Compiling[0m zerotrie v0.2.4
2026-09-13T08:30:31.7290674Z [1m[92m   Compiling[0m tinystr v0.8.3
2026-09-13T08:30:31.8472775Z [1m[92m   Compiling[0m icu_locale_core v2.2.0
2026-09-13T08:30:32.1086793Z [1m[92m   Compiling[0m potential_utf v0.1.5
2026-09-13T08:30:32.1846825Z [1m[92m   Compiling[0m icu_collections v2.2.0
2026-09-13T08:30:33.0436875Z [1m[92m   Compiling[0m icu_provider v2.2.0
2026-09-13T08:30:33.7416799Z [1m[92m   Compiling[0m zmij v1.0.21
2026-09-13T08:30:33.8916787Z [1m[92m   Compiling[0m crossbeam-deque v0.8.6
2026-09-13T08:30:34.0886636Z [1m[92m   Compiling[0m aho-corasick v1.1.4
2026-09-13T08:30:34.1116385Z [1m[92m   Compiling[0m regex-syntax v0.8.10
2026-09-13T08:30:34.3137264Z [1m[92m   Compiling[0m unicode-width v0.2.2
2026-09-13T08:30:34.5065082Z [1m[92m   Compiling[0m utf8parse v0.2.2
2026-09-13T08:30:34.5536799Z [1m[92m   Compiling[0m termcolor v1.4.1
2026-09-13T08:30:34.8516938Z [1m[92m   Compiling[0m equivalent v1.0.2
2026-09-13T08:30:34.8906714Z [1m[92m   Compiling[0m target-lexicon v0.13.3
2026-09-13T08:30:35.2156990Z [1m[92m   Compiling[0m itoa v1.0.18
2026-09-13T08:30:35.3746558Z [1m[92m   Compiling[0m serde_json v1.0.150
2026-09-13T08:30:35.4657060Z [1m[92m   Compiling[0m camino v1.2.2
2026-09-13T08:30:35.6208482Z [1m[92m   Compiling[0m rayon-core v1.13.0
2026-09-13T08:30:35.6996697Z [1m[92m   Compiling[0m zstd-safe v7.2.4
2026-09-13T08:30:35.8436858Z [1m[92m   Compiling[0m codespan-reporting v0.13.1
2026-09-13T08:30:36.7647445Z [1m[92m   Compiling[0m regex-***mata v0.4.14
2026-09-13T08:30:37.4076887Z [1m[92m   Compiling[0m anstyle-parse v1.0.0
2026-09-13T08:30:37.5393488Z [1m[92m   Compiling[0m icu_properties v2.2.0
2026-09-13T08:30:38.5197029Z [1m[92m   Compiling[0m icu_normalizer v2.2.0
2026-09-13T08:30:39.1807862Z [1m[92m   Compiling[0m block-buffer v0.10.4
2026-09-13T08:30:39.2160431Z [1m[92m   Compiling[0m crypto-common v0.1.7
2026-09-13T08:30:39.2622680Z [1m[92m   Compiling[0m tinyvec_macros v0.1.1
2026-09-13T08:30:39.2708365Z [1m[92m   Compiling[0m anstyle v1.0.14
2026-09-13T08:30:39.2932737Z [1m[92m   Compiling[0m anstyle-query v1.1.5
2026-09-13T08:30:39.3382954Z [1m[92m   Compiling[0m radium v0.7.0
2026-09-13T08:30:39.4542981Z [1m[92m   Compiling[0m allocator-api2 v0.2.21
2026-09-13T08:30:39.4606449Z [1m[92m   Compiling[0m thiserror v2.0.18
2026-09-13T08:30:39.6307079Z [1m[92m   Compiling[0m log v0.4.29
2026-09-13T08:30:39.7756866Z [1m[92m   Compiling[0m is_terminal_polyfill v1.70.2
2026-09-13T08:30:39.7796230Z [1m[92m   Compiling[0m hashbrown v0.17.1
2026-09-13T08:30:39.8078129Z [1m[92m   Compiling[0m parking_lot_core v0.9.12
2026-09-13T08:30:39.9151468Z [1m[92m   Compiling[0m foldhash v0.1.5
2026-09-13T08:30:40.0446875Z [1m[92m   Compiling[0m colorchoice v1.0.5
2026-09-13T08:30:40.0937182Z [1m[92m   Compiling[0m anstream v1.0.0
2026-09-13T08:30:40.3996751Z [1m[92m   Compiling[0m hashbrown v0.15.5
2026-09-13T08:30:40.4647309Z [1m[92m   Compiling[0m indexmap v2.14.0
2026-09-13T08:30:41.1329446Z [1m[92m   Compiling[0m tinyvec v1.11.0
2026-09-13T08:30:41.2986983Z [1m[92m   Compiling[0m digest v0.10.7
2026-09-13T08:30:41.5556740Z [1m[92m   Compiling[0m idna_adapter v1.2.2
2026-09-13T08:30:43.3277504Z [1m[92m   Compiling[0m thiserror-impl v2.0.18
2026-09-13T08:30:43.3747195Z [1m[92m   Compiling[0m scroll_derive v0.13.1
2026-09-13T08:30:43.5376620Z [1m[92m   Compiling[0m ring v0.17.14
2026-09-13T08:30:44.0016630Z [1m[92m   Compiling[0m semver v1.0.28
2026-09-13T08:30:44.0136103Z [1m[92m   Compiling[0m scopeguard v1.2.0
2026-09-13T08:30:44.0534206Z [1m[92m   Compiling[0m either v1.16.0
2026-09-13T08:30:44.1916690Z [1m[92m   Compiling[0m percent-encoding v2.3.2
2026-09-13T08:30:44.4496578Z [1m[92m   Compiling[0m cpufeatures v0.2.17
2026-09-13T08:30:44.5016560Z [1m[92m   Compiling[0m fixedbitset v0.5.7
2026-09-13T08:30:44.5096569Z [1m[92m   Compiling[0m heck v0.5.0
2026-09-13T08:30:44.6622303Z [1m[92m   Compiling[0m anyhow v1.0.103
2026-09-13T08:30:44.7546950Z [1m[92m   Compiling[0m strsim v0.11.1
2026-09-13T08:30:44.8496727Z [1m[92m   Compiling[0m bytes v1.11.1
2026-09-13T08:30:44.8676793Z [1m[92m   Compiling[0m clap_lex v1.1.0
2026-09-13T08:30:45.0807167Z [1m[92m   Compiling[0m tap v1.0.1
2026-09-13T08:30:45.1437448Z [1m[92m   Compiling[0m wyz v0.5.1
2026-09-13T08:30:45.3087235Z [1m[92m   Compiling[0m clap_builder v4.6.0
2026-09-13T08:30:45.4128469Z [1m[92m   Compiling[0m petgraph v0.8.1
2026-09-13T08:30:45.5447374Z [1m[92m   Compiling[0m http v1.4.0
2026-09-13T08:30:46.8952724Z [1m[92m   Compiling[0m strum_macros v0.28.0
2026-09-13T08:30:47.2597353Z [1m[92m   Compiling[0m sha2 v0.10.9
2026-09-13T08:30:48.0932796Z [1m[92m   Compiling[0m form_urlencoded v1.2.2
2026-09-13T08:30:48.2327343Z [1m[92m   Compiling[0m rayon v1.12.0
2026-09-13T08:30:48.7556611Z [1m[92m   Compiling[0m lock_api v0.4.14
2026-09-13T08:30:48.9528635Z [1m[92m   Compiling[0m scroll v0.13.0
2026-09-13T08:30:50.7067131Z [1m[92m   Compiling[0m cfg-expr v0.20.7
2026-09-13T08:30:51.4356989Z [1m[92m   Compiling[0m idna v1.1.0
2026-09-13T08:30:52.0927038Z [1m[92m   Compiling[0m unicode-normalization v0.1.25
2026-09-13T08:30:52.8104672Z [1m[92m   Compiling[0m regex v1.12.3
2026-09-13T08:30:52.9706981Z [1m[92m   Compiling[0m toml-span v0.7.1
2026-09-13T08:30:53.5341743Z [1m[92m   Compiling[0m smol_str v0.3.2
2026-09-13T08:30:53.7256775Z [1m[92m   Compiling[0m getrandom v0.2.17
2026-09-13T08:30:53.8468118Z [1m[92m   Compiling[0m crossbeam-channel v0.5.15
2026-09-13T08:30:54.3617535Z [1m[92m   Compiling[0m crossbeam-queue v0.3.12
2026-09-13T08:30:54.4660543Z [1m[92m   Compiling[0m bstr v1.12.1
2026-09-13T08:30:54.7076681Z [1m[92m   Compiling[0m untrusted v0.9.0
2026-09-13T08:30:54.7736435Z [1m[92m   Compiling[0m same-file v1.0.6
2026-09-13T08:30:54.8547062Z [1m[92m   Compiling[0m twox-hash v2.1.2
2026-09-13T08:30:54.9672256Z [1m[92m   Compiling[0m plain v0.2.3
2026-09-13T08:30:55.0187321Z [1m[92m   Compiling[0m rustc-stable-hash v0.1.2
2026-09-13T08:30:55.0238086Z [1m[92m   Compiling[0m funty v2.0.0
2026-09-13T08:30:55.1376858Z [1m[92m   Compiling[0m tame-index v0.26.3
2026-09-13T08:30:55.8137209Z [1m[92m   Compiling[0m bitvec v1.0.1
2026-09-13T08:30:58.4413496Z [1m[92m   Compiling[0m goblin v0.10.5
2026-09-13T08:30:58.6676700Z [1m[92m   Compiling[0m globset v0.4.18
2026-09-13T08:31:00.0755084Z [1m[92m   Compiling[0m walkdir v2.5.0
2026-09-13T08:31:00.3559738Z [1m[92m   Compiling[0m crossbeam v0.8.4
2026-09-13T08:31:00.3837229Z [1m[92m   Compiling[0m parking_lot v0.12.5
2026-09-13T08:31:00.7752739Z [1m[92m   Compiling[0m url v2.5.8
2026-09-13T08:31:01.9021953Z [1m[92m   Compiling[0m krates v0.21.2
2026-09-13T08:31:05.4024087Z [1m[92m   Compiling[0m strum v0.28.0
2026-09-13T08:31:05.4577143Z [1m[92m   Compiling[0m clap v4.6.1
2026-09-13T08:31:05.8884003Z [1m[92m   Compiling[0m fern v0.7.1
2026-09-13T08:31:06.3576809Z [1m[92m   Compiling[0m codespan v0.13.1
2026-09-13T08:31:06.6717149Z [1m[92m   Compiling[0m memmap2 v0.9.11
2026-09-13T08:31:06.7167233Z [1m[92m   Compiling[0m nu-ansi-term v0.50.3
2026-09-13T08:31:06.7497204Z [1m[92m   Compiling[0m jiff v0.2.24
2026-09-13T08:31:14.2477402Z [1m[92m   Compiling[0m zstd v0.13.3
2026-09-13T08:31:14.3851701Z [1m[92m   Compiling[0m spdx v0.13.4
2026-09-13T08:31:14.8120123Z [1m[92m   Compiling[0m cargo-deny v0.20.2
2026-09-13T08:32:20.7596571Z [1m[92m    Finished[0m `release` profile [optimized] target(s) in 1m 56s
2026-09-13T08:32:20.7711084Z [1m[92m  Installing[0m /home/runner/.cargo/bin/cargo-deny
2026-09-13T08:32:20.7715754Z [1m[92m   Installed[0m package `cargo-deny v0.20.2` (executable `cargo-deny`)
2026-09-13T08:32:20.8553887Z ##[group]Run set -euo pipefail
2026-09-13T08:32:20.8554239Z [36;1mset -euo pipefail[0m
2026-09-13T08:32:20.8554501Z [36;1msudo apt-get update[0m
2026-09-13T08:32:20.8554857Z [36;1msudo apt-get install --yes --no-install-recommends bubblewrap[0m
2026-09-13T08:32:20.8555545Z [36;1mbwrap --version[0m
2026-09-13T08:32:20.8555861Z [36;1mprlimit --version[0m
2026-09-13T08:32:20.8592595Z shell: /usr/bin/bash -e {0}
2026-09-13T08:32:20.8592857Z env:
2026-09-13T08:32:20.8593071Z   CARGO_HOME: /home/runner/.cargo
2026-09-13T08:32:20.8593347Z   CARGO_INCREMENTAL: 0
2026-09-13T08:32:20.8593580Z   CARGO_TERM_COLOR: always
2026-09-13T08:32:20.8593819Z ##[endgroup]
2026-09-13T08:32:20.9420108Z Get:1 file:/etc/apt/apt-mirrors.txt Mirrorlist [144 B]
2026-09-13T08:32:20.9754334Z Hit:2 http://azure.archive.ubuntu.com/ubuntu noble InRelease
2026-09-13T08:32:20.9756187Z Get:6 https://packages.microsoft.com/ubuntu/24.04/prod noble InRelease [3600 B]
2026-09-13T08:32:20.9806430Z Get:3 http://azure.archive.ubuntu.com/ubuntu noble-updates InRelease [126 kB]
2026-09-13T08:32:20.9844471Z Get:4 http://azure.archive.ubuntu.com/ubuntu noble-backports InRelease [126 kB]
2026-09-13T08:32:20.9856613Z Get:5 http://azure.archive.ubuntu.com/ubuntu noble-security InRelease [126 kB]
2026-09-13T08:32:21.0080967Z Get:7 https://dl.google.com/linux/chrome-stable/deb stable InRelease [2548 B]
2026-09-13T08:32:21.1080532Z Get:8 https://packages.microsoft.com/ubuntu/24.04/prod noble/main arm64 Packages [414 kB]
2026-09-13T08:32:21.1217099Z Get:9 https://packages.microsoft.com/ubuntu/24.04/prod noble/main amd64 Packages [463 kB]
2026-09-13T08:32:21.1592512Z Get:10 http://azure.archive.ubuntu.com/ubuntu noble-updates/main amd64 Packages [1263 kB]
2026-09-13T08:32:21.1666472Z Get:11 http://azure.archive.ubuntu.com/ubuntu noble-updates/main Translation-en [292 kB]
2026-09-13T08:32:21.1686499Z Get:12 http://azure.archive.ubuntu.com/ubuntu noble-updates/main amd64 Components [180 kB]
2026-09-13T08:32:21.1694291Z Get:13 http://azure.archive.ubuntu.com/ubuntu noble-updates/universe amd64 Packages [1690 kB]
2026-09-13T08:32:21.1793295Z Get:14 http://azure.archive.ubuntu.com/ubuntu noble-updates/universe amd64 Components [388 kB]
2026-09-13T08:32:21.1837700Z Get:15 http://azure.archive.ubuntu.com/ubuntu noble-updates/restricted amd64 Packages [1544 kB]
2026-09-13T08:32:21.1915032Z Get:16 http://azure.archive.ubuntu.com/ubuntu noble-updates/restricted Translation-en [354 kB]
2026-09-13T08:32:21.1937622Z Get:17 http://azure.archive.ubuntu.com/ubuntu noble-updates/multiverse amd64 Components [940 B]
2026-09-13T08:32:21.2124169Z Get:18 http://azure.archive.ubuntu.com/ubuntu noble-backports/main amd64 Components [5748 B]
2026-09-13T08:32:21.2131765Z Get:19 http://azure.archive.ubuntu.com/ubuntu noble-backports/universe amd64 Components [12.6 kB]
2026-09-13T08:32:21.3077215Z Get:20 http://azure.archive.ubuntu.com/ubuntu noble-security/main amd64 Packages [1006 kB]
2026-09-13T08:32:21.3111978Z Get:21 http://azure.archive.ubuntu.com/ubuntu noble-security/main Translation-en [213 kB]
2026-09-13T08:32:21.3127989Z Get:22 http://azure.archive.ubuntu.com/ubuntu noble-security/main amd64 Components [46.4 kB]
2026-09-13T08:32:21.3138240Z Get:23 http://azure.archive.ubuntu.com/ubuntu noble-security/universe amd64 Packages [1206 kB]
2026-09-13T08:32:21.3193733Z Get:24 http://azure.archive.ubuntu.com/ubuntu noble-security/universe amd64 Components [76.3 kB]
2026-09-13T08:32:21.3203743Z Get:25 http://azure.archive.ubuntu.com/ubuntu noble-security/restricted amd64 Packages [1445 kB]
2026-09-13T08:32:21.3267743Z Get:27 https://dl.google.com/linux/chrome-stable/deb stable/main amd64 Packages [1409 B]
2026-09-13T08:32:21.3286101Z Get:26 http://azure.archive.ubuntu.com/ubuntu noble-security/restricted Translation-en [336 kB]
2026-09-13T08:32:25.3052340Z Fetched 11.3 MB in 1s (8790 kB/s)
2026-09-13T08:32:26.0793102Z Reading package lists...
2026-09-13T08:32:26.1091372Z Reading package lists...
2026-09-13T08:32:26.2672217Z Building dependency tree...
2026-09-13T08:32:26.2680076Z Reading state information...
2026-09-13T08:32:26.4105795Z The following NEW packages will be installed:
2026-09-13T08:32:26.4111337Z   bubblewrap
2026-09-13T08:32:26.4269935Z 0 upgraded, 1 newly installed, 0 to remove and 50 not upgraded.
2026-09-13T08:32:26.4270509Z Need to get 50.2 kB of archives.
2026-09-13T08:32:26.4270877Z After this operation, 133 kB of additional disk space will be used.
2026-09-13T08:32:26.4271315Z Get:1 file:/etc/apt/apt-mirrors.txt Mirrorlist [144 B]
2026-09-13T08:32:26.4539058Z Get:2 http://azure.archive.ubuntu.com/ubuntu noble-updates/main amd64 bubblewrap amd64 0.9.0-1ubuntu0.1 [50.2 kB]
2026-09-13T08:32:26.6976577Z Fetched 50.2 kB in 0s (1077 kB/s)
2026-09-13T08:32:26.7197541Z Selecting previously unselected package bubblewrap.
2026-09-13T08:32:26.7471128Z (Reading database ... 
2026-09-13T08:32:26.7471797Z (Reading database ... 5%
2026-09-13T08:32:26.7472091Z (Reading database ... 10%
2026-09-13T08:32:26.7472366Z (Reading database ... 15%
2026-09-13T08:32:26.7473018Z (Reading database ... 20%
2026-09-13T08:32:26.7473499Z (Reading database ... 25%
2026-09-13T08:32:26.7473906Z (Reading database ... 30%
2026-09-13T08:32:26.7474324Z (Reading database ... 35%
2026-09-13T08:32:26.7474732Z (Reading database ... 40%
2026-09-13T08:32:26.7475157Z (Reading database ... 45%
2026-09-13T08:32:26.7475712Z (Reading database ... 50%
2026-09-13T08:32:26.7522036Z (Reading database ... 55%
2026-09-13T08:32:26.9022502Z (Reading database ... 60%
2026-09-13T08:32:27.1008025Z (Reading database ... 65%
2026-09-13T08:32:27.2485337Z (Reading database ... 70%
2026-09-13T08:32:27.4428536Z (Reading database ... 75%
2026-09-13T08:32:27.6225014Z (Reading database ... 80%
2026-09-13T08:32:27.8521380Z (Reading database ... 85%
2026-09-13T08:32:28.0433711Z (Reading database ... 90%
2026-09-13T08:32:28.2115155Z (Reading database ... 95%
2026-09-13T08:32:28.2116070Z (Reading database ... 100%
2026-09-13T08:32:28.2116535Z (Reading database ... 201818 files and directories currently installed.)
2026-09-13T08:32:28.2155875Z Preparing to unpack .../bubblewrap_0.9.0-1ubuntu0.1_amd64.deb ...
2026-09-13T08:32:28.2183762Z Unpacking bubblewrap (0.9.0-1ubuntu0.1) ...
2026-09-13T08:32:28.2604623Z Setting up bubblewrap (0.9.0-1ubuntu0.1) ...
2026-09-13T08:32:28.2659415Z Processing triggers for man-db (2.12.0-4build2) ...
2026-09-13T08:32:28.2682223Z Not building database; man-db/***-update is not 'true'.
2026-09-13T08:32:28.8792261Z 
2026-09-13T08:32:28.8792800Z Running kernel seems to be up-to-date.
2026-09-13T08:32:28.8793174Z 
2026-09-13T08:32:28.8793320Z No services need to be restarted.
2026-09-13T08:32:28.8793651Z 
2026-09-13T08:32:28.8793994Z No containers need to be restarted.
2026-09-13T08:32:28.8794344Z 
2026-09-13T08:32:28.8794557Z No user sessions are running outdated binaries.
2026-09-13T08:32:28.8794953Z 
2026-09-13T08:32:28.8795515Z No VM guests are running outdated hypervisor (qemu) binaries on this host.
2026-09-13T08:32:29.6565906Z bubblewrap 0.9.0
2026-09-13T08:32:29.6869131Z prlimit from util-linux 2.39.3
2026-09-13T08:32:29.6901227Z ##[group]Run sudo sysctl -w kernel.apparmor_restrict_unprivileged_userns=0
2026-09-13T08:32:29.6901798Z [36;1msudo sysctl -w kernel.apparmor_restrict_unprivileged_userns=0[0m
2026-09-13T08:32:29.6937779Z shell: /usr/bin/bash -e {0}
2026-09-13T08:32:29.6938222Z env:
2026-09-13T08:32:29.6938444Z   CARGO_HOME: /home/runner/.cargo
2026-09-13T08:32:29.6938720Z   CARGO_INCREMENTAL: 0
2026-09-13T08:32:29.6938961Z   CARGO_TERM_COLOR: always
2026-09-13T08:32:29.6939205Z ##[endgroup]
2026-09-13T08:32:29.7051421Z kernel.apparmor_restrict_unprivileged_userns = 0
2026-09-13T08:32:29.7087081Z ##[group]Run bash scripts/prepare-build.sh
2026-09-13T08:32:29.7087463Z [36;1mbash scripts/prepare-build.sh[0m
2026-09-13T08:32:29.7131057Z shell: /usr/bin/bash -e {0}
2026-09-13T08:32:29.7131322Z env:
2026-09-13T08:32:29.7131538Z   CARGO_HOME: /home/runner/.cargo
2026-09-13T08:32:29.7131810Z   CARGO_INCREMENTAL: 0
2026-09-13T08:32:29.7132051Z   CARGO_TERM_COLOR: always
2026-09-13T08:32:29.7132280Z ##[endgroup]
2026-09-13T08:32:30.8433736Z prepare-build: wrote Cargo.toml and candidate-worker/Cargo.toml
2026-09-13T08:32:30.8671274Z [1m[92m Downloading[0m crates ...
2026-09-13T08:32:30.9035190Z [1m[92m  Downloaded[0m bitflags v2.13.0
2026-09-13T08:32:30.9108977Z [1m[92m  Downloaded[0m ***cfg v1.5.1
2026-09-13T08:32:30.9137858Z [1m[92m  Downloaded[0m bytemuck v1.25.0
2026-09-13T08:32:30.9186797Z [1m[92m  Downloaded[0m pulp-wasm-simd-flag v0.1.1
2026-09-13T08:32:30.9193634Z [1m[92m  Downloaded[0m crossbeam-epoch v0.9.18
2026-09-13T08:32:30.9230377Z [1m[92m  Downloaded[0m paste v1.0.15
2026-09-13T08:32:30.9280266Z [1m[92m  Downloaded[0m quote v1.0.46
2026-09-13T08:32:30.9322152Z [1m[92m  Downloaded[0m reborrow v0.5.5
2026-09-13T08:32:30.9331707Z [1m[92m  Downloaded[0m feral-amf v0.2.1
2026-09-13T08:32:30.9344762Z [1m[92m  Downloaded[0m num-complex v0.4.6
2026-09-13T08:32:30.9366774Z [1m[92m  Downloaded[0m feral-amd v0.2.1
2026-09-13T08:32:30.9395569Z [1m[92m  Downloaded[0m feral-metis v0.2.1
2026-09-13T08:32:30.9411168Z [1m[92m  Downloaded[0m feral-ordering-core v0.2.1
2026-09-13T08:32:30.9425081Z [1m[92m  Downloaded[0m feral-scotch v0.2.1
2026-09-13T08:32:30.9440502Z [1m[92m  Downloaded[0m feral-kahip v0.2.1
2026-09-13T08:32:30.9455647Z [1m[92m  Downloaded[0m num-traits v0.2.19
2026-09-13T08:32:30.9482079Z [1m[92m  Downloaded[0m memchr v2.8.2
2026-09-13T08:32:30.9536642Z [1m[92m  Downloaded[0m pulp v0.22.3
2026-09-13T08:32:30.9585242Z [1m[92m  Downloaded[0m raw-cpuid v11.6.0
2026-09-13T08:32:30.9619163Z [1m[92m  Downloaded[0m libm v0.2.16
2026-09-13T08:32:30.9729435Z [1m[92m  Downloaded[0m syn v2.0.118
2026-09-13T08:32:30.9832586Z [1m[92m  Downloaded[0m feral v0.11.0
2026-09-13T08:32:30.9972891Z [1m[92m   Vendoring[0m ***cfg v1.5.1 (/home/runner/.cargo/registry/src/index.crates.io-1949cf8c6b5b557f/***cfg-1.5.1) to vendor/***cfg
2026-09-13T08:32:30.9998754Z [1m[92m   Vendoring[0m bitflags v2.13.0 (/home/runner/.cargo/registry/src/index.crates.io-1949cf8c6b5b557f/bitflags-2.13.0) to vendor/bitflags
2026-09-13T08:32:31.0051906Z [1m[92m   Vendoring[0m bytemuck v1.25.0 (/home/runner/.cargo/registry/src/index.crates.io-1949cf8c6b5b557f/bytemuck-1.25.0) to vendor/bytemuck
2026-09-13T08:32:31.0087844Z [1m[92m   Vendoring[0m cfg-if v1.0.4 (/home/runner/.cargo/registry/src/index.crates.io-1949cf8c6b5b557f/cfg-if-1.0.4) to vendor/cfg-if
2026-09-13T08:32:31.0102622Z [1m[92m   Vendoring[0m crossbeam-deque v0.8.6 (/home/runner/.cargo/registry/src/index.crates.io-1949cf8c6b5b557f/crossbeam-deque-0.8.6) to vendor/crossbeam-deque
2026-09-13T08:32:31.0119086Z [1m[92m   Vendoring[0m crossbeam-epoch v0.9.18 (/home/runner/.cargo/registry/src/index.crates.io-1949cf8c6b5b557f/crossbeam-epoch-0.9.18) to vendor/crossbeam-epoch
2026-09-13T08:32:31.0147157Z [1m[92m   Vendoring[0m crossbeam-utils v0.8.21 (/home/runner/.cargo/registry/src/index.crates.io-1949cf8c6b5b557f/crossbeam-utils-0.8.21) to vendor/crossbeam-utils
2026-09-13T08:32:31.0177815Z [1m[92m   Vendoring[0m either v1.16.0 (/home/runner/.cargo/registry/src/index.crates.io-1949cf8c6b5b557f/either-1.16.0) to vendor/either
2026-09-13T08:32:31.0193977Z [1m[92m   Vendoring[0m feral v0.11.0 (/home/runner/.cargo/registry/src/index.crates.io-1949cf8c6b5b557f/feral-0.11.0) to vendor/feral
2026-09-13T08:32:31.0321967Z [1m[92m   Vendoring[0m feral-amd v0.2.1 (/home/runner/.cargo/registry/src/index.crates.io-1949cf8c6b5b557f/feral-amd-0.2.1) to vendor/feral-amd
2026-09-13T08:32:31.0345000Z [1m[92m   Vendoring[0m feral-amf v0.2.1 (/home/runner/.cargo/registry/src/index.crates.io-1949cf8c6b5b557f/feral-amf-0.2.1) to vendor/feral-amf
2026-09-13T08:32:31.0356602Z [1m[92m   Vendoring[0m feral-kahip v0.2.1 (/home/runner/.cargo/registry/src/index.crates.io-1949cf8c6b5b557f/feral-kahip-0.2.1) to vendor/feral-kahip
2026-09-13T08:32:31.0374192Z [1m[92m   Vendoring[0m feral-metis v0.2.1 (/home/runner/.cargo/registry/src/index.crates.io-1949cf8c6b5b557f/feral-metis-0.2.1) to vendor/feral-metis
2026-09-13T08:32:31.0393027Z [1m[92m   Vendoring[0m feral-ordering-core v0.2.1 (/home/runner/.cargo/registry/src/index.crates.io-1949cf8c6b5b557f/feral-ordering-core-0.2.1) to vendor/feral-ordering-core
2026-09-13T08:32:31.0409816Z [1m[92m   Vendoring[0m feral-scotch v0.2.1 (/home/runner/.cargo/registry/src/index.crates.io-1949cf8c6b5b557f/feral-scotch-0.2.1) to vendor/feral-scotch
2026-09-13T08:32:31.0427765Z [1m[92m   Vendoring[0m itoa v1.0.18 (/home/runner/.cargo/registry/src/index.crates.io-1949cf8c6b5b557f/itoa-1.0.18) to vendor/itoa
2026-09-13T08:32:31.0443892Z [1m[92m   Vendoring[0m libm v0.2.16 (/home/runner/.cargo/registry/src/index.crates.io-1949cf8c6b5b557f/libm-0.2.16) to vendor/libm
2026-09-13T08:32:31.0575243Z [1m[92m   Vendoring[0m memchr v2.8.2 (/home/runner/.cargo/registry/src/index.crates.io-1949cf8c6b5b557f/memchr-2.8.2) to vendor/memchr
2026-09-13T08:32:31.0642687Z [1m[92m   Vendoring[0m num-complex v0.4.6 (/home/runner/.cargo/registry/src/index.crates.io-1949cf8c6b5b557f/num-complex-0.4.6) to vendor/num-complex
2026-09-13T08:32:31.0658270Z [1m[92m   Vendoring[0m num-traits v0.2.19 (/home/runner/.cargo/registry/src/index.crates.io-1949cf8c6b5b557f/num-traits-0.2.19) to vendor/num-traits
2026-09-13T08:32:31.0688341Z [1m[92m   Vendoring[0m paste v1.0.15 (/home/runner/.cargo/registry/src/index.crates.io-1949cf8c6b5b557f/paste-1.0.15) to vendor/paste
2026-09-13T08:32:31.0726584Z [1m[92m   Vendoring[0m proc-macro2 v1.0.106 (/home/runner/.cargo/registry/src/index.crates.io-1949cf8c6b5b557f/proc-macro2-1.0.106) to vendor/proc-macro2
2026-09-13T08:32:31.0760886Z [1m[92m   Vendoring[0m pulp v0.22.3 (/home/runner/.cargo/registry/src/index.crates.io-1949cf8c6b5b557f/pulp-0.22.3) to vendor/pulp
2026-09-13T08:32:31.0823935Z [1m[92m   Vendoring[0m pulp-wasm-simd-flag v0.1.1 (/home/runner/.cargo/registry/src/index.crates.io-1949cf8c6b5b557f/pulp-wasm-simd-flag-0.1.1) to vendor/pulp-wasm-simd-flag
2026-09-13T08:32:31.0831770Z [1m[92m   Vendoring[0m quote v1.0.46 (/home/runner/.cargo/registry/src/index.crates.io-1949cf8c6b5b557f/quote-1.0.46) to vendor/quote
2026-09-13T08:32:31.0863762Z [1m[92m   Vendoring[0m raw-cpuid v11.6.0 (/home/runner/.cargo/registry/src/index.crates.io-1949cf8c6b5b557f/raw-cpuid-11.6.0) to vendor/raw-cpuid
2026-09-13T08:32:31.0903623Z [1m[92m   Vendoring[0m rayon v1.12.0 (/home/runner/.cargo/registry/src/index.crates.io-1949cf8c6b5b557f/rayon-1.12.0) to vendor/rayon
2026-09-13T08:32:31.1018286Z [1m[92m   Vendoring[0m rayon-core v1.13.0 (/home/runner/.cargo/registry/src/index.crates.io-1949cf8c6b5b557f/rayon-core-1.13.0) to vendor/rayon-core
2026-09-13T08:32:31.1062237Z [1m[92m   Vendoring[0m reborrow v0.5.5 (/home/runner/.cargo/registry/src/index.crates.io-1949cf8c6b5b557f/reborrow-0.5.5) to vendor/reborrow
2026-09-13T08:32:31.1070391Z [1m[92m   Vendoring[0m serde v1.0.228 (/home/runner/.cargo/registry/src/index.crates.io-1949cf8c6b5b557f/serde-1.0.228) to vendor/serde
2026-09-13T08:32:31.1112507Z [1m[92m   Vendoring[0m serde_core v1.0.228 (/home/runner/.cargo/registry/src/index.crates.io-1949cf8c6b5b557f/serde_core-1.0.228) to vendor/serde_core
2026-09-13T08:32:31.1145085Z [1m[92m   Vendoring[0m serde_derive v1.0.228 (/home/runner/.cargo/registry/src/index.crates.io-1949cf8c6b5b557f/serde_derive-1.0.228) to vendor/serde_derive
2026-09-13T08:32:31.1181743Z [1m[92m   Vendoring[0m serde_json v1.0.150 (/home/runner/.cargo/registry/src/index.crates.io-1949cf8c6b5b557f/serde_json-1.0.150) to vendor/serde_json
2026-09-13T08:32:31.1268494Z [1m[92m   Vendoring[0m syn v2.0.118 (/home/runner/.cargo/registry/src/index.crates.io-1949cf8c6b5b557f/syn-2.0.118) to vendor/syn
2026-09-13T08:32:31.1397712Z [1m[92m   Vendoring[0m unicode-ident v1.0.24 (/home/runner/.cargo/registry/src/index.crates.io-1949cf8c6b5b557f/unicode-ident-1.0.24) to vendor/unicode-ident
2026-09-13T08:32:31.1429301Z [1m[92m   Vendoring[0m version_check v0.9.5 (/home/runner/.cargo/registry/src/index.crates.io-1949cf8c6b5b557f/version_check-0.9.5) to vendor/version_check
2026-09-13T08:32:31.1444080Z [1m[92m   Vendoring[0m zmij v1.0.21 (/home/runner/.cargo/registry/src/index.crates.io-1949cf8c6b5b557f/zmij-1.0.21) to vendor/zmij
2026-09-13T08:32:31.1470005Z To use vendored sources, add this to your .cargo/config.toml for this project:
2026-09-13T08:32:31.1470561Z 
2026-09-13T08:32:31.2626434Z prepare-build: vendored tree scanned clean
2026-09-13T08:32:31.2658184Z ##[group]Run set -euo pipefail
2026-09-13T08:32:31.2658542Z [36;1mset -euo pipefail[0m
2026-09-13T08:32:31.2658802Z [36;1mtest "$(id -u)" -ne 0[0m
2026-09-13T08:32:31.2659104Z [36;1mscripts/grader-sandbox.sh self-check[0m
2026-09-13T08:32:31.2659447Z [36;1mscripts/grader-sandbox.sh trusted-build[0m
2026-09-13T08:32:31.2659804Z [36;1mscripts/grader-sandbox.sh candidate-build[0m
2026-09-13T08:32:31.2694621Z shell: /usr/bin/bash -e {0}
2026-09-13T08:32:31.2694887Z env:
2026-09-13T08:32:31.2695103Z   CARGO_HOME: /home/runner/.cargo
2026-09-13T08:32:31.2695721Z   CARGO_INCREMENTAL: 0
2026-09-13T08:32:31.2696035Z   CARGO_TERM_COLOR: always
2026-09-13T08:32:31.2696271Z ##[endgroup]
2026-09-13T08:32:31.3127438Z assert-no-network: outbound to 1.1.1.1:443 blocked — network isolation looks effective.
2026-09-13T08:32:31.3132815Z grader-sandbox: build boundary self-check passed
2026-09-13T08:32:31.4286887Z    Compiling crossbeam-utils v0.8.21
2026-09-13T08:32:31.4287601Z    Compiling proc-macro2 v1.0.106
2026-09-13T08:32:31.4288114Z    Compiling unicode-ident v1.0.24
2026-09-13T08:32:31.4288810Z    Compiling ***cfg v1.5.1
2026-09-13T08:32:31.5036479Z    Compiling feral-ordering-core v0.2.1
2026-09-13T08:32:31.5708766Z    Compiling quote v1.0.46
2026-09-13T08:32:31.7527817Z    Compiling num-traits v0.2.19
2026-09-13T08:32:31.8318233Z    Compiling serde_core v1.0.228
2026-09-13T08:32:32.2278620Z    Compiling crossbeam-epoch v0.9.18
2026-09-13T08:32:32.2498295Z    Compiling feral-amd v0.2.1
2026-09-13T08:32:32.3593799Z    Compiling paste v1.0.15
2026-09-13T08:32:32.3636093Z    Compiling libm v0.2.16
2026-09-13T08:32:32.3803485Z    Compiling zmij v1.0.21
2026-09-13T08:32:32.4898488Z    Compiling version_check v0.9.5
2026-09-13T08:32:32.4915916Z    Compiling rayon-core v1.13.0
2026-09-13T08:32:32.5485227Z    Compiling crossbeam-deque v0.8.6
2026-09-13T08:32:32.5696506Z    Compiling feral-metis v0.2.1
2026-09-13T08:32:32.6097275Z    Compiling syn v2.0.118
2026-09-13T08:32:32.7062440Z    Compiling pulp v0.22.3
2026-09-13T08:32:33.5630647Z    Compiling bytemuck v1.25.0
2026-09-13T08:32:33.7398723Z    Compiling serde_json v1.0.150
2026-09-13T08:32:33.8238042Z    Compiling bitflags v2.13.0
2026-09-13T08:32:34.1356906Z    Compiling serde v1.0.228
2026-09-13T08:32:34.3006683Z    Compiling raw-cpuid v11.6.0
2026-09-13T08:32:34.5167284Z    Compiling num-complex v0.4.6
2026-09-13T08:32:34.9336504Z    Compiling serde_derive v1.0.228
2026-09-13T08:32:36.6909555Z    Compiling cfg-if v1.0.4
2026-09-13T08:32:36.7234062Z    Compiling memchr v2.8.2
2026-09-13T08:32:37.7806462Z    Compiling either v1.16.0
2026-09-13T08:32:37.9296483Z    Compiling pulp-wasm-simd-flag v0.1.1
2026-09-13T08:32:37.9542190Z    Compiling itoa v1.0.18
2026-09-13T08:32:37.9586670Z    Compiling reborrow v0.5.5
2026-09-13T08:32:37.9946417Z    Compiling rayon v1.12.0
2026-09-13T08:32:38.8228488Z    Compiling feral-kahip v0.2.1
2026-09-13T08:32:40.5059096Z    Compiling feral-scotch v0.2.1
2026-09-13T08:32:41.0106471Z    Compiling feral-amf v0.2.1
2026-09-13T08:32:41.1006917Z    Compiling ssi-purity v0.1.0 (/workspace/ssi-purity)
2026-09-13T08:32:42.3289315Z    Compiling feral v0.11.0
2026-09-13T08:32:48.0416872Z    Compiling ssi-scoring v0.1.0 (/workspace/ssi-scoring)
2026-09-13T08:32:48.1317214Z    Compiling ssi-worker-protocol v0.1.0 (/workspace/ssi-worker-protocol)
2026-09-13T08:32:48.3964091Z    Compiling matrices-fast v0.1.0 (/workspace)
2026-09-13T08:32:49.1605829Z     Finished `release` profile [optimized] target(s) in 17.81s
2026-09-13T08:32:49.2931069Z    Compiling crossbeam-utils v0.8.21
2026-09-13T08:32:49.2932287Z    Compiling proc-macro2 v1.0.106
2026-09-13T08:32:49.2932991Z    Compiling unicode-ident v1.0.24
2026-09-13T08:32:49.2933921Z    Compiling ***cfg v1.5.1
2026-09-13T08:32:49.3576494Z    Compiling feral-ordering-core v0.2.1
2026-09-13T08:32:49.4286528Z    Compiling quote v1.0.46
2026-09-13T08:32:49.5962536Z    Compiling num-traits v0.2.19
2026-09-13T08:32:49.6728879Z    Compiling serde_core v1.0.228
2026-09-13T08:32:50.0843144Z    Compiling crossbeam-epoch v0.9.18
2026-09-13T08:32:50.1050389Z    Compiling feral-amd v0.2.1
2026-09-13T08:32:50.1846596Z    Compiling libm v0.2.16
2026-09-13T08:32:50.1946307Z    Compiling paste v1.0.15
2026-09-13T08:32:50.2137107Z    Compiling rayon-core v1.13.0
2026-09-13T08:32:50.2986611Z    Compiling version_check v0.9.5
2026-09-13T08:32:50.3187019Z    Compiling zmij v1.0.21
2026-09-13T08:32:50.3446514Z    Compiling crossbeam-deque v0.8.6
2026-09-13T08:32:50.4669217Z    Compiling feral-metis v0.2.1
2026-09-13T08:32:50.4695999Z    Compiling syn v2.0.118
2026-09-13T08:32:50.5185802Z    Compiling pulp v0.22.3
2026-09-13T08:32:51.3177502Z    Compiling bitflags v2.13.0
2026-09-13T08:32:51.6381482Z    Compiling bytemuck v1.25.0
2026-09-13T08:32:51.8077038Z    Compiling serde_json v1.0.150
2026-09-13T08:32:51.8872936Z    Compiling serde v1.0.228
2026-09-13T08:32:52.0557825Z    Compiling num-complex v0.4.6
2026-09-13T08:32:52.3726444Z    Compiling raw-cpuid v11.6.0
2026-09-13T08:32:52.7840613Z    Compiling serde_derive v1.0.228
2026-09-13T08:32:54.1706400Z    Compiling reborrow v0.5.5
2026-09-13T08:32:54.2126795Z    Compiling pulp-wasm-simd-flag v0.1.1
2026-09-13T08:32:54.2481231Z    Compiling memchr v2.8.2
2026-09-13T08:32:55.5246526Z    Compiling itoa v1.0.18
2026-09-13T08:32:55.7446376Z    Compiling either v1.16.0
2026-09-13T08:32:55.7496278Z    Compiling cfg-if v1.0.4
2026-09-13T08:32:55.8996429Z    Compiling rayon v1.12.0
2026-09-13T08:32:56.5416971Z    Compiling feral-kahip v0.2.1
2026-09-13T08:32:58.5776406Z    Compiling feral-scotch v0.2.1
2026-09-13T08:32:58.7886977Z    Compiling feral-amf v0.2.1
2026-09-13T08:32:59.8062690Z    Compiling feral v0.11.0
2026-09-13T08:33:05.4987878Z    Compiling ssi-scoring v0.1.0 (/workspace/ssi-scoring)
2026-09-13T08:33:05.5883149Z    Compiling ssi-worker-protocol v0.1.0 (/workspace/ssi-worker-protocol)
2026-09-13T08:33:05.8632130Z    Compiling ssi-candidate-worker v0.1.0 (/workspace/candidate-worker)
2026-09-13T08:33:06.0034215Z warning: unused doc comment
2026-09-13T08:33:06.0034923Z     --> candidate-worker/src/../../src/ordering/mod.rs:5196:9
2026-09-13T08:33:06.0035834Z      |
2026-09-13T08:33:06.0036397Z 5196 | /         /// `nnz < 3n` = the sparse band of the 0184 price law (66 of the 300 dev
2026-09-13T08:33:06.0037333Z 5197 | |         /// rows, all of them in-window). Structural, never per-matrix.
2026-09-13T08:33:06.0038238Z      | |_______________________________________________________________________^
2026-09-13T08:33:06.0038987Z 5198 | /         let shipped_ladder = || {
2026-09-13T08:33:06.0039586Z 5199 | |             if nnz < 3 * n {
2026-09-13T08:33:06.0040210Z 5200 | |                 SHIPPED_SPARSE_LADDER.to_vec()
2026-09-13T08:33:06.0040740Z 5201 | |             } else {
2026-09-13T08:33:06.0041047Z ...    |
2026-09-13T08:33:06.0041287Z 5204 | |         };
2026-09-13T08:33:06.0041682Z      | |__________- rustdoc does not generate documentation for statements
2026-09-13T08:33:06.0042453Z      |
2026-09-13T08:33:06.0042735Z      = help: use `//` for a plain comment
2026-09-13T08:33:06.0043227Z      = note: `#[warn(unused_doc_comments)]` (part of `#[warn(unused)]`) on by default
2026-09-13T08:33:06.0043614Z 
2026-09-13T08:33:06.3965019Z warning: value assigned to `d` is never read
2026-09-13T08:33:06.3966340Z    --> candidate-worker/src/../../src/ordering/rgreedy.rs:433:29
2026-09-13T08:33:06.3966930Z     |
2026-09-13T08:33:06.3967252Z 433 |                 let mut d = 0u32;
2026-09-13T08:33:06.3967806Z     |                             ^^^^ this value is reassigned later and never used
2026-09-13T08:33:06.3968365Z ...
2026-09-13T08:33:06.3968723Z 451 |                     d = self.deg[u] + added as u32;
2026-09-13T08:33:06.3969485Z     |                     ------------------------------ `d` is overwritten here before the previous value is read
2026-09-13T08:33:06.3970056Z     |
2026-09-13T08:33:06.3970463Z     = note: `#[warn(unused_assignments)]` (part of `#[warn(unused)]`) on by default
2026-09-13T08:33:06.3970897Z 
2026-09-13T08:33:06.7516265Z warning: constant `RELABEL_BUDGET` is never used
2026-09-13T08:33:06.7517157Z    --> candidate-worker/src/../../src/ordering/mod.rs:858:7
2026-09-13T08:33:06.7517832Z     |
2026-09-13T08:33:06.7518292Z 858 | const RELABEL_BUDGET: usize = 300_000;
2026-09-13T08:33:06.7518887Z     |       ^^^^^^^^^^^^^^
2026-09-13T08:33:06.7519345Z     |
2026-09-13T08:33:06.7519946Z     = note: `#[warn(dead_code)]` (part of `#[warn(unused)]`) on by default
2026-09-13T08:33:06.7520723Z 
2026-09-13T08:33:06.7520987Z warning: constant `RELABEL_MAX_RESTARTS` is never used
2026-09-13T08:33:06.7521813Z    --> candidate-worker/src/../../src/ordering/mod.rs:859:7
2026-09-13T08:33:06.7522502Z     |
2026-09-13T08:33:06.7522970Z 859 | const RELABEL_MAX_RESTARTS: usize = 24;
2026-09-13T08:33:06.7523557Z     |       ^^^^^^^^^^^^^^^^^^^^
2026-09-13T08:33:06.7523770Z 
2026-09-13T08:33:06.7523926Z warning: constant `SUBTREE_MAX_N` is never used
2026-09-13T08:33:06.7524408Z    --> candidate-worker/src/../../src/ordering/mod.rs:922:7
2026-09-13T08:33:06.7524823Z     |
2026-09-13T08:33:06.7525091Z 922 | const SUBTREE_MAX_N: usize = 250_000;
2026-09-13T08:33:06.7525827Z     |       ^^^^^^^^^^^^^
2026-09-13T08:33:06.7526017Z 
2026-09-13T08:33:06.7526185Z warning: function `relabel_restarts` is never used
2026-09-13T08:33:06.7526667Z     --> candidate-worker/src/../../src/ordering/mod.rs:1211:4
2026-09-13T08:33:06.7527088Z      |
2026-09-13T08:33:06.7527487Z 1211 | fn relabel_restarts(budget: usize, cap: usize, nnz: usize) -> usize {
2026-09-13T08:33:06.7527991Z      |    ^^^^^^^^^^^^^^^^
2026-09-13T08:33:06.7528174Z 
2026-09-13T08:33:06.7528368Z warning: function `paired_swap_refine` is never used
2026-09-13T08:33:06.7528854Z     --> candidate-worker/src/../../src/ordering/mod.rs:1345:4
2026-09-13T08:33:06.7529273Z      |
2026-09-13T08:33:06.7529706Z 1345 | fn paired_swap_refine(pattern: &Pattern, mut best: Vec<usize>) -> Vec<usize> {
2026-09-13T08:33:06.7530257Z      |    ^^^^^^^^^^^^^^^^^^
2026-09-13T08:33:06.7530445Z 
2026-09-13T08:33:06.7530614Z warning: function `plateau_refine` is never used
2026-09-13T08:33:06.7531084Z     --> candidate-worker/src/../../src/ordering/mod.rs:1368:4
2026-09-13T08:33:06.7531503Z      |
2026-09-13T08:33:06.7531958Z 1368 | fn plateau_refine(pattern: &Pattern, start: Vec<usize>, neutral: bool) -> Vec<usize> {
2026-09-13T08:33:06.7532531Z      |    ^^^^^^^^^^^^^^
2026-09-13T08:33:06.7532718Z 
2026-09-13T08:33:06.7532855Z warning: function `capture` is never used
2026-09-13T08:33:06.7533304Z   --> candidate-worker/src/../../src/ordering/transplant_probe.rs:11:15
2026-09-13T08:33:06.7533672Z    |
2026-09-13T08:33:06.7533919Z 11 | pub(super) fn capture(pool: &[(u64, Vec<usize>)]) {
2026-09-13T08:33:06.7534231Z    |               ^^^^^^^
2026-09-13T08:33:06.7534373Z 
2026-09-13T08:33:06.7534495Z warning: function `terminal_pass` is never used
2026-09-13T08:33:06.7534913Z    --> candidate-worker/src/../../src/ordering/transplant_probe.rs:240:4
2026-09-13T08:33:06.7535638Z     |
2026-09-13T08:33:06.7535834Z 240 | fn terminal_pass(
2026-09-13T08:33:06.7536060Z     |    ^^^^^^^^^^^^^
2026-09-13T08:33:06.7536205Z 
2026-09-13T08:33:06.7536339Z warning: function `refine` is never used
2026-09-13T08:33:06.7536709Z   --> candidate-worker/src/../../src/ordering/completion.rs:12:15
2026-09-13T08:33:06.7537073Z    |
2026-09-13T08:33:06.7537269Z 12 | pub(super) fn refine(
2026-09-13T08:33:06.7537503Z    |               ^^^^^^
2026-09-13T08:33:06.7537649Z 
2026-09-13T08:33:06.7537768Z warning: function `candidates` is never used
2026-09-13T08:33:06.7538139Z   --> candidate-worker/src/../../src/ordering/peo_extract.rs:63:15
2026-09-13T08:33:06.7538482Z    |
2026-09-13T08:33:06.7538677Z 63 | pub(super) fn candidates(
2026-09-13T08:33:06.7538923Z    |               ^^^^^^^^^^
2026-09-13T08:33:06.7539067Z 
2026-09-13T08:33:06.7539183Z warning: type alias `PermFn` is never used
2026-09-13T08:33:06.7539536Z   --> candidate-worker/src/../../src/ordering/parallel.rs:80:17
2026-09-13T08:33:06.7539881Z    |
2026-09-13T08:33:06.7540320Z 80 | pub(crate) type PermFn<'a> = Box<dyn Fn() -> Option<Vec<usize>> + Sync + 'a>;
2026-09-13T08:33:06.7540722Z    |                 ^^^^^^
2026-09-13T08:33:06.7540866Z 
2026-09-13T08:33:06.7540985Z warning: function `run_perms` is never used
2026-09-13T08:33:06.7541360Z    --> candidate-worker/src/../../src/ordering/parallel.rs:189:15
2026-09-13T08:33:06.7541698Z     |
2026-09-13T08:33:06.7541892Z 189 | pub(crate) fn run_perms(
2026-09-13T08:33:06.7542133Z     |               ^^^^^^^^^
2026-09-13T08:33:06.7542281Z 
2026-09-13T08:33:06.7542386Z warning: function `accept` is never used
2026-09-13T08:33:06.7542746Z    --> candidate-worker/src/../../src/ordering/parallel.rs:314:15
2026-09-13T08:33:06.7543071Z     |
2026-09-13T08:33:06.7543479Z 314 | pub(crate) fn accept(results: &mut [CandOut], best_flops: &mut u64, best_perm: &mut Vec<usize>) -> bool {
2026-09-13T08:33:06.7543954Z     |               ^^^^^^
2026-09-13T08:33:06.7544104Z 
2026-09-13T08:33:06.7544231Z warning: function `minl_is_clique` is never used
2026-09-13T08:33:06.7544594Z    --> candidate-worker/src/../../src/ordering/minl.rs:134:4
2026-09-13T08:33:06.7544906Z     |
2026-09-13T08:33:06.7545193Z 134 | fn minl_is_clique(adj: &[Vec<u32>], c: &[u32], ops: &mut i64) -> bool {
2026-09-13T08:33:06.7545787Z     |    ^^^^^^^^^^^^^^
2026-09-13T08:33:06.7545922Z 
2026-09-13T08:33:06.7546064Z warning: function `minl_try_delete_edge` is never used
2026-09-13T08:33:06.7546444Z    --> candidate-worker/src/../../src/ordering/minl.rs:230:4
2026-09-13T08:33:06.7546757Z     |
2026-09-13T08:33:06.7546953Z 230 | fn minl_try_delete_edge(
2026-09-13T08:33:06.7547186Z     |    ^^^^^^^^^^^^^^^^^^^^
2026-09-13T08:33:06.7547333Z 
2026-09-13T08:33:06.7547439Z warning: function `order` is never used
2026-09-13T08:33:06.7547817Z   --> candidate-worker/src/../../src/ordering/chordal_certificate.rs:32:15
2026-09-13T08:33:06.7548186Z    |
2026-09-13T08:33:06.7548491Z 32 | pub(crate) fn order(n: usize, cp: &[usize], ri: &[usize]) -> Option<Vec<usize>> {
2026-09-13T08:33:06.7548895Z    |               ^^^^^
2026-09-13T08:33:06.7549032Z 
2026-09-13T08:33:06.7549167Z warning: function `run_sequential_180` is never used
2026-09-13T08:33:06.7549559Z    --> candidate-worker/src/../../src/ordering/indep_first.rs:725:4
2026-09-13T08:33:06.7549892Z     |
2026-09-13T08:33:06.7550231Z 725 | fn run_sequential_180(sp: &ScoringPattern, ledger: u64) -> Option<(u64, Vec<usize>)> {
2026-09-13T08:33:06.7550660Z     |    ^^^^^^^^^^^^^^^^^^
2026-09-13T08:33:06.7550806Z 
2026-09-13T08:33:12.4379262Z warning: `ssi-candidate-worker` (bin "ssi-candidate-worker") generated 19 warnings
2026-09-13T08:33:12.4380146Z     Finished `release` profile [optimized] target(s) in 23.23s
2026-09-13T08:33:12.4477676Z ##[group]Run set -euo pipefail
2026-09-13T08:33:12.4478247Z [36;1mset -euo pipefail[0m
2026-09-13T08:33:12.4478956Z [36;1m./target/trusted/release/matrices-fast --grader --sandbox-self-check[0m
2026-09-13T08:33:12.4480313Z [36;1m./target/trusted/release/matrices-fast --grader --sandbox-timeout-self-check[0m
2026-09-13T08:33:12.4481313Z [36;1mcargo test --offline --locked --package matrices-fast \[0m
2026-09-13T08:33:12.4482209Z [36;1m  sandbox::tests::bubblewrap_timeout_tears_down_candidate_descendants \[0m
2026-09-13T08:33:12.4482964Z [36;1m  -- --ignored[0m
2026-09-13T08:33:12.4535168Z shell: /usr/bin/bash -e {0}
2026-09-13T08:33:12.4535893Z env:
2026-09-13T08:33:12.4536279Z   CARGO_HOME: /home/runner/.cargo
2026-09-13T08:33:12.4536771Z   CARGO_INCREMENTAL: 0
2026-09-13T08:33:12.4537178Z   CARGO_TERM_COLOR: always
2026-09-13T08:33:12.4537607Z   SSI_GRADER_SANDBOX: bubblewrap
2026-09-13T08:33:12.4538614Z   SSI_CANDIDATE_WORKER: /home/runner/work/matrices-fast/matrices-fast/target/candidate/release/ssi-candidate-worker
2026-09-13T08:33:12.4539612Z ##[endgroup]
2026-09-13T08:33:12.4739895Z per-worker bubblewrap self-check passed
2026-09-13T08:33:12.6795184Z bubblewrap timeout teardown self-check passed
2026-09-13T08:33:12.7497269Z [1m[92m   Compiling[0m crossbeam-utils v0.8.21
2026-09-13T08:33:12.7509900Z [1m[92m   Compiling[0m proc-macro2 v1.0.106
2026-09-13T08:33:12.7510883Z [1m[92m   Compiling[0m unicode-ident v1.0.24
2026-09-13T08:33:12.7512027Z [1m[92m   Compiling[0m ***cfg v1.5.1
2026-09-13T08:33:12.8194363Z [1m[92m   Compiling[0m feral-ordering-core v0.2.1
2026-09-13T08:33:12.9086791Z [1m[92m   Compiling[0m quote v1.0.46
2026-09-13T08:33:13.0766872Z [1m[92m   Compiling[0m num-traits v0.2.19
2026-09-13T08:33:13.1036738Z [1m[92m   Compiling[0m serde_core v1.0.228
2026-09-13T08:33:13.2586755Z [1m[92m   Compiling[0m feral-amd v0.2.1
2026-09-13T08:33:13.3017227Z [1m[92m   Compiling[0m libm v0.2.16
2026-09-13T08:33:13.3316766Z [1m[92m   Compiling[0m zmij v1.0.21
2026-09-13T08:33:13.4726725Z [1m[92m   Compiling[0m crossbeam-epoch v0.9.18
2026-09-13T08:33:13.5426506Z [1m[92m   Compiling[0m version_check v0.9.5
2026-09-13T08:33:13.6276824Z [1m[92m   Compiling[0m rayon-core v1.13.0
2026-09-13T08:33:13.7016728Z [1m[92m   Compiling[0m paste v1.0.15
2026-09-13T08:33:13.7288752Z [1m[92m   Compiling[0m crossbeam-deque v0.8.6
2026-09-13T08:33:13.7535138Z [1m[92m   Compiling[0m syn v2.0.118
2026-09-13T08:33:13.7656953Z [1m[92m   Compiling[0m pulp v0.22.3
2026-09-13T08:33:13.8720063Z [1m[92m   Compiling[0m feral-metis v0.2.1
2026-09-13T08:33:14.3904472Z [1m[92m   Compiling[0m serde_json v1.0.150
2026-09-13T08:33:14.5009425Z [1m[92m   Compiling[0m bytemuck v1.25.0
2026-09-13T08:33:14.6356743Z [1m[92m   Compiling[0m bitflags v2.13.0
2026-09-13T08:33:14.6476721Z [1m[92m   Compiling[0m serde v1.0.228
2026-09-13T08:33:14.7877770Z [1m[92m   Compiling[0m raw-cpuid v11.6.0
2026-09-13T08:33:14.8256842Z [1m[92m   Compiling[0m num-complex v0.4.6
2026-09-13T08:33:16.0757714Z [1m[92m   Compiling[0m serde_derive v1.0.228
2026-09-13T08:33:16.9476620Z [1m[92m   Compiling[0m memchr v2.8.2
2026-09-13T08:33:17.0766817Z [1m[92m   Compiling[0m reborrow v0.5.5
2026-09-13T08:33:17.0946593Z [1m[92m   Compiling[0m itoa v1.0.18
2026-09-13T08:33:17.1156750Z [1m[92m   Compiling[0m either v1.16.0
2026-09-13T08:33:17.2157053Z [1m[92m   Compiling[0m pulp-wasm-simd-flag v0.1.1
2026-09-13T08:33:17.2456681Z [1m[92m   Compiling[0m cfg-if v1.0.4
2026-09-13T08:33:17.2607436Z [1m[92m   Compiling[0m rayon v1.12.0
2026-09-13T08:33:18.9686643Z [1m[92m   Compiling[0m feral-scotch v0.2.1
2026-09-13T08:33:19.3288443Z [1m[92m   Compiling[0m feral-kahip v0.2.1
2026-09-13T08:33:19.4612516Z [1m[92m   Compiling[0m feral-amf v0.2.1
2026-09-13T08:33:19.5267881Z [1m[92m   Compiling[0m prototype-oracle v0.1.0 (/home/runner/work/matrices-fast/matrices-fast/prototype-oracle)
2026-09-13T08:33:20.3034629Z [1m[92m   Compiling[0m feral v0.11.0
2026-09-13T08:33:22.2624680Z [1m[92m   Compiling[0m ssi-scoring v0.1.0 (/home/runner/work/matrices-fast/matrices-fast/ssi-scoring)
2026-09-13T08:33:22.3360606Z [1m[92m   Compiling[0m ssi-worker-protocol v0.1.0 (/home/runner/work/matrices-fast/matrices-fast/ssi-worker-protocol)
2026-09-13T08:33:22.4297700Z [1m[92m   Compiling[0m matrices-fast v0.1.0 (/home/runner/work/matrices-fast/matrices-fast)
2026-09-13T08:33:23.4303031Z [1m[92m    Finished[0m `test` profile [unoptimized + debuginfo] target(s) in 10.74s
2026-09-13T08:33:23.4324550Z [1m[92m     Running[0m unittests src/main.rs (target/debug/deps/matrices_fast-42399a26ce091bfa)
2026-09-13T08:33:23.4339751Z 
2026-09-13T08:33:23.4339903Z running 1 test
2026-09-13T08:33:23.6396577Z test sandbox::tests::bubblewrap_timeout_tears_down_candidate_descendants ... ok
2026-09-13T08:33:23.6397299Z 
2026-09-13T08:33:23.6397938Z [1m[92m     Running[0m tests/exact_equivalence.rs (target/debug/deps/exact_equivalence-a0ee54e703a06ced)
2026-09-13T08:33:23.6398782Z test result: ok. 1 passed; 0 failed; 0 ignored; 0 measured; 51 filtered out; finished in 0.21s
2026-09-13T08:33:23.6399213Z 
2026-09-13T08:33:23.6404520Z 
2026-09-13T08:33:23.6404738Z running 0 tests
2026-09-13T08:33:23.6405010Z 
2026-09-13T08:33:23.6405712Z test result: ok. 0 passed; 0 failed; 0 ignored; 0 measured; 3 filtered out; finished in 0.00s
2026-09-13T08:33:23.6406674Z 
2026-09-13T08:33:23.6408060Z [1m[92m     Running[0m tests/scorer_crosscheck.rs (target/debug/deps/scorer_crosscheck-4e6cf07f9d3ae241)
2026-09-13T08:33:23.6417188Z 
2026-09-13T08:33:23.6417349Z running 0 tests
2026-09-13T08:33:23.6417699Z 
2026-09-13T08:33:23.6418489Z test result: ok. 0 passed; 0 failed; 0 ignored; 0 measured; 2 filtered out; finished in 0.00s
2026-09-13T08:33:23.6419127Z 
2026-09-13T08:33:23.6420624Z [1m[92m     Running[0m tests/security_boundary.rs (target/debug/deps/security_boundary-5080f7360994ca56)
2026-09-13T08:33:23.6430684Z 
2026-09-13T08:33:23.6430885Z running 0 tests
2026-09-13T08:33:23.6440443Z [1m[92m     Running[0m tests/time_cap.rs (target/debug/deps/time_cap-0e88487439caaaea)
2026-09-13T08:33:23.6441045Z 
2026-09-13T08:33:23.6441442Z test result: ok. 0 passed; 0 failed; 0 ignored; 0 measured; 4 filtered out; finished in 0.00s
2026-09-13T08:33:23.6441823Z 
2026-09-13T08:33:23.6443366Z 
2026-09-13T08:33:23.6443535Z running 0 tests
2026-09-13T08:33:23.6443780Z 
2026-09-13T08:33:23.6444144Z test result: ok. 0 passed; 0 failed; 0 ignored; 0 measured; 5 filtered out; finished in 0.00s
2026-09-13T08:33:23.6444512Z 
2026-09-13T08:33:23.6504699Z ##[group]Run if [ -z "${EVAL_BUCKET_NAME:-}" ]; then
2026-09-13T08:33:23.6505119Z [36;1mif [ -z "${EVAL_BUCKET_NAME:-}" ]; then[0m
2026-09-13T08:33:23.6506034Z [36;1m  echo "No EVAL_BUCKET_NAME secret set; grading the committed public dev corpus."[0m
2026-09-13T08:33:23.6506529Z [36;1m  echo "corpus_file=" >> "$GITHUB_OUTPUT"[0m
2026-09-13T08:33:23.6506826Z [36;1melse[0m
2026-09-13T08:33:23.6507151Z [36;1m  ./.github/scripts/fetch-eval-corpus.sh "$RUNNER_TEMP/eval.jsonl"[0m
2026-09-13T08:33:23.6507640Z [36;1m  echo "corpus_file=$RUNNER_TEMP/eval.jsonl" >> "$GITHUB_OUTPUT"[0m
2026-09-13T08:33:23.6508000Z [36;1mfi[0m
2026-09-13T08:33:23.6542045Z shell: /usr/bin/bash -e {0}
2026-09-13T08:33:23.6542313Z env:
2026-09-13T08:33:23.6542535Z   CARGO_HOME: /home/runner/.cargo
2026-09-13T08:33:23.6542816Z   CARGO_INCREMENTAL: 0
2026-09-13T08:33:23.6543050Z   CARGO_TERM_COLOR: always
2026-09-13T08:33:23.6543433Z   EVAL_BUCKET_NAME: ***
2026-09-13T08:33:23.6543901Z   EVAL_BUCKET_ENDPOINT: ***
2026-09-13T08:33:23.6544214Z   AWS_ACCESS_KEY_ID: ***
2026-09-13T08:33:23.6544617Z   AWS_SECRET_ACCESS_KEY: ***
2026-09-13T08:33:23.6544880Z   AWS_DEFAULT_REGION: ***
2026-09-13T08:33:23.6545116Z ##[endgroup]
2026-09-13T08:33:27.4705028Z fetch-eval-corpus: pointer resolved
2026-09-13T08:33:31.9111132Z fetch-eval-corpus: checksum OK
2026-09-13T08:33:31.9112186Z fetch-eval-corpus: corpus downloaded and verified
2026-09-13T08:33:31.9157798Z ##[group]Run set -euo pipefail
2026-09-13T08:33:31.9158121Z [36;1mset -euo pipefail[0m
2026-09-13T08:33:31.9158388Z [36;1mtest "$(id -u)" -ne 0[0m
2026-09-13T08:33:31.9158722Z [36;1mexec ./target/trusted/release/matrices-fast --grader[0m
2026-09-13T08:33:31.9192642Z shell: /usr/bin/bash -e {0}
2026-09-13T08:33:31.9193073Z env:
2026-09-13T08:33:31.9193285Z   CARGO_HOME: /home/runner/.cargo
2026-09-13T08:33:31.9193561Z   CARGO_INCREMENTAL: 0
2026-09-13T08:33:31.9193792Z   CARGO_TERM_COLOR: always
2026-09-13T08:33:31.9194083Z   SSI_CORPUS_FILE: /home/runner/work/_temp/eval.jsonl
2026-09-13T08:33:31.9194414Z   SSI_GRADER_SANDBOX: bubblewrap
2026-09-13T08:33:31.9194938Z   SSI_CANDIDATE_WORKER: /home/runner/work/matrices-fast/matrices-fast/target/candidate/release/ssi-candidate-worker
2026-09-13T08:33:31.9195706Z ##[endgroup]
2026-09-13T08:34:57.7341191Z 
2026-09-13T08:34:57.7341779Z RUN FAILED: hidden matrix: order() exceeded the 2.0s per-matrix cap and was killed
2026-09-13T08:34:57.7592589Z ##[error]Process completed with exit code 1.
2026-09-13T08:34:57.7736434Z Node 20 is being deprecated. This workflow is running with Node 24 by default. If you need to temporarily use Node 20, you can set the ACTIONS_ALLOW_USE_UNSECURE_NODE_VERSION=true environment variable. For more information see: https://github.blog/changelog/2025-09-19-deprecation-of-node-20-on-github-actions-runners/
2026-09-13T08:34:57.7738018Z Post job cleanup.
2026-09-13T08:34:57.8643760Z [command]/usr/bin/git version
2026-09-13T08:34:57.8687937Z git version 2.55.0
2026-09-13T08:34:57.8730970Z Temporarily overriding HOME='/home/runner/work/_temp/ca416abd-60cf-4989-8aa2-f13e103f9787' before making global git config changes
2026-09-13T08:34:57.8732048Z Adding repository directory to the temporary git global config as a safe directory
2026-09-13T08:34:57.8738035Z [command]/usr/bin/git config --global --add safe.directory /home/runner/work/matrices-fast/matrices-fast
2026-09-13T08:34:57.8781157Z [command]/usr/bin/git config --local --name-only --get-regexp core\.sshCommand
2026-09-13T08:34:57.8815543Z [command]/usr/bin/git submodule foreach --recursive sh -c "git config --local --name-only --get-regexp 'core\.sshCommand' && git config --local --unset-all 'core.sshCommand' || :"
2026-09-13T08:34:57.9044255Z [command]/usr/bin/git config --local --name-only --get-regexp http\.https\:\/\/github\.com\/\.extraheader
2026-09-13T08:34:57.9069438Z http.https://github.com/.extraheader
2026-09-13T08:34:57.9081253Z [command]/usr/bin/git config --local --unset-all http.https://github.com/.extraheader
2026-09-13T08:34:57.9114881Z [command]/usr/bin/git submodule foreach --recursive sh -c "git config --local --name-only --get-regexp 'http\.https\:\/\/github\.com\/\.extraheader' && git config --local --unset-all 'http.https://github.com/.extraheader' || :"
2026-09-13T08:34:57.9364055Z [command]/usr/bin/git config --local --name-only --get-regexp ^includeIf\.gitdir:
2026-09-13T08:34:57.9396250Z [command]/usr/bin/git submodule foreach --recursive git config --local --show-origin --name-only --get-regexp remote.origin.url
2026-09-13T08:34:57.9779016Z Cleaning up orphan processes
2026-09-13T08:34:58.0202802Z ##[warning]Node.js 20 is deprecated. The following actions target Node.js 20 but are being forced to run on Node.js 24: actions/checkout@11d5960a326750d5838078e36cf38b85af677262. For more information see: https://github.blog/changelog/2025-09-19-deprecation-of-node-20-on-github-actions-runners/
