### ARM D0-base  rows=.session-backup/dense-rows.txt  env: SSI_DENSE_W=8 SSI_DENSE_S=4 SSI_DENSE_T=3
COUNTS	sporttournament48	1131	6676	919582	592120
LADGATE	5030	10000	2.719	1
COUNTS	pooling_sppa9pq	5030	120730	23971280	15198662
LADGATE	255	10000	0.983	1
COUNTS	qap	255	43748	3802533	3650113
LADGATE	2157	10000	2.252	1
COUNTS	knp5-44	2157	32604	3764003	3764003
LADGATE	4405	10000	1.404	1
COUNTS	meanvar-orl400_05_e_8	4405	171604	21923414	21922611
LADGATE	2032	10000	4.812	1
COUNTS	chimera_mgw-c16-2031-01	2032	15900	3328073	2570031
LADGATE	280	10000	0.767	1
COUNTS	qspp_0_10_0_1_10_1	280	29636	1942907	1932414
LADGATE	660	10000	2.103	1
COUNTS	maxcsp-langford-3-11	660	29646	33444033	10360919
LADGATE	280	10000	0.836	1
COUNTS	graphpart_clique-70	280	14910	1413012	1144894
LADGATE	1310	10000	0.615	1
COUNTS	watercontamination0303r	1310	37028	2171882	2171882
LADGATE	5205	10000	0.799	1
COUNTS	meanvar-orl400_05_e_7	5205	174804	21939414	21935811
LADGATE	705	10000	2.826	1
COUNTS	qapw	705	87496	12183146	12183146
LADGATE	560	10000	1.608	1
COUNTS	qspp_0_14_0_1_10_1	560	120274	16119226	16038266
LADGATE	2508	10000	2.503	1
COUNTS	torsion50	2508	29808	1691033	1118955
COUNTS	pedigree_sim400	351	23546	1183471	1183168
LADGATE	481	10000	0.706	1
COUNTS	qspp_0_13_0_1_10_1	481	88522	10150185	10097446
LADGATE	440	10000	3.455	1
COUNTS	chimera_mgw-c8-439-onc8-001	440	3040	106479	80090
LADGATE	156	10000	3.388	1
COUNTS	sporttournament18	156	886	17568	13608
LADGATE	555	10000	5.087	1
COUNTS	rocket50	555	3488	19983	19265
LADGATE	2065	10000	3.716	1
COUNTS	knp5-43	2065	31132	3517788	3517788
LADGATE	341	10000	2.431	1
COUNTS	qspp_0_11_0_1_10_1	341	44264	3563707	3531915
LADGATE	2032	10000	5.493	1
COUNTS	chimera_rfr-02	2032	15140	3860441	2489836
LADGATE	5040	10000	6.267	1
COUNTS	pooling_sppa9tp	5040	121302	104609262	16877457
LADGATE	1120	10000	3.275	1
COUNTS	chimera_lga-01	1120	6400	668019	494726
SCORE = 0.776753
WORST order() = 6.333 s
### ARM D1-12-4-5  rows=.session-backup/dense-rows.txt  env: SSI_DENSE_W=12 SSI_DENSE_S=4 SSI_DENSE_T=5
COUNTS	sporttournament48	1131	6676	919582	591901
LADGATE	5030	10000	2.016	1
COUNTS	pooling_sppa9pq	5030	120730	23971280	15198662
LADGATE	255	10000	0.416	1
COUNTS	qap	255	43748	3802533	3650113
LADGATE	2157	10000	1.122	1
COUNTS	knp5-44	2157	32604	3764003	3764003
LADGATE	4405	10000	0.586	1
COUNTS	meanvar-orl400_05_e_8	4405	171604	21923414	21922611
LADGATE	2032	10000	2.713	1
COUNTS	chimera_mgw-c16-2031-01	2032	15900	3328073	2559144
LADGATE	280	10000	0.466	1
COUNTS	qspp_0_10_0_1_10_1	280	29636	1942907	1932414
LADGATE	660	10000	1.689	1
COUNTS	maxcsp-langford-3-11	660	29646	33444033	10360919
LADGATE	280	10000	0.944	1
COUNTS	graphpart_clique-70	280	14910	1413012	1144894
LADGATE	1310	10000	0.664	1
COUNTS	watercontamination0303r	1310	37028	2171882	2171882
LADGATE	5205	10000	0.636	1
COUNTS	meanvar-orl400_05_e_7	5205	174804	21939414	21935811
LADGATE	705	10000	3.149	1
COUNTS	qapw	705	87496	12183146	12183146
LADGATE	560	10000	1.224	1
COUNTS	qspp_0_14_0_1_10_1	560	120274	16119226	16038266
LADGATE	2508	10000	3.770	1
COUNTS	torsion50	2508	29808	1691033	1118834
COUNTS	pedigree_sim400	351	23546	1183471	1183168
LADGATE	481	10000	0.741	1
COUNTS	qspp_0_13_0_1_10_1	481	88522	10150185	10097446
LADGATE	440	10000	2.505	1
COUNTS	chimera_mgw-c8-439-onc8-001	440	3040	106479	80090
LADGATE	156	10000	2.468	1
COUNTS	sporttournament18	156	886	17568	13608
LADGATE	555	10000	3.908	1
COUNTS	rocket50	555	3488	19983	19265
LADGATE	2065	10000	2.463	1
COUNTS	knp5-43	2065	31132	3517788	3517788
LADGATE	341	10000	0.901	1
COUNTS	qspp_0_11_0_1_10_1	341	44264	3563707	3531915
LADGATE	2032	10000	6.508	1
COUNTS	chimera_rfr-02	2032	15140	3860441	2499659
LADGATE	5040	10000	8.815	1
COUNTS	pooling_sppa9tp	5040	121302	104609262	16877457
LADGATE	1120	10000	6.320	1
COUNTS	chimera_lga-01	1120	6400	668019	495499
SCORE = 0.776776
WORST order() = 8.923 s
### ARM D2-12-12-5  rows=.session-backup/dense-rows.txt  env: SSI_DENSE_W=12 SSI_DENSE_S=12 SSI_DENSE_T=5
COUNTS	sporttournament48	1131	6676	919582	591901
LADGATE	5030	10000	3.068	1
COUNTS	pooling_sppa9pq	5030	120730	23971280	15198662
LADGATE	255	10000	0.972	1
COUNTS	qap	255	43748	3802533	3650113
LADGATE	2157	10000	2.323	1
COUNTS	knp5-44	2157	32604	3764003	3764003
LADGATE	4405	10000	1.100	1
COUNTS	meanvar-orl400_05_e_8	4405	171604	21923414	21922611
LADGATE	2032	10000	5.904	1
COUNTS	chimera_mgw-c16-2031-01	2032	15900	3328073	2553538
LADGATE	280	10000	1.603	1
COUNTS	qspp_0_10_0_1_10_1	280	29636	1942907	1932414
LADGATE	660	10000	5.463	1
COUNTS	maxcsp-langford-3-11	660	29646	33444033	10360919
LADGATE	280	10000	2.909	1
COUNTS	graphpart_clique-70	280	14910	1413012	1144894
LADGATE	1310	10000	1.224	1
COUNTS	watercontamination0303r	1310	37028	2171882	2171882
LADGATE	5205	10000	1.672	1
COUNTS	meanvar-orl400_05_e_7	5205	174804	21939414	21935811
LADGATE	705	10000	6.414	1
COUNTS	qapw	705	87496	12183146	12183146
LADGATE	560	10000	2.544	1
COUNTS	qspp_0_14_0_1_10_1	560	120274	16119226	16038266
LADGATE	2508	10000	6.751	1
COUNTS	torsion50	2508	29808	1691033	1118214
COUNTS	pedigree_sim400	351	23546	1183471	1183168
LADGATE	481	10000	1.567	1
COUNTS	qspp_0_13_0_1_10_1	481	88522	10150185	10097446
LADGATE	440	10000	5.152	1
COUNTS	chimera_mgw-c8-439-onc8-001	440	3040	106479	80090
LADGATE	156	10000	5.710	1
COUNTS	sporttournament18	156	886	17568	13608
LADGATE	555	10000	3.785	1
COUNTS	rocket50	555	3488	19983	19265
LADGATE	2065	10000	1.451	1
COUNTS	knp5-43	2065	31132	3517788	3517788
LADGATE	341	10000	0.905	1
COUNTS	qspp_0_11_0_1_10_1	341	44264	3563707	3531915
LADGATE	2032	10000	4.279	1
COUNTS	chimera_rfr-02	2032	15140	3860441	2499495
LADGATE	5040	10000	5.378	1
COUNTS	pooling_sppa9tp	5040	121302	104609262	16877457
LADGATE	1120	10000	3.286	1
COUNTS	chimera_lga-01	1120	6400	668019	494424
SCORE = 0.776629
WORST order() = 10.071 s
### ARM D3-10-4-4  rows=.session-backup/dense-rows.txt  env: SSI_DENSE_W=10 SSI_DENSE_S=4 SSI_DENSE_T=4
COUNTS	sporttournament48	1131	6676	919582	592120
LADGATE	5030	10000	2.588	1
COUNTS	pooling_sppa9pq	5030	120730	23971280	15198662
LADGATE	255	10000	1.070	1
COUNTS	qap	255	43748	3802533	3650113
LADGATE	2157	10000	1.685	1
COUNTS	knp5-44	2157	32604	3764003	3764003
LADGATE	4405	10000	1.233	1
COUNTS	meanvar-orl400_05_e_8	4405	171604	21923414	21922611
LADGATE	2032	10000	4.855	1
COUNTS	chimera_mgw-c16-2031-01	2032	15900	3328073	2560253
LADGATE	280	10000	2.289	1
COUNTS	qspp_0_10_0_1_10_1	280	29636	1942907	1932414
LADGATE	660	10000	3.148	1
COUNTS	maxcsp-langford-3-11	660	29646	33444033	10360919
LADGATE	280	10000	1.437	1
COUNTS	graphpart_clique-70	280	14910	1413012	1144894
LADGATE	1310	10000	1.250	1
COUNTS	watercontamination0303r	1310	37028	2171882	2171882
LADGATE	5205	10000	0.878	1
COUNTS	meanvar-orl400_05_e_7	5205	174804	21939414	21935811
LADGATE	705	10000	3.341	1
COUNTS	qapw	705	87496	12183146	12183146
LADGATE	560	10000	1.779	1
COUNTS	qspp_0_14_0_1_10_1	560	120274	16119226	16038266
LADGATE	2508	10000	3.660	1
COUNTS	torsion50	2508	29808	1691033	1118955
COUNTS	pedigree_sim400	351	23546	1183471	1183168
LADGATE	481	10000	0.701	1
COUNTS	qspp_0_13_0_1_10_1	481	88522	10150185	10097446
LADGATE	440	10000	2.758	1
COUNTS	chimera_mgw-c8-439-onc8-001	440	3040	106479	80090
LADGATE	156	10000	1.693	1
COUNTS	sporttournament18	156	886	17568	13608
LADGATE	555	10000	2.487	1
COUNTS	rocket50	555	3488	19983	19265
LADGATE	2065	10000	1.629	1
COUNTS	knp5-43	2065	31132	3517788	3517788
LADGATE	341	10000	0.675	1
COUNTS	qspp_0_11_0_1_10_1	341	44264	3563707	3531915
LADGATE	2032	10000	4.593	1
COUNTS	chimera_rfr-02	2032	15140	3860441	2487272
LADGATE	5040	10000	4.298	1
COUNTS	pooling_sppa9tp	5040	121302	104609262	16877457
LADGATE	1120	10000	5.387	1
COUNTS	chimera_lga-01	1120	6400	668019	492146
SCORE = 0.776456
WORST order() = 6.085 s
