STAR	slay06m	357	1080	4025	4025	1.000000	0.002
STAR	sssd25-08	401	1200	5389	5389	1.000000	0.001
STAR	sporttournament48	1131	6676	592120	592120	1.000000	0.034
STAR	edgecross10-090	1053	5204	103179	103179	1.000000	0.004
STAR	st_bpaf1a	30	120	580	580	1.000000	0.000
STAR	risk2bpb	1462	5396	66041	66041	1.000000	0.021
STAR	qap	255	43748	3650113	3650113	1.000000	0.001
STAR	lop97icx	1073	2118	64044	64044	1.000000	0.007
STAR	chain400	1201	4796	16382	16382	1.000000	0.003
STAR	sonetgr17	440	2958	30971	30971	1.000000	0.008
STAR	ex8_3_9	123	834	11503	11503	1.000000	0.003
STAR	p_ball_10b_5p_2d_m	293	964	6547	6547	1.000000	0.002
STAR	pooling_adhya4tp	170	936	20581	20581	1.000000	0.003
STAR	edgecross10-080	1053	5940	164639	164639	1.000000	0.003
STAR	clay0204hfsg	590	1696	6562	6562	1.000000	0.003
STAR	st_bsj2	13	40	114	114	1.000000	0.000
STAR	chimera_mgw-c8-439-onc8-002	440	3038	86320	86320	1.000000	0.017
STAR	syn40m	560	1528	4829	4829	1.000000	0.001
STAR	ex1263a	94	390	2098	2098	1.000000	0.003
STAR	st_e41	8	32	88	88	1.000000	0.000
STAR	wastewater05m1	98	536	8002	8002	1.000000	0.003
STAR	cvxnonsep_psig20	20	380	2870	2870	1.000000	0.000
STAR	st_e31	301	744	4257	4257	1.000000	0.009
STAR	pooling_haverly1pq	31	96	403	403	1.000000	0.000
STAR	graphpart_3g-0244-0244	128	672	32534	32534	1.000000	0.001
STAR	graphpart_clique-20	80	1260	27856	27856	1.000000	0.001
STAR	slay07m	497	1512	5740	5740	1.000000	0.002
STAR	nvs19	24	200	884	884	1.000000	0.001
STAR	ndcc12persp	1112	5522	284793	284793	1.000000	0.014
STAR	nuclear25a	1942	16030	1136191	1136191	1.000000	0.104
STAR	clay0204m	222	704	2330	2330	1.000000	0.001
STAR	st_ph13	23	68	178	178	1.000000	0.000
STAR	edgecross10-030	1053	4654	100080	100080	1.000000	0.002
STAR	chain200	601	2396	8182	8182	1.000000	0.003
STAR	ex1223b	25	66	178	178	1.000000	0.000
STAR	ndcc12	974	5982	329556	329556	1.000000	0.012
STAR	kall_circlesrectangles_c6r39	1306	5378	74610	74610	1.000000	0.035
STAR	autocorr_bern40-30	43	1534	20034	20034	1.000000	0.000
STAR	slay08m	660	2016	7796	7796	1.000000	0.003
STAR	forest	713	2658	10543	10543	1.000000	0.008
STAR	qspp_0_10_0_1_10_1	280	29636	1932414	1932414	1.000000	0.002
STAR	st_ph1	16	58	233	233	1.000000	0.000
STAR	elf	124	376	2173	2173	1.000000	0.001
STAR	ex3_1_3	18	36	83	83	1.000000	0.000
STAR	cvxnonsep_normcon40r	162	322	645	645	1.000000	0.000
STAR	demo7	155	618	3426	3426	1.000000	0.002
STAR	waternd2	615	2580	74817	74817	1.000000	0.012
STAR	prolog	64	292	1225	1225	1.000000	0.000
STAR	ex14_1_8	11	30	80	80	1.000000	0.000
STAR	st_qpk3	55	548	3762	3762	1.000000	0.000
STAR	cvxnonsep_normcon20r	82	162	325	325	1.000000	0.000
STAR	cvxnonsep_psig20r	86	170	341	341	1.000000	0.000
STAR	st_iqpbk1	22	98	295	295	1.000000	0.000
STAR	waterund01	96	404	3317	3317	1.000000	0.002
STAR	pointpack04	29	120	577	577	1.000000	0.001
STAR	st_e22	12	30	70	70	1.000000	0.000
STAR	maxcsp-langford-3-11	660	29646	10360919	10360919	1.000000	0.004
STAR	p_ball_30b_5p_2d_h	1543	5224	25742	25742	1.000000	0.008
STAR	p_ball_10b_7p_3d_h	1236	4186	23744	23744	1.000000	0.006
STAR	chimera_k64ising-02	1225	3846	371142	371142	1.000000	0.042
STAR	nvs02	11	46	142	142	1.000000	0.000
STAR	wastepaper6	191	1416	16611	16611	1.000000	0.002
STAR	syn15hfsg	399	1022	3272	3272	1.000000	0.001
STAR	st_jcbpaf2	36	246	1543	1543	1.000000	0.001
STAR	camshape400	2000	7188	16768	16768	1.000000	0.007
STAR	graphpart_clique-30	120	2790	91153	91153	1.000000	0.001
STAR	graphpart_clique-70	280	14910	1144894	1144894	1.000000	0.001
STAR	smallinvDAXr1b010-011	39	1120	13319	13319	1.000000	0.000
STAR	slay05m	240	720	2635	2635	1.000000	0.001
STAR	csched1	110	376	975	975	1.000000	0.000
STAR	watercontamination0303r	1310	37028	2171882	2171882	1.000000	0.002
STAR	ex9_2_4	15	36	117	117	1.000000	0.000
STAR	sssd15-04	163	440	1625	1625	1.000000	0.000
STAR	autocorr_bern35-35fix	38	1264	16214	16214	1.000000	0.000
STAR	sfacloc2_4_90	1491	4500	28843	28843	1.000000	0.013
STAR	ex2_1_3	31	72	189	189	1.000000	0.000
STAR	qapw	705	87496	12183146	12183146	1.000000	0.003
STAR	himmel11	14	60	198	198	1.000000	0.000
STAR	syn15m04m	1908	5288	25061	25061	1.000000	0.015
STAR	pooling_rt2tp	118	654	5796	5796	1.000000	0.003
STAR	waterund14	333	2204	72184	72184	1.000000	0.002
STAR	pooling_foulds4pq	1294	8302	138540	138540	1.000000	0.017
STAR	tspn08	72	668	7600	7600	1.000000	0.002
STAR	blend721	1428	4548	66143	66143	1.000000	0.011
STAR	st_e24	10	26	57	57	1.000000	0.000
STAR	edgecross10-040	1053	5116	143518	143518	1.000000	0.004
STAR	genpooling_lee2	221	1048	14028	14028	1.000000	0.006
STAR	qspp_0_14_0_1_10_1	560	120274	16038266	16038266	1.000000	0.012
STAR	st_glmp_ss1	24	66	160	160	1.000000	0.000
STAR	st_rv2	40	340	2045	2045	1.000000	0.001
STAR	pedigree_sim400	351	23546	1183168	1183168	1.000000	0.001
STAR	fo9_ar25_1	1049	4336	38237	38237	1.000000	0.054
STAR	rsyn0840m	1159	3168	10602	10602	1.000000	0.005
STAR	gancns	548	2800	58299	58299	1.000000	0.010
STAR	o9_ar4_1	1049	4336	38237	38237	1.000000	0.033
STAR	ex1265a	123	560	3750	3750	1.000000	0.007
STAR	ex9_2_6	28	68	190	190	1.000000	0.000
STAR	qspp_0_13_0_1_10_1	481	88522	10097446	10097446	1.000000	0.003
STAR	slay04m	146	432	1554	1554	1.000000	0.003
STAR	st_e25	20	92	262	262	1.000000	0.000
STAR	ex8_4_1	32	100	225	225	1.000000	0.000
STAR	st_e07	19	60	199	199	1.000000	0.000
STAR	ex1225	26	66	161	161	1.000000	0.000
STAR	ndcc13	969	5882	324727	324727	1.000000	0.013
STAR	syn10m04m	1224	3384	13463	13463	1.000000	0.007
STAR	ex5_2_4	18	62	193	193	1.000000	0.000
STAR	st_m2	72	1226	16331	16331	1.000000	0.000
STAR	st_bpk1	16	44	108	108	1.000000	0.000
STAR	multiplants_stg1	736	3594	155496	155496	1.000000	0.016
STAR	sonet23v4	803	6462	94348	94348	1.000000	0.026
STAR	pooling_sppa0pq	1649	24192	1187376	1187376	1.000000	0.029
STAR	multiplants_mtg1b	645	4404	152043	152043	1.000000	0.007
STAR	sssd18-08persp	338	1168	4654	4654	1.000000	0.001
STAR	ex9_1_2	19	54	179	179	1.000000	0.000
STAR	pooling_haverly1tp	31	96	403	403	1.000000	0.000
STAR	waterund08	230	1290	30110	30110	1.000000	0.001
STAR	kall_diffcircles_6	76	302	1511	1511	1.000000	0.001
STAR	chimera_mgw-c8-439-onc8-001	440	3040	80090	80090	1.000000	0.017
STAR	waterund11	160	828	10705	10705	1.000000	0.005
STAR	sporttournament18	156	886	13608	13608	1.000000	0.005
STAR	cvxnonsep_psig30	30	870	9455	9455	1.000000	0.000
STAR	blend718	1386	4310	61466	61466	1.000000	0.014
STAR	wastepaper4	115	724	7183	7183	1.000000	0.001
STAR	netmod_kar1	1746	4928	43864	43864	1.000000	0.025
STAR	ex8_1_7	14	46	128	128	1.000000	0.000
STAR	graphpart_3g-0333-0333	108	648	36228	36228	1.000000	0.001
STAR	slay05h	760	2080	8795	8795	1.000000	0.003
STAR	korcns	156	712	6599	6599	1.000000	0.004
STAR	hydroenergy1	1046	3024	14089	14089	1.000000	0.024
STAR	maxmin	181	1440	8405	8405	1.000000	0.001
STAR	st_ht	8	18	44	44	1.000000	0.000
STAR	primary	378	5610	95258	95258	1.000000	0.003
STAR	syn10m03hfsg	1071	2772	9812	9812	1.000000	0.004
STAR	wastewater02m1	36	138	790	790	1.000000	0.001
STAR	rocket50	555	3488	19265	19265	1.000000	0.016
STAR	orth_d4m6_pl	172	1096	10703	10703	1.000000	0.005
STAR	kall_circlespolygons_c1p5b	1681	7432	193841	193841	1.000000	0.024
STAR	ex1223	33	82	244	244	1.000000	0.000
STAR	ex6_1_4	10	48	153	153	1.000000	0.000
STAR	powerflow0014r	403	1630	10361	10361	1.000000	0.014
STAR	tln2	32	88	233	233	1.000000	0.000
STAR	prob02	22	76	232	232	1.000000	0.000
STAR	blend146	1422	4460	64296	64296	1.000000	0.009
STAR	tls6	413	2860	17511	17511	1.000000	0.016
STAR	qspp_0_11_0_1_10_1	341	44264	3531915	3531915	1.000000	0.003
STAR	p_ball_10b_5p_4d_m	403	1484	13288	13288	1.000000	0.002
STAR	st_rv9	90	840	6321	6321	1.000000	0.003
STAR	nvs05	22	84	266	266	1.000000	0.000
STAR	autocorr_bern25-19	28	612	5278	5278	1.000000	0.000
STAR	sssd20-08persp	356	1232	4960	4960	1.000000	0.002
STAR	multiplants_stg5	827	3804	155722	155722	1.000000	0.014
STAR	multiplants_stg1a	726	3510	121443	121443	1.000000	0.012
STAR	pooling_adhya4pq	170	932	16556	16556	1.000000	0.004
STAR	sonet24v5	874	7260	110276	110276	1.000000	0.008
STAR	catmix200	1001	5592	18164	18164	1.000000	0.004
STAR	nvs23	27	252	1221	1221	1.000000	0.002
STAR	oaer	20	40	107	107	1.000000	0.000
STAR	hybriddynamic_fixed	168	388	1103	1103	1.000000	0.000
STAR	space25	1178	4334	22528	22528	1.000000	0.007
STAR	pooling_foulds5tp	1218	8364	171941	171941	1.000000	0.044
STAR	st_miqp2	10	18	37	37	1.000000	0.000
STAR	autocorr_bern30-23	33	878	8940	8940	1.000000	0.004
STAR	cvxnonsep_psig30r	126	250	501	501	1.000000	0.000
STAR	rsyn0830hfsg	1590	4100	15383	15383	1.000000	0.017
STAR	crudeoil_pooling_ct1	1271	4642	93553	93553	1.000000	0.028
STAR	multiplants_stg1c	800	3894	143020	143020	1.000000	0.023
STAR	st_pan1	11	32	94	94	1.000000	0.000
STAR	multiplants_stg1b	814	3992	187593	187593	1.000000	0.012
STAR	chimera_lga-01	1120	6400	494726	494726	1.000000	0.053
STAR	st_m1	42	432	3097	3097	1.000000	0.001
STAR	rsyn0815m	821	2242	7745	7745	1.000000	0.005
STAR	st_glmp_ss2	18	48	121	121	1.000000	0.000
STAR	pointpack06	55	276	1497	1497	1.000000	0.001
STAR	clay0304m	258	840	2742	2742	1.000000	0.001
STAR	pooling_foulds5pq	1218	8300	159641	159641	1.000000	0.020
STAR	clay0305hfsg	1000	2910	11240	11240	1.000000	0.008
STAR	st_test8	64	232	1964	1964	1.000000	0.003
STAR	sporttournament08	31	156	862	862	1.000000	0.001
STAR	powerflow0030p	1121	4194	23642	23642	1.000000	0.022
STAR	syn30m02m	1492	3936	13455	13455	1.000000	0.009
STAR	wastewater13m1	481	3252	60068	60068	1.000000	0.002
STAR	syn40hfsg	1022	2624	8155	8155	1.000000	0.001
STAR	sep1	69	206	1047	1047	1.000000	0.001
STAR	st_qpc-m3a	30	304	1574	1574	1.000000	0.001
STAR	space25a	634	3246	27875	27875	1.000000	0.006
STAR	autocorr_bern20-15	23	394	2784	2784	1.000000	0.000
STAR	ex7_2_1	35	134	341	341	1.000000	0.000
STAR	pooling_digabel19	514	5340	274903	274903	1.000000	0.010
STAR	clay0203m	132	420	1348	1348	1.000000	0.000
STAR_TOTAL rows=189 wins=0 delta_ln=0.00000000 secs=1.25
