COUNTS	slay06m	357	1080	4025	4025
COUNTS	sssd25-08	401	1200	5389	5389
COUNTS	st_bpaf1a	30	120	623	580
COUNTS	sonetgr17	440	2958	37814	30971
COUNTS	ex8_3_9	123	834	15050	11503
COUNTS	p_ball_10b_5p_2d_m	293	964	6648	6547
COUNTS	pooling_adhya4tp	170	936	26842	20581
COUNTS	clay0204hfsg	590	1696	7198	6562
COUNTS	st_bsj2	13	40	143	114
COUNTS	chimera_mgw-c8-439-onc8-002	440	3038	97870	86320
COUNTS	syn40m	560	1528	5007	4829
COUNTS	ex1263a	94	390	2098	2098
COUNTS	st_e41	8	32	88	88
COUNTS	wastewater05m1	98	536	11690	8002
COUNTS	cvxnonsep_psig20	20	380	2870	2870
COUNTS	st_e31	301	744	4534	4257
COUNTS	pooling_haverly1pq	31	96	412	403
COUNTS	graphpart_3g-0244-0244	128	672	33446	32534
COUNTS	graphpart_clique-20	80	1260	34885	27856
COUNTS	slay07m	497	1512	5740	5740
COUNTS	nvs19	24	200	1353	884
COUNTS	clay0204m	222	704	2330	2330
COUNTS	st_ph13	23	68	207	178
COUNTS	chain200	601	2396	8182	8182
COUNTS	ex1223b	25	66	178	178
COUNTS	ndcc12	974	5982	345696	329556
COUNTS	autocorr_bern40-30	43	1534	20034	20034
COUNTS	slay08m	660	2016	7796	7796
COUNTS	forest	713	2658	10614	10543
COUNTS	st_ph1	16	58	274	233
COUNTS	elf	124	376	2733	2173
COUNTS	ex3_1_3	18	36	90	83
COUNTS	cvxnonsep_normcon40r	162	322	645	645
COUNTS	demo7	155	618	3579	3426
COUNTS	waternd2	615	2580	155674	74817
COUNTS	prolog	64	292	1245	1225
COUNTS	ex14_1_8	11	30	80	80
COUNTS	st_qpk3	55	548	5467	3762
COUNTS	cvxnonsep_normcon20r	82	162	325	325
COUNTS	cvxnonsep_psig20r	86	170	341	341
COUNTS	st_iqpbk1	22	98	295	295
COUNTS	waterund01	96	404	4546	3317
COUNTS	pointpack04	29	120	577	577
COUNTS	st_e22	12	30	77	70
COUNTS	nvs02	11	46	142	142
COUNTS	wastepaper6	191	1416	16611	16611
COUNTS	syn15hfsg	399	1022	3300	3272
COUNTS	st_jcbpaf2	36	246	1635	1543
COUNTS	graphpart_clique-30	120	2790	114505	91153
COUNTS	graphpart_clique-70	280	14910	1413012	1144894
COUNTS	smallinvDAXr1b010-011	39	1120	13510	13319
COUNTS	slay05m	240	720	2635	2635
COUNTS	csched1	110	376	975	975
COUNTS	ex9_2_4	15	36	117	117
COUNTS	sssd15-04	163	440	1625	1625
COUNTS	autocorr_bern35-35fix	38	1264	16214	16214
COUNTS	ex2_1_3	31	72	189	189
COUNTS	himmel11	14	60	198	198
COUNTS	pooling_rt2tp	118	654	5876	5796
COUNTS	waterund14	333	2204	200484	70488
COUNTS	tspn08	72	668	11074	7600
COUNTS	st_e24	10	26	64	57
COUNTS	genpooling_lee2	221	1048	19895	14028
COUNTS	st_glmp_ss1	24	66	160	160
COUNTS	st_rv2	40	340	2045	2045
COUNTS	gancns	548	2800	69234	58202
COUNTS	ex1265a	123	560	3948	3750
COUNTS	ex9_2_6	28	68	190	190
COUNTS	slay04m	146	432	1554	1554
COUNTS	st_e25	20	92	336	262
COUNTS	ex8_4_1	32	100	225	225
COUNTS	st_e07	19	60	199	199
COUNTS	ex1225	26	66	171	161
COUNTS	ndcc13	969	5882	525212	324727
COUNTS	ex5_2_4	18	62	204	193
COUNTS	st_m2	72	1226	16331	16331
COUNTS	st_bpk1	16	44	115	108
COUNTS	multiplants_stg1	736	3594	197998	155496
COUNTS	sonet23v4	803	6462	139703	94348
COUNTS	multiplants_mtg1b	645	4404	229415	152043
COUNTS	sssd18-08persp	338	1168	4654	4654
COUNTS	ex9_1_2	19	54	188	179
COUNTS	pooling_haverly1tp	31	96	423	403
COUNTS	waterund08	230	1290	35284	30110
COUNTS	kall_diffcircles_6	76	302	1511	1511
COUNTS	chimera_mgw-c8-439-onc8-001	440	3040	106479	78229
COUNTS	waterund11	160	828	14818	10705
COUNTS	sporttournament18	156	886	17568	13608
COUNTS	cvxnonsep_psig30	30	870	9455	9455
COUNTS	wastepaper4	115	724	9711	7183
COUNTS	ex8_1_7	14	46	137	128
COUNTS	graphpart_3g-0333-0333	108	648	44928	36228
COUNTS	slay05h	760	2080	9815	8795
COUNTS	korcns	156	712	7241	6599
COUNTS	maxmin	181	1440	8405	8405
COUNTS	st_ht	8	18	51	44
COUNTS	primary	378	5610	109639	95258
COUNTS	wastewater02m1	36	138	848	790
COUNTS	rocket50	555	3488	19983	19265
COUNTS	orth_d4m6_pl	172	1096	10938	10703
COUNTS	ex1223	33	82	244	244
COUNTS	ex6_1_4	10	48	197	153
COUNTS	powerflow0014r	403	1630	10761	10361
COUNTS	tln2	32	88	233	233
COUNTS	prob02	22	76	267	232
COUNTS	tls6	413	2860	18483	17511
COUNTS	p_ball_10b_5p_4d_m	403	1484	13581	13288
COUNTS	st_rv9	90	840	6691	6321
COUNTS	nvs05	22	84	277	266
COUNTS	autocorr_bern25-19	28	612	5278	5278
COUNTS	sssd20-08persp	356	1232	4960	4960
COUNTS	multiplants_stg5	827	3804	377794	155722
COUNTS	multiplants_stg1a	726	3510	142058	121443
COUNTS	pooling_adhya4pq	170	932	24314	16556
COUNTS	sonet24v5	874	7260	185654	110276
COUNTS	nvs23	27	252	1921	1221
COUNTS	oaer	20	40	107	107
COUNTS	hybriddynamic_fixed	168	388	1103	1103
COUNTS	st_miqp2	10	18	37	37
COUNTS	autocorr_bern30-23	33	878	8940	8940
COUNTS	cvxnonsep_psig30r	126	250	501	501
COUNTS	multiplants_stg1c	800	3894	150039	143020
COUNTS	st_pan1	11	32	123	94
COUNTS	multiplants_stg1b	814	3992	308612	187593
COUNTS	st_m1	42	432	3097	3097
COUNTS	rsyn0815m	821	2242	8260	7745
COUNTS	st_glmp_ss2	18	48	121	121
COUNTS	pointpack06	55	276	1497	1497
COUNTS	clay0304m	258	840	2742	2742
COUNTS	clay0305hfsg	1000	2910	12260	11240
COUNTS	st_test8	64	232	2343	1964
COUNTS	sporttournament08	31	156	862	862
COUNTS	wastewater13m1	481	3252	60135	60068
COUNTS	sep1	69	206	1097	1047
COUNTS	st_qpc-m3a	30	304	2330	1574
COUNTS	space25a	634	3246	29078	27875
COUNTS	autocorr_bern20-15	23	394	2784	2784
COUNTS	ex7_2_1	35	134	352	341
COUNTS	pooling_digabel19	514	5340	325989	274903
COUNTS	clay0203m	132	420	1348	1348
