
running 1 test
test ordering::probe::probe_timing_and_score ... LIFT	slay06m	357	147	660	147
COUNTS	slay06m	357	1080	4025	4025
LIFT	sssd25-08	401	89	640	89
COUNTS	sssd25-08	401	1200	5389	5389
COUNTS	st_bpaf1a	30	120	623	580
LIFT	sonetgr17	440	317	2712	317
COUNTS	sonetgr17	440	2958	37814	30971
LIFT	ex8_3_9	123	101	766	101
COUNTS	ex8_3_9	123	834	15050	11503
LIFT	p_ball_10b_5p_2d_m	293	119	716	119
COUNTS	p_ball_10b_5p_2d_m	293	964	6648	6547
LIFT	pooling_adhya4tp	170	93	806	93
COUNTS	pooling_adhya4tp	170	936	26842	20581
LIFT	clay0204hfsg	590	278	1184	278
COUNTS	clay0204hfsg	590	1696	7198	6562
COUNTS	st_bsj2	13	40	143	114
LIFT	chimera_mgw-c8-439-onc8-002	440	418	3060	418
COUNTS	chimera_mgw-c8-439-onc8-002	440	3038	97870	86464
LIFT	syn40m	560	291	1080	291
COUNTS	syn40m	560	1528	5007	4829
LIFT	ex1263a	94	59	320	59
COUNTS	ex1263a	94	390	2098	2098
COUNTS	st_e41	8	32	88	88
LIFT	wastewater05m1	98	62	740	62
COUNTS	wastewater05m1	98	536	11690	8002
COUNTS	cvxnonsep_psig20	20	380	2870	2870
LIFT	st_e31	301	163	492	163
COUNTS	st_e31	301	744	4534	4257
COUNTS	pooling_haverly1pq	31	96	412	403
LIFT	graphpart_3g-0244-0244	128	96	672	96
COUNTS	graphpart_3g-0244-0244	128	672	33446	32534
LIFT	graphpart_clique-20	80	77	1254	77
COUNTS	graphpart_clique-20	80	1260	34885	27856
LIFT	slay07m	497	203	924	203
COUNTS	slay07m	497	1512	5740	5740
COUNTS	nvs19	24	200	1353	884
LIFT	clay0204m	222	102	464	102
COUNTS	clay0204m	222	704	2330	2330
COUNTS	st_ph13	23	68	207	178
COUNTS	ex1223b	25	66	178	178
COUNTS	autocorr_bern40-30	43	1534	20034	20034
COUNTS	st_ph1	16	58	274	233
LIFT	elf	124	65	258	65
COUNTS	elf	124	376	2733	2173
COUNTS	ex3_1_3	18	36	90	83
COUNTS	cvxnonsep_normcon40r	162	322	645	645
LIFT	demo7	155	66	448	66
COUNTS	demo7	155	618	3579	3426
LIFT	prolog	64	42	248	42
COUNTS	prolog	64	292	1245	1225
COUNTS	ex14_1_8	11	30	80	80
LIFT	st_qpk3	55	33	504	33
COUNTS	st_qpk3	55	548	5467	3762
COUNTS	cvxnonsep_normcon20r	82	162	325	325
COUNTS	cvxnonsep_psig20r	86	170	341	341
COUNTS	st_iqpbk1	22	98	295	295
LIFT	waterund01	96	47	384	47
COUNTS	waterund01	96	404	4546	3317
COUNTS	pointpack04	29	120	577	577
COUNTS	st_e22	12	30	77	70
COUNTS	nvs02	11	46	142	142
LIFT	wastepaper6	191	156	1358	156
COUNTS	wastepaper6	191	1416	16611	16611
LIFT	syn15hfsg	399	221	666	221
COUNTS	syn15hfsg	399	1022	3300	3272
LIFT	st_jcbpaf2	36	23	220	23
COUNTS	st_jcbpaf2	36	246	1635	1543
LIFT	graphpart_clique-30	120	117	2784	117
COUNTS	graphpart_clique-30	120	2790	114505	91153
COUNTS	smallinvDAXr1b010-011	39	1120	13510	13319
LIFT	slay05m	240	100	440	100
COUNTS	slay05m	240	720	2635	2635
LIFT	csched1	110	30	100	30
COUNTS	csched1	110	376	975	975
COUNTS	ex9_2_4	15	36	117	117
LIFT	sssd15-04	163	47	240	47
COUNTS	sssd15-04	163	440	1625	1625
COUNTS	autocorr_bern35-35fix	38	1264	16214	16214
COUNTS	ex2_1_3	31	72	189	189
COUNTS	himmel11	14	60	198	198
LIFT	pooling_rt2tp	118	66	554	66
COUNTS	pooling_rt2tp	118	654	5876	5796
LIFT	waterund14	333	191	2068	191
COUNTS	waterund14	333	2204	200484	70488
LIFT	tspn08	72	34	646	34
COUNTS	tspn08	72	668	11074	7600
COUNTS	st_e24	10	26	64	57
LIFT	genpooling_lee2	221	145	896	145
COUNTS	genpooling_lee2	221	1048	19895	14028
COUNTS	st_glmp_ss1	24	66	160	160
LIFT	st_rv2	40	10	90	10
COUNTS	st_rv2	40	340	2045	2045
LIFT	gancns	548	318	2280	318
COUNTS	gancns	548	2800	69234	58183
LIFT	ex1265a	123	79	472	79
COUNTS	ex1265a	123	560	3948	3750
COUNTS	ex9_2_6	28	68	190	190
LIFT	slay04m	146	62	264	62
COUNTS	slay04m	146	432	1554	1554
COUNTS	st_e25	20	92	336	262
LIFT	ex8_4_1	32	12	40	12
COUNTS	ex8_4_1	32	100	225	225
COUNTS	st_e07	19	60	199	199
COUNTS	ex1225	26	66	171	161
COUNTS	ex5_2_4	18	62	204	193
LIFT	st_m2	72	21	420	21
COUNTS	st_m2	72	1226	16331	16331
COUNTS	st_bpk1	16	44	115	108
LIFT	sssd18-08persp	338	138	768	138
COUNTS	sssd18-08persp	338	1168	4654	4654
COUNTS	ex9_1_2	19	54	188	179
COUNTS	pooling_haverly1tp	31	96	423	403
LIFT	waterund08	230	120	1760	120
COUNTS	waterund08	230	1290	35284	30110
LIFT	kall_diffcircles_6	76	45	240	45
COUNTS	kall_diffcircles_6	76	302	1511	1511
LIFT	chimera_mgw-c8-439-onc8-001	440	423	3066	423
COUNTS	chimera_mgw-c8-439-onc8-001	440	3040	106479	78229
LIFT	waterund11	160	91	642	91
COUNTS	waterund11	160	828	14818	10705
LIFT	sporttournament18	156	136	810	136
COUNTS	sporttournament18	156	886	17568	13608
COUNTS	cvxnonsep_psig30	30	870	9455	9455
LIFT	wastepaper4	115	50	654	50
COUNTS	wastepaper4	115	724	9711	7183
COUNTS	ex8_1_7	14	46	137	128
LIFT	graphpart_3g-0333-0333	108	81	648	81
COUNTS	graphpart_3g-0333-0333	108	648	44928	36228
LIFT	korcns	156	92	598	92
COUNTS	korcns	156	712	7241	6599
LIFT	maxmin	181	103	1284	103
COUNTS	maxmin	181	1440	8405	8405
COUNTS	st_ht	8	18	51	44
LIFT	wastewater02m1	36	24	118	24
COUNTS	wastewater02m1	36	138	848	790
LIFT	rocket50	555	450	3272	450
COUNTS	rocket50	555	3488	19983	19265
LIFT	orth_d4m6_pl	172	92	896	92
COUNTS	orth_d4m6_pl	172	1096	10938	10703
LIFT	ex1223	33	18	54	18
COUNTS	ex1223	33	82	244	244
COUNTS	ex6_1_4	10	48	197	153
LIFT	powerflow0014r	403	234	1432	234
COUNTS	powerflow0014r	403	1630	10761	10361
LIFT	tln2	32	18	60	18
COUNTS	tln2	32	88	233	233
COUNTS	prob02	22	76	267	232
LIFT	tls6	413	291	2630	291
COUNTS	tls6	413	2860	18483	17511
LIFT	p_ball_10b_5p_4d_m	403	169	1116	169
COUNTS	p_ball_10b_5p_4d_m	403	1484	13581	13288
LIFT	st_rv9	90	70	800	70
COUNTS	st_rv9	90	840	6691	6321
COUNTS	nvs05	22	84	277	266
COUNTS	autocorr_bern25-19	28	612	5278	5278
LIFT	sssd20-08persp	356	140	800	140
COUNTS	sssd20-08persp	356	1232	4960	4960
LIFT	pooling_adhya4pq	170	93	790	93
COUNTS	pooling_adhya4pq	170	932	24314	16556
COUNTS	nvs23	27	252	1921	1221
COUNTS	oaer	20	40	107	107
LIFT	hybriddynamic_fixed	168	80	250	80
COUNTS	hybriddynamic_fixed	168	388	1103	1103
COUNTS	st_miqp2	10	18	37	37
COUNTS	autocorr_bern30-23	33	878	8940	8940
COUNTS	cvxnonsep_psig30r	126	250	501	501
COUNTS	st_pan1	11	32	123	94
LIFT	st_m1	42	11	110	11
COUNTS	st_m1	42	432	3097	3097
COUNTS	st_glmp_ss2	18	48	121	121
LIFT	pointpack06	55	34	234	34
COUNTS	pointpack06	55	276	1497	1497
LIFT	clay0304m	258	122	576	122
COUNTS	clay0304m	258	840	2742	2742
LIFT	st_test8	64	44	192	44
COUNTS	st_test8	64	232	2343	1964
COUNTS	sporttournament08	31	156	862	862
LIFT	wastewater13m1	481	353	3026	353
COUNTS	wastewater13m1	481	3252	60135	60068
LIFT	sep1	69	36	150	36
COUNTS	sep1	69	206	1097	1047
COUNTS	st_qpc-m3a	30	304	2330	1574
COUNTS	autocorr_bern20-15	23	394	2784	2784
LIFT	ex7_2_1	35	21	106	21
COUNTS	ex7_2_1	35	134	352	341
LIFT	clay0203m	132	63	282	63
COUNTS	clay0203m	132	420	1348	1348

--- every order() call, slowest first (TSV) ---
secs	matrix	n	nnz	ratio
3.2208	chimera_mgw-c8-439-onc8-001	440	3040	0.7347
3.0365	gancns	548	2800	0.8404
2.8558	rocket50	555	3488	0.9641
2.8085	chimera_mgw-c8-439-onc8-002	440	3038	0.8835
2.6883	tls6	413	2860	0.9474
2.6835	wastewater13m1	481	3252	0.9989
2.3622	sonetgr17	440	2958	0.8190
2.1900	waterund14	333	2204	0.3516
2.0893	syn15hfsg	399	1022	0.9915
1.9913	st_e31	301	744	0.9389
1.9820	korcns	156	712	0.9113
1.9671	clay0204hfsg	590	1696	0.9116
1.8882	powerflow0014r	403	1630	0.9628
1.8803	wastepaper4	115	724	0.7397
1.8623	syn40m	560	1528	0.9644
1.8619	sporttournament18	156	886	0.7746
1.8468	p_ball_10b_5p_2d_m	293	964	0.9848
1.7965	p_ball_10b_5p_4d_m	403	1484	0.9784
1.7904	wastepaper6	191	1416	1.0000
1.7686	graphpart_clique-20	80	1260	0.7985
1.7548	ex1265a	123	560	0.9498
1.7418	waterund08	230	1290	0.8534
1.7392	ex8_3_9	123	834	0.7643
1.6727	graphpart_3g-0244-0244	128	672	0.9727
1.6543	sssd20-08persp	356	1232	1.0000
1.6524	graphpart_clique-30	120	2790	0.7961
1.6306	genpooling_lee2	221	1048	0.7051
1.6193	pooling_adhya4pq	170	932	0.6809
1.6168	maxmin	181	1440	1.0000
1.6160	waterund01	96	404	0.7297
1.6141	waterund11	160	828	0.7224
1.6094	pooling_rt2tp	118	654	0.9864
1.6094	sssd18-08persp	338	1168	1.0000
1.5915	tspn08	72	668	0.6863
1.5869	demo7	155	618	0.9573
1.5487	graphpart_3g-0333-0333	108	648	0.8064
1.5437	slay06m	357	1080	1.0000
1.5077	slay07m	497	1512	1.0000
1.4864	st_rv9	90	840	0.9447
1.4851	clay0204m	222	704	1.0000
1.4812	clay0304m	258	840	1.0000
1.4620	orth_d4m6_pl	172	1096	0.9785
1.4550	pooling_adhya4tp	170	936	0.7667
1.4025	ex7_2_1	35	134	0.9688
1.3997	pooling_haverly1pq	31	96	0.9782
1.3860	sporttournament08	31	156	1.0000
1.3684	wastewater05m1	98	536	0.6845
1.3519	ex6_1_4	10	48	0.7766
1.2964	st_qpk3	55	548	0.6881
1.2927	prolog	64	292	0.9839
1.2924	clay0203m	132	420	1.0000
1.2707	wastewater02m1	36	138	0.9316
1.2613	st_jcbpaf2	36	246	0.9437
1.2579	st_m2	72	1226	1.0000
1.2458	ex8_4_1	32	100	1.0000
1.2247	sssd25-08	401	1200	1.0000
1.2136	slay05m	240	720	1.0000
1.2006	st_rv2	40	340	1.0000
1.1917	ex8_1_7	14	46	0.9343
1.1689	st_test8	64	232	0.8382
1.1676	ex1223	33	82	1.0000
1.1600	ex1263a	94	390	1.0000
1.1342	sssd15-04	163	440	1.0000
1.1215	elf	124	376	0.7951
1.1168	pooling_haverly1tp	31	96	0.9527
1.1104	st_bpaf1a	30	120	0.9310
1.1075	hybriddynamic_fixed	168	388	1.0000
1.0876	ex5_2_4	18	62	0.9461
1.0845	csched1	110	376	1.0000
1.0576	st_bsj2	13	40	0.7972
1.0384	pointpack04	29	120	1.0000
1.0350	st_e07	19	60	1.0000
1.0196	slay04m	146	432	1.0000
1.0109	nvs05	22	84	0.9603
0.9713	pointpack06	55	276	1.0000
0.9701	sep1	69	206	0.9544
0.9595	st_ph1	16	58	0.8504
0.9525	ex1223b	25	66	1.0000
0.9352	ex2_1_3	31	72	1.0000
0.9350	kall_diffcircles_6	76	302	1.0000
0.9308	st_m1	42	432	1.0000
0.8998	prob02	22	76	0.8689
0.8667	ex9_1_2	19	54	0.9521
0.8622	ex9_2_6	28	68	1.0000
0.8590	nvs02	11	46	1.0000
0.8492	tln2	32	88	1.0000
0.8000	ex1225	26	66	0.9415
0.7811	st_ht	8	18	0.8627
0.7753	himmel11	14	60	1.0000
0.7495	ex3_1_3	18	36	0.9222
0.7271	ex14_1_8	11	30	1.0000
0.7045	oaer	20	40	1.0000
0.6782	st_bpk1	16	44	0.9391
0.6781	st_glmp_ss2	18	48	1.0000
0.6645	st_ph13	23	68	0.8599
0.6519	st_glmp_ss1	24	66	1.0000
0.6195	ex9_2_4	15	36	1.0000
0.6110	st_e22	12	30	0.9091
0.5540	st_pan1	11	32	0.7642
0.0000	st_e25	20	92	0.7798
0.0000	autocorr_bern35-35fix	38	1264	1.0000
0.0000	autocorr_bern40-30	43	1534	1.0000
0.0000	smallinvDAXr1b010-011	39	1120	0.9859
0.0000	cvxnonsep_psig30	30	870	1.0000
0.0000	autocorr_bern25-19	28	612	1.0000
0.0000	autocorr_bern30-23	33	878	1.0000
0.0000	st_qpc-m3a	30	304	0.6755
0.0000	cvxnonsep_normcon40r	162	322	1.0000
0.0000	nvs19	24	200	0.6534
0.0000	autocorr_bern20-15	23	394	1.0000
0.0000	cvxnonsep_psig20	20	380	1.0000
0.0000	nvs23	27	252	0.6356
0.0000	st_iqpbk1	22	98	1.0000
0.0000	cvxnonsep_normcon20r	82	162	1.0000
0.0000	st_e41	8	32	1.0000
0.0000	st_e24	10	26	0.8906
0.0000	cvxnonsep_psig30r	126	250	1.0000
0.0000	cvxnonsep_psig20r	86	170	1.0000
0.0000	st_miqp2	10	18	1.0000
matrices under 0.010s: 20/119
matrices under 0.050s: 20/119
matrices under 0.100s: 20/119
matrices under 0.200s: 20/119
matrices under 0.400s: 20/119

--- per-bucket ---
lt_1k    count=119   geomean=0.9099
SCORE = 0.909944
WORST order() = 3.221 s
FORCEAUDIT	stage1b_sites=14	force_fires=0	unsound=0	core_total_mismatch=0	max_drift_ppm=0	worst_incumbent=0	worst_adopted=0	tie_window_opened=0	tie_pass_run=0
ok

test result: ok. 1 passed; 0 failed; 0 ignored; 0 measured; 183 filtered out; finished in 140.15s

