
running 1 test
test ordering::probe::probe_timing_and_score ... LADGATE	357	10000	1.920	1
LADGATE	357	10000	2.166	1
LIFT	slay06m	357	147	660	147
COUNTS	slay06m	357	1080	4025	4025
LADGATE	401	10000	2.103	1
LADGATE	401	10000	2.328	1
LIFT	sssd25-08	401	89	640	89
COUNTS	sssd25-08	401	1200	5389	5389
LADGATE	4772	10000	4.550	1
LIFT	rsyn0810m04m	4772	2520	9996	2520
COUNTS	rsyn0810m04m	4772	13836	147553	113207
LIFT	pooling_sppc3pq	23173	12327	872032	12327
COUNTS	pooling_sppc3pq	23173	893724	1153877333	325595394
LADGATE	1131	10000	6.010	1
LIFT	sporttournament48	1131	721	7408	721
COUNTS	sporttournament48	1131	6676	919582	592120
LADGATE	5030	10000	5.040	1
LIFT	pooling_sppa9pq	5030	2509	126346	2509
COUNTS	pooling_sppa9pq	5030	120730	23971280	15198662
LADGATE	1053	10000	4.236	1
LIFT	edgecross10-090	1053	571	4240	571
COUNTS	edgecross10-090	1053	5204	126115	103179
LIFT	maxcsp-ehi-85-297-71	2372	2075	216272	2075
COUNTS	maxcsp-ehi-85-297-71	2372	207996	1381768944	1110971341
LADGATE	30	10000	2.419	1
LADGATE	30	10000	2.685	1
COUNTS	st_bpaf1a	30	120	623	580
LADGATE	1462	10000	5.192	1
LIFT	risk2bpb	1462	628	4030	628
COUNTS	risk2bpb	1462	5396	118471	66041
LADGATE	255	10000	0.848	1
LIFT	qap	255	225	49148	225
COUNTS	qap	255	43748	3802533	3650113
LADGATE	7252	10000	4.787	1
LIFT	rsyn0830m04m	7252	3744	14872	3744
COUNTS	rsyn0830m04m	7252	20752	212130	171498
LADGATE	1073	10000	2.938	1
LIFT	lop97icx	1073	155	1760	155
COUNTS	lop97icx	1073	2118	79286	64044
LADGATE	1201	10000	1.804	1
LIFT	chain400	1201	800	3196	800
COUNTS	chain400	1201	4796	16382	16382
LADGATE	9532	10000	7.980	1
LIFT	mpbp_07	9532	5704	23110	5704
COUNTS	mpbp_07	9532	30810	1368477	1248083
LADGATE	440	10000	3.970	1
LADGATE	440	10000	5.310	1
LIFT	sonetgr17	440	317	2712	317
COUNTS	sonetgr17	440	2958	37814	30971
LADGATE	2207	10000	4.607	1
LIFT	p_ball_30b_7p_2d_h	2207	1415	5932	1415
COUNTS	p_ball_30b_7p_2d_h	2207	7516	42456	42319
LADGATE	19995	10000	7.448	0
LIFT	pinene200	19995	15795	89590	15795
COUNTS	pinene200	19995	97990	1358716	1132609
LIFT	unitcommit_200_100_1_mod_8	146830	73272	329560	73272
COUNTS	unitcommit_200_100_1_mod_8	146830	476332	3053940	2981835
LADGATE	123	10000	3.396	1
LADGATE	123	10000	3.455	1
LIFT	ex8_3_9	123	101	766	101
COUNTS	ex8_3_9	123	834	15050	11503
LADGATE	2486	10000	6.213	1
LIFT	rsyn0820m02m	2486	1364	4808	1364
COUNTS	rsyn0820m02m	2486	6932	38190	35775
LADGATE	293	10000	3.675	1
LADGATE	293	10000	4.339	1
LIFT	p_ball_10b_5p_2d_m	293	119	716	119
COUNTS	p_ball_10b_5p_2d_m	293	964	6648	6547
LADGATE	170	10000	2.101	1
LADGATE	170	10000	5.009	1
LIFT	pooling_adhya4tp	170	93	806	93
COUNTS	pooling_adhya4tp	170	936	26842	20581
LADGATE	7295	10000	3.885	1
LIFT	squfl015-080persp	7295	2495	12000	2495
COUNTS	squfl015-080persp	7295	21600	74520	74520
LADGATE	1053	10000	4.504	1
LIFT	edgecross10-080	1053	571	4976	571
COUNTS	edgecross10-080	1053	5940	170814	164639
LADGATE	590	10000	4.041	1
LADGATE	590	10000	4.590	1
LIFT	clay0204hfsg	590	278	1184	278
COUNTS	clay0204hfsg	590	1696	7198	6562
LADGATE	13	10000	0.823	1
LADGATE	13	10000	1.753	1
COUNTS	st_bsj2	13	40	143	114
LADGATE	440	10000	4.268	1
LADGATE	440	10000	5.173	1
LIFT	chimera_mgw-c8-439-onc8-002	440	418	3060	418
COUNTS	chimera_mgw-c8-439-onc8-002	440	3038	97870	86464
LADGATE	5188	10000	5.440	1
LIFT	batchs201210m	5188	2645	13208	2645
COUNTS	batchs201210m	5188	17910	349298	303381
LADGATE	5456	10000	5.633	1
LIFT	rsyn0815m04m	5456	2966	10968	2966
COUNTS	rsyn0815m04m	5456	15756	184352	143279
LADGATE	560	10000	3.215	1
LADGATE	560	10000	3.538	1
LIFT	syn40m	560	291	1080	291
COUNTS	syn40m	560	1528	5007	4829
LADGATE	2157	10000	2.493	1
LIFT	knp5-44	2157	1167	31152	1167
COUNTS	knp5-44	2157	32604	3764003	3764003
LADGATE	94	10000	1.501	1
LADGATE	94	10000	1.816	1
LIFT	ex1263a	94	59	320	59
COUNTS	ex1263a	94	390	2098	2098
COUNTS	st_e41	8	32	88	88
LADGATE	2305	10000	3.176	1
LIFT	squfl025-030	2305	805	3000	805
COUNTS	squfl025-030	2305	6000	42305	42305
LADGATE	98	10000	2.138	1
LADGATE	98	10000	3.160	1
LIFT	wastewater05m1	98	62	740	62
COUNTS	wastewater05m1	98	536	11690	8002
COUNTS	cvxnonsep_psig20	20	380	2870	2870
LADGATE	4405	10000	1.103	1
LIFT	meanvar-orl400_05_e_8	4405	2403	168400	2403
COUNTS	meanvar-orl400_05_e_8	4405	171604	21923414	21922611
LADGATE	301	10000	4.003	1
LADGATE	301	10000	4.425	1
LIFT	st_e31	301	163	492	163
COUNTS	st_e31	301	744	4534	4257
LIFT	pooling_sppc1pq	14100	7273	535700	7273
COUNTS	pooling_sppc1pq	14100	477680	812210652	136686008
LADGATE	31	10000	1.773	1
LADGATE	31	10000	2.140	1
COUNTS	pooling_haverly1pq	31	96	412	403
LADGATE	128	10000	1.919	1
LADGATE	128	10000	3.495	1
LIFT	graphpart_3g-0244-0244	128	96	672	96
COUNTS	graphpart_3g-0244-0244	128	672	33446	32534
LADGATE	80	10000	2.323	1
LADGATE	80	10000	3.166	1
LIFT	graphpart_clique-20	80	77	1254	77
COUNTS	graphpart_clique-20	80	1260	34885	27856
LADGATE	28368	10000	5.977	0
LIFT	mpbp_48	28368	16000	66180	16000
COUNTS	mpbp_48	28368	91016	33835023	16057644
LIFT	pooling_sppb5pq	18529	9496	693670	9496
COUNTS	pooling_sppb5pq	18529	674470	523815053	213571545
LADGATE	497	10000	2.650	1
LADGATE	497	10000	3.441	1
LIFT	slay07m	497	203	924	203
COUNTS	slay07m	497	1512	5740	5740
COUNTS	nvs19	24	200	1353	884
LADGATE	3270	10000	5.467	1
LIFT	oil	3270	1687	5444	1687
COUNTS	oil	3270	8430	36313	34760
LADGATE	2775	10000	4.146	1
LIFT	squfl015-060	2775	975	3600	975
COUNTS	squfl015-060	2775	7200	36400	36400
LADGATE	1112	10000	4.293	1
LIFT	ndcc12persp	1112	961	5220	961
COUNTS	ndcc12persp	1112	5522	299115	284793
LIFT	kissing2	20772	10772	381024	10772
COUNTS	kissing2	20772	401024	156414018	156414018
LADGATE	1942	10000	5.608	1
LIFT	nuclear25a	1942	755	18260	755
COUNTS	nuclear25a	1942	16030	1977163	1136191
LADGATE	222	10000	2.408	1
LADGATE	222	10000	2.813	1
LIFT	clay0204m	222	102	464	102
COUNTS	clay0204m	222	704	2330	2330
LADGATE	23	10000	1.331	1
LADGATE	23	10000	2.263	1
COUNTS	st_ph13	23	68	207	178
LADGATE	1053	10000	4.153	1
LIFT	edgecross10-030	1053	573	5134	573
COUNTS	edgecross10-030	1053	4654	135854	100080
LADGATE	601	10000	2.131	1
LIFT	chain200	601	400	1596	400
COUNTS	chain200	601	2396	8182	8182
LADGATE	25	10000	1.454	1
LADGATE	25	10000	1.900	1
COUNTS	ex1223b	25	66	178	178
LADGATE	2718	10000	4.694	1
LIFT	slay09h	2718	1206	5040	1206
COUNTS	slay09h	2718	7488	36057	32385
LADGATE	974	10000	4.929	1
LIFT	ndcc12	974	902	6222	902
COUNTS	ndcc12	974	5982	345696	329342
LADGATE	1306	10000	2.941	1
LIFT	kall_circlesrectangles_c6r39	1306	924	4638	924
COUNTS	kall_circlesrectangles_c6r39	1306	5378	75744	74610
LADGATE	9170	10000	3.347	1
LIFT	squfl020-150	9170	3170	12000	3170
COUNTS	squfl020-150	9170	24000	135020	135020
COUNTS	autocorr_bern40-30	43	1534	20034	20034
LADGATE	660	10000	1.821	1
LIFT	slay08m	660	268	1232	268
COUNTS	slay08m	660	2016	7796	7796
LADGATE	2032	10000	3.445	1
LIFT	chimera_mgw-c16-2031-01	2032	2021	15902	2021
COUNTS	chimera_mgw-c16-2031-01	2032	15900	3328073	2560253
LADGATE	713	10000	2.220	1
LIFT	forest	713	404	2076	404
COUNTS	forest	713	2658	10614	10543
LADGATE	280	10000	0.549	1
LIFT	qspp_0_10_0_1_10_1	280	244	29450	244
COUNTS	qspp_0_10_0_1_10_1	280	29636	1942907	1932414
LADGATE	16	10000	0.822	1
LADGATE	16	10000	0.842	1
COUNTS	st_ph1	16	58	274	233
LADGATE	124	10000	1.123	1
LADGATE	124	10000	1.350	1
LIFT	elf	124	65	258	65
COUNTS	elf	124	376	2733	2173
LADGATE	18	10000	1.098	1
LADGATE	18	10000	1.215	1
COUNTS	ex3_1_3	18	36	90	83
COUNTS	cvxnonsep_normcon40r	162	322	645	645
LADGATE	155	10000	1.353	1
LADGATE	155	10000	1.397	1
LIFT	demo7	155	66	448	66
COUNTS	demo7	155	618	3579	3426
LADGATE	615	10000	1.642	1
LIFT	waternd2	615	338	2036	338
COUNTS	waternd2	615	2580	155674	74817
LADGATE	64	10000	1.204	1
LADGATE	64	10000	1.381	1
LIFT	prolog	64	42	248	42
COUNTS	prolog	64	292	1245	1225
LADGATE	11	10000	0.680	1
LADGATE	11	10000	0.741	1
COUNTS	ex14_1_8	11	30	80	80
LIFT	faclay75	272878	137826	1109602	137826
COUNTS	faclay75	272878	1379706	3204527350	3013800414
LADGATE	55	10000	0.520	1
LADGATE	55	10000	0.627	1
LIFT	st_qpk3	55	33	504	33
COUNTS	st_qpk3	55	548	5467	3762
LADGATE	11556	10000	1.986	0
LIFT	mpbp_34	11556	7230	32172	7230
COUNTS	mpbp_34	11556	40860	3093917	891022
COUNTS	cvxnonsep_normcon20r	82	162	325	325
COUNTS	cvxnonsep_psig20r	86	170	341	341
LADGATE	18742	10000	2.499	0
LIFT	crudeoil_pooling_dt2	18742	10735	60222	10735
COUNTS	crudeoil_pooling_dt2	18742	75910	14985540	9905819
LADGATE	2868	10000	3.053	1
LIFT	rsyn0805m03m	2868	1596	5810	1596
COUNTS	rsyn0805m03m	2868	8270	60979	54830
COUNTS	st_iqpbk1	22	98	295	295
LADGATE	96	10000	1.067	1
LADGATE	96	10000	1.161	1
LIFT	waterund01	96	47	384	47
COUNTS	waterund01	96	404	4546	3317
LADGATE	29	10000	0.566	1
LADGATE	29	10000	0.613	1
COUNTS	pointpack04	29	120	577	577
LADGATE	12	10000	0.445	1
LADGATE	12	10000	0.453	1
COUNTS	st_e22	12	30	77	70
LADGATE	16678	10000	1.676	0
LIFT	faclay30	16678	8556	65998	8556
COUNTS	faclay30	16678	82242	13452923	12850431
LADGATE	4432	10000	1.551	1
LIFT	arki0002	4432	2608	9424	2608
COUNTS	arki0002	4432	11248	683476	667374
LADGATE	11659	10000	2.682	0
LIFT	transswitch0300p	11659	6750	41276	6750
COUNTS	transswitch0300p	11659	48446	404940	375155
LADGATE	30660	10000	2.950	0
LIFT	crudeoil_pooling_dt3	30660	15957	134914	15957
COUNTS	crudeoil_pooling_dt3	30660	152210	48975085	34556239
LADGATE	22536	10000	2.313	0
LIFT	gasprod_sarawak81	22536	12902	61066	12902
COUNTS	gasprod_sarawak81	22536	75636	1030380	939449
LADGATE	660	10000	1.590	1
LIFT	maxcsp-langford-3-11	660	627	41846	627
COUNTS	maxcsp-langford-3-11	660	29646	33444033	10360919
LADGATE	1543	10000	1.623	1
LIFT	p_ball_30b_5p_2d_h	1543	999	4136	999
COUNTS	p_ball_30b_5p_2d_h	1543	5224	25843	25742
LADGATE	6709	10000	1.682	1
LIFT	ringpack_20_3	6709	3451	41284	3451
COUNTS	ringpack_20_3	6709	45220	2415136	865627
LADGATE	4825	10000	2.461	1
LIFT	waste	4825	2503	19260	2503
COUNTS	waste	4825	21504	1468261	1270649
LADGATE	2001	10000	0.873	1
LIFT	catmix400	2001	1998	11180	1998
COUNTS	catmix400	2001	11192	36373	36364
LADGATE	3054	10000	1.840	1
LIFT	rsyn0815m02hfsg	3054	1697	5478	1697
COUNTS	rsyn0815m02hfsg	3054	7968	44604	41384
LADGATE	1236	10000	1.286	1
LIFT	p_ball_10b_7p_3d_h	1236	751	3216	751
COUNTS	p_ball_10b_7p_3d_h	1236	4186	24380	23744
LADGATE	1225	10000	2.432	1
LIFT	chimera_k64ising-02	1225	772	3732	772
COUNTS	chimera_k64ising-02	1225	3846	613390	370197
LADGATE	3404	10000	2.432	1
LIFT	batchs121208m	3404	1725	8392	1725
COUNTS	batchs121208m	3404	11462	138030	128816
LADGATE	11	10000	0.643	1
LADGATE	11	10000	0.762	1
COUNTS	nvs02	11	46	142	142
LADGATE	191	10000	1.003	1
LADGATE	191	10000	1.090	1
LIFT	wastepaper6	191	156	1358	156
COUNTS	wastepaper6	191	1416	16611	16611
LADGATE	399	10000	1.215	1
LADGATE	399	10000	1.331	1
LIFT	syn15hfsg	399	221	666	221
COUNTS	syn15hfsg	399	1022	3300	3272
LADGATE	36	10000	0.726	1
LADGATE	36	10000	0.789	1
LIFT	st_jcbpaf2	36	23	220	23
COUNTS	st_jcbpaf2	36	246	1635	1543
COUNTS	camshape400	2000	7188	16768	16768
LADGATE	120	10000	1.427	1
LADGATE	120	10000	1.435	1
LIFT	graphpart_clique-30	120	117	2784	117
COUNTS	graphpart_clique-30	120	2790	114505	91153
LADGATE	280	10000	0.672	1
LIFT	graphpart_clique-70	280	277	14904	277
COUNTS	graphpart_clique-70	280	14910	1413012	1144894
COUNTS	smallinvDAXr1b010-011	39	1120	13510	13319
LADGATE	22074	10000	1.562	0
LIFT	nd_netgen-2000-3-4-b-a-ns_7	22074	10074	36000	10074
COUNTS	nd_netgen-2000-3-4-b-a-ns_7	22074	60000	289420	272736
LADGATE	240	10000	0.897	1
LADGATE	240	10000	1.106	1
LIFT	slay05m	240	100	440	100
COUNTS	slay05m	240	720	2635	2635
LADGATE	2031	10000	2.586	1
LIFT	chimera_selby-c16-01	2031	1517	13662	1517
COUNTS	chimera_selby-c16-01	2031	10964	3605628	2405490
LADGATE	110	10000	0.679	1
LADGATE	110	10000	0.705	1
LIFT	csched1	110	30	100	30
COUNTS	csched1	110	376	975	975
LADGATE	1310	10000	0.345	1
LIFT	watercontamination0303r	1310	755	35918	755
COUNTS	watercontamination0303r	1310	37028	2171882	2171882
LADGATE	15	10000	0.444	1
LADGATE	15	10000	0.459	1
COUNTS	ex9_2_4	15	36	117	117
LADGATE	163	10000	0.890	1
LADGATE	163	10000	0.937	1
LIFT	sssd15-04	163	47	240	47
COUNTS	sssd15-04	163	440	1625	1625
COUNTS	autocorr_bern35-35fix	38	1264	16214	16214
LADGATE	1491	10000	1.350	1
LIFT	sfacloc2_4_90	1491	775	3282	775
COUNTS	sfacloc2_4_90	1491	4500	31682	28843
LIFT	cont6-qq	120395	79800	397602	79800
COUNTS	cont6-qq	120395	557994	835894090	581918900
LADGATE	5205	10000	0.438	1
LIFT	meanvar-orl400_05_e_7	5205	2803	170000	2803
COUNTS	meanvar-orl400_05_e_7	5205	174804	21939414	21935811
LADGATE	10017	10000	1.185	0
LIFT	glider400	10017	7609	43204	7609
COUNTS	glider400	10017	49624	373018	327450
LADGATE	4960	10000	2.261	1
LIFT	syn40m04m	4960	2524	9280	2524
COUNTS	syn40m04m	4960	13792	65982	63265
LADGATE	31	10000	0.622	1
LADGATE	31	10000	0.662	1
COUNTS	ex2_1_3	31	72	189	189
LADGATE	705	10000	2.053	1
LIFT	qapw	705	480	87046	480
COUNTS	qapw	705	87496	12183146	12183146
LADGATE	14	10000	0.700	1
LADGATE	14	10000	0.726	1
COUNTS	himmel11	14	60	198	198
LADGATE	1908	10000	1.686	1
LIFT	syn15m04m	1908	970	3540	970
COUNTS	syn15m04m	1908	5288	26094	25061
LADGATE	118	10000	1.033	1
LADGATE	118	10000	1.092	1
LIFT	pooling_rt2tp	118	66	554	66
COUNTS	pooling_rt2tp	118	654	5876	5796
LADGATE	333	10000	1.751	1
LADGATE	333	10000	1.752	1
LIFT	waterund14	333	191	2068	191
COUNTS	waterund14	333	2204	200484	70488
LADGATE	17809	10000	4.160	0
LIFT	crudeoil_lee4_10	17809	10229	106656	10229
COUNTS	crudeoil_lee4_10	17809	120632	294531623	181053364
LADGATE	1294	10000	2.239	1
LIFT	pooling_foulds4pq	1294	723	7208	723
COUNTS	pooling_foulds4pq	1294	8302	138692	138540
LADGATE	3097	10000	1.170	1
LIFT	edgecross14-156	3097	1641	21120	1641
COUNTS	edgecross14-156	3097	19664	1487933	1366564
LADGATE	72	10000	0.968	1
LADGATE	72	10000	1.023	1
LIFT	tspn08	72	34	646	34
COUNTS	tspn08	72	668	11074	7600
LADGATE	4225	10000	2.991	1
LIFT	crudeoil_li05	4225	2656	17380	2656
COUNTS	crudeoil_li05	4225	14628	680022	533357
LADGATE	14416	10000	4.211	0
LIFT	procurement1large	14416	6606	28248	6606
COUNTS	procurement1large	14416	41068	13858240	7309631
LADGATE	1428	10000	1.226	1
LIFT	blend721	1428	829	3334	829
COUNTS	blend721	1428	4548	77560	66143
LADGATE	2031	10000	2.904	1
LIFT	chimera_selby-c16-02	2031	1436	15878	1436
COUNTS	chimera_selby-c16-02	2031	10878	4280329	2293665
LADGATE	16640	10000	2.307	0
LIFT	supplychainr1_053050	16640	9640	44160	9640
COUNTS	supplychainr1_053050	16640	57800	2173490	2173490
LADGATE	5067	10000	2.855	1
LIFT	sfacloc2_4_80	5067	2567	16656	2567
COUNTS	sfacloc2_4_80	5067	21424	93048	88884
COUNTS	st_e24	10	26	64	57
LADGATE	1053	10000	1.525	1
LIFT	edgecross10-040	1053	571	4152	571
COUNTS	edgecross10-040	1053	5116	161851	143518
LADGATE	8232	10000	1.186	1
LIFT	sonet21v6	8232	4221	32722	4221
COUNTS	sonet21v6	8232	40744	1643311	1585871
LADGATE	2490	10000	1.308	1
LIFT	squfl010-080	2490	890	3200	890
COUNTS	squfl010-080	2490	6400	27665	27665
LADGATE	221	10000	1.137	1
LADGATE	221	10000	1.411	1
LIFT	genpooling_lee2	221	145	896	145
COUNTS	genpooling_lee2	221	1048	19895	14028
LADGATE	2807	10000	3.103	1
LIFT	popdynm25	2807	2349	13004	2349
COUNTS	popdynm25	2807	13904	360081	286502
LADGATE	5211	10000	3.029	1
LIFT	chp_partload	5211	3186	12690	3186
COUNTS	chp_partload	5211	16740	509170	372982
LADGATE	560	10000	0.629	1
LIFT	qspp_0_14_0_1_10_1	560	364	119024	364
COUNTS	qspp_0_14_0_1_10_1	560	120274	16119226	16038266
LADGATE	24	10000	0.650	1
LADGATE	24	10000	0.754	1
COUNTS	st_glmp_ss1	24	66	160	160
LADGATE	2508	10000	1.772	1
LIFT	torsion50	2508	1302	20190	1302
COUNTS	torsion50	2508	29808	1691033	1118955
LADGATE	40	10000	0.639	1
LADGATE	40	10000	0.851	1
LIFT	st_rv2	40	10	90	10
COUNTS	st_rv2	40	340	2045	2045
LADGATE	6885	10000	0.998	1
LIFT	emfl100_3_3	6885	2961	8100	2961
COUNTS	emfl100_3_3	6885	15948	55506	55506
COUNTS	pedigree_sim400	351	23546	1183471	1183168
COUNTS	polygon75	5846	49652	1171822	1171822
LIFT	gabriel10	244056	129644	1260406	129644
COUNTS	gabriel10	244056	1148210	1365442310	1267760679
LADGATE	1049	10000	1.338	1
LIFT	fo9_ar25_1	1049	507	3606	507
COUNTS	fo9_ar25_1	1049	4336	41668	38237
LADGATE	1159	10000	1.061	1
LIFT	rsyn0840m	1159	610	2176	610
COUNTS	rsyn0840m	1159	3168	11274	10602
LADGATE	548	10000	2.080	1
LADGATE	548	10000	2.199	1
LIFT	gancns	548	318	2280	318
COUNTS	gancns	548	2800	69234	58183
LADGATE	1049	10000	1.425	1
LIFT	o9_ar4_1	1049	507	3606	507
COUNTS	o9_ar4_1	1049	4336	41668	38237
LADGATE	123	10000	1.124	1
LADGATE	123	10000	1.281	1
LIFT	ex1265a	123	79	472	79
COUNTS	ex1265a	123	560	3948	3750
LADGATE	28	10000	0.650	1
LADGATE	28	10000	0.776	1
COUNTS	ex9_2_6	28	68	190	190
LADGATE	481	10000	0.432	1
LIFT	qspp_0_13_0_1_10_1	481	312	87460	312
COUNTS	qspp_0_13_0_1_10_1	481	88522	10150185	10097446
LADGATE	146	10000	0.810	1
LADGATE	146	10000	1.048	1
LIFT	slay04m	146	62	264	62
COUNTS	slay04m	146	432	1554	1554
COUNTS	st_e25	20	92	336	262
LADGATE	32	10000	0.847	1
LADGATE	32	10000	1.003	1
LIFT	ex8_4_1	32	12	40	12
COUNTS	ex8_4_1	32	100	225	225
LADGATE	19	10000	1.114	1
LADGATE	19	10000	1.264	1
COUNTS	st_e07	19	60	199	199
LADGATE	26	10000	0.719	1
LADGATE	26	10000	0.768	1
COUNTS	ex1225	26	66	171	161
LADGATE	969	10000	1.938	1
LIFT	ndcc13	969	735	6656	735
COUNTS	ndcc13	969	5882	525212	324727
LADGATE	1224	10000	1.044	1
LIFT	syn10m04m	1224	620	2256	620
COUNTS	syn10m04m	1224	3384	13501	13463
LADGATE	18	10000	0.847	1
LADGATE	18	10000	0.880	1
COUNTS	ex5_2_4	18	62	204	193
LADGATE	72	10000	0.996	1
LADGATE	72	10000	1.020	1
LIFT	st_m2	72	21	420	21
COUNTS	st_m2	72	1226	16331	16331
LADGATE	16	10000	0.536	1
LADGATE	16	10000	0.579	1
COUNTS	st_bpk1	16	44	115	108
LADGATE	736	10000	2.092	1
LIFT	multiplants_stg1	736	321	3112	321
COUNTS	multiplants_stg1	736	3594	197998	155496
LADGATE	11251	10000	2.611	0
LIFT	powerflow0300p	11251	6342	34748	6342
COUNTS	powerflow0300p	11251	41918	304705	290023
LADGATE	33155	10000	2.081	0
LIFT	nd_netgen-3000-1-1-b-b-ns_7	33155	15155	54000	15155
COUNTS	nd_netgen-3000-1-1-b-b-ns_7	33155	90000	922197	883821
LADGATE	803	10000	1.772	1
LIFT	sonet23v4	803	547	5952	547
COUNTS	sonet23v4	803	6462	139703	94348
LADGATE	1649	10000	1.481	1
LIFT	pooling_sppa0pq	1649	1648	24190	1648
COUNTS	pooling_sppa0pq	1649	24192	3745896	1186667
LADGATE	645	10000	1.909	1
LIFT	multiplants_mtg1b	645	406	4016	406
COUNTS	multiplants_mtg1b	645	4404	229415	152043
LADGATE	338	10000	0.841	1
LADGATE	338	10000	0.846	1
LIFT	sssd18-08persp	338	138	768	138
COUNTS	sssd18-08persp	338	1168	4654	4654
LADGATE	19	10000	0.476	1
LADGATE	19	10000	0.479	1
COUNTS	ex9_1_2	19	54	188	179
LADGATE	3670	10000	2.258	1
LIFT	crudeoil_lee1_07	3670	1957	17600	1957
COUNTS	crudeoil_lee1_07	3670	19322	4746188	3511183
LADGATE	31	10000	0.750	1
LADGATE	31	10000	0.757	1
COUNTS	pooling_haverly1tp	31	96	423	403
LADGATE	230	10000	0.964	1
LADGATE	230	10000	1.066	1
LIFT	waterund08	230	120	1760	120
COUNTS	waterund08	230	1290	35284	30110
LADGATE	76	10000	0.459	1
LADGATE	76	10000	0.464	1
LIFT	kall_diffcircles_6	76	45	240	45
COUNTS	kall_diffcircles_6	76	302	1511	1511
LADGATE	440	10000	2.174	1
LADGATE	440	10000	2.237	1
LIFT	chimera_mgw-c8-439-onc8-001	440	423	3066	423
COUNTS	chimera_mgw-c8-439-onc8-001	440	3040	106479	78229
LADGATE	160	10000	1.518	1
LADGATE	160	10000	1.575	1
LIFT	waterund11	160	91	642	91
COUNTS	waterund11	160	828	14818	10705
LADGATE	16364	10000	3.642	0
LIFT	chp_shorttermplan2d	16364	8902	38240	8902
COUNTS	chp_shorttermplan2d	16364	52108	4089003	2054862
LADGATE	156	10000	1.552	1
LADGATE	156	10000	1.957	1
LIFT	sporttournament18	156	136	810	136
COUNTS	sporttournament18	156	886	17568	13608
COUNTS	cvxnonsep_psig30	30	870	9455	9455
LADGATE	6089	10000	2.551	1
LIFT	ringpack_20_2	6089	3132	37034	3132
COUNTS	ringpack_20_2	6089	40368	1872174	707413
LADGATE	1386	10000	1.644	1
LIFT	blend718	1386	808	3138	808
COUNTS	blend718	1386	4310	70355	61466
LADGATE	115	10000	1.680	1
LADGATE	115	10000	1.852	1
LIFT	wastepaper4	115	50	654	50
COUNTS	wastepaper4	115	724	9711	7183
LADGATE	2450	10000	1.760	1
LIFT	squfl010-040persp	2450	850	4000	850
COUNTS	squfl010-040persp	2450	7200	22825	22825
LADGATE	10429	10000	4.017	0
LIFT	crudeoil_lee4_06	10429	6797	109128	6797
COUNTS	crudeoil_lee4_06	10429	55492	65337120	32348553
LADGATE	1746	10000	2.985	1
LIFT	netmod_kar1	1746	798	3664	798
COUNTS	netmod_kar1	1746	4928	56838	43864
LADGATE	14	10000	0.530	1
LADGATE	14	10000	0.554	1
COUNTS	ex8_1_7	14	46	137	128
LADGATE	108	10000	0.996	1
LADGATE	108	10000	1.041	1
LIFT	graphpart_3g-0333-0333	108	81	648	81
COUNTS	graphpart_3g-0333-0333	108	648	44928	36228
LADGATE	760	10000	1.287	1
LIFT	slay05h	760	340	1400	340
COUNTS	slay05h	760	2080	9815	8795
LADGATE	156	10000	1.243	1
LADGATE	156	10000	1.265	1
LIFT	korcns	156	92	598	92
COUNTS	korcns	156	712	7241	6599
LADGATE	5065	10000	2.575	1
LIFT	powerflow0118p	5065	2810	15480	2810
COUNTS	powerflow0118p	5065	18730	121503	117327
LADGATE	4799	10000	2.800	1
LIFT	sfacloc2_3_80	4799	2402	16046	2402
COUNTS	sfacloc2_3_80	4799	20600	84672	81119
LADGATE	6028	10000	2.132	1
LIFT	rsyn0820m04m	6028	3144	12532	3144
COUNTS	rsyn0820m04m	6028	17372	196890	152748
LADGATE	1046	10000	1.039	1
LIFT	hydroenergy1	1046	570	2164	570
COUNTS	hydroenergy1	1046	3024	14089	14089
LADGATE	181	10000	1.000	1
LADGATE	181	10000	1.062	1
LIFT	maxmin	181	103	1284	103
COUNTS	maxmin	181	1440	8405	8405
LADGATE	8	10000	0.433	1
LADGATE	8	10000	0.481	1
COUNTS	st_ht	8	18	51	44
LADGATE	6418	10000	3.349	1
LIFT	crudeoil_lee2_06	6418	4139	66598	4139
COUNTS	crudeoil_lee2_06	6418	34646	23299675	15876339
LADGATE	3183	10000	1.789	1
LIFT	kan_r3_h1_n4	3183	2301	12330	2301
COUNTS	kan_r3_h1_n4	3183	14062	104945	98697
LADGATE	378	10000	1.102	1
LIFT	primary	378	222	5294	222
COUNTS	primary	378	5610	109639	95258
LADGATE	1071	10000	1.064	1
LIFT	syn10m03hfsg	1071	591	1812	591
COUNTS	syn10m03hfsg	1071	2772	9890	9812
LADGATE	36	10000	0.931	1
LADGATE	36	10000	0.943	1
LIFT	wastewater02m1	36	24	118	24
COUNTS	wastewater02m1	36	138	848	790
LADGATE	4620	10000	1.474	1
LIFT	supplychainr1_022020	4620	2680	11920	2680
COUNTS	supplychainr1_022020	4620	15680	273140	273100
LADGATE	3800	10000	1.038	1
LIFT	squfl025-025persp	3800	1300	6250	1300
COUNTS	squfl025-025persp	3800	11250	49925	49925
LADGATE	17999	10000	4.236	0
LIFT	ringpack_30_2	17999	9231	103922	9231
COUNTS	ringpack_30_2	17999	121458	12394600	2864237
LIFT	nuclear104	39098	26306	232222	26306
COUNTS	nuclear104	39098	257806	103156931	78332024
LADGATE	4952	10000	2.767	1
LIFT	chp_shorttermplan1a	4952	2592	11264	2592
COUNTS	chp_shorttermplan1a	4952	15700	376486	299825
LADGATE	555	10000	2.245	1
LADGATE	555	10000	2.352	1
LIFT	rocket50	555	450	3272	450
COUNTS	rocket50	555	3488	19983	19265
LADGATE	8508	10000	2.629	1
LIFT	rsyn0840m04m	8508	4368	17360	4368
COUNTS	rsyn0840m04m	8508	24272	229914	184830
LADGATE	11716	10000	2.257	0
LIFT	mpbp_21	11716	6945	28072	6945
COUNTS	mpbp_21	11716	37660	1691114	1456963
LADGATE	172	10000	1.244	1
LADGATE	172	10000	1.254	1
LIFT	orth_d4m6_pl	172	92	896	92
COUNTS	orth_d4m6_pl	172	1096	10938	10703
LADGATE	1681	10000	3.034	1
LIFT	kall_circlespolygons_c1p5b	1681	1245	6560	1245
COUNTS	kall_circlespolygons_c1p5b	1681	7432	201759	193841
LIFT	acopf_case9241pegase_qcqp	313068	201757	1141270	201757
COUNTS	acopf_case9241pegase_qcqp	313068	1292408	34647355	33736789
LADGATE	33	10000	0.764	1
LADGATE	33	10000	0.764	1
LIFT	ex1223	33	18	54	18
COUNTS	ex1223	33	82	244	244
LADGATE	10	10000	0.718	1
LADGATE	10	10000	0.728	1
COUNTS	ex6_1_4	10	48	197	153
LADGATE	403	10000	1.441	1
LADGATE	403	10000	1.488	1
LIFT	powerflow0014r	403	234	1432	234
COUNTS	powerflow0014r	403	1630	10761	10361
LADGATE	2065	10000	0.895	1
LIFT	knp5-43	2065	1119	29756	1119
COUNTS	knp5-43	2065	31132	3517788	3517788
LADGATE	21688	10000	2.526	0
LIFT	gabriel09	21688	11348	105698	11348
COUNTS	gabriel09	21688	89702	29373994	25540477
LADGATE	32	10000	0.727	1
LADGATE	32	10000	0.797	1
LIFT	tln2	32	18	60	18
COUNTS	tln2	32	88	233	233
LADGATE	22	10000	0.570	1
LADGATE	22	10000	0.631	1
COUNTS	prob02	22	76	267	232
LADGATE	1422	10000	1.366	1
LIFT	blend146	1422	826	3252	826
COUNTS	blend146	1422	4460	78102	64296
LADGATE	4518	10000	1.656	1
LIFT	mpbp_46	4518	2728	10872	2728
COUNTS	mpbp_46	4518	14492	499547	447263
LADGATE	413	10000	1.877	1
LADGATE	413	10000	1.967	1
LIFT	tls6	413	291	2630	291
COUNTS	tls6	413	2860	18483	17511
LADGATE	21925	10000	1.605	0
LIFT	emfl100_5_5	21925	9425	27300	9425
COUNTS	emfl100_5_5	21925	52300	221650	221650
LADGATE	341	10000	0.431	1
LIFT	qspp_0_11_0_1_10_1	341	220	43506	220
COUNTS	qspp_0_11_0_1_10_1	341	44264	3563707	3531915
LADGATE	403	10000	1.245	1
LADGATE	403	10000	1.262	1
LIFT	p_ball_10b_5p_4d_m	403	169	1116	169
COUNTS	p_ball_10b_5p_4d_m	403	1484	13581	13288
LADGATE	90	10000	1.252	1
LADGATE	90	10000	1.272	1
LIFT	st_rv9	90	70	800	70
COUNTS	st_rv9	90	840	6691	6321
LADGATE	3486	10000	1.813	1
LIFT	rsyn0840m02m	3486	1876	6568	1876
COUNTS	rsyn0840m02m	3486	9576	47529	44981
LADGATE	22	10000	0.972	1
LADGATE	22	10000	0.974	1
COUNTS	nvs05	22	84	277	266
COUNTS	autocorr_bern25-19	28	612	5278	5278
LADGATE	356	10000	1.071	1
LADGATE	356	10000	1.074	1
LIFT	sssd20-08persp	356	140	800	140
COUNTS	sssd20-08persp	356	1232	4960	4960
LADGATE	827	10000	3.182	1
LIFT	multiplants_stg5	827	310	3480	310
COUNTS	multiplants_stg5	827	3804	377794	155722
LADGATE	2032	10000	2.843	1
LIFT	chimera_rfr-02	2032	2012	15234	2012
COUNTS	chimera_rfr-02	2032	15140	3860441	2487272
LADGATE	726	10000	3.038	1
LIFT	multiplants_stg1a	726	304	2994	304
COUNTS	multiplants_stg1a	726	3510	142058	121443
LADGATE	170	10000	0.925	1
LADGATE	170	10000	0.993	1
LIFT	pooling_adhya4pq	170	93	790	93
COUNTS	pooling_adhya4pq	170	932	24314	16556
LADGATE	17493	10000	3.088	0
LIFT	nuclear10a	17493	15309	159656	15309
COUNTS	nuclear10a	17493	163816	82406325	55261703
LADGATE	874	10000	2.401	1
LIFT	sonet24v5	874	595	6704	595
COUNTS	sonet24v5	874	7260	185654	110276
LIFT	transswitch2736spr	69651	44696	297260	44696
COUNTS	transswitch2736spr	69651	331010	7933133	7281507
LADGATE	8992	10000	1.750	1
LIFT	chp_shorttermplan2a	8992	4760	18484	4760
COUNTS	chp_shorttermplan2a	8992	26288	821014	574732
LADGATE	1001	10000	0.826	1
LIFT	catmix200	1001	998	5580	998
COUNTS	catmix200	1001	5592	18173	18164
COUNTS	nvs23	27	252	1921	1221
LADGATE	20	10000	0.555	1
LADGATE	20	10000	0.566	1
COUNTS	oaer	20	40	107	107
LADGATE	168	10000	0.771	1
LADGATE	168	10000	0.829	1
LIFT	hybriddynamic_fixed	168	80	250	80
COUNTS	hybriddynamic_fixed	168	388	1103	1103
LADGATE	16747	10000	2.217	0
LIFT	edgecross24-115	16747	8651	85448	8651
COUNTS	edgecross24-115	16747	77352	35096942	28128250
LADGATE	1178	10000	1.325	1
LIFT	space25	1178	243	1212	243
COUNTS	space25	1178	4334	23567	22528
LADGATE	23999	10000	2.078	0
LIFT	methanol400	23999	19199	142128	19199
COUNTS	methanol400	23999	151728	2586036	1792285
LADGATE	1218	10000	2.321	1
LIFT	pooling_foulds5tp	1218	659	7246	659
COUNTS	pooling_foulds5tp	1218	8364	251833	171941
LADGATE	5040	10000	2.832	1
LIFT	pooling_sppa9tp	5040	2642	116234	2642
COUNTS	pooling_sppa9tp	5040	121302	104609262	16877457
COUNTS	st_miqp2	10	18	37	37
COUNTS	autocorr_bern30-23	33	878	8940	8940
LADGATE	9858	10000	2.682	1
LIFT	mpbp_15	9858	5550	25800	5550
COUNTS	mpbp_15	9858	31692	1496502	1159408
COUNTS	cvxnonsep_psig30r	126	250	501	501
LADGATE	1590	10000	1.525	1
LIFT	rsyn0830hfsg	1590	876	2784	876
COUNTS	rsyn0830hfsg	1590	4100	16168	15383
LADGATE	1271	10000	1.967	1
LIFT	crudeoil_pooling_ct1	1271	722	3626	722
COUNTS	crudeoil_pooling_ct1	1271	4642	125127	93505
LADGATE	800	10000	2.296	1
LIFT	multiplants_stg1c	800	326	3346	326
COUNTS	multiplants_stg1c	800	3894	150039	143020
LADGATE	11	10000	0.489	1
LADGATE	11	10000	0.498	1
COUNTS	st_pan1	11	32	123	94
LADGATE	814	10000	3.033	1
LIFT	multiplants_stg1b	814	337	3456	337
COUNTS	multiplants_stg1b	814	3992	308612	187593
LADGATE	11999	10000	2.143	0
LIFT	methanol200	11999	9599	71328	9599
COUNTS	methanol200	11999	76128	1290836	905945
LADGATE	26778	10000	2.572	0
LIFT	faclay35	26778	13686	106196	13686
COUNTS	faclay35	26778	132380	33630126	32021838
LADGATE	13175	10000	1.218	0
LIFT	emfl050_5_5	13175	5675	17300	5675
COUNTS	emfl050_5_5	13175	32300	155400	155400
LIFT	transswitch2383wpr	59853	37844	247952	37844
COUNTS	transswitch2383wpr	59853	277562	3946309	3861509
LADGATE	1120	10000	1.818	1
LIFT	chimera_lga-01	1120	721	5500	721
COUNTS	chimera_lga-01	1120	6400	668019	492146
LADGATE	4596	10000	2.663	1
LIFT	gasprod_sarawak16	4596	2632	12316	2632
COUNTS	gasprod_sarawak16	4596	15316	213850	196064
LADGATE	15904	10000	3.801	0
LIFT	crudeoil_lee4_09	15904	10632	92014	10632
COUNTS	crudeoil_lee4_09	15904	101792	208785578	128851771
LADGATE	44909	10000	3.237	0
LIFT	arki0013	44909	18463	161472	18463
COUNTS	arki0013	44909	160172	390472987	155907534
LADGATE	42	10000	0.758	1
LADGATE	42	10000	0.780	1
LIFT	st_m1	42	11	110	11
COUNTS	st_m1	42	432	3097	3097
LADGATE	5310	10000	2.618	1
LIFT	mpbp_47	5310	3182	12798	3182
COUNTS	mpbp_47	5310	17098	730624	652208
LADGATE	821	10000	1.571	1
LIFT	rsyn0815m	821	434	1516	434
COUNTS	rsyn0815m	821	2242	8260	7745
LADGATE	7993	10000	3.999	1
LIFT	arki0016	7993	4968	26810	4968
COUNTS	arki0016	7993	37208	878890	835655
LADGATE	18	10000	0.597	1
LADGATE	18	10000	0.692	1
COUNTS	st_glmp_ss2	18	48	121	121
LADGATE	2670	10000	2.457	1
LIFT	rsyn0810m02hfsg	2670	1484	4808	1484
COUNTS	rsyn0810m02hfsg	2670	6964	36862	34794
LADGATE	55	10000	0.683	1
LADGATE	55	10000	0.703	1
LIFT	pointpack06	55	34	234	34
COUNTS	pointpack06	55	276	1497	1497
LADGATE	6328	10000	1.463	1
LIFT	syn40m04hfsg	6328	3492	11224	3492
COUNTS	syn40m04hfsg	6328	16896	76232	73526
LADGATE	258	10000	0.989	1
LADGATE	258	10000	1.004	1
LIFT	clay0304m	258	122	576	122
COUNTS	clay0304m	258	840	2742	2742
LADGATE	1218	10000	2.019	1
LIFT	pooling_foulds5pq	1218	655	7342	655
COUNTS	pooling_foulds5pq	1218	8300	159641	159641
LADGATE	1000	10000	1.449	1
LIFT	clay0305hfsg	1000	485	2050	485
COUNTS	clay0305hfsg	1000	2910	12260	11240
LADGATE	64	10000	0.732	1
LADGATE	64	10000	0.770	1
LIFT	st_test8	64	44	192	44
COUNTS	st_test8	64	232	2343	1964
LIFT	gams05	17364	8487	278504	8487
COUNTS	gams05	17364	252910	6179750712	3259322396
LADGATE	31	10000	0.944	1
LADGATE	31	10000	1.132	1
COUNTS	sporttournament08	31	156	862	862
LADGATE	1121	10000	1.333	1
LIFT	powerflow0030p	1121	642	3468	642
COUNTS	powerflow0030p	1121	4194	24944	23642
LADGATE	22407	10000	3.470	0
LIFT	popdynm200	22407	18799	98384	18799
COUNTS	popdynm200	22407	105584	2567878	2404589
LADGATE	11120	10000	3.487	0
LIFT	mpbp_35	11120	6920	32350	6920
COUNTS	mpbp_35	11120	40790	3037207	975441
LADGATE	1492	10000	1.531	1
LIFT	syn30m02m	1492	762	2608	762
COUNTS	syn30m02m	1492	3936	13752	13455
LADGATE	481	10000	2.041	1
LADGATE	481	10000	2.162	1
LIFT	wastewater13m1	481	353	3026	353
COUNTS	wastewater13m1	481	3252	60135	60068
LADGATE	1022	10000	1.169	1
LIFT	syn40hfsg	1022	573	1726	573
COUNTS	syn40hfsg	1022	2624	8432	8155
LADGATE	69	10000	0.976	1
LADGATE	69	10000	0.983	1
LIFT	sep1	69	36	150	36
COUNTS	sep1	69	206	1097	1047
LADGATE	2508	10000	1.706	1
LIFT	syn30m03m	2508	1278	4542	1278
COUNTS	syn30m03m	2508	6804	26806	26543
COUNTS	st_qpc-m3a	30	304	2330	1574
LADGATE	2644	10000	3.043	1
LIFT	crudeoil_pooling_ct3	2644	1586	9346	1586
COUNTS	crudeoil_pooling_ct3	2644	11426	1381490	865089
LADGATE	634	10000	1.379	1
LIFT	space25a	634	417	2530	417
COUNTS	space25a	634	3246	29078	27875
COUNTS	autocorr_bern20-15	23	394	2784	2784
LADGATE	35	10000	0.779	1
LADGATE	35	10000	0.783	1
LIFT	ex7_2_1	35	21	106	21
COUNTS	ex7_2_1	35	134	352	341
LADGATE	2092	10000	2.734	1
LIFT	hydroenergy2	2092	1090	4556	1090
COUNTS	hydroenergy2	2092	6236	69051	55964
LADGATE	514	10000	1.456	1
LIFT	pooling_digabel19	514	296	5918	296
COUNTS	pooling_digabel19	514	5340	325989	274903
LADGATE	132	10000	0.887	1
LADGATE	132	10000	0.944	1
LIFT	clay0203m	132	63	282	63
COUNTS	clay0203m	132	420	1348	1348
LADGATE	13680	10000	1.607	0
LIFT	squfl030-150	13680	4680	18000	4680
COUNTS	squfl030-150	13680	36000	252605	252605

--- every order() call, slowest first (TSV) ---
secs	matrix	n	nnz	ratio
10.0434	mpbp_07	9532	30810	0.9120
9.2882	pinene200	19995	97990	0.8336
8.6624	rsyn0820m02m	2486	6932	0.9368
8.5027	rsyn0830m04m	7252	20752	0.8085
8.4070	risk2bpb	1462	5396	0.5574
8.2837	rsyn0815m04m	5456	15756	0.7772
8.1325	nuclear25a	1942	16030	0.5747
7.6137	ndcc12	974	5982	0.9527
7.4762	slay09h	2718	7488	0.8982
7.3709	mpbp_48	28368	91016	0.4746
7.3598	rsyn0810m04m	4772	13836	0.7672
7.3293	sonetgr17	440	2958	0.8190
7.2241	edgecross10-080	1053	5940	0.9638
7.1871	sporttournament48	1131	6676	0.6439
6.9300	oil	3270	8430	0.9572
6.7792	st_e31	301	744	0.9389
6.4988	batchs201210m	5188	17910	0.8685
6.3657	chimera_mgw-c8-439-onc8-002	440	3038	0.8835
6.3487	p_ball_30b_7p_2d_h	2207	7516	0.9968
6.2956	procurement1large	14416	41068	0.5275
5.9964	ndcc12persp	1112	5522	0.9521
5.7831	clay0204hfsg	590	1696	0.9116
5.7782	pooling_adhya4tp	170	936	0.7667
5.6781	edgecross10-090	1053	5204	0.8181
5.5595	p_ball_10b_5p_2d_m	293	964	0.9848
5.5160	pooling_sppa9pq	5030	120730	0.6340
5.4927	crudeoil_li05	4225	14628	0.7843
5.4130	arki0016	7993	37208	0.9508
5.1137	edgecross10-030	1053	4654	0.7367
5.0548	crudeoil_lee4_06	10429	55492	0.4951
5.0136	pooling_sppc1pq	14100	477680	0.1683
4.8987	kall_circlesrectangles_c6r39	1306	5378	0.9850
4.8594	crudeoil_pooling_ct3	2644	11426	0.6262
4.8525	popdynm25	2807	13904	0.7957
4.8414	graphpart_3g-0244-0244	128	672	0.9727
4.8402	ringpack_30_2	17999	121458	0.2311
4.8251	syn40m	560	1528	0.9644
4.8148	crudeoil_lee4_10	17809	120632	0.6147
4.7720	crudeoil_lee2_06	6418	34646	0.6814
4.7478	chp_shorttermplan2d	16364	52108	0.5025
4.7378	lop97icx	1073	2118	0.8078
4.7140	popdynm200	22407	105584	0.9364
4.7094	pooling_sppb5pq	18529	674470	0.4077
4.5821	chimera_selby-c16-02	2031	10878	0.5359
4.5523	chimera_selby-c16-01	2031	10964	0.6671
4.5109	arki0013	44909	160172	0.3993
4.4715	crudeoil_lee4_09	15904	101792	0.6171
4.4320	ex8_3_9	123	834	0.7643
4.3741	wastewater05m1	98	536	0.6845
4.3598	multiplants_stg1a	726	3510	0.8549
4.3383	chp_partload	5211	16740	0.7325
4.3297	kall_circlespolygons_c1p5b	1681	7432	0.9608
4.3094	rsyn0805m03m	2868	8270	0.8992
4.2678	graphpart_clique-20	80	1260	0.7985
4.2503	mpbp_35	11120	40790	0.3212
4.2303	multiplants_stg1b	814	3992	0.6079
4.2172	squfl015-060	2775	7200	1.0000
4.2124	mpbp_15	9858	31692	0.7747
4.1758	powerflow0118p	5065	18730	0.9656
4.1396	pooling_sppc3pq	23173	893724	0.2822
4.1347	gasprod_sarawak16	4596	15316	0.9168
4.1033	hydroenergy2	2092	6236	0.8105
4.1000	squfl015-080persp	7295	21600	1.0000
4.0934	chimera_mgw-c16-2031-01	2032	15900	0.7693
4.0393	sonet24v5	874	7260	0.5940
4.0163	rsyn0840m04m	8508	24272	0.8039
3.9946	chimera_k64ising-02	1225	3846	0.6035
3.9553	netmod_kar1	1746	4928	0.7717
3.9356	chp_shorttermplan1a	4952	15700	0.7964
3.9241	transswitch0300p	11659	48446	0.9264
3.9231	rsyn0810m02hfsg	2670	6964	0.9439
3.9200	slay07m	497	1512	1.0000
3.9184	crudeoil_pooling_dt3	30660	152210	0.7056
3.9100	multiplants_stg5	827	3804	0.4122
3.9088	pooling_sppa0pq	1649	24192	0.3168
3.8938	nuclear10a	17493	163816	0.6706
3.8668	gams05	17364	252910	0.5274
3.8375	nuclear104	39098	257806	0.7593
3.7237	waste	4825	21504	0.8654
3.7105	sfacloc2_3_80	4799	20600	0.9580
3.6484	multiplants_stg1	736	3594	0.7853
3.6460	gancns	548	2800	0.8404
3.6159	squfl020-150	9170	24000	1.0000
3.5968	st_bpaf1a	30	120	0.9310
3.5869	mpbp_47	5310	17098	0.8927
3.5814	unitcommit_200_100_1_mod_8	146830	476332	0.9764
3.5697	sfacloc2_4_80	5067	21424	0.9552
3.5670	ringpack_20_2	6089	40368	0.3779
3.5485	powerflow0300p	11251	41918	0.9518
3.5484	pooling_haverly1pq	31	96	0.9782
3.5425	rsyn0820m04m	6028	17372	0.7758
3.4914	pooling_foulds5tp	1218	8364	0.6828
3.4575	batchs121208m	3404	11462	0.9332
3.4508	chimera_rfr-02	2032	15140	0.6443
3.4401	crudeoil_lee1_07	3670	19322	0.7398
3.4142	clay0204m	222	704	1.0000
3.3971	crudeoil_pooling_dt2	18742	75910	0.6610
3.3830	crudeoil_pooling_ct1	1271	4642	0.7473
3.3807	forest	713	2658	0.9933
3.3718	sonet23v4	803	6462	0.6753
3.3163	ndcc13	969	5882	0.6183
3.2969	chp_shorttermplan2a	8992	26288	0.7000
3.2772	gabriel09	21688	89702	0.8695
3.2598	squfl025-030	2305	6000	1.0000
3.2425	mpbp_46	4518	14492	0.8953
3.2377	gabriel10	244056	1148210	0.9285
3.2113	rsyn0830hfsg	1590	4100	0.9514
3.1952	nd_netgen-3000-1-1-b-b-ns_7	33155	90000	0.9584
3.1757	blend718	1386	4310	0.8737
3.1730	pooling_foulds4pq	1294	8302	0.9989
3.1565	rsyn0840m02m	3486	9576	0.9464
3.1129	multiplants_stg1c	800	3894	0.9532
3.0762	wastewater13m1	481	3252	0.9989
3.0709	kissing2	20772	401024	1.0000
3.0546	rsyn0815m02hfsg	3054	7968	0.9278
3.0514	multiplants_mtg1b	645	4404	0.6627
3.0365	chimera_mgw-c8-439-onc8-001	440	3040	0.7347
2.9968	gasprod_sarawak81	22536	75636	0.9118
2.9820	rocket50	555	3488	0.9641
2.9591	catmix200	1001	5592	0.9995
2.9464	sporttournament18	156	886	0.7746
2.9379	tls6	413	2860	0.9474
2.9341	edgecross24-115	16747	77352	0.8014
2.8913	pooling_sppa9tp	5040	121302	0.1613
2.8801	methanol400	23999	151728	0.6931
2.8784	syn30m02m	1492	3936	0.9784
2.8711	syn40m04m	4960	13792	0.9588
2.8618	syn15m04m	1908	5288	0.9604
2.8434	syn40m04hfsg	6328	16896	0.9645
2.8098	faclay35	26778	132380	0.9522
2.8023	knp5-44	2157	32604	1.0000
2.7894	chain200	601	2396	1.0000
2.7448	sfacloc2_4_90	1491	4500	0.9104
2.7279	slay06m	357	1080	1.0000
2.7088	arki0002	4432	11248	0.9764
2.6821	waterund14	333	2204	0.3516
2.6594	catmix400	2001	11192	0.9998
2.6318	blend146	1422	4460	0.8232
2.6243	st_ph13	23	68	0.8599
2.6137	ex1263a	94	390	1.0000
2.6124	waternd2	615	2580	0.4806
2.5765	mpbp_34	11556	40860	0.2880
2.5704	mpbp_21	11716	37660	0.8615
2.5685	methanol200	11999	76128	0.7018
2.5653	acopf_case9241pegase_qcqp	313068	1292408	0.9737
2.5632	faclay75	272878	1379706	0.9405
2.5552	rsyn0815m	821	2242	0.9377
2.5441	p_ball_10b_7p_3d_h	1236	4186	0.9739
2.5392	kan_r3_h1_n4	3183	14062	0.9405
2.5146	clay0305hfsg	1000	2910	0.9168
2.5075	sssd25-08	401	1200	1.0000
2.4930	waterund11	160	828	0.7224
2.4646	genpooling_lee2	221	1048	0.7051
2.4276	wastepaper4	115	724	0.7397
2.4242	p_ball_30b_5p_2d_h	1543	5224	0.9961
2.4040	space25a	634	3246	0.9586
2.3845	powerflow0030p	1121	4194	0.9478
2.3617	syn30m03m	2508	6804	0.9902
2.3474	sonet21v6	8232	40744	0.9650
2.3150	slay08m	660	2016	1.0000
2.3083	supplychainr1_053050	16640	57800	1.0000
2.3064	chain400	1201	4796	1.0000
2.2721	maxcsp-ehi-85-297-71	2372	207996	0.8040
2.2500	ringpack_20_3	6709	45220	0.3584
2.2409	chimera_lga-01	1120	6400	0.7367
2.2382	blend721	1428	4548	0.8528
2.2342	nd_netgen-2000-3-4-b-a-ns_7	22074	60000	0.9424
2.2250	o9_ar4_1	1049	4336	0.9177
2.2202	torsion50	2508	29808	0.6617
2.2154	ex1223b	25	66	1.0000
2.1975	pooling_foulds5pq	1218	8300	1.0000
2.1944	pooling_digabel19	514	5340	0.8433
2.1707	fo9_ar25_1	1049	4336	0.9177
2.1696	st_bsj2	13	40	0.7972
2.1686	qapw	705	87496	1.0000
2.1285	edgecross10-040	1053	5116	0.8867
2.1008	supplychainr1_022020	4620	15680	0.9999
2.1007	maxcsp-langford-3-11	660	29646	0.3098
2.0885	transswitch2383wpr	59853	277562	0.9785
2.0811	syn40hfsg	1022	2624	0.9671
2.0781	space25	1178	4334	0.9559
2.0681	faclay30	16678	82242	0.9552
2.0356	graphpart_clique-30	120	2790	0.7961
1.9930	slay05h	760	2080	0.8961
1.9282	rsyn0840m	1159	3168	0.9404
1.9233	powerflow0014r	403	1630	0.9628
1.9133	p_ball_10b_5p_4d_m	403	1484	0.9784
1.9040	demo7	155	618	0.9573
1.8745	ex1265a	123	560	0.9498
1.8472	prolog	64	292	0.9839
1.8213	syn10m04m	1224	3384	0.9972
1.8197	elf	124	376	0.7951
1.8186	squfl010-040persp	2450	7200	1.0000
1.8079	transswitch2736spr	69651	331010	0.9179
1.8033	korcns	156	712	0.9113
1.7459	st_rv9	90	840	0.9447
1.7433	edgecross14-156	3097	19664	0.9184
1.7396	primary	378	5610	0.8688
1.7159	orth_d4m6_pl	172	1096	0.9785
1.7029	tspn08	72	668	0.6863
1.6927	st_e07	19	60	1.0000
1.6683	waterund01	96	404	0.7297
1.6468	meanvar-orl400_05_e_8	4405	171604	1.0000
1.6410	pooling_adhya4pq	170	932	0.6809
1.6077	squfl030-150	13680	36000	1.0000
1.6065	syn10m03hfsg	1071	2772	0.9921
1.6065	emfl100_5_5	21925	52300	1.0000
1.6060	graphpart_3g-0333-0333	108	648	0.8064
1.5534	syn15hfsg	399	1022	0.9915
1.5441	pooling_rt2tp	118	654	0.9864
1.5078	glider400	10017	49624	0.8778
1.4895	sporttournament08	31	156	1.0000
1.4811	slay05m	240	720	1.0000
1.4663	nvs05	22	84	0.9603
1.4594	wastepaper6	191	1416	1.0000
1.4339	waterund08	230	1290	0.8534
1.4312	ex8_4_1	32	100	1.0000
1.4230	sssd20-08persp	356	1232	1.0000
1.4135	clay0304m	258	840	1.0000
1.4133	cont6-qq	120395	557994	0.6962
1.3829	qap	255	43748	0.9599
1.3674	squfl010-080	2490	6400	1.0000
1.3219	ex5_2_4	18	62	0.9461
1.3149	maxmin	181	1440	1.0000
1.3128	wastewater02m1	36	138	0.9316
1.2968	ex3_1_3	18	36	0.9222
1.2681	st_m2	72	1226	1.0000
1.2670	clay0203m	132	420	1.0000
1.2589	st_ph1	16	58	0.8504
1.2196	emfl050_5_5	13175	32300	1.0000
1.1709	st_test8	64	232	0.8382
1.1555	st_jcbpaf2	36	246	0.9437
1.1534	st_rv2	40	340	1.0000
1.1338	st_m1	42	432	1.0000
1.1275	ex7_2_1	35	134	0.9688
1.1211	slay04m	146	432	1.0000
1.1183	sep1	69	206	0.9544
1.1001	squfl025-025persp	3800	11250	1.0000
1.0917	nvs02	11	46	1.0000
1.0745	emfl100_3_3	6885	15948	1.0000
1.0731	hydroenergy1	1046	3024	1.0000
1.0636	sssd18-08persp	338	1168	1.0000
1.0445	pointpack06	55	276	1.0000
1.0368	qspp_0_14_0_1_10_1	560	120274	0.9950
1.0205	pooling_haverly1tp	31	96	0.9527
1.0150	sssd15-04	163	440	1.0000
1.0090	himmel11	14	60	1.0000
1.0082	csched1	110	376	1.0000
1.0062	ex6_1_4	10	48	0.7766
0.9997	graphpart_clique-70	280	14910	0.8103
0.9771	pointpack04	29	120	1.0000
0.9415	prob02	22	76	0.8689
0.9381	hybriddynamic_fixed	168	388	1.0000
0.9309	knp5-43	2065	31132	1.0000
0.8893	ex1223	33	82	1.0000
0.8876	st_qpk3	55	548	0.6881
0.8674	tln2	32	88	1.0000
0.8571	ex8_1_7	14	46	0.9343
0.8510	ex14_1_8	11	30	1.0000
0.8493	ex1225	26	66	0.9415
0.8325	ex9_2_6	28	68	1.0000
0.8156	st_glmp_ss1	24	66	1.0000
0.8027	qspp_0_10_0_1_10_1	280	29636	0.9946
0.7580	st_glmp_ss2	18	48	1.0000
0.7315	ex2_1_3	31	72	1.0000
0.6898	meanvar-orl400_05_e_7	5205	174804	0.9998
0.6890	st_bpk1	16	44	0.9391
0.6815	qspp_0_11_0_1_10_1	341	44264	0.9911
0.6812	qspp_0_13_0_1_10_1	481	88522	0.9948
0.6480	kall_diffcircles_6	76	302	1.0000
0.6392	oaer	20	40	1.0000
0.5886	st_pan1	11	32	0.7642
0.5513	ex9_1_2	19	54	0.9521
0.5477	ex9_2_4	15	36	1.0000
0.5343	st_ht	8	18	0.8627
0.5251	st_e22	12	30	0.9091
0.3881	watercontamination0303r	1310	37028	1.0000
0.0010	polygon75	5846	49652	1.0000
0.0004	pedigree_sim400	351	23546	0.9997
0.0002	camshape400	2000	7188	1.0000
0.0000	autocorr_bern40-30	43	1534	1.0000
0.0000	nvs23	27	252	0.6356
0.0000	autocorr_bern30-23	33	878	1.0000
0.0000	cvxnonsep_psig20	20	380	1.0000
0.0000	cvxnonsep_psig30	30	870	1.0000
0.0000	autocorr_bern35-35fix	38	1264	1.0000
0.0000	autocorr_bern25-19	28	612	1.0000
0.0000	smallinvDAXr1b010-011	39	1120	0.9859
0.0000	cvxnonsep_normcon40r	162	322	1.0000
0.0000	autocorr_bern20-15	23	394	1.0000
0.0000	st_qpc-m3a	30	304	0.6755
0.0000	nvs19	24	200	0.6534
0.0000	st_iqpbk1	22	98	1.0000
0.0000	cvxnonsep_psig30r	126	250	1.0000
0.0000	st_e25	20	92	0.7798
0.0000	cvxnonsep_normcon20r	82	162	1.0000
0.0000	st_e41	8	32	1.0000
0.0000	st_e24	10	26	0.8906
0.0000	st_miqp2	10	18	1.0000
0.0000	cvxnonsep_psig20r	86	170	1.0000
matrices under 0.010s: 23/300
matrices under 0.050s: 23/300
matrices under 0.100s: 23/300
matrices under 0.200s: 23/300
matrices under 0.400s: 24/300

--- per-bucket ---
lt_1k    count=147   geomean=0.8870
1k_10k   count=108   geomean=0.8371
gt_10k   count=45    geomean=0.6822
SCORE = 0.790086
WORST order() = 10.043 s
FORCEAUDIT	stage1b_sites=46	force_fires=0	unsound=0	core_total_mismatch=0	max_drift_ppm=0	worst_incumbent=0	worst_adopted=0	tie_window_opened=16	tie_pass_run=2
ok

test result: ok. 1 passed; 0 failed; 0 ignored; 0 measured; 183 filtered out; finished in 835.32s

