### ARM B0-w12s12 SSI_EXCHANGE_WIDTH=12 SSI_EXCHANGE_SWEEPS=12
COUNTS	rsyn0810m04m	4772	13836	147553	113207
COUNTS	sporttournament48	1131	6676	919582	592120
COUNTS	edgecross10-090	1053	5204	126115	103179
COUNTS	st_bpaf1a	30	120	623	580
COUNTS	risk2bpb	1462	5396	118471	66041
COUNTS	rsyn0830m04m	7252	20752	212130	171498
COUNTS	lop97icx	1073	2118	79286	64044
COUNTS	mpbp_07	9532	30810	1368477	1248083
COUNTS	sonetgr17	440	2958	37814	30971
COUNTS	p_ball_30b_7p_2d_h	2207	7516	42456	42319
COUNTS	ex8_3_9	123	834	15050	11503
COUNTS	rsyn0820m02m	2486	6932	38190	35775
COUNTS	p_ball_10b_5p_2d_m	293	964	6648	6547
COUNTS	pooling_adhya4tp	170	936	26842	20581
COUNTS	edgecross10-080	1053	5940	170814	164639
COUNTS	clay0204hfsg	590	1696	7198	6562
COUNTS	st_bsj2	13	40	143	114
COUNTS	chimera_mgw-c8-439-onc8-002	440	3038	97870	86464
COUNTS	batchs201210m	5188	17910	349298	303381
COUNTS	rsyn0815m04m	5456	15756	184352	143402
COUNTS	syn40m	560	1528	5007	4829
COUNTS	wastewater05m1	98	536	11690	8002
COUNTS	st_e31	301	744	4534	4257
COUNTS	pooling_haverly1pq	31	96	412	403
COUNTS	graphpart_3g-0244-0244	128	672	33446	32534
COUNTS	graphpart_clique-20	80	1260	34885	27856
COUNTS	nvs19	24	200	1353	884
COUNTS	oil	3270	8430	36313	34760
COUNTS	ndcc12persp	1112	5522	299115	284793
COUNTS	nuclear25a	1942	16030	1977163	1136191
COUNTS	st_ph13	23	68	207	178
COUNTS	edgecross10-030	1053	4654	135854	100080
COUNTS	slay09h	2718	7488	36057	32385
COUNTS	ndcc12	974	5982	345696	329556
COUNTS	kall_circlesrectangles_c6r39	1306	5378	75744	74610
COUNTS	chimera_mgw-c16-2031-01	2032	15900	3328073	2560253
COUNTS	forest	713	2658	10614	10543
COUNTS	st_ph1	16	58	274	233
COUNTS	elf	124	376	2733	2173
COUNTS	ex3_1_3	18	36	90	83
COUNTS	demo7	155	618	3579	3426
COUNTS	waternd2	615	2580	155674	74817
COUNTS	prolog	64	292	1245	1225
COUNTS	st_qpk3	55	548	5467	3762
COUNTS	rsyn0805m03m	2868	8270	60979	54830
COUNTS	waterund01	96	404	4546	3317
COUNTS	st_e22	12	30	77	70
COUNTS	arki0002	4432	11248	683476	667374
COUNTS	p_ball_30b_5p_2d_h	1543	5224	25843	25742
COUNTS	ringpack_20_3	6709	45220	2415136	865627
COUNTS	waste	4825	21504	1468261	1270649
COUNTS	catmix400	2001	11192	36373	36364
COUNTS	rsyn0815m02hfsg	3054	7968	44604	41384
COUNTS	p_ball_10b_7p_3d_h	1236	4186	24380	23744
COUNTS	chimera_k64ising-02	1225	3846	613390	371142
COUNTS	batchs121208m	3404	11462	138030	128816
COUNTS	syn15hfsg	399	1022	3300	3272
COUNTS	st_jcbpaf2	36	246	1635	1543
COUNTS	chimera_selby-c16-01	2031	10964	3605628	2403472
COUNTS	sfacloc2_4_90	1491	4500	31682	28843
COUNTS	syn40m04m	4960	13792	65982	63265
COUNTS	syn15m04m	1908	5288	26094	25061
COUNTS	pooling_rt2tp	118	654	5876	5796
COUNTS	waterund14	333	2204	200484	70488
COUNTS	pooling_foulds4pq	1294	8302	138692	138540
COUNTS	edgecross14-156	3097	19664	1487933	1376964
COUNTS	tspn08	72	668	11074	7600
COUNTS	crudeoil_li05	4225	14628	680022	533453
COUNTS	blend721	1428	4548	77560	66143
COUNTS	chimera_selby-c16-02	2031	10878	4280329	2296781
COUNTS	sfacloc2_4_80	5067	21424	93048	88884
COUNTS	st_e24	10	26	64	57
COUNTS	edgecross10-040	1053	5116	161851	143518
COUNTS	sonet21v6	8232	40744	1643311	1585871
COUNTS	genpooling_lee2	221	1048	19895	14028
COUNTS	popdynm25	2807	13904	360081	286684
COUNTS	chp_partload	5211	16740	509170	373130
COUNTS	torsion50	2508	29808	1691033	1118955
COUNTS	fo9_ar25_1	1049	4336	41668	38237
COUNTS	rsyn0840m	1159	3168	11274	10602
COUNTS	gancns	548	2800	69234	58202
COUNTS	o9_ar4_1	1049	4336	41668	38237
COUNTS	ex1265a	123	560	3948	3750
COUNTS	st_e25	20	92	336	262
COUNTS	ex1225	26	66	171	161
COUNTS	ndcc13	969	5882	525212	324727
COUNTS	syn10m04m	1224	3384	13501	13463
COUNTS	ex5_2_4	18	62	204	193
COUNTS	st_bpk1	16	44	115	108
COUNTS	multiplants_stg1	736	3594	197998	155496
COUNTS	sonet23v4	803	6462	139703	94348
COUNTS	pooling_sppa0pq	1649	24192	3745896	1187376
COUNTS	multiplants_mtg1b	645	4404	229415	152043
COUNTS	ex9_1_2	19	54	188	179
COUNTS	crudeoil_lee1_07	3670	19322	4746188	3540025
COUNTS	pooling_haverly1tp	31	96	423	403
COUNTS	waterund08	230	1290	35284	30110
COUNTS	chimera_mgw-c8-439-onc8-001	440	3040	106479	78229
COUNTS	waterund11	160	828	14818	10705
COUNTS	sporttournament18	156	886	17568	13608
COUNTS	ringpack_20_2	6089	40368	1872174	707413
COUNTS	blend718	1386	4310	70355	61466
COUNTS	wastepaper4	115	724	9711	7183
COUNTS	netmod_kar1	1746	4928	56838	43864
COUNTS	ex8_1_7	14	46	137	128
COUNTS	graphpart_3g-0333-0333	108	648	44928	36228
COUNTS	slay05h	760	2080	9815	8795
COUNTS	korcns	156	712	7241	6599
COUNTS	powerflow0118p	5065	18730	121503	117327
COUNTS	sfacloc2_3_80	4799	20600	84672	81119
COUNTS	rsyn0820m04m	6028	17372	196890	152748
COUNTS	st_ht	8	18	51	44
COUNTS	crudeoil_lee2_06	6418	34646	23299675	15884712
COUNTS	kan_r3_h1_n4	3183	14062	104945	98697
COUNTS	primary	378	5610	109639	95258
COUNTS	syn10m03hfsg	1071	2772	9890	9812
COUNTS	wastewater02m1	36	138	848	790
COUNTS	supplychainr1_022020	4620	15680	273140	273100
COUNTS	chp_shorttermplan1a	4952	15700	376486	299825
COUNTS	rocket50	555	3488	19983	19265
COUNTS	rsyn0840m04m	8508	24272	229914	184844
COUNTS	orth_d4m6_pl	172	1096	10938	10703
COUNTS	kall_circlespolygons_c1p5b	1681	7432	201759	193841
COUNTS	ex6_1_4	10	48	197	153
COUNTS	powerflow0014r	403	1630	10761	10361
COUNTS	prob02	22	76	267	232
COUNTS	blend146	1422	4460	78102	64296
COUNTS	mpbp_46	4518	14492	499547	447603
COUNTS	tls6	413	2860	18483	17511
COUNTS	p_ball_10b_5p_4d_m	403	1484	13581	13288
COUNTS	st_rv9	90	840	6691	6321
COUNTS	rsyn0840m02m	3486	9576	47529	44981
COUNTS	nvs05	22	84	277	266
COUNTS	multiplants_stg5	827	3804	377794	155722
COUNTS	chimera_rfr-02	2032	15140	3860441	2487272
COUNTS	multiplants_stg1a	726	3510	142058	121443
COUNTS	pooling_adhya4pq	170	932	24314	16556
COUNTS	sonet24v5	874	7260	185654	110276
COUNTS	chp_shorttermplan2a	8992	26288	821014	574732
COUNTS	catmix200	1001	5592	18173	18164
COUNTS	nvs23	27	252	1921	1221
COUNTS	space25	1178	4334	23567	22528
COUNTS	pooling_foulds5tp	1218	8364	251833	171941
COUNTS	mpbp_15	9858	31692	1496502	1163008
COUNTS	rsyn0830hfsg	1590	4100	16168	15383
COUNTS	crudeoil_pooling_ct1	1271	4642	125127	93553
COUNTS	multiplants_stg1c	800	3894	150039	143020
COUNTS	st_pan1	11	32	123	94
COUNTS	multiplants_stg1b	814	3992	308612	187593
COUNTS	chimera_lga-01	1120	6400	668019	492146
COUNTS	gasprod_sarawak16	4596	15316	213850	196064
COUNTS	mpbp_47	5310	17098	730624	652208
COUNTS	rsyn0815m	821	2242	8260	7745
COUNTS	arki0016	7993	37208	878890	835661
COUNTS	rsyn0810m02hfsg	2670	6964	36862	34794
COUNTS	syn40m04hfsg	6328	16896	76232	73526
COUNTS	clay0305hfsg	1000	2910	12260	11240
COUNTS	st_test8	64	232	2343	1964
COUNTS	powerflow0030p	1121	4194	24944	23642
COUNTS	syn30m02m	1492	3936	13752	13455
COUNTS	wastewater13m1	481	3252	60135	60068
COUNTS	syn40hfsg	1022	2624	8432	8155
COUNTS	sep1	69	206	1097	1047
COUNTS	syn30m03m	2508	6804	26806	26552
COUNTS	st_qpc-m3a	30	304	2330	1574
COUNTS	crudeoil_pooling_ct3	2644	11426	1381490	865089
COUNTS	space25a	634	3246	29078	27875
COUNTS	ex7_2_1	35	134	352	341
COUNTS	hydroenergy2	2092	6236	69051	55964
COUNTS	pooling_digabel19	514	5340	325989	274903
### ARM B1-w14s6 SSI_EXCHANGE_WIDTH=14 SSI_EXCHANGE_SWEEPS=6
COUNTS	rsyn0810m04m	4772	13836	147553	113207
COUNTS	sporttournament48	1131	6676	919582	592120
COUNTS	edgecross10-090	1053	5204	126115	103179
COUNTS	st_bpaf1a	30	120	623	580
COUNTS	risk2bpb	1462	5396	118471	66041
COUNTS	rsyn0830m04m	7252	20752	212130	171498
COUNTS	lop97icx	1073	2118	79286	64044
COUNTS	mpbp_07	9532	30810	1368477	1248083
COUNTS	sonetgr17	440	2958	37814	30971
COUNTS	p_ball_30b_7p_2d_h	2207	7516	42456	42319
COUNTS	ex8_3_9	123	834	15050	11503
COUNTS	rsyn0820m02m	2486	6932	38190	35781
COUNTS	p_ball_10b_5p_2d_m	293	964	6648	6547
COUNTS	pooling_adhya4tp	170	936	26842	20581
COUNTS	edgecross10-080	1053	5940	170814	164639
COUNTS	clay0204hfsg	590	1696	7198	6562
COUNTS	st_bsj2	13	40	143	114
COUNTS	chimera_mgw-c8-439-onc8-002	440	3038	97870	86464
COUNTS	batchs201210m	5188	17910	349298	303381
COUNTS	rsyn0815m04m	5456	15756	184352	143279
COUNTS	syn40m	560	1528	5007	4829
COUNTS	wastewater05m1	98	536	11690	8002
COUNTS	st_e31	301	744	4534	4257
COUNTS	pooling_haverly1pq	31	96	412	403
COUNTS	graphpart_3g-0244-0244	128	672	33446	32534
COUNTS	graphpart_clique-20	80	1260	34885	27856
COUNTS	nvs19	24	200	1353	884
COUNTS	oil	3270	8430	36313	34760
COUNTS	ndcc12persp	1112	5522	299115	284793
COUNTS	nuclear25a	1942	16030	1977163	1136191
COUNTS	st_ph13	23	68	207	178
COUNTS	edgecross10-030	1053	4654	135854	100080
COUNTS	slay09h	2718	7488	36057	32385
COUNTS	ndcc12	974	5982	345696	329556
COUNTS	kall_circlesrectangles_c6r39	1306	5378	75744	74610
COUNTS	chimera_mgw-c16-2031-01	2032	15900	3328073	2560253
COUNTS	forest	713	2658	10614	10543
COUNTS	st_ph1	16	58	274	233
COUNTS	elf	124	376	2733	2173
COUNTS	ex3_1_3	18	36	90	83
COUNTS	demo7	155	618	3579	3426
COUNTS	waternd2	615	2580	155674	74817
COUNTS	prolog	64	292	1245	1225
COUNTS	st_qpk3	55	548	5467	3762
COUNTS	rsyn0805m03m	2868	8270	60979	54830
COUNTS	waterund01	96	404	4546	3317
COUNTS	st_e22	12	30	77	70
COUNTS	arki0002	4432	11248	683476	667374
COUNTS	p_ball_30b_5p_2d_h	1543	5224	25843	25742
COUNTS	ringpack_20_3	6709	45220	2415136	865627
COUNTS	waste	4825	21504	1468261	1270649
COUNTS	catmix400	2001	11192	36373	36364
COUNTS	rsyn0815m02hfsg	3054	7968	44604	41384
COUNTS	p_ball_10b_7p_3d_h	1236	4186	24380	23744
COUNTS	chimera_k64ising-02	1225	3846	613390	371142
COUNTS	batchs121208m	3404	11462	138030	128816
COUNTS	syn15hfsg	399	1022	3300	3272
COUNTS	st_jcbpaf2	36	246	1635	1543
COUNTS	chimera_selby-c16-01	2031	10964	3605628	2405490
COUNTS	sfacloc2_4_90	1491	4500	31682	28843
COUNTS	syn40m04m	4960	13792	65982	63265
COUNTS	syn15m04m	1908	5288	26094	25061
COUNTS	pooling_rt2tp	118	654	5876	5796
COUNTS	waterund14	333	2204	200484	70488
COUNTS	pooling_foulds4pq	1294	8302	138692	138540
COUNTS	edgecross14-156	3097	19664	1487933	1376964
COUNTS	tspn08	72	668	11074	7600
COUNTS	crudeoil_li05	4225	14628	680022	533410
COUNTS	blend721	1428	4548	77560	66143
COUNTS	chimera_selby-c16-02	2031	10878	4280329	2293665
COUNTS	sfacloc2_4_80	5067	21424	93048	88884
COUNTS	st_e24	10	26	64	57
COUNTS	edgecross10-040	1053	5116	161851	143518
COUNTS	sonet21v6	8232	40744	1643311	1585871
COUNTS	genpooling_lee2	221	1048	19895	14028
COUNTS	popdynm25	2807	13904	360081	286502
COUNTS	chp_partload	5211	16740	509170	372982
COUNTS	torsion50	2508	29808	1691033	1118955
COUNTS	fo9_ar25_1	1049	4336	41668	38237
COUNTS	rsyn0840m	1159	3168	11274	10602
COUNTS	gancns	548	2800	69234	58202
COUNTS	o9_ar4_1	1049	4336	41668	38237
COUNTS	ex1265a	123	560	3948	3750
COUNTS	st_e25	20	92	336	262
COUNTS	ex1225	26	66	171	161
COUNTS	ndcc13	969	5882	525212	324727
COUNTS	syn10m04m	1224	3384	13501	13463
COUNTS	ex5_2_4	18	62	204	193
COUNTS	st_bpk1	16	44	115	108
COUNTS	multiplants_stg1	736	3594	197998	155496
COUNTS	sonet23v4	803	6462	139703	94348
COUNTS	pooling_sppa0pq	1649	24192	3745896	1187173
COUNTS	multiplants_mtg1b	645	4404	229415	152043
COUNTS	ex9_1_2	19	54	188	179
COUNTS	crudeoil_lee1_07	3670	19322	4746188	3511231
COUNTS	pooling_haverly1tp	31	96	423	403
COUNTS	waterund08	230	1290	35284	30110
COUNTS	chimera_mgw-c8-439-onc8-001	440	3040	106479	78229
COUNTS	waterund11	160	828	14818	10705
COUNTS	sporttournament18	156	886	17568	13608
COUNTS	ringpack_20_2	6089	40368	1872174	707413
COUNTS	blend718	1386	4310	70355	61466
COUNTS	wastepaper4	115	724	9711	7183
COUNTS	netmod_kar1	1746	4928	56838	43864
COUNTS	ex8_1_7	14	46	137	128
COUNTS	graphpart_3g-0333-0333	108	648	44928	36228
COUNTS	slay05h	760	2080	9815	8795
COUNTS	korcns	156	712	7241	6599
COUNTS	powerflow0118p	5065	18730	121503	117327
COUNTS	sfacloc2_3_80	4799	20600	84672	81119
COUNTS	rsyn0820m04m	6028	17372	196890	152748
COUNTS	st_ht	8	18	51	44
COUNTS	crudeoil_lee2_06	6418	34646	23299675	15883971
COUNTS	kan_r3_h1_n4	3183	14062	104945	98697
COUNTS	primary	378	5610	109639	95258
COUNTS	syn10m03hfsg	1071	2772	9890	9812
COUNTS	wastewater02m1	36	138	848	790
COUNTS	supplychainr1_022020	4620	15680	273140	273100
COUNTS	chp_shorttermplan1a	4952	15700	376486	299825
COUNTS	rocket50	555	3488	19983	19265
COUNTS	rsyn0840m04m	8508	24272	229914	184830
COUNTS	orth_d4m6_pl	172	1096	10938	10703
COUNTS	kall_circlespolygons_c1p5b	1681	7432	201759	193841
COUNTS	ex6_1_4	10	48	197	153
COUNTS	powerflow0014r	403	1630	10761	10361
COUNTS	prob02	22	76	267	232
COUNTS	blend146	1422	4460	78102	64296
COUNTS	mpbp_46	4518	14492	499547	447263
COUNTS	tls6	413	2860	18483	17511
COUNTS	p_ball_10b_5p_4d_m	403	1484	13581	13288
COUNTS	st_rv9	90	840	6691	6321
COUNTS	rsyn0840m02m	3486	9576	47529	44981
COUNTS	nvs05	22	84	277	266
COUNTS	multiplants_stg5	827	3804	377794	155722
COUNTS	chimera_rfr-02	2032	15140	3860441	2487272
COUNTS	multiplants_stg1a	726	3510	142058	121443
COUNTS	pooling_adhya4pq	170	932	24314	16556
COUNTS	sonet24v5	874	7260	185654	110276
COUNTS	chp_shorttermplan2a	8992	26288	821014	574732
COUNTS	catmix200	1001	5592	18173	18164
COUNTS	nvs23	27	252	1921	1221
COUNTS	space25	1178	4334	23567	22528
COUNTS	pooling_foulds5tp	1218	8364	251833	171941
COUNTS	mpbp_15	9858	31692	1496502	1159408
COUNTS	rsyn0830hfsg	1590	4100	16168	15383
COUNTS	crudeoil_pooling_ct1	1271	4642	125127	93553
COUNTS	multiplants_stg1c	800	3894	150039	143020
COUNTS	st_pan1	11	32	123	94
COUNTS	multiplants_stg1b	814	3992	308612	187593
COUNTS	chimera_lga-01	1120	6400	668019	492146
COUNTS	gasprod_sarawak16	4596	15316	213850	196064
COUNTS	mpbp_47	5310	17098	730624	652208
COUNTS	rsyn0815m	821	2242	8260	7745
COUNTS	arki0016	7993	37208	878890	835655
COUNTS	rsyn0810m02hfsg	2670	6964	36862	34794
COUNTS	syn40m04hfsg	6328	16896	76232	73526
COUNTS	clay0305hfsg	1000	2910	12260	11240
COUNTS	st_test8	64	232	2343	1964
COUNTS	powerflow0030p	1121	4194	24944	23642
COUNTS	syn30m02m	1492	3936	13752	13455
COUNTS	wastewater13m1	481	3252	60135	60068
COUNTS	syn40hfsg	1022	2624	8432	8155
COUNTS	sep1	69	206	1097	1047
COUNTS	syn30m03m	2508	6804	26806	26552
COUNTS	st_qpc-m3a	30	304	2330	1574
COUNTS	crudeoil_pooling_ct3	2644	11426	1381490	865089
COUNTS	space25a	634	3246	29078	27875
COUNTS	ex7_2_1	35	134	352	341
COUNTS	hydroenergy2	2092	6236	69051	55989
COUNTS	pooling_digabel19	514	5340	325989	274903
### ARM B2-w14s8 SSI_EXCHANGE_WIDTH=14 SSI_EXCHANGE_SWEEPS=8
COUNTS	rsyn0810m04m	4772	13836	147553	113207
COUNTS	sporttournament48	1131	6676	919582	592120
COUNTS	edgecross10-090	1053	5204	126115	103179
COUNTS	st_bpaf1a	30	120	623	580
COUNTS	risk2bpb	1462	5396	118471	66041
COUNTS	rsyn0830m04m	7252	20752	212130	171498
COUNTS	lop97icx	1073	2118	79286	64044
COUNTS	mpbp_07	9532	30810	1368477	1248083
COUNTS	sonetgr17	440	2958	37814	30971
COUNTS	p_ball_30b_7p_2d_h	2207	7516	42456	42319
COUNTS	ex8_3_9	123	834	15050	11503
COUNTS	rsyn0820m02m	2486	6932	38190	35775
COUNTS	p_ball_10b_5p_2d_m	293	964	6648	6547
COUNTS	pooling_adhya4tp	170	936	26842	20581
COUNTS	edgecross10-080	1053	5940	170814	164639
COUNTS	clay0204hfsg	590	1696	7198	6562
COUNTS	st_bsj2	13	40	143	114
COUNTS	chimera_mgw-c8-439-onc8-002	440	3038	97870	86464
COUNTS	batchs201210m	5188	17910	349298	303381
COUNTS	rsyn0815m04m	5456	15756	184352	143279
COUNTS	syn40m	560	1528	5007	4829
COUNTS	wastewater05m1	98	536	11690	8002
COUNTS	st_e31	301	744	4534	4257
COUNTS	pooling_haverly1pq	31	96	412	403
COUNTS	graphpart_3g-0244-0244	128	672	33446	32534
COUNTS	graphpart_clique-20	80	1260	34885	27856
COUNTS	nvs19	24	200	1353	884
COUNTS	oil	3270	8430	36313	34760
COUNTS	ndcc12persp	1112	5522	299115	284793
COUNTS	nuclear25a	1942	16030	1977163	1136191
COUNTS	st_ph13	23	68	207	178
COUNTS	edgecross10-030	1053	4654	135854	100080
COUNTS	slay09h	2718	7488	36057	32385
COUNTS	ndcc12	974	5982	345696	329342
COUNTS	kall_circlesrectangles_c6r39	1306	5378	75744	74610
COUNTS	chimera_mgw-c16-2031-01	2032	15900	3328073	2560253
COUNTS	forest	713	2658	10614	10543
COUNTS	st_ph1	16	58	274	233
COUNTS	elf	124	376	2733	2173
COUNTS	ex3_1_3	18	36	90	83
COUNTS	demo7	155	618	3579	3426
COUNTS	waternd2	615	2580	155674	74817
COUNTS	prolog	64	292	1245	1225
COUNTS	st_qpk3	55	548	5467	3762
COUNTS	rsyn0805m03m	2868	8270	60979	54830
COUNTS	waterund01	96	404	4546	3317
COUNTS	st_e22	12	30	77	70
COUNTS	arki0002	4432	11248	683476	667374
COUNTS	p_ball_30b_5p_2d_h	1543	5224	25843	25742
COUNTS	ringpack_20_3	6709	45220	2415136	865627
COUNTS	waste	4825	21504	1468261	1270649
COUNTS	catmix400	2001	11192	36373	36364
COUNTS	rsyn0815m02hfsg	3054	7968	44604	41384
COUNTS	p_ball_10b_7p_3d_h	1236	4186	24380	23744
COUNTS	chimera_k64ising-02	1225	3846	613390	371142
COUNTS	batchs121208m	3404	11462	138030	128816
COUNTS	syn15hfsg	399	1022	3300	3272
COUNTS	st_jcbpaf2	36	246	1635	1543
COUNTS	chimera_selby-c16-01	2031	10964	3605628	2405490
COUNTS	sfacloc2_4_90	1491	4500	31682	28843
COUNTS	syn40m04m	4960	13792	65982	63265
COUNTS	syn15m04m	1908	5288	26094	25061
COUNTS	pooling_rt2tp	118	654	5876	5796
COUNTS	waterund14	333	2204	200484	70488
COUNTS	pooling_foulds4pq	1294	8302	138692	138540
COUNTS	edgecross14-156	3097	19664	1487933	1366564
COUNTS	tspn08	72	668	11074	7600
COUNTS	crudeoil_li05	4225	14628	680022	533357
COUNTS	blend721	1428	4548	77560	66143
COUNTS	chimera_selby-c16-02	2031	10878	4280329	2293665
COUNTS	sfacloc2_4_80	5067	21424	93048	88884
COUNTS	st_e24	10	26	64	57
COUNTS	edgecross10-040	1053	5116	161851	143518
COUNTS	sonet21v6	8232	40744	1643311	1585871
COUNTS	genpooling_lee2	221	1048	19895	14028
COUNTS	popdynm25	2807	13904	360081	286502
COUNTS	chp_partload	5211	16740	509170	372982
COUNTS	torsion50	2508	29808	1691033	1118955
COUNTS	fo9_ar25_1	1049	4336	41668	38237
COUNTS	rsyn0840m	1159	3168	11274	10602
COUNTS	gancns	548	2800	69234	58202
COUNTS	o9_ar4_1	1049	4336	41668	38237
COUNTS	ex1265a	123	560	3948	3750
COUNTS	st_e25	20	92	336	262
COUNTS	ex1225	26	66	171	161
COUNTS	ndcc13	969	5882	525212	324727
COUNTS	syn10m04m	1224	3384	13501	13463
COUNTS	ex5_2_4	18	62	204	193
COUNTS	st_bpk1	16	44	115	108
COUNTS	multiplants_stg1	736	3594	197998	155496
COUNTS	sonet23v4	803	6462	139703	94348
COUNTS	pooling_sppa0pq	1649	24192	3745896	1186810
COUNTS	multiplants_mtg1b	645	4404	229415	152043
COUNTS	ex9_1_2	19	54	188	179
COUNTS	crudeoil_lee1_07	3670	19322	4746188	3511183
COUNTS	pooling_haverly1tp	31	96	423	403
COUNTS	waterund08	230	1290	35284	30110
COUNTS	chimera_mgw-c8-439-onc8-001	440	3040	106479	78229
COUNTS	waterund11	160	828	14818	10705
COUNTS	sporttournament18	156	886	17568	13608
COUNTS	ringpack_20_2	6089	40368	1872174	707413
COUNTS	blend718	1386	4310	70355	61466
COUNTS	wastepaper4	115	724	9711	7183
COUNTS	netmod_kar1	1746	4928	56838	43864
COUNTS	ex8_1_7	14	46	137	128
COUNTS	graphpart_3g-0333-0333	108	648	44928	36228
COUNTS	slay05h	760	2080	9815	8795
COUNTS	korcns	156	712	7241	6599
COUNTS	powerflow0118p	5065	18730	121503	117327
COUNTS	sfacloc2_3_80	4799	20600	84672	81119
COUNTS	rsyn0820m04m	6028	17372	196890	152748
COUNTS	st_ht	8	18	51	44
COUNTS	crudeoil_lee2_06	6418	34646	23299675	15876339
COUNTS	kan_r3_h1_n4	3183	14062	104945	98697
COUNTS	primary	378	5610	109639	95258
COUNTS	syn10m03hfsg	1071	2772	9890	9812
COUNTS	wastewater02m1	36	138	848	790
COUNTS	supplychainr1_022020	4620	15680	273140	273100
COUNTS	chp_shorttermplan1a	4952	15700	376486	299825
COUNTS	rocket50	555	3488	19983	19265
COUNTS	rsyn0840m04m	8508	24272	229914	184830
COUNTS	orth_d4m6_pl	172	1096	10938	10703
COUNTS	kall_circlespolygons_c1p5b	1681	7432	201759	193841
COUNTS	ex6_1_4	10	48	197	153
COUNTS	powerflow0014r	403	1630	10761	10361
COUNTS	prob02	22	76	267	232
COUNTS	blend146	1422	4460	78102	64296
COUNTS	mpbp_46	4518	14492	499547	447263
COUNTS	tls6	413	2860	18483	17511
COUNTS	p_ball_10b_5p_4d_m	403	1484	13581	13288
COUNTS	st_rv9	90	840	6691	6321
COUNTS	rsyn0840m02m	3486	9576	47529	44981
COUNTS	nvs05	22	84	277	266
COUNTS	multiplants_stg5	827	3804	377794	155722
COUNTS	chimera_rfr-02	2032	15140	3860441	2487272
COUNTS	multiplants_stg1a	726	3510	142058	121443
COUNTS	pooling_adhya4pq	170	932	24314	16556
COUNTS	sonet24v5	874	7260	185654	110276
COUNTS	chp_shorttermplan2a	8992	26288	821014	574732
COUNTS	catmix200	1001	5592	18173	18164
COUNTS	nvs23	27	252	1921	1221
COUNTS	space25	1178	4334	23567	22528
COUNTS	pooling_foulds5tp	1218	8364	251833	171941
COUNTS	mpbp_15	9858	31692	1496502	1159408
COUNTS	rsyn0830hfsg	1590	4100	16168	15383
COUNTS	crudeoil_pooling_ct1	1271	4642	125127	93553
COUNTS	multiplants_stg1c	800	3894	150039	143020
COUNTS	st_pan1	11	32	123	94
COUNTS	multiplants_stg1b	814	3992	308612	187593
COUNTS	chimera_lga-01	1120	6400	668019	492146
COUNTS	gasprod_sarawak16	4596	15316	213850	196064
COUNTS	mpbp_47	5310	17098	730624	652208
COUNTS	rsyn0815m	821	2242	8260	7745
COUNTS	arki0016	7993	37208	878890	835655
COUNTS	rsyn0810m02hfsg	2670	6964	36862	34794
COUNTS	syn40m04hfsg	6328	16896	76232	73526
COUNTS	clay0305hfsg	1000	2910	12260	11240
COUNTS	st_test8	64	232	2343	1964
COUNTS	powerflow0030p	1121	4194	24944	23642
COUNTS	syn30m02m	1492	3936	13752	13455
COUNTS	wastewater13m1	481	3252	60135	60068
COUNTS	syn40hfsg	1022	2624	8432	8155
COUNTS	sep1	69	206	1097	1047
COUNTS	syn30m03m	2508	6804	26806	26552
COUNTS	st_qpc-m3a	30	304	2330	1574
COUNTS	crudeoil_pooling_ct3	2644	11426	1381490	865089
COUNTS	space25a	634	3246	29078	27875
COUNTS	ex7_2_1	35	134	352	341
COUNTS	hydroenergy2	2092	6236	69051	55964
COUNTS	pooling_digabel19	514	5340	325989	274903
### ARM B3-w14s10 SSI_EXCHANGE_WIDTH=14 SSI_EXCHANGE_SWEEPS=10
COUNTS	rsyn0810m04m	4772	13836	147553	113207
COUNTS	sporttournament48	1131	6676	919582	592120
COUNTS	edgecross10-090	1053	5204	126115	103179
COUNTS	st_bpaf1a	30	120	623	580
COUNTS	risk2bpb	1462	5396	118471	66041
COUNTS	rsyn0830m04m	7252	20752	212130	171498
COUNTS	lop97icx	1073	2118	79286	64044
COUNTS	mpbp_07	9532	30810	1368477	1248083
COUNTS	sonetgr17	440	2958	37814	30971
COUNTS	p_ball_30b_7p_2d_h	2207	7516	42456	42319
COUNTS	ex8_3_9	123	834	15050	11503
COUNTS	rsyn0820m02m	2486	6932	38190	35775
COUNTS	p_ball_10b_5p_2d_m	293	964	6648	6547
COUNTS	pooling_adhya4tp	170	936	26842	20581
COUNTS	edgecross10-080	1053	5940	170814	164639
COUNTS	clay0204hfsg	590	1696	7198	6562
COUNTS	st_bsj2	13	40	143	114
COUNTS	chimera_mgw-c8-439-onc8-002	440	3038	97870	86464
COUNTS	batchs201210m	5188	17910	349298	303381
COUNTS	rsyn0815m04m	5456	15756	184352	143279
COUNTS	syn40m	560	1528	5007	4829
COUNTS	wastewater05m1	98	536	11690	8002
COUNTS	st_e31	301	744	4534	4257
COUNTS	pooling_haverly1pq	31	96	412	403
COUNTS	graphpart_3g-0244-0244	128	672	33446	32534
COUNTS	graphpart_clique-20	80	1260	34885	27856
COUNTS	nvs19	24	200	1353	884
COUNTS	oil	3270	8430	36313	34760
COUNTS	ndcc12persp	1112	5522	299115	284793
COUNTS	nuclear25a	1942	16030	1977163	1136191
COUNTS	st_ph13	23	68	207	178
COUNTS	edgecross10-030	1053	4654	135854	100080
COUNTS	slay09h	2718	7488	36057	32385
COUNTS	ndcc12	974	5982	345696	329342
COUNTS	kall_circlesrectangles_c6r39	1306	5378	75744	74610
COUNTS	chimera_mgw-c16-2031-01	2032	15900	3328073	2560253
COUNTS	forest	713	2658	10614	10543
COUNTS	st_ph1	16	58	274	233
COUNTS	elf	124	376	2733	2173
COUNTS	ex3_1_3	18	36	90	83
COUNTS	demo7	155	618	3579	3426
COUNTS	waternd2	615	2580	155674	74817
COUNTS	prolog	64	292	1245	1225
COUNTS	st_qpk3	55	548	5467	3762
COUNTS	rsyn0805m03m	2868	8270	60979	54830
COUNTS	waterund01	96	404	4546	3317
COUNTS	st_e22	12	30	77	70
COUNTS	arki0002	4432	11248	683476	667374
COUNTS	p_ball_30b_5p_2d_h	1543	5224	25843	25742
COUNTS	ringpack_20_3	6709	45220	2415136	865627
COUNTS	waste	4825	21504	1468261	1270649
COUNTS	catmix400	2001	11192	36373	36364
COUNTS	rsyn0815m02hfsg	3054	7968	44604	41384
COUNTS	p_ball_10b_7p_3d_h	1236	4186	24380	23744
COUNTS	chimera_k64ising-02	1225	3846	613390	370197
COUNTS	batchs121208m	3404	11462	138030	128816
COUNTS	syn15hfsg	399	1022	3300	3272
COUNTS	st_jcbpaf2	36	246	1635	1543
COUNTS	chimera_selby-c16-01	2031	10964	3605628	2405490
COUNTS	sfacloc2_4_90	1491	4500	31682	28843
COUNTS	syn40m04m	4960	13792	65982	63265
COUNTS	syn15m04m	1908	5288	26094	25061
COUNTS	pooling_rt2tp	118	654	5876	5796
COUNTS	waterund14	333	2204	200484	70488
COUNTS	pooling_foulds4pq	1294	8302	138692	138540
COUNTS	edgecross14-156	3097	19664	1487933	1366564
COUNTS	tspn08	72	668	11074	7600
COUNTS	crudeoil_li05	4225	14628	680022	533357
COUNTS	blend721	1428	4548	77560	66143
COUNTS	chimera_selby-c16-02	2031	10878	4280329	2293665
COUNTS	sfacloc2_4_80	5067	21424	93048	88884
COUNTS	st_e24	10	26	64	57
COUNTS	edgecross10-040	1053	5116	161851	143518
COUNTS	sonet21v6	8232	40744	1643311	1585871
COUNTS	genpooling_lee2	221	1048	19895	14028
COUNTS	popdynm25	2807	13904	360081	286502
COUNTS	chp_partload	5211	16740	509170	372982
COUNTS	torsion50	2508	29808	1691033	1118955
COUNTS	fo9_ar25_1	1049	4336	41668	38237
COUNTS	rsyn0840m	1159	3168	11274	10602
COUNTS	gancns	548	2800	69234	58183
COUNTS	o9_ar4_1	1049	4336	41668	38237
COUNTS	ex1265a	123	560	3948	3750
COUNTS	st_e25	20	92	336	262
COUNTS	ex1225	26	66	171	161
COUNTS	ndcc13	969	5882	525212	324727
COUNTS	syn10m04m	1224	3384	13501	13463
COUNTS	ex5_2_4	18	62	204	193
COUNTS	st_bpk1	16	44	115	108
COUNTS	multiplants_stg1	736	3594	197998	155496
COUNTS	sonet23v4	803	6462	139703	94348
COUNTS	pooling_sppa0pq	1649	24192	3745896	1186667
COUNTS	multiplants_mtg1b	645	4404	229415	152043
COUNTS	ex9_1_2	19	54	188	179
COUNTS	crudeoil_lee1_07	3670	19322	4746188	3511183
COUNTS	pooling_haverly1tp	31	96	423	403
COUNTS	waterund08	230	1290	35284	30110
COUNTS	chimera_mgw-c8-439-onc8-001	440	3040	106479	78229
COUNTS	waterund11	160	828	14818	10705
COUNTS	sporttournament18	156	886	17568	13608
COUNTS	ringpack_20_2	6089	40368	1872174	707413
COUNTS	blend718	1386	4310	70355	61466
COUNTS	wastepaper4	115	724	9711	7183
COUNTS	netmod_kar1	1746	4928	56838	43864
COUNTS	ex8_1_7	14	46	137	128
COUNTS	graphpart_3g-0333-0333	108	648	44928	36228
COUNTS	slay05h	760	2080	9815	8795
COUNTS	korcns	156	712	7241	6599
COUNTS	powerflow0118p	5065	18730	121503	117327
COUNTS	sfacloc2_3_80	4799	20600	84672	81119
COUNTS	rsyn0820m04m	6028	17372	196890	152748
COUNTS	st_ht	8	18	51	44
COUNTS	crudeoil_lee2_06	6418	34646	23299675	15876339
COUNTS	kan_r3_h1_n4	3183	14062	104945	98697
COUNTS	primary	378	5610	109639	95258
COUNTS	syn10m03hfsg	1071	2772	9890	9812
COUNTS	wastewater02m1	36	138	848	790
COUNTS	supplychainr1_022020	4620	15680	273140	273100
COUNTS	chp_shorttermplan1a	4952	15700	376486	299825
COUNTS	rocket50	555	3488	19983	19265
COUNTS	rsyn0840m04m	8508	24272	229914	184830
COUNTS	orth_d4m6_pl	172	1096	10938	10703
COUNTS	kall_circlespolygons_c1p5b	1681	7432	201759	193841
COUNTS	ex6_1_4	10	48	197	153
COUNTS	powerflow0014r	403	1630	10761	10361
COUNTS	prob02	22	76	267	232
COUNTS	blend146	1422	4460	78102	64296
COUNTS	mpbp_46	4518	14492	499547	447263
COUNTS	tls6	413	2860	18483	17511
COUNTS	p_ball_10b_5p_4d_m	403	1484	13581	13288
COUNTS	st_rv9	90	840	6691	6321
COUNTS	rsyn0840m02m	3486	9576	47529	44981
COUNTS	nvs05	22	84	277	266
COUNTS	multiplants_stg5	827	3804	377794	155722
COUNTS	chimera_rfr-02	2032	15140	3860441	2487272
COUNTS	multiplants_stg1a	726	3510	142058	121443
COUNTS	pooling_adhya4pq	170	932	24314	16556
COUNTS	sonet24v5	874	7260	185654	110276
COUNTS	chp_shorttermplan2a	8992	26288	821014	574732
COUNTS	catmix200	1001	5592	18173	18164
COUNTS	nvs23	27	252	1921	1221
COUNTS	space25	1178	4334	23567	22528
COUNTS	pooling_foulds5tp	1218	8364	251833	171941
COUNTS	mpbp_15	9858	31692	1496502	1159408
COUNTS	rsyn0830hfsg	1590	4100	16168	15383
COUNTS	crudeoil_pooling_ct1	1271	4642	125127	93505
COUNTS	multiplants_stg1c	800	3894	150039	143020
COUNTS	st_pan1	11	32	123	94
COUNTS	multiplants_stg1b	814	3992	308612	187593
COUNTS	chimera_lga-01	1120	6400	668019	492146
COUNTS	gasprod_sarawak16	4596	15316	213850	196064
COUNTS	mpbp_47	5310	17098	730624	652208
COUNTS	rsyn0815m	821	2242	8260	7745
COUNTS	arki0016	7993	37208	878890	835655
COUNTS	rsyn0810m02hfsg	2670	6964	36862	34794
COUNTS	syn40m04hfsg	6328	16896	76232	73526
COUNTS	clay0305hfsg	1000	2910	12260	11240
COUNTS	st_test8	64	232	2343	1964
COUNTS	powerflow0030p	1121	4194	24944	23642
COUNTS	syn30m02m	1492	3936	13752	13455
COUNTS	wastewater13m1	481	3252	60135	60068
COUNTS	syn40hfsg	1022	2624	8432	8155
COUNTS	sep1	69	206	1097	1047
COUNTS	syn30m03m	2508	6804	26806	26543
COUNTS	st_qpc-m3a	30	304	2330	1574
COUNTS	crudeoil_pooling_ct3	2644	11426	1381490	865089
COUNTS	space25a	634	3246	29078	27875
COUNTS	ex7_2_1	35	134	352	341
COUNTS	hydroenergy2	2092	6236	69051	55964
COUNTS	pooling_digabel19	514	5340	325989	274903
### ARM B4-w14s12 SSI_EXCHANGE_WIDTH=14 SSI_EXCHANGE_SWEEPS=12
COUNTS	rsyn0810m04m	4772	13836	147553	113207
COUNTS	sporttournament48	1131	6676	919582	592120
COUNTS	edgecross10-090	1053	5204	126115	103179
COUNTS	st_bpaf1a	30	120	623	580
COUNTS	risk2bpb	1462	5396	118471	66041
COUNTS	rsyn0830m04m	7252	20752	212130	171498
COUNTS	lop97icx	1073	2118	79286	64044
COUNTS	mpbp_07	9532	30810	1368477	1248083
COUNTS	sonetgr17	440	2958	37814	30971
COUNTS	p_ball_30b_7p_2d_h	2207	7516	42456	42319
COUNTS	ex8_3_9	123	834	15050	11503
COUNTS	rsyn0820m02m	2486	6932	38190	35775
COUNTS	p_ball_10b_5p_2d_m	293	964	6648	6547
COUNTS	pooling_adhya4tp	170	936	26842	20581
COUNTS	edgecross10-080	1053	5940	170814	164639
COUNTS	clay0204hfsg	590	1696	7198	6562
COUNTS	st_bsj2	13	40	143	114
COUNTS	chimera_mgw-c8-439-onc8-002	440	3038	97870	86464
COUNTS	batchs201210m	5188	17910	349298	303381
COUNTS	rsyn0815m04m	5456	15756	184352	143279
COUNTS	syn40m	560	1528	5007	4829
COUNTS	wastewater05m1	98	536	11690	8002
COUNTS	st_e31	301	744	4534	4257
COUNTS	pooling_haverly1pq	31	96	412	403
COUNTS	graphpart_3g-0244-0244	128	672	33446	32534
COUNTS	graphpart_clique-20	80	1260	34885	27856
COUNTS	nvs19	24	200	1353	884
COUNTS	oil	3270	8430	36313	34760
COUNTS	ndcc12persp	1112	5522	299115	284793
COUNTS	nuclear25a	1942	16030	1977163	1136191
COUNTS	st_ph13	23	68	207	178
COUNTS	edgecross10-030	1053	4654	135854	100080
COUNTS	slay09h	2718	7488	36057	32385
COUNTS	ndcc12	974	5982	345696	329342
COUNTS	kall_circlesrectangles_c6r39	1306	5378	75744	74610
COUNTS	chimera_mgw-c16-2031-01	2032	15900	3328073	2560253
COUNTS	forest	713	2658	10614	10543
COUNTS	st_ph1	16	58	274	233
COUNTS	elf	124	376	2733	2173
COUNTS	ex3_1_3	18	36	90	83
COUNTS	demo7	155	618	3579	3426
COUNTS	waternd2	615	2580	155674	74817
COUNTS	prolog	64	292	1245	1225
COUNTS	st_qpk3	55	548	5467	3762
COUNTS	rsyn0805m03m	2868	8270	60979	54830
COUNTS	waterund01	96	404	4546	3317
COUNTS	st_e22	12	30	77	70
COUNTS	arki0002	4432	11248	683476	667374
COUNTS	p_ball_30b_5p_2d_h	1543	5224	25843	25742
COUNTS	ringpack_20_3	6709	45220	2415136	865627
COUNTS	waste	4825	21504	1468261	1270649
COUNTS	catmix400	2001	11192	36373	36364
COUNTS	rsyn0815m02hfsg	3054	7968	44604	41384
COUNTS	p_ball_10b_7p_3d_h	1236	4186	24380	23744
COUNTS	chimera_k64ising-02	1225	3846	613390	370197
COUNTS	batchs121208m	3404	11462	138030	128816
COUNTS	syn15hfsg	399	1022	3300	3272
COUNTS	st_jcbpaf2	36	246	1635	1543
COUNTS	chimera_selby-c16-01	2031	10964	3605628	2405490
COUNTS	sfacloc2_4_90	1491	4500	31682	28843
COUNTS	syn40m04m	4960	13792	65982	63265
COUNTS	syn15m04m	1908	5288	26094	25061
COUNTS	pooling_rt2tp	118	654	5876	5796
COUNTS	waterund14	333	2204	200484	70488
COUNTS	pooling_foulds4pq	1294	8302	138692	138540
COUNTS	edgecross14-156	3097	19664	1487933	1366564
COUNTS	tspn08	72	668	11074	7600
COUNTS	crudeoil_li05	4225	14628	680022	533357
COUNTS	blend721	1428	4548	77560	66143
COUNTS	chimera_selby-c16-02	2031	10878	4280329	2293665
COUNTS	sfacloc2_4_80	5067	21424	93048	88884
COUNTS	st_e24	10	26	64	57
COUNTS	edgecross10-040	1053	5116	161851	143518
COUNTS	sonet21v6	8232	40744	1643311	1585871
COUNTS	genpooling_lee2	221	1048	19895	14028
COUNTS	popdynm25	2807	13904	360081	286502
COUNTS	chp_partload	5211	16740	509170	372982
COUNTS	torsion50	2508	29808	1691033	1118955
COUNTS	fo9_ar25_1	1049	4336	41668	38237
COUNTS	rsyn0840m	1159	3168	11274	10602
COUNTS	gancns	548	2800	69234	58183
COUNTS	o9_ar4_1	1049	4336	41668	38237
COUNTS	ex1265a	123	560	3948	3750
COUNTS	st_e25	20	92	336	262
COUNTS	ex1225	26	66	171	161
COUNTS	ndcc13	969	5882	525212	324727
COUNTS	syn10m04m	1224	3384	13501	13463
COUNTS	ex5_2_4	18	62	204	193
COUNTS	st_bpk1	16	44	115	108
COUNTS	multiplants_stg1	736	3594	197998	155496
COUNTS	sonet23v4	803	6462	139703	94348
COUNTS	pooling_sppa0pq	1649	24192	3745896	1186667
COUNTS	multiplants_mtg1b	645	4404	229415	152043
COUNTS	ex9_1_2	19	54	188	179
COUNTS	crudeoil_lee1_07	3670	19322	4746188	3511183
COUNTS	pooling_haverly1tp	31	96	423	403
COUNTS	waterund08	230	1290	35284	30110
COUNTS	chimera_mgw-c8-439-onc8-001	440	3040	106479	78229
COUNTS	waterund11	160	828	14818	10705
COUNTS	sporttournament18	156	886	17568	13608
COUNTS	ringpack_20_2	6089	40368	1872174	707413
COUNTS	blend718	1386	4310	70355	61466
COUNTS	wastepaper4	115	724	9711	7183
COUNTS	netmod_kar1	1746	4928	56838	43864
COUNTS	ex8_1_7	14	46	137	128
COUNTS	graphpart_3g-0333-0333	108	648	44928	36228
COUNTS	slay05h	760	2080	9815	8795
COUNTS	korcns	156	712	7241	6599
COUNTS	powerflow0118p	5065	18730	121503	117327
COUNTS	sfacloc2_3_80	4799	20600	84672	81119
COUNTS	rsyn0820m04m	6028	17372	196890	152748
COUNTS	st_ht	8	18	51	44
COUNTS	crudeoil_lee2_06	6418	34646	23299675	15876339
COUNTS	kan_r3_h1_n4	3183	14062	104945	98697
COUNTS	primary	378	5610	109639	95258
COUNTS	syn10m03hfsg	1071	2772	9890	9812
COUNTS	wastewater02m1	36	138	848	790
COUNTS	supplychainr1_022020	4620	15680	273140	273100
COUNTS	chp_shorttermplan1a	4952	15700	376486	299825
COUNTS	rocket50	555	3488	19983	19265
COUNTS	rsyn0840m04m	8508	24272	229914	184830
COUNTS	orth_d4m6_pl	172	1096	10938	10703
COUNTS	kall_circlespolygons_c1p5b	1681	7432	201759	193841
COUNTS	ex6_1_4	10	48	197	153
COUNTS	powerflow0014r	403	1630	10761	10361
COUNTS	prob02	22	76	267	232
COUNTS	blend146	1422	4460	78102	64296
COUNTS	mpbp_46	4518	14492	499547	447263
COUNTS	tls6	413	2860	18483	17511
COUNTS	p_ball_10b_5p_4d_m	403	1484	13581	13288
COUNTS	st_rv9	90	840	6691	6321
COUNTS	rsyn0840m02m	3486	9576	47529	44981
COUNTS	nvs05	22	84	277	266
COUNTS	multiplants_stg5	827	3804	377794	155722
COUNTS	chimera_rfr-02	2032	15140	3860441	2487272
COUNTS	multiplants_stg1a	726	3510	142058	121443
COUNTS	pooling_adhya4pq	170	932	24314	16556
COUNTS	sonet24v5	874	7260	185654	110276
COUNTS	chp_shorttermplan2a	8992	26288	821014	574732
COUNTS	catmix200	1001	5592	18173	18164
COUNTS	nvs23	27	252	1921	1221
COUNTS	space25	1178	4334	23567	22528
COUNTS	pooling_foulds5tp	1218	8364	251833	171941
COUNTS	mpbp_15	9858	31692	1496502	1159408
COUNTS	rsyn0830hfsg	1590	4100	16168	15383
COUNTS	crudeoil_pooling_ct1	1271	4642	125127	93505
COUNTS	multiplants_stg1c	800	3894	150039	143020
COUNTS	st_pan1	11	32	123	94
COUNTS	multiplants_stg1b	814	3992	308612	187593
COUNTS	chimera_lga-01	1120	6400	668019	492146
COUNTS	gasprod_sarawak16	4596	15316	213850	196064
COUNTS	mpbp_47	5310	17098	730624	652208
COUNTS	rsyn0815m	821	2242	8260	7745
COUNTS	arki0016	7993	37208	878890	835655
COUNTS	rsyn0810m02hfsg	2670	6964	36862	34794
COUNTS	syn40m04hfsg	6328	16896	76232	73526
COUNTS	clay0305hfsg	1000	2910	12260	11240
COUNTS	st_test8	64	232	2343	1964
COUNTS	powerflow0030p	1121	4194	24944	23642
COUNTS	syn30m02m	1492	3936	13752	13455
COUNTS	wastewater13m1	481	3252	60135	60068
COUNTS	syn40hfsg	1022	2624	8432	8155
COUNTS	sep1	69	206	1097	1047
COUNTS	syn30m03m	2508	6804	26806	26543
COUNTS	st_qpc-m3a	30	304	2330	1574
COUNTS	crudeoil_pooling_ct3	2644	11426	1381490	865089
COUNTS	space25a	634	3246	29078	27875
COUNTS	ex7_2_1	35	134	352	341
COUNTS	hydroenergy2	2092	6236	69051	55964
COUNTS	pooling_digabel19	514	5340	325989	274903
### ARM B5-w13s12 SSI_EXCHANGE_WIDTH=13 SSI_EXCHANGE_SWEEPS=12
COUNTS	rsyn0810m04m	4772	13836	147553	113207
COUNTS	sporttournament48	1131	6676	919582	592120
COUNTS	edgecross10-090	1053	5204	126115	103179
COUNTS	st_bpaf1a	30	120	623	580
COUNTS	risk2bpb	1462	5396	118471	66041
COUNTS	rsyn0830m04m	7252	20752	212130	171498
COUNTS	lop97icx	1073	2118	79286	64044
COUNTS	mpbp_07	9532	30810	1368477	1248083
COUNTS	sonetgr17	440	2958	37814	30971
COUNTS	p_ball_30b_7p_2d_h	2207	7516	42456	42319
COUNTS	ex8_3_9	123	834	15050	11503
COUNTS	rsyn0820m02m	2486	6932	38190	35775
COUNTS	p_ball_10b_5p_2d_m	293	964	6648	6547
COUNTS	pooling_adhya4tp	170	936	26842	20581
COUNTS	edgecross10-080	1053	5940	170814	164639
COUNTS	clay0204hfsg	590	1696	7198	6562
COUNTS	st_bsj2	13	40	143	114
COUNTS	chimera_mgw-c8-439-onc8-002	440	3038	97870	86464
COUNTS	batchs201210m	5188	17910	349298	303381
COUNTS	rsyn0815m04m	5456	15756	184352	143402
COUNTS	syn40m	560	1528	5007	4829
COUNTS	wastewater05m1	98	536	11690	8002
COUNTS	st_e31	301	744	4534	4257
COUNTS	pooling_haverly1pq	31	96	412	403
COUNTS	graphpart_3g-0244-0244	128	672	33446	32534
COUNTS	graphpart_clique-20	80	1260	34885	27856
COUNTS	nvs19	24	200	1353	884
COUNTS	oil	3270	8430	36313	34760
COUNTS	ndcc12persp	1112	5522	299115	284793
COUNTS	nuclear25a	1942	16030	1977163	1136191
COUNTS	st_ph13	23	68	207	178
COUNTS	edgecross10-030	1053	4654	135854	100080
COUNTS	slay09h	2718	7488	36057	32385
COUNTS	ndcc12	974	5982	345696	329342
COUNTS	kall_circlesrectangles_c6r39	1306	5378	75744	74610
COUNTS	chimera_mgw-c16-2031-01	2032	15900	3328073	2560253
COUNTS	forest	713	2658	10614	10543
COUNTS	st_ph1	16	58	274	233
COUNTS	elf	124	376	2733	2173
COUNTS	ex3_1_3	18	36	90	83
COUNTS	demo7	155	618	3579	3426
COUNTS	waternd2	615	2580	155674	74817
COUNTS	prolog	64	292	1245	1225
COUNTS	st_qpk3	55	548	5467	3762
COUNTS	rsyn0805m03m	2868	8270	60979	54830
COUNTS	waterund01	96	404	4546	3317
COUNTS	st_e22	12	30	77	70
COUNTS	arki0002	4432	11248	683476	667374
COUNTS	p_ball_30b_5p_2d_h	1543	5224	25843	25742
COUNTS	ringpack_20_3	6709	45220	2415136	865627
COUNTS	waste	4825	21504	1468261	1270649
COUNTS	catmix400	2001	11192	36373	36364
COUNTS	rsyn0815m02hfsg	3054	7968	44604	41384
COUNTS	p_ball_10b_7p_3d_h	1236	4186	24380	23744
COUNTS	chimera_k64ising-02	1225	3846	613390	370197
COUNTS	batchs121208m	3404	11462	138030	128816
COUNTS	syn15hfsg	399	1022	3300	3272
COUNTS	st_jcbpaf2	36	246	1635	1543
COUNTS	chimera_selby-c16-01	2031	10964	3605628	2403060
COUNTS	sfacloc2_4_90	1491	4500	31682	28843
COUNTS	syn40m04m	4960	13792	65982	63265
COUNTS	syn15m04m	1908	5288	26094	25061
COUNTS	pooling_rt2tp	118	654	5876	5796
COUNTS	waterund14	333	2204	200484	70488
COUNTS	pooling_foulds4pq	1294	8302	138692	138540
COUNTS	edgecross14-156	3097	19664	1487933	1376964
COUNTS	tspn08	72	668	11074	7600
COUNTS	crudeoil_li05	4225	14628	680022	533357
COUNTS	blend721	1428	4548	77560	66143
COUNTS	chimera_selby-c16-02	2031	10878	4280329	2296385
COUNTS	sfacloc2_4_80	5067	21424	93048	88884
COUNTS	st_e24	10	26	64	57
COUNTS	edgecross10-040	1053	5116	161851	143518
COUNTS	sonet21v6	8232	40744	1643311	1585871
COUNTS	genpooling_lee2	221	1048	19895	14028
COUNTS	popdynm25	2807	13904	360081	286350
COUNTS	chp_partload	5211	16740	509170	373071
COUNTS	torsion50	2508	29808	1691033	1118955
COUNTS	fo9_ar25_1	1049	4336	41668	38237
COUNTS	rsyn0840m	1159	3168	11274	10602
COUNTS	gancns	548	2800	69234	58183
COUNTS	o9_ar4_1	1049	4336	41668	38237
COUNTS	ex1265a	123	560	3948	3750
COUNTS	st_e25	20	92	336	262
COUNTS	ex1225	26	66	171	161
COUNTS	ndcc13	969	5882	525212	324727
COUNTS	syn10m04m	1224	3384	13501	13463
COUNTS	ex5_2_4	18	62	204	193
COUNTS	st_bpk1	16	44	115	108
COUNTS	multiplants_stg1	736	3594	197998	155496
COUNTS	sonet23v4	803	6462	139703	94348
COUNTS	pooling_sppa0pq	1649	24192	3745896	1186426
COUNTS	multiplants_mtg1b	645	4404	229415	152043
COUNTS	ex9_1_2	19	54	188	179
COUNTS	crudeoil_lee1_07	3670	19322	4746188	3526800
COUNTS	pooling_haverly1tp	31	96	423	403
COUNTS	waterund08	230	1290	35284	30110
COUNTS	chimera_mgw-c8-439-onc8-001	440	3040	106479	78229
COUNTS	waterund11	160	828	14818	10705
COUNTS	sporttournament18	156	886	17568	13608
COUNTS	ringpack_20_2	6089	40368	1872174	707413
COUNTS	blend718	1386	4310	70355	61466
COUNTS	wastepaper4	115	724	9711	7183
COUNTS	netmod_kar1	1746	4928	56838	43864
COUNTS	ex8_1_7	14	46	137	128
COUNTS	graphpart_3g-0333-0333	108	648	44928	36228
COUNTS	slay05h	760	2080	9815	8795
COUNTS	korcns	156	712	7241	6599
COUNTS	powerflow0118p	5065	18730	121503	117327
COUNTS	sfacloc2_3_80	4799	20600	84672	81119
COUNTS	rsyn0820m04m	6028	17372	196890	152748
COUNTS	st_ht	8	18	51	44
COUNTS	crudeoil_lee2_06	6418	34646	23299675	15882374
COUNTS	kan_r3_h1_n4	3183	14062	104945	98697
COUNTS	primary	378	5610	109639	95258
COUNTS	syn10m03hfsg	1071	2772	9890	9812
COUNTS	wastewater02m1	36	138	848	790
COUNTS	supplychainr1_022020	4620	15680	273140	273100
COUNTS	chp_shorttermplan1a	4952	15700	376486	299825
COUNTS	rocket50	555	3488	19983	19265
COUNTS	rsyn0840m04m	8508	24272	229914	184830
COUNTS	orth_d4m6_pl	172	1096	10938	10703
COUNTS	kall_circlespolygons_c1p5b	1681	7432	201759	193841
COUNTS	ex6_1_4	10	48	197	153
COUNTS	powerflow0014r	403	1630	10761	10361
COUNTS	prob02	22	76	267	232
COUNTS	blend146	1422	4460	78102	64296
COUNTS	mpbp_46	4518	14492	499547	447263
COUNTS	tls6	413	2860	18483	17511
COUNTS	p_ball_10b_5p_4d_m	403	1484	13581	13288
COUNTS	st_rv9	90	840	6691	6321
COUNTS	rsyn0840m02m	3486	9576	47529	44981
COUNTS	nvs05	22	84	277	266
COUNTS	multiplants_stg5	827	3804	377794	155722
COUNTS	chimera_rfr-02	2032	15140	3860441	2487272
COUNTS	multiplants_stg1a	726	3510	142058	121443
COUNTS	pooling_adhya4pq	170	932	24314	16556
COUNTS	sonet24v5	874	7260	185654	110276
COUNTS	chp_shorttermplan2a	8992	26288	821014	574732
COUNTS	catmix200	1001	5592	18173	18164
COUNTS	nvs23	27	252	1921	1221
COUNTS	space25	1178	4334	23567	22528
COUNTS	pooling_foulds5tp	1218	8364	251833	171941
COUNTS	mpbp_15	9858	31692	1496502	1156666
COUNTS	rsyn0830hfsg	1590	4100	16168	15383
COUNTS	crudeoil_pooling_ct1	1271	4642	125127	93553
COUNTS	multiplants_stg1c	800	3894	150039	143020
COUNTS	st_pan1	11	32	123	94
COUNTS	multiplants_stg1b	814	3992	308612	187593
COUNTS	chimera_lga-01	1120	6400	668019	492146
COUNTS	gasprod_sarawak16	4596	15316	213850	196064
COUNTS	mpbp_47	5310	17098	730624	652208
COUNTS	rsyn0815m	821	2242	8260	7745
COUNTS	arki0016	7993	37208	878890	835653
COUNTS	rsyn0810m02hfsg	2670	6964	36862	34794
COUNTS	syn40m04hfsg	6328	16896	76232	73526
COUNTS	clay0305hfsg	1000	2910	12260	11240
COUNTS	st_test8	64	232	2343	1964
COUNTS	powerflow0030p	1121	4194	24944	23642
COUNTS	syn30m02m	1492	3936	13752	13455
COUNTS	wastewater13m1	481	3252	60135	60068
COUNTS	syn40hfsg	1022	2624	8432	8155
COUNTS	sep1	69	206	1097	1047
COUNTS	syn30m03m	2508	6804	26806	26552
COUNTS	st_qpc-m3a	30	304	2330	1574
COUNTS	crudeoil_pooling_ct3	2644	11426	1381490	865089
COUNTS	space25a	634	3246	29078	27875
COUNTS	ex7_2_1	35	134	352	341
COUNTS	hydroenergy2	2092	6236	69051	55964
COUNTS	pooling_digabel19	514	5340	325989	274903
