
running 1 test
test ordering::probe::probe_timing_and_score ... LADGATE	357	10000	1.276	1
LADGATE	357	10000	1.377	1
LIFT	slay06m	357	147	660	147
COUNTS	slay06m	357	1080	4025	4025
LADGATE	401	10000	1.178	1
LADGATE	401	10000	1.188	1
LIFT	sssd25-08	401	89	640	89
COUNTS	sssd25-08	401	1200	5389	5389
LADGATE	4772	10000	2.261	1
LIFT	rsyn0810m04m	4772	2520	9996	2520
COUNTS	rsyn0810m04m	4772	13836	147553	113207
LIFT	pooling_sppc3pq	23173	12327	872032	12327
COUNTS	pooling_sppc3pq	23173	893724	1153877333	325595394
LADGATE	1131	10000	1.841	1
LIFT	sporttournament48	1131	721	7408	721
COUNTS	sporttournament48	1131	6676	919582	592120
LADGATE	5030	10000	1.516	1
LIFT	pooling_sppa9pq	5030	2509	126346	2509
COUNTS	pooling_sppa9pq	5030	120730	23971280	15198662
LADGATE	1053	10000	1.130	1
LIFT	edgecross10-090	1053	571	4240	571
COUNTS	edgecross10-090	1053	5204	126115	103179
LIFT	maxcsp-ehi-85-297-71	2372	2075	216272	2075
COUNTS	maxcsp-ehi-85-297-71	2372	207996	1381768944	1110971341
LADGATE	30	10000	0.906	1
LADGATE	30	10000	0.922	1
COUNTS	st_bpaf1a	30	120	623	580
LADGATE	1462	10000	1.989	1
LIFT	risk2bpb	1462	628	4030	628
COUNTS	risk2bpb	1462	5396	118471	66041
LADGATE	255	10000	0.321	1
LIFT	qap	255	225	49148	225
COUNTS	qap	255	43748	3802533	3650113
LADGATE	7252	10000	2.011	1
LIFT	rsyn0830m04m	7252	3744	14872	3744
COUNTS	rsyn0830m04m	7252	20752	212130	171498
LADGATE	1073	10000	0.898	1
LIFT	lop97icx	1073	155	1760	155
COUNTS	lop97icx	1073	2118	79286	64044
LADGATE	1201	10000	0.866	1
LIFT	chain400	1201	800	3196	800
COUNTS	chain400	1201	4796	16382	16382
LADGATE	9532	10000	2.565	1
LIFT	mpbp_07	9532	5704	23110	5704
COUNTS	mpbp_07	9532	30810	1368477	1248083
LADGATE	440	10000	1.433	1
LADGATE	440	10000	1.512	1
LIFT	sonetgr17	440	317	2712	317
COUNTS	sonetgr17	440	2958	37814	30971
LADGATE	2207	10000	1.859	1
LIFT	p_ball_30b_7p_2d_h	2207	1415	5932	1415
COUNTS	p_ball_30b_7p_2d_h	2207	7516	42456	42319
LADGATE	19995	10000	2.886	0
LIFT	pinene200	19995	15795	89590	15795
COUNTS	pinene200	19995	97990	1358716	1132609
LIFT	unitcommit_200_100_1_mod_8	146830	73272	329560	73272
COUNTS	unitcommit_200_100_1_mod_8	146830	476332	3053940	2981835
LADGATE	123	10000	1.049	1
LADGATE	123	10000	1.095	1
LIFT	ex8_3_9	123	101	766	101
COUNTS	ex8_3_9	123	834	15050	11503
LADGATE	2486	10000	1.913	1
LIFT	rsyn0820m02m	2486	1364	4808	1364
COUNTS	rsyn0820m02m	2486	6932	38190	35775
LADGATE	293	10000	1.415	1
LADGATE	293	10000	1.497	1
LIFT	p_ball_10b_5p_2d_m	293	119	716	119
COUNTS	p_ball_10b_5p_2d_m	293	964	6648	6547
LADGATE	170	10000	0.785	1
LADGATE	170	10000	0.862	1
LIFT	pooling_adhya4tp	170	93	806	93
COUNTS	pooling_adhya4tp	170	936	26842	20581
LADGATE	7295	10000	1.044	1
LIFT	squfl015-080persp	7295	2495	12000	2495
COUNTS	squfl015-080persp	7295	21600	74520	74520
LADGATE	1053	10000	1.261	1
LIFT	edgecross10-080	1053	571	4976	571
COUNTS	edgecross10-080	1053	5940	170814	164639
LADGATE	590	10000	1.294	1
LADGATE	590	10000	1.354	1
LIFT	clay0204hfsg	590	278	1184	278
COUNTS	clay0204hfsg	590	1696	7198	6562
LADGATE	13	10000	0.464	1
LADGATE	13	10000	0.546	1
COUNTS	st_bsj2	13	40	143	114
LADGATE	440	10000	2.047	1
LADGATE	440	10000	2.060	1
LIFT	chimera_mgw-c8-439-onc8-002	440	418	3060	418
COUNTS	chimera_mgw-c8-439-onc8-002	440	3038	97870	86464
LADGATE	5188	10000	2.422	1
LIFT	batchs201210m	5188	2645	13208	2645
COUNTS	batchs201210m	5188	17910	349298	303381
LADGATE	5456	10000	2.559	1
LIFT	rsyn0815m04m	5456	2966	10968	2966
COUNTS	rsyn0815m04m	5456	15756	184352	143402
LADGATE	560	10000	1.425	1
LADGATE	560	10000	1.450	1
LIFT	syn40m	560	291	1080	291
COUNTS	syn40m	560	1528	5007	4829
LADGATE	2157	10000	0.838	1
LIFT	knp5-44	2157	1167	31152	1167
COUNTS	knp5-44	2157	32604	3764003	3764003
LADGATE	94	10000	0.760	1
LADGATE	94	10000	0.787	1
LIFT	ex1263a	94	59	320	59
COUNTS	ex1263a	94	390	2098	2098
COUNTS	st_e41	8	32	88	88
LADGATE	2305	10000	1.518	1
LIFT	squfl025-030	2305	805	3000	805
COUNTS	squfl025-030	2305	6000	42305	42305
LADGATE	98	10000	1.035	1
LADGATE	98	10000	1.131	1
LIFT	wastewater05m1	98	62	740	62
COUNTS	wastewater05m1	98	536	11690	8002
COUNTS	cvxnonsep_psig20	20	380	2870	2870
LADGATE	4405	10000	0.446	1
LIFT	meanvar-orl400_05_e_8	4405	2403	168400	2403
COUNTS	meanvar-orl400_05_e_8	4405	171604	21923414	21922611
LADGATE	301	10000	1.055	1
LADGATE	301	10000	1.153	1
LIFT	st_e31	301	163	492	163
COUNTS	st_e31	301	744	4534	4257
LIFT	pooling_sppc1pq	14100	7273	535700	7273
COUNTS	pooling_sppc1pq	14100	477680	812210652	136686008
LADGATE	31	10000	0.623	1
LADGATE	31	10000	0.736	1
COUNTS	pooling_haverly1pq	31	96	412	403
LADGATE	128	10000	0.886	1
LADGATE	128	10000	0.920	1
LIFT	graphpart_3g-0244-0244	128	96	672	96
COUNTS	graphpart_3g-0244-0244	128	672	33446	32534
LADGATE	80	10000	0.945	1
LADGATE	80	10000	0.991	1
LIFT	graphpart_clique-20	80	77	1254	77
COUNTS	graphpart_clique-20	80	1260	34885	27856
LADGATE	28368	10000	3.090	0
LIFT	mpbp_48	28368	16000	66180	16000
COUNTS	mpbp_48	28368	91016	33835023	16057644
LIFT	pooling_sppb5pq	18529	9496	693670	9496
COUNTS	pooling_sppb5pq	18529	674470	523815053	213571545
LADGATE	497	10000	1.047	1
LADGATE	497	10000	1.158	1
LIFT	slay07m	497	203	924	203
COUNTS	slay07m	497	1512	5740	5740
COUNTS	nvs19	24	200	1353	884
LADGATE	3270	10000	1.814	1
LIFT	oil	3270	1687	5444	1687
COUNTS	oil	3270	8430	36313	34760
LADGATE	2775	10000	1.806	1
LIFT	squfl015-060	2775	975	3600	975
COUNTS	squfl015-060	2775	7200	36400	36400
LADGATE	1112	10000	1.865	1
LIFT	ndcc12persp	1112	961	5220	961
COUNTS	ndcc12persp	1112	5522	299115	284793
LIFT	kissing2	20772	10772	381024	10772
COUNTS	kissing2	20772	401024	156414018	156414018
LADGATE	1942	10000	2.209	1
LIFT	nuclear25a	1942	755	18260	755
COUNTS	nuclear25a	1942	16030	1977163	1136191
LADGATE	222	10000	0.952	1
LADGATE	222	10000	0.975	1
LIFT	clay0204m	222	102	464	102
COUNTS	clay0204m	222	704	2330	2330
LADGATE	23	10000	0.577	1
LADGATE	23	10000	0.622	1
COUNTS	st_ph13	23	68	207	178
LADGATE	1053	10000	1.640	1
LIFT	edgecross10-030	1053	573	5134	573
COUNTS	edgecross10-030	1053	4654	135854	100080
LADGATE	601	10000	0.854	1
LIFT	chain200	601	400	1596	400
COUNTS	chain200	601	2396	8182	8182
LADGATE	25	10000	0.636	1
LADGATE	25	10000	0.713	1
COUNTS	ex1223b	25	66	178	178
LADGATE	2718	10000	1.781	1
LIFT	slay09h	2718	1206	5040	1206
COUNTS	slay09h	2718	7488	36057	32385
LADGATE	974	10000	2.254	1
LIFT	ndcc12	974	902	6222	902
COUNTS	ndcc12	974	5982	345696	329556
LADGATE	1306	10000	1.602	1
LIFT	kall_circlesrectangles_c6r39	1306	924	4638	924
COUNTS	kall_circlesrectangles_c6r39	1306	5378	75744	74610
LADGATE	9170	10000	1.979	1
LIFT	squfl020-150	9170	3170	12000	3170
COUNTS	squfl020-150	9170	24000	135020	135020
COUNTS	autocorr_bern40-30	43	1534	20034	20034
LADGATE	660	10000	1.119	1
LIFT	slay08m	660	268	1232	268
COUNTS	slay08m	660	2016	7796	7796
LADGATE	2032	10000	1.999	1
LIFT	chimera_mgw-c16-2031-01	2032	2021	15902	2021
COUNTS	chimera_mgw-c16-2031-01	2032	15900	3328073	2560253
LADGATE	713	10000	1.368	1
LIFT	forest	713	404	2076	404
COUNTS	forest	713	2658	10614	10543
LADGATE	280	10000	0.429	1
LIFT	qspp_0_10_0_1_10_1	280	244	29450	244
COUNTS	qspp_0_10_0_1_10_1	280	29636	1942907	1932414
LADGATE	16	10000	0.515	1
LADGATE	16	10000	0.542	1
COUNTS	st_ph1	16	58	274	233
LADGATE	124	10000	0.666	1
LADGATE	124	10000	0.711	1
LIFT	elf	124	65	258	65
COUNTS	elf	124	376	2733	2173
LADGATE	18	10000	0.796	1
LADGATE	18	10000	0.867	1
COUNTS	ex3_1_3	18	36	90	83
COUNTS	cvxnonsep_normcon40r	162	322	645	645
LADGATE	155	10000	1.412	1
LADGATE	155	10000	1.415	1
LIFT	demo7	155	66	448	66
COUNTS	demo7	155	618	3579	3426
LADGATE	615	10000	1.380	1
LIFT	waternd2	615	338	2036	338
COUNTS	waternd2	615	2580	155674	74817
LADGATE	64	10000	0.772	1
LADGATE	64	10000	0.813	1
LIFT	prolog	64	42	248	42
COUNTS	prolog	64	292	1245	1225
LADGATE	11	10000	0.406	1
LADGATE	11	10000	0.430	1
COUNTS	ex14_1_8	11	30	80	80
LIFT	faclay75	272878	137826	1109602	137826
COUNTS	faclay75	272878	1379706	3204527350	3013800414
LADGATE	55	10000	0.931	1
LADGATE	55	10000	1.019	1
LIFT	st_qpk3	55	33	504	33
COUNTS	st_qpk3	55	548	5467	3762
LADGATE	11556	10000	2.152	0
LIFT	mpbp_34	11556	7230	32172	7230
COUNTS	mpbp_34	11556	40860	3093917	891022
COUNTS	cvxnonsep_normcon20r	82	162	325	325
COUNTS	cvxnonsep_psig20r	86	170	341	341
LADGATE	18742	10000	2.330	0
LIFT	crudeoil_pooling_dt2	18742	10735	60222	10735
COUNTS	crudeoil_pooling_dt2	18742	75910	14985540	9905819
LADGATE	2868	10000	2.883	1
LIFT	rsyn0805m03m	2868	1596	5810	1596
COUNTS	rsyn0805m03m	2868	8270	60979	54830
COUNTS	st_iqpbk1	22	98	295	295
LADGATE	96	10000	1.125	1
LADGATE	96	10000	1.162	1
LIFT	waterund01	96	47	384	47
COUNTS	waterund01	96	404	4546	3317
LADGATE	29	10000	0.626	1
LADGATE	29	10000	0.630	1
COUNTS	pointpack04	29	120	577	577
LADGATE	12	10000	0.441	1
LADGATE	12	10000	0.458	1
COUNTS	st_e22	12	30	77	70
LADGATE	16678	10000	1.618	0
LIFT	faclay30	16678	8556	65998	8556
COUNTS	faclay30	16678	82242	13452923	12850431
LADGATE	4432	10000	1.531	1
LIFT	arki0002	4432	2608	9424	2608
COUNTS	arki0002	4432	11248	683476	667374
LADGATE	11659	10000	2.552	0
LIFT	transswitch0300p	11659	6750	41276	6750
COUNTS	transswitch0300p	11659	48446	404940	375155
LADGATE	30660	10000	2.826	0
LIFT	crudeoil_pooling_dt3	30660	15957	134914	15957
COUNTS	crudeoil_pooling_dt3	30660	152210	48975085	34556239
LADGATE	22536	10000	2.335	0
LIFT	gasprod_sarawak81	22536	12902	61066	12902
COUNTS	gasprod_sarawak81	22536	75636	1030380	939449
LADGATE	660	10000	1.431	1
LIFT	maxcsp-langford-3-11	660	627	41846	627
COUNTS	maxcsp-langford-3-11	660	29646	33444033	10360919
LADGATE	1543	10000	1.364	1
LIFT	p_ball_30b_5p_2d_h	1543	999	4136	999
COUNTS	p_ball_30b_5p_2d_h	1543	5224	25843	25742
LADGATE	6709	10000	1.607	1
LIFT	ringpack_20_3	6709	3451	41284	3451
COUNTS	ringpack_20_3	6709	45220	2415136	865627
LADGATE	4825	10000	2.919	1
LIFT	waste	4825	2503	19260	2503
COUNTS	waste	4825	21504	1468261	1270649
LADGATE	2001	10000	0.993	1
LIFT	catmix400	2001	1998	11180	1998
COUNTS	catmix400	2001	11192	36373	36364
LADGATE	3054	10000	1.804	1
LIFT	rsyn0815m02hfsg	3054	1697	5478	1697
COUNTS	rsyn0815m02hfsg	3054	7968	44604	41384
LADGATE	1236	10000	1.275	1
LIFT	p_ball_10b_7p_3d_h	1236	751	3216	751
COUNTS	p_ball_10b_7p_3d_h	1236	4186	24380	23744
LADGATE	1225	10000	2.294	1
LIFT	chimera_k64ising-02	1225	772	3732	772
COUNTS	chimera_k64ising-02	1225	3846	613390	371142
LADGATE	3404	10000	2.171	1
LIFT	batchs121208m	3404	1725	8392	1725
COUNTS	batchs121208m	3404	11462	138030	128816
LADGATE	11	10000	0.685	1
LADGATE	11	10000	0.775	1
COUNTS	nvs02	11	46	142	142
LADGATE	191	10000	1.389	1
LADGATE	191	10000	1.421	1
LIFT	wastepaper6	191	156	1358	156
COUNTS	wastepaper6	191	1416	16611	16611
LADGATE	399	10000	1.027	1
LADGATE	399	10000	1.086	1
LIFT	syn15hfsg	399	221	666	221
COUNTS	syn15hfsg	399	1022	3300	3272
LADGATE	36	10000	0.632	1
LADGATE	36	10000	0.649	1
LIFT	st_jcbpaf2	36	23	220	23
COUNTS	st_jcbpaf2	36	246	1635	1543
COUNTS	camshape400	2000	7188	16768	16768
LADGATE	120	10000	1.089	1
LADGATE	120	10000	1.116	1
LIFT	graphpart_clique-30	120	117	2784	117
COUNTS	graphpart_clique-30	120	2790	114505	91153
LADGATE	280	10000	0.704	1
LIFT	graphpart_clique-70	280	277	14904	277
COUNTS	graphpart_clique-70	280	14910	1413012	1144894
COUNTS	smallinvDAXr1b010-011	39	1120	13510	13319
LADGATE	22074	10000	1.406	0
LIFT	nd_netgen-2000-3-4-b-a-ns_7	22074	10074	36000	10074
COUNTS	nd_netgen-2000-3-4-b-a-ns_7	22074	60000	289420	272736
LADGATE	240	10000	0.925	1
LADGATE	240	10000	0.965	1
LIFT	slay05m	240	100	440	100
COUNTS	slay05m	240	720	2635	2635
LADGATE	2031	10000	2.622	1
LIFT	chimera_selby-c16-01	2031	1517	13662	1517
COUNTS	chimera_selby-c16-01	2031	10964	3605628	2403472
LADGATE	110	10000	0.690	1
LADGATE	110	10000	0.697	1
LIFT	csched1	110	30	100	30
COUNTS	csched1	110	376	975	975
LADGATE	1310	10000	0.362	1
LIFT	watercontamination0303r	1310	755	35918	755
COUNTS	watercontamination0303r	1310	37028	2171882	2171882
LADGATE	15	10000	0.484	1
LADGATE	15	10000	0.520	1
COUNTS	ex9_2_4	15	36	117	117
LADGATE	163	10000	0.752	1
LADGATE	163	10000	0.826	1
LIFT	sssd15-04	163	47	240	47
COUNTS	sssd15-04	163	440	1625	1625
COUNTS	autocorr_bern35-35fix	38	1264	16214	16214
LADGATE	1491	10000	1.247	1
LIFT	sfacloc2_4_90	1491	775	3282	775
COUNTS	sfacloc2_4_90	1491	4500	31682	28843
LIFT	cont6-qq	120395	79800	397602	79800
COUNTS	cont6-qq	120395	557994	835894090	581918900
LADGATE	5205	10000	0.419	1
LIFT	meanvar-orl400_05_e_7	5205	2803	170000	2803
COUNTS	meanvar-orl400_05_e_7	5205	174804	21939414	21935811
LADGATE	10017	10000	1.126	0
LIFT	glider400	10017	7609	43204	7609
COUNTS	glider400	10017	49624	373018	327450
LADGATE	4960	10000	2.245	1
LIFT	syn40m04m	4960	2524	9280	2524
COUNTS	syn40m04m	4960	13792	65982	63265
LADGATE	31	10000	0.595	1
LADGATE	31	10000	0.627	1
COUNTS	ex2_1_3	31	72	189	189
LADGATE	705	10000	1.930	1
LIFT	qapw	705	480	87046	480
COUNTS	qapw	705	87496	12183146	12183146
LADGATE	14	10000	0.432	1
LADGATE	14	10000	0.480	1
COUNTS	himmel11	14	60	198	198
LADGATE	1908	10000	1.470	1
LIFT	syn15m04m	1908	970	3540	970
COUNTS	syn15m04m	1908	5288	26094	25061
LADGATE	118	10000	1.067	1
LADGATE	118	10000	1.117	1
LIFT	pooling_rt2tp	118	66	554	66
COUNTS	pooling_rt2tp	118	654	5876	5796
LADGATE	333	10000	1.313	1
LADGATE	333	10000	1.362	1
LIFT	waterund14	333	191	2068	191
COUNTS	waterund14	333	2204	200484	70488
LADGATE	17809	10000	3.970	0
LIFT	crudeoil_lee4_10	17809	10229	106656	10229
COUNTS	crudeoil_lee4_10	17809	120632	294531623	181053364
LADGATE	1294	10000	2.186	1
LIFT	pooling_foulds4pq	1294	723	7208	723
COUNTS	pooling_foulds4pq	1294	8302	138692	138540
LADGATE	3097	10000	1.449	1
LIFT	edgecross14-156	3097	1641	21120	1641
COUNTS	edgecross14-156	3097	19664	1487933	1376964
LADGATE	72	10000	1.092	1
LADGATE	72	10000	1.153	1
LIFT	tspn08	72	34	646	34
COUNTS	tspn08	72	668	11074	7600
LADGATE	4225	10000	1.989	1
LIFT	crudeoil_li05	4225	2656	17380	2656
COUNTS	crudeoil_li05	4225	14628	680022	533453
LADGATE	14416	10000	2.398	0
LIFT	procurement1large	14416	6606	28248	6606
COUNTS	procurement1large	14416	41068	13858240	7309631
LADGATE	1428	10000	1.225	1
LIFT	blend721	1428	829	3334	829
COUNTS	blend721	1428	4548	77560	66143
LADGATE	2031	10000	2.638	1
LIFT	chimera_selby-c16-02	2031	1436	15878	1436
COUNTS	chimera_selby-c16-02	2031	10878	4280329	2296781
LADGATE	16640	10000	1.878	0
LIFT	supplychainr1_053050	16640	9640	44160	9640
COUNTS	supplychainr1_053050	16640	57800	2173490	2173490
LADGATE	5067	10000	3.244	1
LIFT	sfacloc2_4_80	5067	2567	16656	2567
COUNTS	sfacloc2_4_80	5067	21424	93048	88884
COUNTS	st_e24	10	26	64	57
LADGATE	1053	10000	1.249	1
LIFT	edgecross10-040	1053	571	4152	571
COUNTS	edgecross10-040	1053	5116	161851	143518
LADGATE	8232	10000	1.222	1
LIFT	sonet21v6	8232	4221	32722	4221
COUNTS	sonet21v6	8232	40744	1643311	1585871
LADGATE	2490	10000	1.447	1
LIFT	squfl010-080	2490	890	3200	890
COUNTS	squfl010-080	2490	6400	27665	27665
LADGATE	221	10000	0.951	1
LADGATE	221	10000	1.031	1
LIFT	genpooling_lee2	221	145	896	145
COUNTS	genpooling_lee2	221	1048	19895	14028
LADGATE	2807	10000	2.385	1
LIFT	popdynm25	2807	2349	13004	2349
COUNTS	popdynm25	2807	13904	360081	286684
LADGATE	5211	10000	2.798	1
LIFT	chp_partload	5211	3186	12690	3186
COUNTS	chp_partload	5211	16740	509170	373130
LADGATE	560	10000	0.651	1
LIFT	qspp_0_14_0_1_10_1	560	364	119024	364
COUNTS	qspp_0_14_0_1_10_1	560	120274	16119226	16038266
LADGATE	24	10000	0.532	1
LADGATE	24	10000	0.620	1
COUNTS	st_glmp_ss1	24	66	160	160
LADGATE	2508	10000	1.648	1
LIFT	torsion50	2508	1302	20190	1302
COUNTS	torsion50	2508	29808	1691033	1118955
LADGATE	40	10000	0.749	1
LADGATE	40	10000	0.813	1
LIFT	st_rv2	40	10	90	10
COUNTS	st_rv2	40	340	2045	2045
LADGATE	6885	10000	0.862	1
LIFT	emfl100_3_3	6885	2961	8100	2961
COUNTS	emfl100_3_3	6885	15948	55506	55506
COUNTS	pedigree_sim400	351	23546	1183471	1183168
COUNTS	polygon75	5846	49652	1171822	1171822
LIFT	gabriel10	244056	129644	1260406	129644
COUNTS	gabriel10	244056	1148210	1365442310	1267760679
LADGATE	1049	10000	1.108	1
LIFT	fo9_ar25_1	1049	507	3606	507
COUNTS	fo9_ar25_1	1049	4336	41668	38237
LADGATE	1159	10000	1.133	1
LIFT	rsyn0840m	1159	610	2176	610
COUNTS	rsyn0840m	1159	3168	11274	10602
LADGATE	548	10000	1.820	1
LADGATE	548	10000	1.856	1
LIFT	gancns	548	318	2280	318
COUNTS	gancns	548	2800	69234	58202
LADGATE	1049	10000	1.232	1
LIFT	o9_ar4_1	1049	507	3606	507
COUNTS	o9_ar4_1	1049	4336	41668	38237
LADGATE	123	10000	1.073	1
LADGATE	123	10000	1.173	1
LIFT	ex1265a	123	79	472	79
COUNTS	ex1265a	123	560	3948	3750
LADGATE	28	10000	0.606	1
LADGATE	28	10000	0.627	1
COUNTS	ex9_2_6	28	68	190	190
LADGATE	481	10000	0.454	1
LIFT	qspp_0_13_0_1_10_1	481	312	87460	312
COUNTS	qspp_0_13_0_1_10_1	481	88522	10150185	10097446
LADGATE	146	10000	0.865	1
LADGATE	146	10000	0.925	1
LIFT	slay04m	146	62	264	62
COUNTS	slay04m	146	432	1554	1554
COUNTS	st_e25	20	92	336	262
LADGATE	32	10000	0.716	1
LADGATE	32	10000	0.732	1
LIFT	ex8_4_1	32	12	40	12
COUNTS	ex8_4_1	32	100	225	225
LADGATE	19	10000	0.637	1
LADGATE	19	10000	0.737	1
COUNTS	st_e07	19	60	199	199
LADGATE	26	10000	0.637	1
LADGATE	26	10000	0.639	1
COUNTS	ex1225	26	66	171	161
LADGATE	969	10000	1.906	1
LIFT	ndcc13	969	735	6656	735
COUNTS	ndcc13	969	5882	525212	324727
LADGATE	1224	10000	1.102	1
LIFT	syn10m04m	1224	620	2256	620
COUNTS	syn10m04m	1224	3384	13501	13463
LADGATE	18	10000	0.709	1
LADGATE	18	10000	0.711	1
COUNTS	ex5_2_4	18	62	204	193
LADGATE	72	10000	0.780	1
LADGATE	72	10000	0.837	1
LIFT	st_m2	72	21	420	21
COUNTS	st_m2	72	1226	16331	16331
LADGATE	16	10000	0.562	1
LADGATE	16	10000	0.600	1
COUNTS	st_bpk1	16	44	115	108
LADGATE	736	10000	2.028	1
LIFT	multiplants_stg1	736	321	3112	321
COUNTS	multiplants_stg1	736	3594	197998	155496
LADGATE	11251	10000	2.472	0
LIFT	powerflow0300p	11251	6342	34748	6342
COUNTS	powerflow0300p	11251	41918	304705	290023
LADGATE	33155	10000	2.062	0
LIFT	nd_netgen-3000-1-1-b-b-ns_7	33155	15155	54000	15155
COUNTS	nd_netgen-3000-1-1-b-b-ns_7	33155	90000	922197	883821
LADGATE	803	10000	1.863	1
LIFT	sonet23v4	803	547	5952	547
COUNTS	sonet23v4	803	6462	139703	94348
LADGATE	1649	10000	1.700	1
LIFT	pooling_sppa0pq	1649	1648	24190	1648
COUNTS	pooling_sppa0pq	1649	24192	3745896	1187376
LADGATE	645	10000	2.012	1
LIFT	multiplants_mtg1b	645	406	4016	406
COUNTS	multiplants_mtg1b	645	4404	229415	152043
LADGATE	338	10000	1.003	1
LADGATE	338	10000	1.013	1
LIFT	sssd18-08persp	338	138	768	138
COUNTS	sssd18-08persp	338	1168	4654	4654
LADGATE	19	10000	0.650	1
LADGATE	19	10000	0.658	1
COUNTS	ex9_1_2	19	54	188	179
LADGATE	3670	10000	3.003	1
LIFT	crudeoil_lee1_07	3670	1957	17600	1957
COUNTS	crudeoil_lee1_07	3670	19322	4746188	3540025
LADGATE	31	10000	0.707	1
LADGATE	31	10000	0.745	1
COUNTS	pooling_haverly1tp	31	96	423	403
LADGATE	230	10000	1.079	1
LADGATE	230	10000	1.082	1
LIFT	waterund08	230	120	1760	120
COUNTS	waterund08	230	1290	35284	30110
LADGATE	76	10000	0.750	1
LADGATE	76	10000	0.778	1
LIFT	kall_diffcircles_6	76	45	240	45
COUNTS	kall_diffcircles_6	76	302	1511	1511
LADGATE	440	10000	2.065	1
LADGATE	440	10000	2.119	1
LIFT	chimera_mgw-c8-439-onc8-001	440	423	3066	423
COUNTS	chimera_mgw-c8-439-onc8-001	440	3040	106479	78229
LADGATE	160	10000	1.013	1
LADGATE	160	10000	1.052	1
LIFT	waterund11	160	91	642	91
COUNTS	waterund11	160	828	14818	10705
LADGATE	16364	10000	2.576	0
LIFT	chp_shorttermplan2d	16364	8902	38240	8902
COUNTS	chp_shorttermplan2d	16364	52108	4089003	2054862
LADGATE	156	10000	1.232	1
LADGATE	156	10000	1.275	1
LIFT	sporttournament18	156	136	810	136
COUNTS	sporttournament18	156	886	17568	13608
COUNTS	cvxnonsep_psig30	30	870	9455	9455
LADGATE	6089	10000	1.621	1
LIFT	ringpack_20_2	6089	3132	37034	3132
COUNTS	ringpack_20_2	6089	40368	1872174	707413
LADGATE	1386	10000	1.198	1
LIFT	blend718	1386	808	3138	808
COUNTS	blend718	1386	4310	70355	61466
LADGATE	115	10000	1.191	1
LADGATE	115	10000	1.263	1
LIFT	wastepaper4	115	50	654	50
COUNTS	wastepaper4	115	724	9711	7183
LADGATE	2450	10000	1.426	1
LIFT	squfl010-040persp	2450	850	4000	850
COUNTS	squfl010-040persp	2450	7200	22825	22825
LADGATE	10429	10000	3.378	0
LIFT	crudeoil_lee4_06	10429	6797	109128	6797
COUNTS	crudeoil_lee4_06	10429	55492	65337120	32348553
LADGATE	1746	10000	2.219	1
LIFT	netmod_kar1	1746	798	3664	798
COUNTS	netmod_kar1	1746	4928	56838	43864
LADGATE	14	10000	0.449	1
LADGATE	14	10000	0.510	1
COUNTS	ex8_1_7	14	46	137	128
LADGATE	108	10000	1.074	1
LADGATE	108	10000	1.101	1
LIFT	graphpart_3g-0333-0333	108	81	648	81
COUNTS	graphpart_3g-0333-0333	108	648	44928	36228
LADGATE	760	10000	1.149	1
LIFT	slay05h	760	340	1400	340
COUNTS	slay05h	760	2080	9815	8795
LADGATE	156	10000	1.401	1
LADGATE	156	10000	1.491	1
LIFT	korcns	156	92	598	92
COUNTS	korcns	156	712	7241	6599
LADGATE	5065	10000	2.726	1
LIFT	powerflow0118p	5065	2810	15480	2810
COUNTS	powerflow0118p	5065	18730	121503	117327
LADGATE	4799	10000	2.714	1
LIFT	sfacloc2_3_80	4799	2402	16046	2402
COUNTS	sfacloc2_3_80	4799	20600	84672	81119
LADGATE	6028	10000	2.067	1
LIFT	rsyn0820m04m	6028	3144	12532	3144
COUNTS	rsyn0820m04m	6028	17372	196890	152748
LADGATE	1046	10000	0.904	1
LIFT	hydroenergy1	1046	570	2164	570
COUNTS	hydroenergy1	1046	3024	14089	14089
LADGATE	181	10000	0.877	1
LADGATE	181	10000	0.925	1
LIFT	maxmin	181	103	1284	103
COUNTS	maxmin	181	1440	8405	8405
LADGATE	8	10000	0.399	1
LADGATE	8	10000	0.402	1
COUNTS	st_ht	8	18	51	44
LADGATE	6418	10000	3.194	1
LIFT	crudeoil_lee2_06	6418	4139	66598	4139
COUNTS	crudeoil_lee2_06	6418	34646	23299675	15884712
LADGATE	3183	10000	1.759	1
LIFT	kan_r3_h1_n4	3183	2301	12330	2301
COUNTS	kan_r3_h1_n4	3183	14062	104945	98697
LADGATE	378	10000	1.024	1
LIFT	primary	378	222	5294	222
COUNTS	primary	378	5610	109639	95258
LADGATE	1071	10000	1.115	1
LIFT	syn10m03hfsg	1071	591	1812	591
COUNTS	syn10m03hfsg	1071	2772	9890	9812
LADGATE	36	10000	0.730	1
LADGATE	36	10000	0.802	1
LIFT	wastewater02m1	36	24	118	24
COUNTS	wastewater02m1	36	138	848	790
LADGATE	4620	10000	1.434	1
LIFT	supplychainr1_022020	4620	2680	11920	2680
COUNTS	supplychainr1_022020	4620	15680	273140	273100
LADGATE	3800	10000	0.851	1
LIFT	squfl025-025persp	3800	1300	6250	1300
COUNTS	squfl025-025persp	3800	11250	49925	49925
LADGATE	17999	10000	3.696	0
LIFT	ringpack_30_2	17999	9231	103922	9231
COUNTS	ringpack_30_2	17999	121458	12394600	2864237
LIFT	nuclear104	39098	26306	232222	26306
COUNTS	nuclear104	39098	257806	103156931	78332024
LADGATE	4952	10000	2.131	1
LIFT	chp_shorttermplan1a	4952	2592	11264	2592
COUNTS	chp_shorttermplan1a	4952	15700	376486	299825
LADGATE	555	10000	2.133	1
LADGATE	555	10000	2.287	1
LIFT	rocket50	555	450	3272	450
COUNTS	rocket50	555	3488	19983	19265
LADGATE	8508	10000	2.461	1
LIFT	rsyn0840m04m	8508	4368	17360	4368
COUNTS	rsyn0840m04m	8508	24272	229914	184844
LADGATE	11716	10000	2.211	0
LIFT	mpbp_21	11716	6945	28072	6945
COUNTS	mpbp_21	11716	37660	1691114	1456963
LADGATE	172	10000	0.929	1
LADGATE	172	10000	0.932	1
LIFT	orth_d4m6_pl	172	92	896	92
COUNTS	orth_d4m6_pl	172	1096	10938	10703
LADGATE	1681	10000	2.988	1
LIFT	kall_circlespolygons_c1p5b	1681	1245	6560	1245
COUNTS	kall_circlespolygons_c1p5b	1681	7432	201759	193841
LIFT	acopf_case9241pegase_qcqp	313068	201757	1141270	201757
COUNTS	acopf_case9241pegase_qcqp	313068	1292408	34647355	33736789
LADGATE	33	10000	0.778	1
LADGATE	33	10000	0.851	1
LIFT	ex1223	33	18	54	18
COUNTS	ex1223	33	82	244	244
LADGATE	10	10000	0.718	1
LADGATE	10	10000	0.764	1
COUNTS	ex6_1_4	10	48	197	153
LADGATE	403	10000	1.186	1
LADGATE	403	10000	1.334	1
LIFT	powerflow0014r	403	234	1432	234
COUNTS	powerflow0014r	403	1630	10761	10361
LADGATE	2065	10000	0.913	1
LIFT	knp5-43	2065	1119	29756	1119
COUNTS	knp5-43	2065	31132	3517788	3517788
LADGATE	21688	10000	2.839	0
LIFT	gabriel09	21688	11348	105698	11348
COUNTS	gabriel09	21688	89702	29373994	25540477
LADGATE	32	10000	0.603	1
LADGATE	32	10000	0.641	1
LIFT	tln2	32	18	60	18
COUNTS	tln2	32	88	233	233
LADGATE	22	10000	0.881	1
LADGATE	22	10000	0.884	1
COUNTS	prob02	22	76	267	232
LADGATE	1422	10000	1.248	1
LIFT	blend146	1422	826	3252	826
COUNTS	blend146	1422	4460	78102	64296
LADGATE	4518	10000	1.673	1
LIFT	mpbp_46	4518	2728	10872	2728
COUNTS	mpbp_46	4518	14492	499547	447603
LADGATE	413	10000	1.681	1
LADGATE	413	10000	1.737	1
LIFT	tls6	413	291	2630	291
COUNTS	tls6	413	2860	18483	17511
LADGATE	21925	10000	1.498	0
LIFT	emfl100_5_5	21925	9425	27300	9425
COUNTS	emfl100_5_5	21925	52300	221650	221650
LADGATE	341	10000	0.425	1
LIFT	qspp_0_11_0_1_10_1	341	220	43506	220
COUNTS	qspp_0_11_0_1_10_1	341	44264	3563707	3531915
LADGATE	403	10000	1.361	1
LADGATE	403	10000	1.391	1
LIFT	p_ball_10b_5p_4d_m	403	169	1116	169
COUNTS	p_ball_10b_5p_4d_m	403	1484	13581	13288
LADGATE	90	10000	1.396	1
LADGATE	90	10000	1.459	1
LIFT	st_rv9	90	70	800	70
COUNTS	st_rv9	90	840	6691	6321
LADGATE	3486	10000	2.126	1
LIFT	rsyn0840m02m	3486	1876	6568	1876
COUNTS	rsyn0840m02m	3486	9576	47529	44981
LADGATE	22	10000	0.767	1
LADGATE	22	10000	0.794	1
COUNTS	nvs05	22	84	277	266
COUNTS	autocorr_bern25-19	28	612	5278	5278
LADGATE	356	10000	1.209	1
LADGATE	356	10000	1.262	1
LIFT	sssd20-08persp	356	140	800	140
COUNTS	sssd20-08persp	356	1232	4960	4960
LADGATE	827	10000	2.787	1
LIFT	multiplants_stg5	827	310	3480	310
COUNTS	multiplants_stg5	827	3804	377794	155722
LADGATE	2032	10000	2.449	1
LIFT	chimera_rfr-02	2032	2012	15234	2012
COUNTS	chimera_rfr-02	2032	15140	3860441	2487272
LADGATE	726	10000	2.332	1
LIFT	multiplants_stg1a	726	304	2994	304
COUNTS	multiplants_stg1a	726	3510	142058	121443
LADGATE	170	10000	1.075	1
LADGATE	170	10000	1.077	1
LIFT	pooling_adhya4pq	170	93	790	93
COUNTS	pooling_adhya4pq	170	932	24314	16556
LADGATE	17493	10000	3.103	0
LIFT	nuclear10a	17493	15309	159656	15309
COUNTS	nuclear10a	17493	163816	82406325	55261703
LADGATE	874	10000	2.045	1
LIFT	sonet24v5	874	595	6704	595
COUNTS	sonet24v5	874	7260	185654	110276
LIFT	transswitch2736spr	69651	44696	297260	44696
COUNTS	transswitch2736spr	69651	331010	7933133	7281507
LADGATE	8992	10000	1.900	1
LIFT	chp_shorttermplan2a	8992	4760	18484	4760
COUNTS	chp_shorttermplan2a	8992	26288	821014	574732
LADGATE	1001	10000	0.962	1
LIFT	catmix200	1001	998	5580	998
COUNTS	catmix200	1001	5592	18173	18164
COUNTS	nvs23	27	252	1921	1221
LADGATE	20	10000	0.556	1
LADGATE	20	10000	0.630	1
COUNTS	oaer	20	40	107	107
LADGATE	168	10000	0.926	1
LADGATE	168	10000	0.988	1
LIFT	hybriddynamic_fixed	168	80	250	80
COUNTS	hybriddynamic_fixed	168	388	1103	1103
LADGATE	16747	10000	2.352	0
LIFT	edgecross24-115	16747	8651	85448	8651
COUNTS	edgecross24-115	16747	77352	35096942	28128250
LADGATE	1178	10000	1.483	1
LIFT	space25	1178	243	1212	243
COUNTS	space25	1178	4334	23567	22528
LADGATE	23999	10000	2.431	0
LIFT	methanol400	23999	19199	142128	19199
COUNTS	methanol400	23999	151728	2586036	1792285
LADGATE	1218	10000	2.633	1
LIFT	pooling_foulds5tp	1218	659	7246	659
COUNTS	pooling_foulds5tp	1218	8364	251833	171941
LADGATE	5040	10000	2.944	1
LIFT	pooling_sppa9tp	5040	2642	116234	2642
COUNTS	pooling_sppa9tp	5040	121302	104609262	16877457
COUNTS	st_miqp2	10	18	37	37
COUNTS	autocorr_bern30-23	33	878	8940	8940
LADGATE	9858	10000	2.756	1
LIFT	mpbp_15	9858	5550	25800	5550
COUNTS	mpbp_15	9858	31692	1496502	1163008
COUNTS	cvxnonsep_psig30r	126	250	501	501
LADGATE	1590	10000	1.659	1
LIFT	rsyn0830hfsg	1590	876	2784	876
COUNTS	rsyn0830hfsg	1590	4100	16168	15383
LADGATE	1271	10000	2.191	1
LIFT	crudeoil_pooling_ct1	1271	722	3626	722
COUNTS	crudeoil_pooling_ct1	1271	4642	125127	93553
LADGATE	800	10000	2.754	1
LIFT	multiplants_stg1c	800	326	3346	326
COUNTS	multiplants_stg1c	800	3894	150039	143020
LADGATE	11	10000	0.779	1
LADGATE	11	10000	0.847	1
COUNTS	st_pan1	11	32	123	94
LADGATE	814	10000	2.511	1
LIFT	multiplants_stg1b	814	337	3456	337
COUNTS	multiplants_stg1b	814	3992	308612	187593
LADGATE	11999	10000	2.315	0
LIFT	methanol200	11999	9599	71328	9599
COUNTS	methanol200	11999	76128	1290836	905945
LADGATE	26778	10000	2.245	0
LIFT	faclay35	26778	13686	106196	13686
COUNTS	faclay35	26778	132380	33630126	32021838
LADGATE	13175	10000	1.091	0
LIFT	emfl050_5_5	13175	5675	17300	5675
COUNTS	emfl050_5_5	13175	32300	155400	155400
LIFT	transswitch2383wpr	59853	37844	247952	37844
COUNTS	transswitch2383wpr	59853	277562	3946309	3861509
LADGATE	1120	10000	1.903	1
LIFT	chimera_lga-01	1120	721	5500	721
COUNTS	chimera_lga-01	1120	6400	668019	492146
LADGATE	4596	10000	2.676	1
LIFT	gasprod_sarawak16	4596	2632	12316	2632
COUNTS	gasprod_sarawak16	4596	15316	213850	196064
LADGATE	15904	10000	4.086	0
LIFT	crudeoil_lee4_09	15904	10632	92014	10632
COUNTS	crudeoil_lee4_09	15904	101792	208785578	128851771
LADGATE	44909	10000	3.306	0
LIFT	arki0013	44909	18463	161472	18463
COUNTS	arki0013	44909	160172	390472987	155907534
LADGATE	42	10000	0.684	1
LADGATE	42	10000	0.698	1
LIFT	st_m1	42	11	110	11
COUNTS	st_m1	42	432	3097	3097
LADGATE	5310	10000	3.079	1
LIFT	mpbp_47	5310	3182	12798	3182
COUNTS	mpbp_47	5310	17098	730624	652208
LADGATE	821	10000	1.588	1
LIFT	rsyn0815m	821	434	1516	434
COUNTS	rsyn0815m	821	2242	8260	7745
LADGATE	7993	10000	4.385	1
LIFT	arki0016	7993	4968	26810	4968
COUNTS	arki0016	7993	37208	878890	835661
LADGATE	18	10000	0.570	1
LADGATE	18	10000	0.646	1
COUNTS	st_glmp_ss2	18	48	121	121
LADGATE	2670	10000	3.221	1
LIFT	rsyn0810m02hfsg	2670	1484	4808	1484
COUNTS	rsyn0810m02hfsg	2670	6964	36862	34794
LADGATE	55	10000	0.730	1
LADGATE	55	10000	0.764	1
LIFT	pointpack06	55	34	234	34
COUNTS	pointpack06	55	276	1497	1497
LADGATE	6328	10000	1.259	1
LIFT	syn40m04hfsg	6328	3492	11224	3492
COUNTS	syn40m04hfsg	6328	16896	76232	73526
LADGATE	258	10000	1.329	1
LADGATE	258	10000	1.335	1
LIFT	clay0304m	258	122	576	122
COUNTS	clay0304m	258	840	2742	2742
LADGATE	1218	10000	1.986	1
LIFT	pooling_foulds5pq	1218	655	7342	655
COUNTS	pooling_foulds5pq	1218	8300	159641	159641
LADGATE	1000	10000	1.506	1
LIFT	clay0305hfsg	1000	485	2050	485
COUNTS	clay0305hfsg	1000	2910	12260	11240
LADGATE	64	10000	0.797	1
LADGATE	64	10000	0.805	1
LIFT	st_test8	64	44	192	44
COUNTS	st_test8	64	232	2343	1964
LIFT	gams05	17364	8487	278504	8487
COUNTS	gams05	17364	252910	6179750712	3259322396
LADGATE	31	10000	0.876	1
LADGATE	31	10000	0.896	1
COUNTS	sporttournament08	31	156	862	862
LADGATE	1121	10000	1.534	1
LIFT	powerflow0030p	1121	642	3468	642
COUNTS	powerflow0030p	1121	4194	24944	23642
LADGATE	22407	10000	3.519	0
LIFT	popdynm200	22407	18799	98384	18799
COUNTS	popdynm200	22407	105584	2567878	2404589
LADGATE	11120	10000	2.831	0
LIFT	mpbp_35	11120	6920	32350	6920
COUNTS	mpbp_35	11120	40790	3037207	975441
LADGATE	1492	10000	1.637	1
LIFT	syn30m02m	1492	762	2608	762
COUNTS	syn30m02m	1492	3936	13752	13455
LADGATE	481	10000	1.970	1
LADGATE	481	10000	2.045	1
LIFT	wastewater13m1	481	353	3026	353
COUNTS	wastewater13m1	481	3252	60135	60068
LADGATE	1022	10000	1.158	1
LIFT	syn40hfsg	1022	573	1726	573
COUNTS	syn40hfsg	1022	2624	8432	8155
LADGATE	69	10000	0.935	1
LADGATE	69	10000	0.948	1
LIFT	sep1	69	36	150	36
COUNTS	sep1	69	206	1097	1047
LADGATE	2508	10000	1.827	1
LIFT	syn30m03m	2508	1278	4542	1278
COUNTS	syn30m03m	2508	6804	26806	26552
COUNTS	st_qpc-m3a	30	304	2330	1574
LADGATE	2644	10000	3.020	1
LIFT	crudeoil_pooling_ct3	2644	1586	9346	1586
COUNTS	crudeoil_pooling_ct3	2644	11426	1381490	865089
LADGATE	634	10000	1.510	1
LIFT	space25a	634	417	2530	417
COUNTS	space25a	634	3246	29078	27875
COUNTS	autocorr_bern20-15	23	394	2784	2784
LADGATE	35	10000	0.830	1
LADGATE	35	10000	0.836	1
LIFT	ex7_2_1	35	21	106	21
COUNTS	ex7_2_1	35	134	352	341
LADGATE	2092	10000	2.729	1
LIFT	hydroenergy2	2092	1090	4556	1090
COUNTS	hydroenergy2	2092	6236	69051	55964
LADGATE	514	10000	1.526	1
LIFT	pooling_digabel19	514	296	5918	296
COUNTS	pooling_digabel19	514	5340	325989	274903
LADGATE	132	10000	0.984	1
LADGATE	132	10000	1.130	1
LIFT	clay0203m	132	63	282	63
COUNTS	clay0203m	132	420	1348	1348
LADGATE	13680	10000	1.641	0
LIFT	squfl030-150	13680	4680	18000	4680
COUNTS	squfl030-150	13680	36000	252605	252605

--- every order() call, slowest first (TSV) ---
secs	matrix	n	nnz	ratio
5.5066	arki0016	7993	37208	0.9508
4.8411	crudeoil_lee4_09	15904	101792	0.6171
4.7838	arki0013	44909	160172	0.3993
4.5597	crudeoil_lee4_10	17809	120632	0.6147
4.4923	popdynm200	22407	105584	0.9364
4.4262	gams05	17364	252910	0.5274
4.2520	crudeoil_lee4_06	10429	55492	0.4951
4.2517	crudeoil_lee2_06	6418	34646	0.6818
4.2257	ringpack_30_2	17999	121458	0.2311
4.0876	chimera_selby-c16-02	2031	10878	0.5366
4.0693	chimera_selby-c16-01	2031	10964	0.6666
3.9881	mpbp_15	9858	31692	0.7772
3.9745	crudeoil_pooling_ct3	2644	11426	0.6262
3.9596	mpbp_48	28368	91016	0.4746
3.9197	gasprod_sarawak16	4596	15316	0.9168
3.9184	chp_partload	5211	16740	0.7328
3.8568	transswitch0300p	11659	48446	0.9264
3.8356	nuclear10a	17493	163816	0.6706
3.8335	sfacloc2_4_80	5067	21424	0.9552
3.8255	kall_circlespolygons_c1p5b	1681	7432	0.9608
3.8118	pinene200	19995	97990	0.8336
3.7970	powerflow0118p	5065	18730	0.9656
3.7666	rsyn0810m02hfsg	2670	6964	0.9439
3.7655	crudeoil_lee1_07	3670	19322	0.7459
3.7617	crudeoil_pooling_dt3	30660	152210	0.7056
3.7254	rsyn0840m04m	8508	24272	0.8040
3.7181	mpbp_47	5310	17098	0.8927
3.6607	rsyn0815m04m	5456	15756	0.7779
3.6340	chp_shorttermplan2d	16364	52108	0.5025
3.6151	procurement1large	14416	41068	0.5275
3.5837	multiplants_stg1c	800	3894	0.9532
3.5471	mpbp_35	11120	40790	0.3212
3.5166	waste	4825	21504	0.8654
3.5021	mpbp_07	9532	30810	0.9120
3.4718	gabriel09	21688	89702	0.8695
3.4365	nuclear104	39098	257806	0.7593
3.4192	rsyn0805m03m	2868	8270	0.8992
3.3900	powerflow0300p	11251	41918	0.9518
3.3553	pooling_foulds5tp	1218	8364	0.6828
3.3401	sfacloc2_3_80	4799	20600	0.9580
3.2811	hydroenergy2	2092	6236	0.8105
3.2472	methanol400	23999	151728	0.6931
3.2459	popdynm25	2807	13904	0.7962
3.2161	crudeoil_pooling_dt2	18742	75910	0.6610
3.2155	ndcc12	974	5982	0.9533
3.2077	multiplants_stg5	827	3804	0.4122
3.1690	multiplants_stg1b	814	3992	0.6079
3.1677	rsyn0830m04m	7252	20752	0.8085
3.1632	sonet24v5	874	7260	0.5940
3.0990	edgecross24-115	16747	77352	0.8014
3.0543	chimera_rfr-02	2032	15140	0.6443
3.0474	nuclear25a	1942	16030	0.5747
3.0442	multiplants_stg1a	726	3510	0.8549
3.0433	chimera_k64ising-02	1225	3846	0.6051
3.0148	nd_netgen-3000-1-1-b-b-ns_7	33155	90000	0.9584
3.0132	pooling_sppa9tp	5040	121302	0.1613
3.0102	rsyn0820m04m	6028	17372	0.7758
2.9776	gasprod_sarawak81	22536	75636	0.9118
2.9436	rsyn0810m04m	4772	13836	0.7672
2.9250	batchs201210m	5188	17910	0.8685
2.9197	rsyn0840m02m	3486	9576	0.9464
2.9067	ndcc13	969	5882	0.6183
2.9025	crudeoil_li05	4225	14628	0.7845
2.8803	pooling_sppc3pq	23173	893724	0.2822
2.8731	sonet23v4	803	6462	0.6753
2.8491	rocket50	555	3488	0.9641
2.8458	crudeoil_pooling_ct1	1271	4642	0.7477
2.7995	chp_shorttermplan2a	8992	26288	0.7000
2.7905	batchs121208m	3404	11462	0.9332
2.7858	gabriel10	244056	1148210	0.9285
2.7826	mpbp_34	11556	40860	0.2880
2.7770	chp_shorttermplan1a	4952	15700	0.7964
2.7461	multiplants_stg1	736	3594	0.7853
2.7414	netmod_kar1	1746	4928	0.7717
2.7264	multiplants_mtg1b	645	4404	0.6627
2.7210	pooling_foulds4pq	1294	8302	0.9989
2.7087	methanol200	11999	76128	0.7018
2.6927	syn40m04m	4960	13792	0.9588
2.6697	catmix400	2001	11192	0.9998
2.6468	chimera_mgw-c8-439-onc8-001	440	3040	0.7347
2.6212	pooling_sppa0pq	1649	24192	0.3170
2.6054	chimera_mgw-c8-439-onc8-002	440	3038	0.8835
2.5410	risk2bpb	1462	5396	0.5574
2.5305	rsyn0820m02m	2486	6932	0.9368
2.5246	mpbp_21	11716	37660	0.8615
2.5193	gancns	548	2800	0.8407
2.5139	faclay75	272878	1379706	0.9405
2.5036	chimera_mgw-c16-2031-01	2032	15900	0.7693
2.4969	wastewater13m1	481	3252	0.9989
2.4699	faclay35	26778	132380	0.9522
2.4248	rsyn0815m02hfsg	3054	7968	0.9278
2.4208	sporttournament48	1131	6676	0.6439
2.4193	p_ball_30b_7p_2d_h	2207	7516	0.9968
2.4163	catmix200	1001	5592	0.9995
2.4112	ndcc12persp	1112	5522	0.9521
2.3931	chimera_lga-01	1120	6400	0.7367
2.3891	mpbp_46	4518	14492	0.8960
2.3812	pooling_sppb5pq	18529	674470	0.4077
2.3470	transswitch2383wpr	59853	277562	0.9785
2.2953	tls6	413	2860	0.9474
2.2871	kall_circlesrectangles_c6r39	1306	5378	0.9850
2.2846	acopf_case9241pegase_qcqp	313068	1292408	0.9737
2.2565	rsyn0830hfsg	1590	4100	0.9514
2.2501	kan_r3_h1_n4	3183	14062	0.9405
2.2433	space25a	634	3246	0.9586
2.1840	rsyn0815m	821	2242	0.9377
2.1765	pooling_foulds5pq	1218	8300	1.0000
2.1721	sonetgr17	440	2958	0.8190
2.1639	syn30m03m	2508	6804	0.9905
2.1614	oil	3270	8430	0.9572
2.1608	ringpack_20_2	6089	40368	0.3779
2.1604	syn30m02m	1492	3936	0.9784
2.1238	clay0305hfsg	1000	2910	0.9168
2.1118	nd_netgen-2000-3-4-b-a-ns_7	22074	60000	0.9424
2.0899	slay09h	2718	7488	0.8982
2.0890	pooling_digabel19	514	5340	0.8433
2.0866	squfl020-150	9170	24000	1.0000
2.0830	ringpack_20_3	6709	45220	0.3584
2.0830	torsion50	2508	29808	0.6617
2.0825	qapw	705	87496	1.0000
2.0576	edgecross10-030	1053	4654	0.7367
2.0524	powerflow0030p	1121	4194	0.9478
2.0464	arki0002	4432	11248	0.9764
2.0452	syn40m04hfsg	6328	16896	0.9645
2.0404	korcns	156	712	0.9113
2.0380	st_rv9	90	840	0.9447
2.0279	space25	1178	4334	0.9559
2.0122	faclay30	16678	82242	0.9552
1.9925	supplychainr1_022020	4620	15680	0.9999
1.9741	forest	713	2658	0.9933
1.9726	sonet21v6	8232	40744	0.9650
1.9663	p_ball_10b_5p_2d_m	293	964	0.9848
1.9657	unitcommit_200_100_1_mod_8	146830	476332	0.9764
1.9640	sfacloc2_4_90	1491	4500	0.9104
1.9540	maxcsp-langford-3-11	660	29646	0.3098
1.9502	edgecross14-156	3097	19664	0.9254
1.9376	syn15m04m	1908	5288	0.9604
1.9350	p_ball_10b_7p_3d_h	1236	4186	0.9739
1.9145	waternd2	615	2580	0.4806
1.9045	p_ball_30b_5p_2d_h	1543	5224	0.9961
1.8791	supplychainr1_053050	16640	57800	1.0000
1.8646	squfl015-060	2775	7200	1.0000
1.8642	p_ball_10b_5p_4d_m	403	1484	0.9784
1.8523	demo7	155	618	0.9573
1.8300	syn40m	560	1528	0.9644
1.8224	transswitch2736spr	69651	331010	0.9179
1.8217	waterund14	333	2204	0.3516
1.8089	blend721	1428	4548	0.8528
1.7821	powerflow0014r	403	1630	0.9628
1.7733	wastepaper4	115	724	0.7397
1.7664	blend146	1422	4460	0.8232
1.7456	blend718	1386	4310	0.8737
1.7325	wastepaper6	191	1416	1.0000
1.7237	ex1265a	123	560	0.9498
1.7215	slay06m	357	1080	1.0000
1.7029	sporttournament18	156	886	0.7746
1.6643	o9_ar4_1	1049	4336	0.9177
1.6642	pooling_adhya4pq	170	932	0.6809
1.6588	graphpart_clique-30	120	2790	0.7961
1.6579	edgecross10-040	1053	5116	0.8867
1.6549	pooling_sppc1pq	14100	477680	0.1683
1.6483	clay0204hfsg	590	1696	0.9116
1.6416	squfl030-150	13680	36000	1.0000
1.6394	clay0304m	258	840	1.0000
1.6349	tspn08	72	668	0.6863
1.6228	sssd20-08persp	356	1232	1.0000
1.6200	kissing2	20772	401024	1.0000
1.6164	edgecross10-080	1053	5940	0.9638
1.6154	syn40hfsg	1022	2624	0.9671
1.5815	squfl025-030	2305	6000	1.0000
1.5699	slay05h	760	2080	0.8961
1.5692	pooling_sppa9pq	5030	120730	0.6340
1.5497	rsyn0840m	1159	3168	0.9404
1.5375	fo9_ar25_1	1049	4336	0.9177
1.5350	clay0203m	132	420	1.0000
1.5277	wastewater05m1	98	536	0.6845
1.5214	pooling_rt2tp	118	654	0.9864
1.5194	waterund01	96	404	0.7297
1.5119	squfl010-080	2490	6400	1.0000
1.5092	slay07m	497	1512	1.0000
1.5080	syn10m04m	1224	3384	0.9972
1.4992	emfl100_5_5	21925	52300	1.0000
1.4840	graphpart_3g-0333-0333	108	648	0.8064
1.4677	st_e31	301	744	0.9389
1.4641	squfl010-040persp	2450	7200	1.0000
1.4602	glider400	10017	49624	0.8778
1.4594	ex8_3_9	123	834	0.7643
1.4573	edgecross10-090	1053	5204	0.8181
1.4360	waterund08	230	1290	0.8534
1.4311	primary	378	5610	0.8688
1.4167	slay08m	660	2016	1.0000
1.4065	waterund11	160	828	0.7224
1.4047	st_qpk3	55	548	0.6881
1.3990	syn10m03hfsg	1071	2772	0.9921
1.3990	graphpart_clique-20	80	1260	0.7985
1.3952	genpooling_lee2	221	1048	0.7051
1.3836	slay05m	240	720	1.0000
1.3318	prob02	22	76	0.8689
1.3197	graphpart_3g-0244-0244	128	672	0.9727
1.2959	sssd25-08	401	1200	1.0000
1.2899	sssd18-08persp	338	1168	1.0000
1.2819	sporttournament08	31	156	1.0000
1.2805	orth_d4m6_pl	172	1096	0.9785
1.2690	clay0204m	222	704	1.0000
1.2500	st_bpaf1a	30	120	0.9310
1.2400	syn15hfsg	399	1022	0.9915
1.2261	pooling_adhya4tp	170	936	0.7667
1.2215	ex7_2_1	35	134	0.9688
1.2019	ex1263a	94	390	1.0000
1.1863	wastewater02m1	36	138	0.9316
1.1855	prolog	64	292	0.9839
1.1722	lop97icx	1073	2118	0.8078
1.1719	maxmin	181	1440	1.0000
1.1636	ex8_4_1	32	100	1.0000
1.1548	nvs02	11	46	1.0000
1.1476	chain200	601	2396	1.0000
1.1357	elf	124	376	0.7951
1.1340	st_test8	64	232	0.8382
1.1208	st_rv2	40	340	1.0000
1.1187	cont6-qq	120395	557994	0.6962
1.1128	graphpart_clique-70	280	14910	0.8103
1.1095	nvs05	22	84	0.9603
1.0914	emfl050_5_5	13175	32300	1.0000
1.0830	squfl015-080persp	7295	21600	1.0000
1.0761	st_m2	72	1226	1.0000
1.0729	hybriddynamic_fixed	168	388	1.0000
1.0683	pointpack06	55	276	1.0000
1.0672	ex6_1_4	10	48	0.7766
1.0669	st_e07	19	60	1.0000
1.0467	sep1	69	206	0.9544
1.0443	kall_diffcircles_6	76	302	1.0000
1.0410	pooling_haverly1tp	31	96	0.9527
1.0382	csched1	110	376	1.0000
1.0325	slay04m	146	432	1.0000
1.0117	pooling_haverly1pq	31	96	0.9782
1.0017	ex5_2_4	18	62	0.9461
1.0010	chain400	1201	4796	1.0000
0.9812	ex3_1_3	18	36	0.9222
0.9686	qspp_0_14_0_1_10_1	560	120274	0.9950
0.9639	st_jcbpaf2	36	246	0.9437
0.9538	knp5-43	2065	31132	1.0000
0.9468	hydroenergy1	1046	3024	1.0000
0.9467	knp5-44	2157	32604	1.0000
0.9465	st_m1	42	432	1.0000
0.9393	st_pan1	11	32	0.7642
0.9309	ex1223	33	82	1.0000
0.9194	sssd15-04	163	440	1.0000
0.9168	emfl100_3_3	6885	15948	1.0000
0.9112	pointpack04	29	120	1.0000
0.9107	squfl025-025persp	3800	11250	1.0000
0.8179	maxcsp-ehi-85-297-71	2372	207996	0.8040
0.8150	st_ph1	16	58	0.8504
0.8125	meanvar-orl400_05_e_8	4405	171604	1.0000
0.8112	st_bsj2	13	40	0.7972
0.7980	ex8_1_7	14	46	0.9343
0.7874	ex1223b	25	66	1.0000
0.7428	qspp_0_13_0_1_10_1	481	88522	0.9948
0.7420	ex9_1_2	19	54	0.9521
0.7395	tln2	32	88	1.0000
0.7355	himmel11	14	60	1.0000
0.7338	meanvar-orl400_05_e_7	5205	174804	0.9998
0.7325	oaer	20	40	1.0000
0.7199	st_glmp_ss2	18	48	1.0000
0.7191	ex1225	26	66	0.9415
0.6954	ex9_2_6	28	68	1.0000
0.6954	ex2_1_3	31	72	1.0000
0.6920	st_glmp_ss1	24	66	1.0000
0.6904	st_ph13	23	68	0.8599
0.6820	qspp_0_11_0_1_10_1	341	44264	0.9911
0.6741	qspp_0_10_0_1_10_1	280	29636	0.9946
0.6705	st_bpk1	16	44	0.9391
0.6086	qap	255	43748	0.9599
0.5892	ex9_2_4	15	36	1.0000
0.5689	st_e22	12	30	0.9091
0.4975	ex14_1_8	11	30	1.0000
0.4725	st_ht	8	18	0.8627
0.4127	watercontamination0303r	1310	37028	1.0000
0.0006	polygon75	5846	49652	1.0000
0.0002	pedigree_sim400	351	23546	0.9997
0.0001	camshape400	2000	7188	1.0000
0.0000	cvxnonsep_psig30r	126	250	1.0000
0.0000	autocorr_bern35-35fix	38	1264	1.0000
0.0000	cvxnonsep_psig30	30	870	1.0000
0.0000	autocorr_bern40-30	43	1534	1.0000
0.0000	autocorr_bern30-23	33	878	1.0000
0.0000	st_qpc-m3a	30	304	0.6755
0.0000	autocorr_bern25-19	28	612	1.0000
0.0000	smallinvDAXr1b010-011	39	1120	0.9859
0.0000	autocorr_bern20-15	23	394	1.0000
0.0000	cvxnonsep_normcon40r	162	322	1.0000
0.0000	cvxnonsep_psig20	20	380	1.0000
0.0000	nvs23	27	252	0.6356
0.0000	nvs19	24	200	0.6534
0.0000	st_iqpbk1	22	98	1.0000
0.0000	cvxnonsep_normcon20r	82	162	1.0000
0.0000	cvxnonsep_psig20r	86	170	1.0000
0.0000	st_e25	20	92	0.7798
0.0000	st_e41	8	32	1.0000
0.0000	st_e24	10	26	0.8906
0.0000	st_miqp2	10	18	1.0000
matrices under 0.010s: 23/300
matrices under 0.050s: 23/300
matrices under 0.100s: 23/300
matrices under 0.200s: 23/300
matrices under 0.400s: 23/300

--- per-bucket ---
lt_1k    count=147   geomean=0.8870
1k_10k   count=108   geomean=0.8373
gt_10k   count=45    geomean=0.6822
SCORE = 0.790151
WORST order() = 5.507 s
FORCEAUDIT	stage1b_sites=46	force_fires=0	unsound=0	core_total_mismatch=0	max_drift_ppm=0	worst_incumbent=0	worst_adopted=0	tie_window_opened=16	tie_pass_run=2
ok

test result: ok. 1 passed; 0 failed; 0 ignored; 0 measured; 183 filtered out; finished in 580.20s

