### ARM A0-hardstop SSI_XCH_ALLOC=0
COUNTS	rsyn0810m04m	4772	13836	147553	113207
COUNTS	sporttournament48	1131	6676	919582	592120
COUNTS	edgecross10-090	1053	5204	126115	103179
COUNTS	risk2bpb	1462	5396	118471	66041
COUNTS	rsyn0830m04m	7252	20752	212130	171498
COUNTS	lop97icx	1073	2118	79286	64044
COUNTS	mpbp_07	9532	30810	1368477	1248083
COUNTS	p_ball_30b_7p_2d_h	2207	7516	42456	42319
COUNTS	pinene200	19995	97990	1358716	1132609
COUNTS	rsyn0820m02m	2486	6932	38190	35775
COUNTS	edgecross10-080	1053	5940	170814	164639
COUNTS	batchs201210m	5188	17910	349298	303381
COUNTS	rsyn0815m04m	5456	15756	184352	143402
COUNTS	mpbp_48	28368	91016	33835023	16057644
COUNTS	oil	3270	8430	36313	34760
COUNTS	ndcc12persp	1112	5522	299115	284793
COUNTS	nuclear25a	1942	16030	1977163	1136191
COUNTS	edgecross10-030	1053	4654	135854	100080
COUNTS	slay09h	2718	7488	36057	32385
COUNTS	ndcc12	974	5982	345696	329556
COUNTS	kall_circlesrectangles_c6r39	1306	5378	75744	74610
COUNTS	chimera_mgw-c16-2031-01	2032	15900	3328073	2570031
COUNTS	forest	713	2658	10614	10543
COUNTS	waternd2	615	2580	155674	74817
COUNTS	mpbp_34	11556	40860	3093917	891022
COUNTS	crudeoil_pooling_dt2	18742	75910	14985540	9905819
COUNTS	rsyn0805m03m	2868	8270	60979	54830
COUNTS	faclay30	16678	82242	13452923	12850431
COUNTS	arki0002	4432	11248	683476	667374
COUNTS	transswitch0300p	11659	48446	404940	375155
COUNTS	crudeoil_pooling_dt3	30660	152210	48975085	34556239
COUNTS	gasprod_sarawak81	22536	75636	1030380	939449
COUNTS	p_ball_30b_5p_2d_h	1543	5224	25843	25742
COUNTS	ringpack_20_3	6709	45220	2415136	865627
COUNTS	waste	4825	21504	1468261	1270649
COUNTS	catmix400	2001	11192	36373	36364
COUNTS	rsyn0815m02hfsg	3054	7968	44604	41384
COUNTS	p_ball_10b_7p_3d_h	1236	4186	24380	23744
COUNTS	chimera_k64ising-02	1225	3846	613390	371142
COUNTS	batchs121208m	3404	11462	138030	128816
COUNTS	nd_netgen-2000-3-4-b-a-ns_7	22074	60000	289420	272736
COUNTS	chimera_selby-c16-01	2031	10964	3605628	2403472
COUNTS	sfacloc2_4_90	1491	4500	31682	28843
COUNTS	glider400	10017	49624	373018	327450
COUNTS	syn40m04m	4960	13792	65982	63265
COUNTS	syn15m04m	1908	5288	26094	25061
COUNTS	crudeoil_lee4_10	17809	120632	294531623	181053364
COUNTS	pooling_foulds4pq	1294	8302	138692	138540
COUNTS	edgecross14-156	3097	19664	1487933	1376964
COUNTS	crudeoil_li05	4225	14628	680022	533453
COUNTS	procurement1large	14416	41068	13858240	7309631
COUNTS	blend721	1428	4548	77560	66143
COUNTS	chimera_selby-c16-02	2031	10878	4280329	2296781
COUNTS	sfacloc2_4_80	5067	21424	93048	88884
COUNTS	edgecross10-040	1053	5116	161851	143518
COUNTS	sonet21v6	8232	40744	1643311	1585871
COUNTS	popdynm25	2807	13904	360081	286684
COUNTS	chp_partload	5211	16740	509170	373130
COUNTS	torsion50	2508	29808	1691033	1118955
COUNTS	fo9_ar25_1	1049	4336	41668	38237
COUNTS	rsyn0840m	1159	3168	11274	10602
COUNTS	o9_ar4_1	1049	4336	41668	38237
COUNTS	ndcc13	969	5882	525212	324727
COUNTS	syn10m04m	1224	3384	13501	13463
COUNTS	multiplants_stg1	736	3594	197998	155496
COUNTS	powerflow0300p	11251	41918	304705	290023
COUNTS	nd_netgen-3000-1-1-b-b-ns_7	33155	90000	922197	883821
COUNTS	sonet23v4	803	6462	139703	94348
COUNTS	pooling_sppa0pq	1649	24192	3745896	1187376
COUNTS	multiplants_mtg1b	645	4404	229415	152043
COUNTS	crudeoil_lee1_07	3670	19322	4746188	3540025
COUNTS	chp_shorttermplan2d	16364	52108	4089003	2054862
COUNTS	ringpack_20_2	6089	40368	1872174	707413
COUNTS	blend718	1386	4310	70355	61466
COUNTS	crudeoil_lee4_06	10429	55492	65337120	32348553
COUNTS	netmod_kar1	1746	4928	56838	43864
COUNTS	slay05h	760	2080	9815	8795
COUNTS	powerflow0118p	5065	18730	121503	117327
COUNTS	sfacloc2_3_80	4799	20600	84672	81119
COUNTS	rsyn0820m04m	6028	17372	196890	152748
COUNTS	crudeoil_lee2_06	6418	34646	23299675	15884712
COUNTS	kan_r3_h1_n4	3183	14062	104945	98697
COUNTS	syn10m03hfsg	1071	2772	9890	9812
COUNTS	supplychainr1_022020	4620	15680	273140	273100
COUNTS	ringpack_30_2	17999	121458	12394600	2864237
COUNTS	chp_shorttermplan1a	4952	15700	376486	299825
COUNTS	rsyn0840m04m	8508	24272	229914	184844
COUNTS	mpbp_21	11716	37660	1691114	1456963
COUNTS	kall_circlespolygons_c1p5b	1681	7432	201759	193841
COUNTS	gabriel09	21688	89702	29373994	25540477
COUNTS	blend146	1422	4460	78102	64296
COUNTS	mpbp_46	4518	14492	499547	447603
COUNTS	rsyn0840m02m	3486	9576	47529	44981
COUNTS	multiplants_stg5	827	3804	377794	155722
COUNTS	chimera_rfr-02	2032	15140	3860441	2489836
COUNTS	multiplants_stg1a	726	3510	142058	121443
COUNTS	nuclear10a	17493	163816	82406325	55261703
COUNTS	sonet24v5	874	7260	185654	110276
COUNTS	chp_shorttermplan2a	8992	26288	821014	574732
COUNTS	catmix200	1001	5592	18173	18164
COUNTS	edgecross24-115	16747	77352	35096942	28128250
COUNTS	space25	1178	4334	23567	22528
COUNTS	methanol400	23999	151728	2586036	1792285
COUNTS	pooling_foulds5tp	1218	8364	251833	171941
COUNTS	mpbp_15	9858	31692	1496502	1163008
COUNTS	rsyn0830hfsg	1590	4100	16168	15383
COUNTS	crudeoil_pooling_ct1	1271	4642	125127	93553
COUNTS	multiplants_stg1c	800	3894	150039	143020
COUNTS	multiplants_stg1b	814	3992	308612	187593
COUNTS	methanol200	11999	76128	1290836	905945
COUNTS	faclay35	26778	132380	33630126	32021838
COUNTS	chimera_lga-01	1120	6400	668019	494726
COUNTS	gasprod_sarawak16	4596	15316	213850	196064
COUNTS	crudeoil_lee4_09	15904	101792	208785578	128851771
COUNTS	arki0013	44909	160172	390472987	155907534
COUNTS	mpbp_47	5310	17098	730624	652208
COUNTS	rsyn0815m	821	2242	8260	7745
COUNTS	arki0016	7993	37208	878890	835661
COUNTS	rsyn0810m02hfsg	2670	6964	36862	34794
COUNTS	syn40m04hfsg	6328	16896	76232	73526
COUNTS	clay0305hfsg	1000	2910	12260	11240
COUNTS	powerflow0030p	1121	4194	24944	23642
COUNTS	popdynm200	22407	105584	2567878	2404589
COUNTS	mpbp_35	11120	40790	3037207	975441
COUNTS	syn30m02m	1492	3936	13752	13455
COUNTS	syn40hfsg	1022	2624	8432	8155
COUNTS	syn30m03m	2508	6804	26806	26552
COUNTS	crudeoil_pooling_ct3	2644	11426	1381490	865089
COUNTS	space25a	634	3246	29078	27875
COUNTS	hydroenergy2	2092	6236	69051	55964
### ARM A1-skip SSI_XCH_ALLOC=1
COUNTS	rsyn0810m04m	4772	13836	147553	113207
COUNTS	sporttournament48	1131	6676	919582	592120
COUNTS	edgecross10-090	1053	5204	126115	103179
COUNTS	risk2bpb	1462	5396	118471	66041
COUNTS	rsyn0830m04m	7252	20752	212130	171498
COUNTS	lop97icx	1073	2118	79286	64044
COUNTS	mpbp_07	9532	30810	1368477	1248083
COUNTS	p_ball_30b_7p_2d_h	2207	7516	42456	42319
COUNTS	pinene200	19995	97990	1358716	1132609
COUNTS	rsyn0820m02m	2486	6932	38190	35775
COUNTS	edgecross10-080	1053	5940	170814	164639
COUNTS	batchs201210m	5188	17910	349298	303381
COUNTS	rsyn0815m04m	5456	15756	184352	143402
COUNTS	mpbp_48	28368	91016	33835023	16057644
COUNTS	oil	3270	8430	36313	34760
COUNTS	ndcc12persp	1112	5522	299115	284793
COUNTS	nuclear25a	1942	16030	1977163	1136191
COUNTS	edgecross10-030	1053	4654	135854	100080
COUNTS	slay09h	2718	7488	36057	32385
COUNTS	ndcc12	974	5982	345696	329556
COUNTS	kall_circlesrectangles_c6r39	1306	5378	75744	74610
COUNTS	chimera_mgw-c16-2031-01	2032	15900	3328073	2570031
COUNTS	forest	713	2658	10614	10543
COUNTS	waternd2	615	2580	155674	74817
COUNTS	mpbp_34	11556	40860	3093917	891022
COUNTS	crudeoil_pooling_dt2	18742	75910	14985540	9905819
COUNTS	rsyn0805m03m	2868	8270	60979	54830
COUNTS	faclay30	16678	82242	13452923	12850431
COUNTS	arki0002	4432	11248	683476	667374
COUNTS	transswitch0300p	11659	48446	404940	375155
COUNTS	crudeoil_pooling_dt3	30660	152210	48975085	34556239
COUNTS	gasprod_sarawak81	22536	75636	1030380	939449
COUNTS	p_ball_30b_5p_2d_h	1543	5224	25843	25742
COUNTS	ringpack_20_3	6709	45220	2415136	865627
COUNTS	waste	4825	21504	1468261	1270649
COUNTS	catmix400	2001	11192	36373	36364
COUNTS	rsyn0815m02hfsg	3054	7968	44604	41384
COUNTS	p_ball_10b_7p_3d_h	1236	4186	24380	23744
COUNTS	chimera_k64ising-02	1225	3846	613390	371142
COUNTS	batchs121208m	3404	11462	138030	128816
COUNTS	nd_netgen-2000-3-4-b-a-ns_7	22074	60000	289420	272736
COUNTS	chimera_selby-c16-01	2031	10964	3605628	2403472
COUNTS	sfacloc2_4_90	1491	4500	31682	28843
COUNTS	glider400	10017	49624	373018	327450
COUNTS	syn40m04m	4960	13792	65982	63265
COUNTS	syn15m04m	1908	5288	26094	25061
COUNTS	crudeoil_lee4_10	17809	120632	294531623	181053364
COUNTS	pooling_foulds4pq	1294	8302	138692	138540
COUNTS	edgecross14-156	3097	19664	1487933	1376964
COUNTS	crudeoil_li05	4225	14628	680022	533453
COUNTS	procurement1large	14416	41068	13858240	7309631
COUNTS	blend721	1428	4548	77560	66143
COUNTS	chimera_selby-c16-02	2031	10878	4280329	2296781
COUNTS	sfacloc2_4_80	5067	21424	93048	88884
COUNTS	edgecross10-040	1053	5116	161851	143518
COUNTS	sonet21v6	8232	40744	1643311	1585871
COUNTS	popdynm25	2807	13904	360081	286684
COUNTS	chp_partload	5211	16740	509170	373130
COUNTS	torsion50	2508	29808	1691033	1118955
COUNTS	fo9_ar25_1	1049	4336	41668	38237
COUNTS	rsyn0840m	1159	3168	11274	10602
COUNTS	o9_ar4_1	1049	4336	41668	38237
COUNTS	ndcc13	969	5882	525212	324727
COUNTS	syn10m04m	1224	3384	13501	13463
COUNTS	multiplants_stg1	736	3594	197998	155496
COUNTS	powerflow0300p	11251	41918	304705	290023
COUNTS	nd_netgen-3000-1-1-b-b-ns_7	33155	90000	922197	883821
COUNTS	sonet23v4	803	6462	139703	94348
COUNTS	pooling_sppa0pq	1649	24192	3745896	1187376
COUNTS	multiplants_mtg1b	645	4404	229415	152043
COUNTS	crudeoil_lee1_07	3670	19322	4746188	3531401
COUNTS	chp_shorttermplan2d	16364	52108	4089003	2054862
COUNTS	ringpack_20_2	6089	40368	1872174	707413
COUNTS	blend718	1386	4310	70355	61466
COUNTS	crudeoil_lee4_06	10429	55492	65337120	32348553
COUNTS	netmod_kar1	1746	4928	56838	43864
COUNTS	slay05h	760	2080	9815	8795
COUNTS	powerflow0118p	5065	18730	121503	117327
COUNTS	sfacloc2_3_80	4799	20600	84672	81119
COUNTS	rsyn0820m04m	6028	17372	196890	152748
COUNTS	crudeoil_lee2_06	6418	34646	23299675	15884712
COUNTS	kan_r3_h1_n4	3183	14062	104945	98697
COUNTS	syn10m03hfsg	1071	2772	9890	9812
COUNTS	supplychainr1_022020	4620	15680	273140	273100
COUNTS	ringpack_30_2	17999	121458	12394600	2864237
COUNTS	chp_shorttermplan1a	4952	15700	376486	299825
COUNTS	rsyn0840m04m	8508	24272	229914	184844
COUNTS	mpbp_21	11716	37660	1691114	1456963
COUNTS	kall_circlespolygons_c1p5b	1681	7432	201759	193841
COUNTS	gabriel09	21688	89702	29373994	25540477
COUNTS	blend146	1422	4460	78102	64296
COUNTS	mpbp_46	4518	14492	499547	447603
COUNTS	rsyn0840m02m	3486	9576	47529	44981
COUNTS	multiplants_stg5	827	3804	377794	155722
COUNTS	chimera_rfr-02	2032	15140	3860441	2489836
COUNTS	multiplants_stg1a	726	3510	142058	121443
COUNTS	nuclear10a	17493	163816	82406325	55261703
COUNTS	sonet24v5	874	7260	185654	110276
COUNTS	chp_shorttermplan2a	8992	26288	821014	574732
COUNTS	catmix200	1001	5592	18173	18164
COUNTS	edgecross24-115	16747	77352	35096942	28128250
COUNTS	space25	1178	4334	23567	22528
COUNTS	methanol400	23999	151728	2586036	1792285
COUNTS	pooling_foulds5tp	1218	8364	251833	171941
COUNTS	mpbp_15	9858	31692	1496502	1163008
COUNTS	rsyn0830hfsg	1590	4100	16168	15383
COUNTS	crudeoil_pooling_ct1	1271	4642	125127	93553
COUNTS	multiplants_stg1c	800	3894	150039	143020
COUNTS	multiplants_stg1b	814	3992	308612	187593
COUNTS	methanol200	11999	76128	1290836	905945
COUNTS	faclay35	26778	132380	33630126	32021838
COUNTS	chimera_lga-01	1120	6400	668019	494718
COUNTS	gasprod_sarawak16	4596	15316	213850	196064
COUNTS	crudeoil_lee4_09	15904	101792	208785578	128851771
COUNTS	arki0013	44909	160172	390472987	155907534
COUNTS	mpbp_47	5310	17098	730624	652208
COUNTS	rsyn0815m	821	2242	8260	7745
COUNTS	arki0016	7993	37208	878890	835661
COUNTS	rsyn0810m02hfsg	2670	6964	36862	34794
COUNTS	syn40m04hfsg	6328	16896	76232	73526
COUNTS	clay0305hfsg	1000	2910	12260	11240
COUNTS	powerflow0030p	1121	4194	24944	23642
COUNTS	popdynm200	22407	105584	2567878	2404589
COUNTS	mpbp_35	11120	40790	3037207	975441
COUNTS	syn30m02m	1492	3936	13752	13455
COUNTS	syn40hfsg	1022	2624	8432	8155
COUNTS	syn30m03m	2508	6804	26806	26552
COUNTS	crudeoil_pooling_ct3	2644	11426	1381490	865089
COUNTS	space25a	634	3246	29078	27875
COUNTS	hydroenergy2	2092	6236	69051	55964
### ARM A2-smallest SSI_XCH_ALLOC=2
COUNTS	rsyn0810m04m	4772	13836	147553	113207
COUNTS	sporttournament48	1131	6676	919582	592120
COUNTS	edgecross10-090	1053	5204	126115	103179
COUNTS	risk2bpb	1462	5396	118471	66041
COUNTS	rsyn0830m04m	7252	20752	212130	171498
COUNTS	lop97icx	1073	2118	79286	64044
COUNTS	mpbp_07	9532	30810	1368477	1248083
COUNTS	p_ball_30b_7p_2d_h	2207	7516	42456	42319
COUNTS	pinene200	19995	97990	1358716	1132609
COUNTS	rsyn0820m02m	2486	6932	38190	35775
COUNTS	edgecross10-080	1053	5940	170814	164639
COUNTS	batchs201210m	5188	17910	349298	303381
COUNTS	rsyn0815m04m	5456	15756	184352	143402
COUNTS	mpbp_48	28368	91016	33835023	16057644
COUNTS	oil	3270	8430	36313	34760
COUNTS	ndcc12persp	1112	5522	299115	284793
COUNTS	nuclear25a	1942	16030	1977163	1136191
COUNTS	edgecross10-030	1053	4654	135854	100080
COUNTS	slay09h	2718	7488	36057	32385
COUNTS	ndcc12	974	5982	345696	329556
COUNTS	kall_circlesrectangles_c6r39	1306	5378	75744	74610
COUNTS	chimera_mgw-c16-2031-01	2032	15900	3328073	2570031
COUNTS	forest	713	2658	10614	10543
COUNTS	waternd2	615	2580	155674	74817
COUNTS	mpbp_34	11556	40860	3093917	891022
COUNTS	crudeoil_pooling_dt2	18742	75910	14985540	9905819
COUNTS	rsyn0805m03m	2868	8270	60979	54830
COUNTS	faclay30	16678	82242	13452923	12850431
COUNTS	arki0002	4432	11248	683476	667374
COUNTS	transswitch0300p	11659	48446	404940	375155
COUNTS	crudeoil_pooling_dt3	30660	152210	48975085	34556239
COUNTS	gasprod_sarawak81	22536	75636	1030380	939449
COUNTS	p_ball_30b_5p_2d_h	1543	5224	25843	25742
COUNTS	ringpack_20_3	6709	45220	2415136	865627
COUNTS	waste	4825	21504	1468261	1270649
COUNTS	catmix400	2001	11192	36373	36364
COUNTS	rsyn0815m02hfsg	3054	7968	44604	41384
COUNTS	p_ball_10b_7p_3d_h	1236	4186	24380	23744
COUNTS	chimera_k64ising-02	1225	3846	613390	371142
COUNTS	batchs121208m	3404	11462	138030	128816
COUNTS	nd_netgen-2000-3-4-b-a-ns_7	22074	60000	289420	272736
COUNTS	chimera_selby-c16-01	2031	10964	3605628	2403472
COUNTS	sfacloc2_4_90	1491	4500	31682	28843
COUNTS	glider400	10017	49624	373018	327450
COUNTS	syn40m04m	4960	13792	65982	63265
COUNTS	syn15m04m	1908	5288	26094	25061
COUNTS	crudeoil_lee4_10	17809	120632	294531623	181053364
COUNTS	pooling_foulds4pq	1294	8302	138692	138540
COUNTS	edgecross14-156	3097	19664	1487933	1376964
COUNTS	crudeoil_li05	4225	14628	680022	533453
COUNTS	procurement1large	14416	41068	13858240	7309631
COUNTS	blend721	1428	4548	77560	66143
COUNTS	chimera_selby-c16-02	2031	10878	4280329	2296781
COUNTS	sfacloc2_4_80	5067	21424	93048	88884
COUNTS	edgecross10-040	1053	5116	161851	143518
COUNTS	sonet21v6	8232	40744	1643311	1585871
COUNTS	popdynm25	2807	13904	360081	286684
COUNTS	chp_partload	5211	16740	509170	373130
COUNTS	torsion50	2508	29808	1691033	1118955
COUNTS	fo9_ar25_1	1049	4336	41668	38237
COUNTS	rsyn0840m	1159	3168	11274	10602
COUNTS	o9_ar4_1	1049	4336	41668	38237
COUNTS	ndcc13	969	5882	525212	324727
COUNTS	syn10m04m	1224	3384	13501	13463
COUNTS	multiplants_stg1	736	3594	197998	155496
COUNTS	powerflow0300p	11251	41918	304705	290023
COUNTS	nd_netgen-3000-1-1-b-b-ns_7	33155	90000	922197	883821
COUNTS	sonet23v4	803	6462	139703	94348
COUNTS	pooling_sppa0pq	1649	24192	3745896	1187376
COUNTS	multiplants_mtg1b	645	4404	229415	152043
COUNTS	crudeoil_lee1_07	3670	19322	4746188	3531401
COUNTS	chp_shorttermplan2d	16364	52108	4089003	2054862
COUNTS	ringpack_20_2	6089	40368	1872174	707413
COUNTS	blend718	1386	4310	70355	61466
COUNTS	crudeoil_lee4_06	10429	55492	65337120	32348553
COUNTS	netmod_kar1	1746	4928	56838	43864
COUNTS	slay05h	760	2080	9815	8795
COUNTS	powerflow0118p	5065	18730	121503	117327
COUNTS	sfacloc2_3_80	4799	20600	84672	81119
COUNTS	rsyn0820m04m	6028	17372	196890	152748
COUNTS	crudeoil_lee2_06	6418	34646	23299675	15884712
COUNTS	kan_r3_h1_n4	3183	14062	104945	98697
COUNTS	syn10m03hfsg	1071	2772	9890	9812
COUNTS	supplychainr1_022020	4620	15680	273140	273100
COUNTS	ringpack_30_2	17999	121458	12394600	2864237
COUNTS	chp_shorttermplan1a	4952	15700	376486	299825
COUNTS	rsyn0840m04m	8508	24272	229914	184844
COUNTS	mpbp_21	11716	37660	1691114	1456963
COUNTS	kall_circlespolygons_c1p5b	1681	7432	201759	193841
COUNTS	gabriel09	21688	89702	29373994	25540477
COUNTS	blend146	1422	4460	78102	64296
COUNTS	mpbp_46	4518	14492	499547	447603
COUNTS	rsyn0840m02m	3486	9576	47529	44981
COUNTS	multiplants_stg5	827	3804	377794	155722
COUNTS	chimera_rfr-02	2032	15140	3860441	2489836
COUNTS	multiplants_stg1a	726	3510	142058	121443
COUNTS	nuclear10a	17493	163816	82406325	55261703
COUNTS	sonet24v5	874	7260	185654	110276
COUNTS	chp_shorttermplan2a	8992	26288	821014	574732
COUNTS	catmix200	1001	5592	18173	18164
COUNTS	edgecross24-115	16747	77352	35096942	28128250
COUNTS	space25	1178	4334	23567	22528
COUNTS	methanol400	23999	151728	2586036	1792285
COUNTS	pooling_foulds5tp	1218	8364	251833	171941
COUNTS	mpbp_15	9858	31692	1496502	1163008
COUNTS	rsyn0830hfsg	1590	4100	16168	15383
COUNTS	crudeoil_pooling_ct1	1271	4642	125127	93553
COUNTS	multiplants_stg1c	800	3894	150039	143020
COUNTS	multiplants_stg1b	814	3992	308612	187593
COUNTS	methanol200	11999	76128	1290836	905945
COUNTS	faclay35	26778	132380	33630126	32021838
COUNTS	chimera_lga-01	1120	6400	668019	494718
COUNTS	gasprod_sarawak16	4596	15316	213850	196064
COUNTS	crudeoil_lee4_09	15904	101792	208785578	128851771
COUNTS	arki0013	44909	160172	390472987	155907534
COUNTS	mpbp_47	5310	17098	730624	652208
COUNTS	rsyn0815m	821	2242	8260	7745
COUNTS	arki0016	7993	37208	878890	835661
COUNTS	rsyn0810m02hfsg	2670	6964	36862	34794
COUNTS	syn40m04hfsg	6328	16896	76232	73526
COUNTS	clay0305hfsg	1000	2910	12260	11240
COUNTS	powerflow0030p	1121	4194	24944	23642
COUNTS	popdynm200	22407	105584	2567878	2404589
COUNTS	mpbp_35	11120	40790	3037207	975441
COUNTS	syn30m02m	1492	3936	13752	13455
COUNTS	syn40hfsg	1022	2624	8432	8155
COUNTS	syn30m03m	2508	6804	26806	26552
COUNTS	crudeoil_pooling_ct3	2644	11426	1381490	865089
COUNTS	space25a	634	3246	29078	27875
COUNTS	hydroenergy2	2092	6236	69051	55964
