
running 1 test
test ordering::probe::probe_graded_frame ... GRADED	frontier	slay06m	357	1080	1.638284	1.000000000
GRADED	candidate	slay06m	357	1080	0.931114	1.000000000
GRADED	frontier	sssd25-08	401	1200	0.738009	1.000000000
GRADED	candidate	sssd25-08	401	1200	0.741767	1.000000000
GRADED	frontier	sporttournament48	1131	6676	1.834251	0.643901251
GRADED	candidate	sporttournament48	1131	6676	1.854898	0.643901251
GRADED	frontier	pooling_sppa9pq	5030	120730	1.178354	0.634036313
GRADED	candidate	pooling_sppa9pq	5030	120730	1.195766	0.634036313
GRADED	frontier	maxcsp-ehi-85-297-71	2372	207996	0.722099	0.804021067
GRADED	candidate	maxcsp-ehi-85-297-71	2372	207996	0.719309	0.804021067
GRADED	frontier	st_bpaf1a	30	120	0.683295	0.930979133
GRADED	candidate	st_bpaf1a	30	120	0.677760	0.930979133
GRADED	frontier	sonetgr17	440	2958	1.177722	0.819035278
GRADED	candidate	sonetgr17	440	2958	1.196136	0.819035278
GRADED	frontier	ex8_3_9	123	834	0.970457	0.764318937
GRADED	candidate	ex8_3_9	123	834	1.017079	0.764318937
GRADED	frontier	p_ball_10b_5p_2d_m	293	964	0.935051	0.984807461
GRADED	candidate	p_ball_10b_5p_2d_m	293	964	0.930519	0.984807461
GRADED	frontier	pooling_adhya4tp	170	936	0.763064	0.766746144
GRADED	candidate	pooling_adhya4tp	170	936	0.775033	0.766746144
GRADED	frontier	clay0204hfsg	590	1696	0.996750	0.911642123
GRADED	candidate	clay0204hfsg	590	1696	1.054554	0.911642123
GRADED	frontier	st_bsj2	13	40	0.489436	0.797202797
GRADED	candidate	st_bsj2	13	40	0.497036	0.797202797
GRADED	frontier	chimera_mgw-c8-439-onc8-002	440	3038	1.519414	0.881986308
GRADED	candidate	chimera_mgw-c8-439-onc8-002	440	3038	1.579557	0.881986308
GRADED	frontier	syn40m	560	1528	1.024105	0.964449770
GRADED	candidate	syn40m	560	1528	1.062553	0.964449770
GRADED	frontier	ex1263a	94	390	0.702112	1.000000000
GRADED	candidate	ex1263a	94	390	0.667256	1.000000000
GRADED	frontier	st_e41	8	32	0.002551	1.000000000
GRADED	candidate	st_e41	8	32	0.002466	1.000000000
GRADED	frontier	wastewater05m1	98	536	0.878798	0.684516681
GRADED	candidate	wastewater05m1	98	536	0.880303	0.684516681
GRADED	frontier	cvxnonsep_psig20	20	380	0.002332	1.000000000
GRADED	candidate	cvxnonsep_psig20	20	380	0.002263	1.000000000
GRADED	frontier	meanvar-orl400_05_e_8	4405	171604	0.666683	0.999963372
GRADED	candidate	meanvar-orl400_05_e_8	4405	171604	0.667678	0.999963372
GRADED	frontier	st_e31	301	744	0.930784	0.938906043
GRADED	candidate	st_e31	301	744	0.963040	0.938906043
GRADED	frontier	pooling_haverly1pq	31	96	0.678242	0.978155340
GRADED	candidate	pooling_haverly1pq	31	96	0.666207	0.978155340
GRADED	frontier	graphpart_3g-0244-0244	128	672	0.865078	0.972732165
GRADED	candidate	graphpart_3g-0244-0244	128	672	0.871702	0.972732165
GRADED	frontier	graphpart_clique-20	80	1260	0.882101	0.798509388
GRADED	candidate	graphpart_clique-20	80	1260	0.898426	0.798509388
GRADED	frontier	slay07m	497	1512	0.880476	1.000000000
GRADED	candidate	slay07m	497	1512	0.857017	1.000000000
GRADED	frontier	nvs19	24	200	0.002477	0.653362897
GRADED	candidate	nvs19	24	200	0.002460	0.653362897
GRADED	frontier	clay0204m	222	704	0.757923	1.000000000
GRADED	candidate	clay0204m	222	704	0.750875	1.000000000
GRADED	frontier	st_ph13	23	68	0.409406	0.859903382
GRADED	candidate	st_ph13	23	68	0.415914	0.859903382
GRADED	frontier	ex1223b	25	66	0.499158	1.000000000
GRADED	candidate	ex1223b	25	66	0.483802	1.000000000
GRADED	frontier	autocorr_bern40-30	43	1534	0.002555	1.000000000
GRADED	candidate	autocorr_bern40-30	43	1534	0.002477	1.000000000
GRADED	frontier	chimera_mgw-c16-2031-01	2032	15900	1.800660	0.772227953
GRADED	candidate	chimera_mgw-c16-2031-01	2032	15900	1.911820	0.769289916
GRADED	frontier	st_ph1	16	58	0.561695	0.850364964
GRADED	candidate	st_ph1	16	58	0.559230	0.850364964
GRADED	frontier	elf	124	376	0.680815	0.795096963
GRADED	candidate	elf	124	376	0.693439	0.795096963
GRADED	frontier	ex3_1_3	18	36	0.422146	0.922222222
GRADED	candidate	ex3_1_3	18	36	0.421125	0.922222222
GRADED	frontier	cvxnonsep_normcon40r	162	322	0.002517	1.000000000
GRADED	candidate	cvxnonsep_normcon40r	162	322	0.002426	1.000000000
GRADED	frontier	demo7	155	618	0.872600	0.957250629
GRADED	candidate	demo7	155	618	0.894921	0.957250629
GRADED	frontier	prolog	64	292	0.738537	0.983935743
GRADED	candidate	prolog	64	292	0.739172	0.983935743
GRADED	frontier	ex14_1_8	11	30	0.350965	1.000000000
GRADED	candidate	ex14_1_8	11	30	0.347805	1.000000000
GRADED	frontier	st_qpk3	55	548	0.525885	0.688128773
GRADED	candidate	st_qpk3	55	548	0.525142	0.688128773
GRADED	frontier	cvxnonsep_normcon20r	82	162	0.002390	1.000000000
GRADED	candidate	cvxnonsep_normcon20r	82	162	0.002495	1.000000000
GRADED	frontier	cvxnonsep_psig20r	86	170	0.002320	1.000000000
GRADED	candidate	cvxnonsep_psig20r	86	170	0.002410	1.000000000
GRADED	frontier	st_iqpbk1	22	98	0.002457	1.000000000
GRADED	candidate	st_iqpbk1	22	98	0.002400	1.000000000
GRADED	frontier	waterund01	96	404	0.888228	0.729652442
GRADED	candidate	waterund01	96	404	0.914710	0.729652442
GRADED	frontier	pointpack04	29	120	0.594897	1.000000000
GRADED	candidate	pointpack04	29	120	0.596296	1.000000000
GRADED	frontier	st_e22	12	30	0.331261	0.909090909
GRADED	candidate	st_e22	12	30	0.339544	0.909090909
GRADED	frontier	nvs02	11	46	0.618974	1.000000000
GRADED	candidate	nvs02	11	46	0.865028	1.000000000
GRADED	frontier	wastepaper6	191	1416	2.744660	1.000000000
GRADED	candidate	wastepaper6	191	1416	1.778176	1.000000000
GRADED	frontier	syn15hfsg	399	1022	1.718493	0.991515152
GRADED	candidate	syn15hfsg	399	1022	2.543564	0.991515152
GRADED	frontier	st_jcbpaf2	36	246	1.612248	0.943730887
GRADED	candidate	st_jcbpaf2	36	246	1.002767	0.943730887
GRADED	frontier	graphpart_clique-30	120	2790	1.066319	0.796061307
GRADED	candidate	graphpart_clique-30	120	2790	1.009418	0.796061307
GRADED	frontier	smallinvDAXr1b010-011	39	1120	0.002531	0.985862324
GRADED	candidate	smallinvDAXr1b010-011	39	1120	0.002554	0.985862324
GRADED	frontier	slay05m	240	720	0.783256	1.000000000
GRADED	candidate	slay05m	240	720	0.800542	1.000000000
GRADED	frontier	csched1	110	376	0.701421	1.000000000
GRADED	candidate	csched1	110	376	0.713024	1.000000000
GRADED	frontier	watercontamination0303r	1310	37028	0.313220	1.000000000
GRADED	candidate	watercontamination0303r	1310	37028	0.333611	1.000000000
GRADED	frontier	ex9_2_4	15	36	0.391288	1.000000000
GRADED	candidate	ex9_2_4	15	36	0.393140	1.000000000
GRADED	frontier	sssd15-04	163	440	0.544777	1.000000000
GRADED	candidate	sssd15-04	163	440	0.554825	1.000000000
GRADED	frontier	autocorr_bern35-35fix	38	1264	0.002361	1.000000000
GRADED	candidate	autocorr_bern35-35fix	38	1264	0.002262	1.000000000
GRADED	frontier	meanvar-orl400_05_e_7	5205	174804	0.585185	0.999835775
GRADED	candidate	meanvar-orl400_05_e_7	5205	174804	0.620726	0.999835775
GRADED	frontier	ex2_1_3	31	72	0.713457	1.000000000
GRADED	candidate	ex2_1_3	31	72	0.611948	1.000000000
GRADED	frontier	himmel11	14	60	0.944215	1.000000000
GRADED	candidate	himmel11	14	60	1.622787	1.000000000
GRADED	frontier	pooling_rt2tp	118	654	2.966902	0.986385296
GRADED	candidate	pooling_rt2tp	118	654	1.489954	0.986385296
GRADED	frontier	waterund14	333	2204	2.185080	0.360048682
GRADED	candidate	waterund14	333	2204	2.236099	0.351589154
GRADED	frontier	tspn08	72	668	0.807631	0.686292216
GRADED	candidate	tspn08	72	668	0.817606	0.686292216
GRADED	frontier	st_e24	10	26	0.002736	0.890625000
GRADED	candidate	st_e24	10	26	0.003086	0.890625000
GRADED	frontier	genpooling_lee2	221	1048	1.087117	0.705101784
GRADED	candidate	genpooling_lee2	221	1048	1.131507	0.705101784
GRADED	frontier	st_glmp_ss1	24	66	0.470052	1.000000000
GRADED	candidate	st_glmp_ss1	24	66	0.532444	1.000000000
GRADED	frontier	torsion50	2508	29808	2.452374	0.661699092
GRADED	candidate	torsion50	2508	29808	2.213113	0.661699092
GRADED	frontier	st_rv2	40	340	0.853933	1.000000000
GRADED	candidate	st_rv2	40	340	0.927991	1.000000000
GRADED	frontier	gancns	548	2800	2.123806	0.842057371
GRADED	candidate	gancns	548	2800	2.061621	0.840656325
GRADED	frontier	ex1265a	123	560	1.267296	0.949848024
GRADED	candidate	ex1265a	123	560	1.222856	0.949848024
GRADED	frontier	ex9_2_6	28	68	0.629077	1.000000000
GRADED	candidate	ex9_2_6	28	68	0.657225	1.000000000
GRADED	frontier	slay04m	146	432	0.882471	1.000000000
GRADED	candidate	slay04m	146	432	0.814847	1.000000000
GRADED	frontier	st_e25	20	92	0.002248	0.779761905
GRADED	candidate	st_e25	20	92	0.002384	0.779761905
GRADED	frontier	ex8_4_1	32	100	0.931125	1.000000000
GRADED	candidate	ex8_4_1	32	100	0.922692	1.000000000
GRADED	frontier	st_e07	19	60	0.841419	1.000000000
GRADED	candidate	st_e07	19	60	0.834329	1.000000000
GRADED	frontier	ex1225	26	66	0.679042	0.941520468
GRADED	candidate	ex1225	26	66	0.658797	0.941520468
GRADED	frontier	ex5_2_4	18	62	0.815665	0.946078431
GRADED	candidate	ex5_2_4	18	62	0.848812	0.946078431
GRADED	frontier	st_m2	72	1226	0.965133	1.000000000
GRADED	candidate	st_m2	72	1226	0.929679	1.000000000
GRADED	frontier	st_bpk1	16	44	0.579072	0.939130435
GRADED	candidate	st_bpk1	16	44	0.589931	0.939130435
GRADED	frontier	sssd18-08persp	338	1168	1.023659	1.000000000
GRADED	candidate	sssd18-08persp	338	1168	1.070121	1.000000000
GRADED	frontier	ex9_1_2	19	54	0.705033	0.952127660
GRADED	candidate	ex9_1_2	19	54	0.656049	0.952127660
GRADED	frontier	pooling_haverly1tp	31	96	0.832804	0.952718676
GRADED	candidate	pooling_haverly1tp	31	96	0.921760	0.952718676
GRADED	frontier	waterund08	230	1290	1.031167	0.853361297
GRADED	candidate	waterund08	230	1290	1.033832	0.853361297
GRADED	frontier	kall_diffcircles_6	76	302	0.771999	1.000000000
GRADED	candidate	kall_diffcircles_6	76	302	0.743013	1.000000000
GRADED	frontier	chimera_mgw-c8-439-onc8-001	440	3040	2.009981	0.752167094
GRADED	candidate	chimera_mgw-c8-439-onc8-001	440	3040	2.195420	0.734689469
GRADED	frontier	waterund11	160	828	1.197478	0.722432177
GRADED	candidate	waterund11	160	828	1.250925	0.722432177
GRADED	frontier	sporttournament18	156	886	1.387382	0.774590164
GRADED	candidate	sporttournament18	156	886	1.354102	0.774590164
GRADED	frontier	cvxnonsep_psig30	30	870	0.002656	1.000000000
GRADED	candidate	cvxnonsep_psig30	30	870	0.003008	1.000000000
GRADED	frontier	wastepaper4	115	724	1.221854	0.739676655
GRADED	candidate	wastepaper4	115	724	1.366432	0.739676655
GRADED	frontier	ex8_1_7	14	46	0.700010	0.934306569
GRADED	candidate	ex8_1_7	14	46	0.685446	0.934306569
GRADED	frontier	graphpart_3g-0333-0333	108	648	0.974032	0.806356838
GRADED	candidate	graphpart_3g-0333-0333	108	648	1.003987	0.806356838
GRADED	frontier	korcns	156	712	1.343057	0.911338213
GRADED	candidate	korcns	156	712	1.401826	0.911338213
GRADED	frontier	maxmin	181	1440	0.861207	1.000000000
GRADED	candidate	maxmin	181	1440	0.824869	1.000000000
GRADED	frontier	st_ht	8	18	0.445688	0.862745098
GRADED	candidate	st_ht	8	18	0.426276	0.862745098
GRADED	frontier	wastewater02m1	36	138	0.896445	0.931603774
GRADED	candidate	wastewater02m1	36	138	0.917890	0.931603774
GRADED	frontier	rocket50	555	3488	2.013272	0.964069459
GRADED	candidate	rocket50	555	3488	2.013937	0.964069459
GRADED	frontier	orth_d4m6_pl	172	1096	1.027901	0.978515268
GRADED	candidate	orth_d4m6_pl	172	1096	1.016109	0.978515268
GRADED	frontier	ex1223	33	82	0.659531	1.000000000
GRADED	candidate	ex1223	33	82	0.632934	1.000000000
GRADED	frontier	ex6_1_4	10	48	0.804550	0.776649746
GRADED	candidate	ex6_1_4	10	48	0.677456	0.776649746
GRADED	frontier	powerflow0014r	403	1630	1.239685	0.962828733
GRADED	candidate	powerflow0014r	403	1630	1.271011	0.962828733
GRADED	frontier	tln2	32	88	0.631939	1.000000000
GRADED	candidate	tln2	32	88	0.654377	1.000000000
GRADED	frontier	prob02	22	76	0.817841	0.868913858
GRADED	candidate	prob02	22	76	0.873025	0.868913858
GRADED	frontier	tls6	413	2860	1.625183	0.947411135
GRADED	candidate	tls6	413	2860	1.766710	0.947411135
GRADED	frontier	p_ball_10b_5p_4d_m	403	1484	1.340504	0.978425742
GRADED	candidate	p_ball_10b_5p_4d_m	403	1484	1.216216	0.978425742
GRADED	frontier	st_rv9	90	840	1.072070	0.944701838
GRADED	candidate	st_rv9	90	840	1.135668	0.944701838
GRADED	frontier	nvs05	22	84	0.837623	0.960288809
GRADED	candidate	nvs05	22	84	0.842842	0.960288809
GRADED	frontier	autocorr_bern25-19	28	612	0.002634	1.000000000
GRADED	candidate	autocorr_bern25-19	28	612	0.002516	1.000000000
GRADED	frontier	sssd20-08persp	356	1232	1.078578	1.000000000
GRADED	candidate	sssd20-08persp	356	1232	1.084447	1.000000000
GRADED	frontier	chimera_rfr-02	2032	15140	2.579629	0.644961547
GRADED	candidate	chimera_rfr-02	2032	15140	2.693201	0.644297374
GRADED	frontier	pooling_adhya4pq	170	932	1.039790	0.680924570
GRADED	candidate	pooling_adhya4pq	170	932	1.178972	0.680924570
GRADED	frontier	nvs23	27	252	0.002493	0.635606455
GRADED	candidate	nvs23	27	252	0.002319	0.635606455
GRADED	frontier	oaer	20	40	0.571824	1.000000000
GRADED	candidate	oaer	20	40	0.558180	1.000000000
GRADED	frontier	hybriddynamic_fixed	168	388	0.695140	1.000000000
GRADED	candidate	hybriddynamic_fixed	168	388	0.660811	1.000000000
GRADED	frontier	pooling_sppa9tp	5040	121302	2.522234	0.161338075
GRADED	candidate	pooling_sppa9tp	5040	121302	2.646851	0.161338075
GRADED	frontier	st_miqp2	10	18	0.003069	1.000000000
GRADED	candidate	st_miqp2	10	18	0.003694	1.000000000
GRADED	frontier	autocorr_bern30-23	33	878	0.002853	1.000000000
GRADED	candidate	autocorr_bern30-23	33	878	0.002355	1.000000000
GRADED	frontier	cvxnonsep_psig30r	126	250	0.002990	1.000000000
GRADED	candidate	cvxnonsep_psig30r	126	250	0.003172	1.000000000
GRADED	frontier	st_pan1	11	32	0.505415	0.764227642
GRADED	candidate	st_pan1	11	32	0.497376	0.764227642
GRADED	frontier	chimera_lga-01	1120	6400	2.305701	0.740586720
GRADED	candidate	chimera_lga-01	1120	6400	2.104189	0.736724554
GRADED	frontier	st_m1	42	432	0.754830	1.000000000
GRADED	candidate	st_m1	42	432	0.713362	1.000000000
GRADED	frontier	st_glmp_ss2	18	48	0.572338	1.000000000
GRADED	candidate	st_glmp_ss2	18	48	0.560093	1.000000000
GRADED	frontier	pointpack06	55	276	0.758653	1.000000000
GRADED	candidate	pointpack06	55	276	0.728606	1.000000000
GRADED	frontier	clay0304m	258	840	1.033170	1.000000000
GRADED	candidate	clay0304m	258	840	1.014557	1.000000000
GRADED	frontier	st_test8	64	232	0.984284	0.838241571
GRADED	candidate	st_test8	64	232	0.939202	0.838241571
GRADED	frontier	sporttournament08	31	156	0.921838	1.000000000
GRADED	candidate	sporttournament08	31	156	0.883567	1.000000000
GRADED	frontier	wastewater13m1	481	3252	1.772493	0.998885840
GRADED	candidate	wastewater13m1	481	3252	1.725490	0.998885840
GRADED	frontier	sep1	69	206	0.710746	0.954421149
GRADED	candidate	sep1	69	206	0.725951	0.954421149
GRADED	frontier	st_qpc-m3a	30	304	0.002870	0.675536481
GRADED	candidate	st_qpc-m3a	30	304	0.002831	0.675536481
GRADED	frontier	autocorr_bern20-15	23	394	0.002312	1.000000000
GRADED	candidate	autocorr_bern20-15	23	394	0.002872	1.000000000
GRADED	frontier	ex7_2_1	35	134	0.863304	0.968750000
GRADED	candidate	ex7_2_1	35	134	0.834793	0.968750000
GRADED	frontier	clay0203m	132	420	0.997631	1.000000000
GRADED	candidate	clay0203m	132	420	1.019944	1.000000000
GRADED_TOTAL	frontier	rows=130	score=0.791879571	secs=112.054299	worst=2.966902	worst_row=pooling_rt2tp
GRADED_TOTAL	candidate	rows=130	score=0.791384236	secs=110.611845	worst=2.693201	worst_row=chimera_rfr-02
ok

test result: ok. 1 passed; 0 failed; 0 ignored; 0 measured; 184 filtered out; finished in 472.62s

