
running 1 test
test ordering::probe::probe_timing_and_score ... LADGATE	357	10000	1.070	1
LIFT	slay06m	357	147	660	147
COUNTS	slay06m	357	1080	4025	4025
LADGATE	401	10000	1.382	1
LIFT	sssd25-08	401	89	640	89
COUNTS	sssd25-08	401	1200	5389	5389
LADGATE	1131	10000	3.541	1
LIFT	sporttournament48	1131	721	7408	721
COUNTS	sporttournament48	1131	6676	919582	592120
LADGATE	440	10000	2.177	1
LIFT	sonetgr17	440	317	2712	317
COUNTS	sonetgr17	440	2958	37814	30971
LADGATE	19995	10000	5.026	0
LIFT	pinene200	19995	15795	89590	15795
COUNTS	pinene200	19995	97990	1358716	1132609
LADGATE	440	10000	3.513	1
LIFT	chimera_mgw-c8-439-onc8-002	440	418	3060	418
COUNTS	chimera_mgw-c8-439-onc8-002	440	3038	97870	86569
LADGATE	660	10000	2.090	1
LIFT	slay08m	660	268	1232	268
COUNTS	slay08m	660	2016	7796	7796
LADGATE	11659	10000	4.330	0
LIFT	transswitch0300p	11659	6750	41276	6750
COUNTS	transswitch0300p	11659	48446	404940	373462
LADGATE	30660	10000	4.982	0
LIFT	crudeoil_pooling_dt3	30660	15957	134914	15957
COUNTS	crudeoil_pooling_dt3	30660	152210	48975085	34556239
LADGATE	118	10000	1.443	1
LIFT	pooling_rt2tp	118	66	554	66
COUNTS	pooling_rt2tp	118	654	5876	5796
LADGATE	333	10000	2.813	1
LIFT	waterund14	333	191	2068	191
COUNTS	waterund14	333	2204	200484	72184
LADGATE	548	10000	2.537	1
LIFT	gancns	548	318	2280	318
COUNTS	gancns	548	2800	69234	58299
LADGATE	969	10000	3.075	1
LIFT	ndcc13	969	735	6656	735
COUNTS	ndcc13	969	5882	525212	324727
LADGATE	440	10000	2.401	1
LIFT	chimera_mgw-c8-439-onc8-001	440	423	3066	423
COUNTS	chimera_mgw-c8-439-onc8-001	440	3040	106479	80084
LADGATE	16364	10000	4.167	0
LIFT	chp_shorttermplan2d	16364	8902	38240	8902
COUNTS	chp_shorttermplan2d	16364	52108	4089003	2053554
LADGATE	827	10000	4.957	1
LIFT	multiplants_stg5	827	310	3480	310
COUNTS	multiplants_stg5	827	3804	377794	161139
LADGATE	874	10000	3.415	1
LIFT	sonet24v5	874	595	6704	595
COUNTS	sonet24v5	874	7260	185654	110276
LADGATE	23999	10000	3.043	0
LIFT	methanol400	23999	19199	142128	19199
COUNTS	methanol400	23999	151728	2586036	1792285
LADGATE	9858	10000	4.280	1
LIFT	mpbp_15	9858	5550	25800	5550
COUNTS	mpbp_15	9858	31692	1496502	1163338
LADGATE	1120	10000	3.628	1
LIFT	chimera_lga-01	1120	721	5500	721
COUNTS	chimera_lga-01	1120	6400	668019	497058

--- every order() call, slowest first (TSV) ---
secs	matrix	n	nnz	ratio
6.0760	crudeoil_pooling_dt3	30660	152210	0.7056
6.0729	pinene200	19995	97990	0.8336
5.8256	multiplants_stg5	827	3804	0.4265
5.7359	transswitch0300p	11659	48446	0.9223
5.4411	chp_shorttermplan2d	16364	52108	0.5022
5.3292	mpbp_15	9858	31692	0.7774
4.7890	sonet24v5	874	7260	0.5940
4.2557	chimera_lga-01	1120	6400	0.7441
4.1983	sporttournament48	1131	6676	0.6439
4.1665	chimera_mgw-c8-439-onc8-002	440	3038	0.8845
4.0645	ndcc13	969	5882	0.6183
4.0183	methanol400	23999	151728	0.6931
3.5239	waterund14	333	2204	0.3600
3.3102	gancns	548	2800	0.8421
3.1170	chimera_mgw-c8-439-onc8-001	440	3040	0.7521
2.7798	sonetgr17	440	2958	0.8190
2.5449	slay08m	660	2016	1.0000
1.8906	pooling_rt2tp	118	654	0.9864
1.5430	sssd25-08	401	1200	1.0000
1.3332	slay06m	357	1080	1.0000
matrices under 0.010s: 0/20
matrices under 0.050s: 0/20
matrices under 0.100s: 0/20
matrices under 0.200s: 0/20
matrices under 0.400s: 0/20

--- per-bucket ---
lt_1k    count=12    geomean=0.7366
1k_10k   count=3     geomean=0.7195
gt_10k   count=5     geomean=0.7165
SCORE = 0.723425
WORST order() = 6.076 s
FORCEAUDIT	stage1b_sites=6	force_fires=0	unsound=0	core_total_mismatch=0	max_drift_ppm=0	worst_incumbent=0	worst_adopted=0	tie_window_opened=3	tie_pass_run=0
ok

test result: ok. 1 passed; 0 failed; 0 ignored; 0 measured; 181 filtered out; finished in 82.54s

