
running 1 test
test ordering::probe::probe_timing_and_score ... LADGATE	357	10000	1.420	1
LIFT	slay06m	357	147	660	147
COUNTS	slay06m	357	1080	4025	4025
LADGATE	401	10000	1.012	1
LIFT	sssd25-08	401	89	640	89
COUNTS	sssd25-08	401	1200	5389	5389
LADGATE	1131	10000	2.988	1
LIFT	sporttournament48	1131	721	7408	721
COUNTS	sporttournament48	1131	6676	919582	592120
LADGATE	440	10000	1.550	1
LIFT	sonetgr17	440	317	2712	317
COUNTS	sonetgr17	440	2958	37814	30971
LADGATE	19995	10000	5.125	0
LIFT	pinene200	19995	15795	89590	15795
COUNTS	pinene200	19995	97990	1358716	1132609
LADGATE	440	10000	2.199	1
LIFT	chimera_mgw-c8-439-onc8-002	440	418	3060	418
COUNTS	chimera_mgw-c8-439-onc8-002	440	3038	97870	86320
LADGATE	660	10000	1.951	1
LIFT	slay08m	660	268	1232	268
COUNTS	slay08m	660	2016	7796	7796
LADGATE	11659	10000	3.374	0
LIFT	transswitch0300p	11659	6750	41276	6750
COUNTS	transswitch0300p	11659	48446	404940	373515
LADGATE	30660	10000	4.098	0
LIFT	crudeoil_pooling_dt3	30660	15957	134914	15957
COUNTS	crudeoil_pooling_dt3	30660	152210	48975085	34556239
LADGATE	118	10000	1.428	1
LIFT	pooling_rt2tp	118	66	554	66
COUNTS	pooling_rt2tp	118	654	5876	5796
LADGATE	333	10000	1.407	1
LIFT	waterund14	333	191	2068	191
COUNTS	waterund14	333	2204	200484	72184
LADGATE	548	10000	2.072	1
LIFT	gancns	548	318	2280	318
COUNTS	gancns	548	2800	69234	58299
LADGATE	969	10000	2.371	1
LIFT	ndcc13	969	735	6656	735
COUNTS	ndcc13	969	5882	525212	324727
LADGATE	440	10000	2.499	1
LIFT	chimera_mgw-c8-439-onc8-001	440	423	3066	423
COUNTS	chimera_mgw-c8-439-onc8-001	440	3040	106479	80090
LADGATE	16364	10000	5.987	0
LIFT	chp_shorttermplan2d	16364	8902	38240	8902
COUNTS	chp_shorttermplan2d	16364	52108	4089003	2054862
LADGATE	827	10000	6.807	1
LIFT	multiplants_stg5	827	310	3480	310
COUNTS	multiplants_stg5	827	3804	377794	155722
LADGATE	874	10000	4.586	1
LIFT	sonet24v5	874	595	6704	595
COUNTS	sonet24v5	874	7260	185654	110276
LADGATE	23999	10000	2.127	0
LIFT	methanol400	23999	19199	142128	19199
COUNTS	methanol400	23999	151728	2586036	1792285
LADGATE	9858	10000	3.627	1
LIFT	mpbp_15	9858	5550	25800	5550
COUNTS	mpbp_15	9858	31692	1496502	1163008
LADGATE	1120	10000	2.703	1
LIFT	chimera_lga-01	1120	721	5500	721
COUNTS	chimera_lga-01	1120	6400	668019	497058

--- every order() call, slowest first (TSV) ---
secs	matrix	n	nnz	ratio
7.9756	chp_shorttermplan2d	16364	52108	0.5025
7.8424	multiplants_stg5	827	3804	0.4122
6.3301	pinene200	19995	97990	0.8336
5.4027	crudeoil_pooling_dt3	30660	152210	0.7056
5.3750	sonet24v5	874	7260	0.5940
4.9769	transswitch0300p	11659	48446	0.9224
4.6408	mpbp_15	9858	31692	0.7772
3.6200	chimera_mgw-c8-439-onc8-001	440	3040	0.7522
3.5919	sporttournament48	1131	6676	0.6439
3.3991	chimera_lga-01	1120	6400	0.7441
3.2922	ndcc13	969	5882	0.6183
3.0293	methanol400	23999	151728	0.6931
2.9690	chimera_mgw-c8-439-onc8-002	440	3038	0.8820
2.9264	gancns	548	2800	0.8421
2.5852	slay08m	660	2016	1.0000
2.3595	sonetgr17	440	2958	0.8190
1.9109	slay06m	357	1080	1.0000
1.8909	waterund14	333	2204	0.3600
1.7574	pooling_rt2tp	118	654	0.9864
1.1371	sssd25-08	401	1200	1.0000
matrices under 0.010s: 0/20
matrices under 0.050s: 0/20
matrices under 0.100s: 0/20
matrices under 0.200s: 0/20
matrices under 0.400s: 0/20

--- per-bucket ---
lt_1k    count=12    geomean=0.7344
1k_10k   count=3     geomean=0.7194
gt_10k   count=5     geomean=0.7166
SCORE = 0.722769
WORST order() = 7.976 s
FORCEAUDIT	stage1b_sites=6	force_fires=0	unsound=0	core_total_mismatch=0	max_drift_ppm=0	worst_incumbent=0	worst_adopted=0	tie_window_opened=3	tie_pass_run=0
ok

test result: ok. 1 passed; 0 failed; 0 ignored; 0 measured; 181 filtered out; finished in 79.52s

