
running 1 test
LIFT	slay06m	357	147	660	147
COUNTS	slay06m	357	1080	4025	4025
COPYSTATS	slay06m	secs=0.298	asm_calls=49	asm_words=61258	asm_ms=0.0	rst_calls=18494	rst_words=15868181	rst_ms=1.3	rst_tail_ms=2.6	elims=3024165	fullclear_words=15325700	sparse_words=4135707	sparse_clears=0
LIFT	sssd25-08	401	89	640	89
COUNTS	sssd25-08	401	1200	5389	5389
COPYSTATS	sssd25-08	secs=0.282	asm_calls=57	asm_words=74230	asm_ms=0.0	rst_calls=37365	rst_words=12750858	rst_ms=2.3	rst_tail_ms=3.3	elims=2770059	fullclear_words=12272482	sparse_words=4032375	sparse_clears=0
LIFT	rsyn0810m04m	4772	2520	9996	2520
COUNTS	rsyn0810m04m	4772	13836	147553	113207
COPYSTATS	rsyn0810m04m	secs=0.994	asm_calls=241	asm_words=9154742	asm_ms=4.3	rst_calls=177611	rst_words=60228764	rst_ms=27.1	rst_tail_ms=15.4	elims=10460719	fullclear_words=56019878	sparse_words=12156823	sparse_clears=0
LIFT	pooling_sppc3pq	23173	12327	872032	12327
COUNTS	pooling_sppc3pq	23173	893724	1153877333	325595394
COPYSTATS	pooling_sppc3pq	secs=0.672	asm_calls=48	asm_words=107588	asm_ms=0.0	rst_calls=3175	rst_words=1708966	rst_ms=0.4	rst_tail_ms=0.5	elims=194307	fullclear_words=689646	sparse_words=451251	sparse_clears=0
LIFT	sporttournament48	1131	721	7408	721
COUNTS	sporttournament48	1131	6676	919582	591901
COPYSTATS	sporttournament48	secs=0.659	asm_calls=73	asm_words=1076318	asm_ms=0.2	rst_calls=1693	rst_words=13525548	rst_ms=1.8	rst_tail_ms=0.9	elims=770299	fullclear_words=12454471	sparse_words=6192220	sparse_clears=0
LIFT	pooling_sppa9pq	5030	2509	126346	2509
COUNTS	pooling_sppa9pq	5030	120730	23971280	15198662
COPYSTATS	pooling_sppa9pq	secs=0.361	asm_calls=87	asm_words=892448	asm_ms=0.4	rst_calls=6920	rst_words=7719000	rst_ms=3.3	rst_tail_ms=0.8	elims=306618	fullclear_words=6481597	sparse_words=761124	sparse_clears=0
LIFT	edgecross10-090	1053	571	4240	571
COUNTS	edgecross10-090	1053	5204	126115	103179
COPYSTATS	edgecross10-090	secs=0.403	asm_calls=88	asm_words=625205	asm_ms=0.1	rst_calls=21933	rst_words=12328657	rst_ms=2.9	rst_tail_ms=2.5	elims=1417806	fullclear_words=11565624	sparse_words=1916267	sparse_clears=0
LIFT	maxcsp-ehi-85-297-71	2372	2075	216272	2075
COUNTS	maxcsp-ehi-85-297-71	2372	207996	1381768944	1110971341
COPYSTATS	maxcsp-ehi-85-297-71	secs=0.269	asm_calls=30	asm_words=139995	asm_ms=0.0	rst_calls=671	rst_words=1079038	rst_ms=0.3	rst_tail_ms=0.2	elims=15839	fullclear_words=88339	sparse_words=64438	sparse_clears=0
COUNTS	st_bpaf1a	30	120	623	580
COPYSTATS	st_bpaf1a	secs=0.306	asm_calls=40	asm_words=1200	asm_ms=0.0	rst_calls=268395	rst_words=8051850	rst_ms=5.5	rst_tail_ms=10.4	elims=7304659	fullclear_words=7304659	sparse_words=7146192	sparse_clears=0
LIFT	risk2bpb	1462	628	4030	628
COUNTS	risk2bpb	1462	5396	118471	66041
COPYSTATS	risk2bpb	secs=0.624	asm_calls=98	asm_words=1287039	asm_ms=0.2	rst_calls=7165	rst_words=22631578	rst_ms=3.2	rst_tail_ms=1.9	elims=1582241	fullclear_words=22113959	sparse_words=3017350	sparse_clears=0
LIFT	qap	255	225	49148	225
COUNTS	qap	255	43748	3802533	3650113
COPYSTATS	qap	secs=0.262	asm_calls=24	asm_words=24480	asm_ms=0.0	rst_calls=1135	rst_words=1157700	rst_ms=0.1	rst_tail_ms=0.2	elims=284597	fullclear_words=1138388	sparse_words=1066547	sparse_clears=0
LIFT	rsyn0830m04m	7252	3744	14872	3744
COUNTS	rsyn0830m04m	7252	20752	212130	171498
COPYSTATS	rsyn0830m04m	secs=1.049	asm_calls=219	asm_words=14247015	asm_ms=8.2	rst_calls=183366	rst_words=56798441	rst_ms=30.7	rst_tail_ms=14.3	elims=9685481	fullclear_words=48051715	sparse_words=10790719	sparse_clears=0
LIFT	lop97icx	1073	155	1760	155
COUNTS	lop97icx	1073	2118	79286	64044
COPYSTATS	lop97icx	secs=0.355	asm_calls=52	asm_words=652185	asm_ms=0.1	rst_calls=2655	rst_words=13151507	rst_ms=1.7	rst_tail_ms=1.0	elims=1028094	fullclear_words=12895818	sparse_words=1273502	sparse_clears=0
LIFT	chain400	1201	800	3196	800
COUNTS	chain400	1201	4796	16382	16382
COPYSTATS	chain400	secs=0.220	asm_calls=24	asm_words=477212	asm_ms=0.1	rst_calls=456	rst_words=8361532	rst_ms=1.1	rst_tail_ms=0.4	elims=402763	fullclear_words=7480981	sparse_words=1010199	sparse_clears=0
LIFT	mpbp_07	9532	5704	23110	5704
COUNTS	mpbp_07	9532	30810	1368477	1248083
COPYSTATS	mpbp_07	secs=1.046	asm_calls=302	asm_words=24781399	asm_ms=14.2	rst_calls=108758	rst_words=87059564	rst_ms=40.7	rst_tail_ms=12.2	elims=8319395	fullclear_words=74633585	sparse_words=11999213	sparse_clears=0
LIFT	sonetgr17	440	317	2712	317
COUNTS	sonetgr17	440	2958	37814	30971
COPYSTATS	sonetgr17	secs=0.441	asm_calls=90	asm_words=117636	asm_ms=0.0	rst_calls=45424	rst_words=13274054	rst_ms=3.7	rst_tail_ms=3.4	elims=2579628	fullclear_words=12513706	sparse_words=3558508	sparse_clears=0
LIFT	p_ball_30b_7p_2d_h	2207	1415	5932	1415
COUNTS	p_ball_30b_7p_2d_h	2207	7516	42456	42319
COPYSTATS	p_ball_30b_7p_2d_h	secs=0.521	asm_calls=123	asm_words=2313987	asm_ms=0.5	rst_calls=26846	rst_words=23429945	rst_ms=5.1	rst_tail_ms=3.2	elims=1936819	fullclear_words=22303215	sparse_words=2797291	sparse_clears=0
LIFT	pinene200	19995	15795	89590	15795
COUNTS	pinene200	19995	97990	1358716	1132609
COPYSTATS	pinene200	secs=1.112	asm_calls=306	asm_words=62717070	asm_ms=23.7	rst_calls=213829	rst_words=114490970	rst_ms=45.3	rst_tail_ms=16.4	elims=11068671	fullclear_words=70662398	sparse_words=13541971	sparse_clears=0
LIFT	unitcommit_200_100_1_mod_8	146830	73272	329560	73272
COUNTS	unitcommit_200_100_1_mod_8	146830	476332	3053940	2981835
COPYSTATS	unitcommit_200_100_1_mod_8	secs=0.416	asm_calls=0	asm_words=0	asm_ms=0.0	rst_calls=0	rst_words=0	rst_ms=0.0	rst_tail_ms=0.0	elims=0	fullclear_words=0	sparse_words=0	sparse_clears=0
LIFT	ex8_3_9	123	101	766	101
COUNTS	ex8_3_9	123	834	15050	11503
COPYSTATS	ex8_3_9	secs=0.440	asm_calls=62	asm_words=14092	asm_ms=0.0	rst_calls=40331	rst_words=9554806	rst_ms=1.4	rst_tail_ms=4.6	elims=4420048	fullclear_words=8840096	sparse_words=8023568	sparse_clears=0
LIFT	rsyn0820m02m	2486	1364	4808	1364
COUNTS	rsyn0820m02m	2486	6932	38190	35775
COPYSTATS	rsyn0820m02m	secs=0.751	asm_calls=170	asm_words=3050078	asm_ms=0.8	rst_calls=66109	rst_words=26916967	rst_ms=7.4	rst_tail_ms=5.2	elims=3356079	fullclear_words=25420404	sparse_words=4903117	sparse_clears=0
LIFT	p_ball_10b_5p_2d_m	293	119	716	119
COUNTS	p_ball_10b_5p_2d_m	293	964	6648	6547
COPYSTATS	p_ball_10b_5p_2d_m	secs=0.382	asm_calls=64	asm_words=63020	asm_ms=0.0	rst_calls=24321	rst_words=14089980	rst_ms=1.2	rst_tail_ms=3.3	elims=3352872	fullclear_words=13698770	sparse_words=5802034	sparse_clears=0
LIFT	pooling_adhya4tp	170	93	806	93
COUNTS	pooling_adhya4tp	170	936	26842	20581
COPYSTATS	pooling_adhya4tp	secs=0.313	asm_calls=51	asm_words=22490	asm_ms=0.0	rst_calls=21711	rst_words=9086050	rst_ms=1.0	rst_tail_ms=2.7	elims=2951016	fullclear_words=8356664	sparse_words=3492909	sparse_clears=0
LIFT	squfl015-080persp	7295	2495	12000	2495
COUNTS	squfl015-080persp	7295	21600	74520	74520
COPYSTATS	squfl015-080persp	secs=0.232	asm_calls=47	asm_words=1672690	asm_ms=0.9	rst_calls=4774	rst_words=5164580	rst_ms=2.6	rst_tail_ms=0.7	elims=458065	fullclear_words=4435282	sparse_words=621729	sparse_clears=0
LIFT	edgecross10-080	1053	571	4976	571
COUNTS	edgecross10-080	1053	5940	170814	164639
COPYSTATS	edgecross10-080	secs=0.417	asm_calls=75	asm_words=633846	asm_ms=0.1	rst_calls=9600	rst_words=11219868	rst_ms=1.8	rst_tail_ms=1.5	elims=1113436	fullclear_words=10536504	sparse_words=1591389	sparse_clears=0
LIFT	clay0204hfsg	590	278	1184	278
COUNTS	clay0204hfsg	590	1696	7198	6562
COPYSTATS	clay0204hfsg	secs=0.419	asm_calls=90	asm_words=222442	asm_ms=0.0	rst_calls=48342	rst_words=14389862	rst_ms=3.6	rst_tail_ms=4.2	elims=3095142	fullclear_words=13275096	sparse_words=4315001	sparse_clears=0
COUNTS	st_bsj2	13	40	143	114
COPYSTATS	st_bsj2	secs=0.272	asm_calls=28	asm_words=364	asm_ms=0.0	rst_calls=728922	rst_words=9475986	rst_ms=14.3	rst_tail_ms=17.6	elims=8671828	fullclear_words=8671828	sparse_words=8139877	sparse_clears=0
LIFT	chimera_mgw-c8-439-onc8-002	440	418	3060	418
COUNTS	chimera_mgw-c8-439-onc8-002	440	3038	97870	86320
COPYSTATS	chimera_mgw-c8-439-onc8-002	secs=0.510	asm_calls=61	asm_words=154098	asm_ms=0.0	rst_calls=3995	rst_words=9647294	rst_ms=1.1	rst_tail_ms=1.6	elims=1384274	fullclear_words=9191954	sparse_words=4295665	sparse_clears=0
LIFT	batchs201210m	5188	2645	13208	2645
COUNTS	batchs201210m	5188	17910	349298	303381
COPYSTATS	batchs201210m	secs=0.935	asm_calls=217	asm_words=8574729	asm_ms=4.2	rst_calls=123325	rst_words=70706049	rst_ms=24.8	rst_tail_ms=14.4	elims=10856379	fullclear_words=60306740	sparse_words=14344905	sparse_clears=0
LIFT	rsyn0815m04m	5456	2966	10968	2966
COUNTS	rsyn0815m04m	5456	15756	184352	143402
COPYSTATS	rsyn0815m04m	secs=1.084	asm_calls=228	asm_words=11896598	asm_ms=6.3	rst_calls=191920	rst_words=61448770	rst_ms=29.7	rst_tail_ms=15.3	elims=10265084	fullclear_words=55911963	sparse_words=11635245	sparse_clears=0
LIFT	syn40m	560	291	1080	291
COUNTS	syn40m	560	1528	5007	4829
COPYSTATS	syn40m	secs=0.430	asm_calls=71	asm_words=190254	asm_ms=0.0	rst_calls=33177	rst_words=12928817	rst_ms=3.1	rst_tail_ms=3.1	elims=2371473	fullclear_words=11755290	sparse_words=3442823	sparse_clears=0
LIFT	knp5-44	2157	1167	31152	1167
COUNTS	knp5-44	2157	32604	3764003	3764003
COPYSTATS	knp5-44	secs=0.365	asm_calls=19	asm_words=847391	asm_ms=0.2	rst_calls=128	rst_words=5265411	rst_ms=0.8	rst_tail_ms=0.2	elims=161220	fullclear_words=5183327	sparse_words=319166	sparse_clears=0
LIFT	ex1263a	94	59	320	59
COUNTS	ex1263a	94	390	2098	2098
COPYSTATS	ex1263a	secs=0.295	asm_calls=42	asm_words=5487	asm_ms=0.0	rst_calls=59747	rst_words=10405950	rst_ms=1.7	rst_tail_ms=4.8	elims=4911704	fullclear_words=9715799	sparse_words=5122386	sparse_clears=0
COUNTS	st_e41	8	32	88	88
COPYSTATS	st_e41	secs=0.000	asm_calls=0	asm_words=0	asm_ms=0.0	rst_calls=0	rst_words=0	rst_ms=0.0	rst_tail_ms=0.0	elims=0	fullclear_words=0	sparse_words=0	sparse_clears=0
LIFT	squfl025-030	2305	805	3000	805
COUNTS	squfl025-030	2305	6000	42305	42305
COPYSTATS	squfl025-030	secs=0.290	asm_calls=63	asm_words=1458255	asm_ms=0.2	rst_calls=14873	rst_words=15238031	rst_ms=2.6	rst_tail_ms=1.8	elims=1267512	fullclear_words=14910000	sparse_words=1643680	sparse_clears=0
LIFT	wastewater05m1	98	62	740	62
COUNTS	wastewater05m1	98	536	11690	8002
COPYSTATS	wastewater05m1	secs=0.377	asm_calls=50	asm_words=8978	asm_ms=0.0	rst_calls=55192	rst_words=8670431	rst_ms=1.6	rst_tail_ms=4.6	elims=4379131	fullclear_words=8019045	sparse_words=6216923	sparse_clears=0
COUNTS	cvxnonsep_psig20	20	380	2870	2870
COPYSTATS	cvxnonsep_psig20	secs=0.000	asm_calls=0	asm_words=0	asm_ms=0.0	rst_calls=0	rst_words=0	rst_ms=0.0	rst_tail_ms=0.0	elims=0	fullclear_words=0	sparse_words=0	sparse_clears=0
LIFT	meanvar-orl400_05_e_8	4405	2403	168400	2403
COUNTS	meanvar-orl400_05_e_8	4405	171604	21923414	21922611
COPYSTATS	meanvar-orl400_05_e_8	secs=0.292	asm_calls=12	asm_words=3647340	asm_ms=1.8	rst_calls=52	rst_words=15805140	rst_ms=6.5	rst_tail_ms=0.3	elims=218150	fullclear_words=15052350	sparse_words=417665	sparse_clears=0
LIFT	st_e31	301	163	492	163
COUNTS	st_e31	301	744	4534	4257
COPYSTATS	st_e31	secs=0.401	asm_calls=71	asm_words=60271	asm_ms=0.0	rst_calls=35039	rst_words=12441201	rst_ms=1.8	rst_tail_ms=3.7	elims=3219381	fullclear_words=11673340	sparse_words=4489225	sparse_clears=0
LIFT	pooling_sppc1pq	14100	7273	535700	7273
COUNTS	pooling_sppc1pq	14100	477680	812210652	136686008
COPYSTATS	pooling_sppc1pq	secs=0.376	asm_calls=16	asm_words=79942	asm_ms=0.0	rst_calls=16	rst_words=79942	rst_ms=0.0	rst_tail_ms=0.0	elims=5489	fullclear_words=49995	sparse_words=17608	sparse_clears=0
COUNTS	pooling_haverly1pq	31	96	412	403
COPYSTATS	pooling_haverly1pq	secs=0.307	asm_calls=40	asm_words=1240	asm_ms=0.0	rst_calls=276813	rst_words=8581203	rst_ms=5.9	rst_tail_ms=11.3	elims=7837006	fullclear_words=7837006	sparse_words=7673706	sparse_clears=0
LIFT	graphpart_3g-0244-0244	128	96	672	96
COUNTS	graphpart_3g-0244-0244	128	672	33446	32534
COPYSTATS	graphpart_3g-0244-0244	secs=0.360	asm_calls=55	asm_words=13120	asm_ms=0.0	rst_calls=23998	rst_words=5804928	rst_ms=0.7	rst_tail_ms=2.5	elims=2681428	fullclear_words=5362856	sparse_words=4574179	sparse_clears=0
LIFT	graphpart_clique-20	80	77	1254	77
COUNTS	graphpart_clique-20	80	1260	34885	27856
COPYSTATS	graphpart_clique-20	secs=0.551	asm_calls=47	asm_words=6920	asm_ms=0.0	rst_calls=55309	rst_words=8067240	rst_ms=1.5	rst_tail_ms=4.0	elims=3983071	fullclear_words=7502293	sparse_words=6936958	sparse_clears=0
LIFT	mpbp_48	28368	16000	66180	16000
COUNTS	mpbp_48	28368	91016	33835023	16042428
COPYSTATS	mpbp_48	secs=1.051	asm_calls=177	asm_words=12918864	asm_ms=4.9	rst_calls=16598	rst_words=104449050	rst_ms=31.9	rst_tail_ms=4.9	elims=4076732	fullclear_words=96011095	sparse_words=6601208	sparse_clears=0
LIFT	pooling_sppb5pq	18529	9496	693670	9496
COUNTS	pooling_sppb5pq	18529	674470	523815053	213571545
COPYSTATS	pooling_sppb5pq	secs=0.543	asm_calls=16	asm_words=7920	asm_ms=0.0	rst_calls=544	rst_words=269280	rst_ms=0.1	rst_tail_ms=0.1	elims=35360	fullclear_words=106080	sparse_words=73440	sparse_clears=0
LIFT	slay07m	497	203	924	203
COUNTS	slay07m	497	1512	5740	5740
COPYSTATS	slay07m	secs=0.337	asm_calls=67	asm_words=110599	asm_ms=0.0	rst_calls=51381	rst_words=16986403	rst_ms=4.6	rst_tail_ms=3.8	elims=2879692	fullclear_words=16366768	sparse_words=3788720	sparse_clears=0
COUNTS	nvs19	24	200	1353	884
COPYSTATS	nvs19	secs=0.000	asm_calls=0	asm_words=0	asm_ms=0.0	rst_calls=0	rst_words=0	rst_ms=0.0	rst_tail_ms=0.0	elims=0	fullclear_words=0	sparse_words=0	sparse_clears=0
LIFT	oil	3270	1687	5444	1687
COUNTS	oil	3270	8430	36313	34760
COPYSTATS	oil	secs=0.729	asm_calls=204	asm_words=4609130	asm_ms=1.2	rst_calls=135624	rst_words=45520862	rst_ms=14.2	rst_tail_ms=11.1	elims=7714620	fullclear_words=42832374	sparse_words=10388102	sparse_clears=0
LIFT	squfl015-060	2775	975	3600	975
COUNTS	squfl015-060	2775	7200	36400	36400
COPYSTATS	squfl015-060	secs=0.344	asm_calls=68	asm_words=2079790	asm_ms=0.4	rst_calls=18603	rst_words=16991832	rst_ms=3.6	rst_tail_ms=2.0	elims=1365730	fullclear_words=16612502	sparse_words=1636284	sparse_clears=0
LIFT	ndcc12persp	1112	961	5220	961
COUNTS	ndcc12persp	1112	5522	299115	284793
COPYSTATS	ndcc12persp	secs=0.643	asm_calls=153	asm_words=869535	asm_ms=0.1	rst_calls=129696	rst_words=16924818	rst_ms=8.4	rst_tail_ms=8.1	elims=3264828	fullclear_words=13224759	sparse_words=4702535	sparse_clears=0
LIFT	kissing2	20772	10772	381024	10772
COUNTS	kissing2	20772	401024	156414018	156414018
COPYSTATS	kissing2	secs=0.343	asm_calls=0	asm_words=0	asm_ms=0.0	rst_calls=0	rst_words=0	rst_ms=0.0	rst_tail_ms=0.0	elims=0	fullclear_words=0	sparse_words=0	sparse_clears=0
LIFT	nuclear25a	1942	755	18260	755
COUNTS	nuclear25a	1942	16030	1977163	1136191
COPYSTATS	nuclear25a	secs=0.809	asm_calls=130	asm_words=1546284	asm_ms=0.3	rst_calls=59253	rst_words=22566249	rst_ms=5.3	rst_tail_ms=5.5	elims=2789202	fullclear_words=16093240	sparse_words=5006943	sparse_clears=0
LIFT	clay0204m	222	102	464	102
COUNTS	clay0204m	222	704	2330	2330
COPYSTATS	clay0204m	secs=0.306	asm_calls=46	asm_words=26308	asm_ms=0.0	rst_calls=28362	rst_words=15936070	rst_ms=1.4	rst_tail_ms=3.6	elims=4314485	fullclear_words=15155901	sparse_words=5446977	sparse_clears=0
COUNTS	st_ph13	23	68	207	178
COPYSTATS	st_ph13	secs=0.215	asm_calls=33	asm_words=759	asm_ms=0.0	rst_calls=318213	rst_words=7318899	rst_ms=6.9	rst_tail_ms=10.7	elims=6682765	fullclear_words=6682765	sparse_words=6480300	sparse_clears=0
LIFT	edgecross10-030	1053	573	5134	573
COUNTS	edgecross10-030	1053	4654	135854	100080
COPYSTATS	edgecross10-030	secs=0.485	asm_calls=69	asm_words=712994	asm_ms=0.1	rst_calls=17472	rst_words=19009643	rst_ms=3.0	rst_tail_ms=2.3	elims=1695664	fullclear_words=18187589	sparse_words=2330353	sparse_clears=0
LIFT	chain200	601	400	1596	400
COUNTS	chain200	601	2396	8182	8182
COPYSTATS	chain200	secs=0.280	asm_calls=27	asm_words=152830	asm_ms=0.0	rst_calls=1903	rst_words=11163270	rst_ms=1.5	rst_tail_ms=1.1	elims=1002492	fullclear_words=9959700	sparse_words=2298715	sparse_clears=0
COUNTS	ex1223b	25	66	178	178
COPYSTATS	ex1223b	secs=0.243	asm_calls=27	asm_words=675	asm_ms=0.0	rst_calls=301231	rst_words=7530775	rst_ms=6.5	rst_tail_ms=11.2	elims=6772349	fullclear_words=6772349	sparse_words=6587811	sparse_clears=0
LIFT	slay09h	2718	1206	5040	1206
COUNTS	slay09h	2718	7488	36057	32385
COPYSTATS	slay09h	secs=0.538	asm_calls=178	asm_words=3154649	asm_ms=0.6	rst_calls=198911	rst_words=35123443	rst_ms=15.1	rst_tail_ms=8.5	elims=4815016	fullclear_words=32760799	sparse_words=6176888	sparse_clears=0
LIFT	ndcc12	974	902	6222	902
COUNTS	ndcc12	974	5982	345696	329342
COPYSTATS	ndcc12	secs=0.746	asm_calls=129	asm_words=661807	asm_ms=0.1	rst_calls=82265	rst_words=13450371	rst_ms=6.2	rst_tail_ms=5.3	elims=2224481	fullclear_words=10996610	sparse_words=3995127	sparse_clears=0
LIFT	kall_circlesrectangles_c6r39	1306	924	4638	924
COUNTS	kall_circlesrectangles_c6r39	1306	5378	75744	74610
COPYSTATS	kall_circlesrectangles_c6r39	secs=0.695	asm_calls=188	asm_words=1082000	asm_ms=0.2	rst_calls=88495	rst_words=19267998	rst_ms=7.1	rst_tail_ms=6.7	elims=3620159	fullclear_words=17807438	sparse_words=5090331	sparse_clears=0
LIFT	squfl020-150	9170	3170	12000	3170
COUNTS	squfl020-150	9170	24000	135020	135020
COPYSTATS	squfl020-150	secs=0.458	asm_calls=50	asm_words=6611430	asm_ms=4.1	rst_calls=7235	rst_words=14406222	rst_ms=8.8	rst_tail_ms=1.1	elims=520251	fullclear_words=11019991	sparse_words=772351	sparse_clears=0
COUNTS	autocorr_bern40-30	43	1534	20034	20034
COPYSTATS	autocorr_bern40-30	secs=0.000	asm_calls=0	asm_words=0	asm_ms=0.0	rst_calls=0	rst_words=0	rst_ms=0.0	rst_tail_ms=0.0	elims=0	fullclear_words=0	sparse_words=0	sparse_clears=0
LIFT	slay08m	660	268	1232	268
COUNTS	slay08m	660	2016	7796	7796
COPYSTATS	slay08m	secs=0.375	asm_calls=77	asm_words=198715	asm_ms=0.0	rst_calls=69291	rst_words=16455347	rst_ms=6.2	rst_tail_ms=3.8	elims=2460460	fullclear_words=15787782	sparse_words=3146038	sparse_clears=0
LIFT	chimera_mgw-c16-2031-01	2032	2021	15902	2021
COUNTS	chimera_mgw-c16-2031-01	2032	15900	3328073	2568315
COPYSTATS	chimera_mgw-c16-2031-01	secs=0.720	asm_calls=140	asm_words=1858092	asm_ms=0.4	rst_calls=84391	rst_words=19321967	rst_ms=6.5	rst_tail_ms=6.8	elims=3092496	fullclear_words=14640389	sparse_words=5916371	sparse_clears=0
LIFT	forest	713	404	2076	404
COUNTS	forest	713	2658	10614	10543
COPYSTATS	forest	secs=0.561	asm_calls=134	asm_words=323228	asm_ms=0.1	rst_calls=75410	rst_words=18244555	rst_ms=6.1	rst_tail_ms=4.8	elims=3179585	fullclear_words=17155092	sparse_words=4589333	sparse_clears=0
LIFT	qspp_0_10_0_1_10_1	280	244	29450	244
COUNTS	qspp_0_10_0_1_10_1	280	29636	1942907	1932414
COPYSTATS	qspp_0_10_0_1_10_1	secs=0.264	asm_calls=41	asm_words=49696	asm_ms=0.0	rst_calls=1499	rst_words=2027084	rst_ms=0.2	rst_tail_ms=0.3	elims=405183	fullclear_words=1992985	sparse_words=1081741	sparse_clears=0
COUNTS	st_ph1	16	58	274	233
COPYSTATS	st_ph1	secs=0.284	asm_calls=33	asm_words=528	asm_ms=0.0	rst_calls=542432	rst_words=8678912	rst_ms=10.9	rst_tail_ms=14.0	elims=7953365	fullclear_words=7953365	sparse_words=7584848	sparse_clears=0
LIFT	elf	124	65	258	65
COUNTS	elf	124	376	2733	2173
COPYSTATS	elf	secs=0.308	asm_calls=40	asm_words=9920	asm_ms=0.0	rst_calls=40896	rst_words=10142208	rst_ms=1.3	rst_tail_ms=4.3	elims=4801609	fullclear_words=9603218	sparse_words=6239031	sparse_clears=0
COUNTS	ex3_1_3	18	36	90	83
COPYSTATS	ex3_1_3	secs=0.229	asm_calls=33	asm_words=594	asm_ms=0.0	rst_calls=452384	rst_words=8142912	rst_ms=9.3	rst_tail_ms=12.8	elims=7335484	fullclear_words=7335484	sparse_words=6282139	sparse_clears=0
COUNTS	cvxnonsep_normcon40r	162	322	645	645
COPYSTATS	cvxnonsep_normcon40r	secs=0.000	asm_calls=0	asm_words=0	asm_ms=0.0	rst_calls=0	rst_words=0	rst_ms=0.0	rst_tail_ms=0.0	elims=0	fullclear_words=0	sparse_words=0	sparse_clears=0
LIFT	demo7	155	66	448	66
COUNTS	demo7	155	618	3579	3426
COPYSTATS	demo7	secs=0.373	asm_calls=63	asm_words=19683	asm_ms=0.0	rst_calls=48913	rst_words=12943722	rst_ms=1.8	rst_tail_ms=4.8	elims=4935123	fullclear_words=12336975	sparse_words=6568868	sparse_clears=0
LIFT	waternd2	615	338	2036	338
COUNTS	waternd2	615	2580	155674	74817
COPYSTATS	waternd2	secs=0.501	asm_calls=94	asm_words=235944	asm_ms=0.0	rst_calls=28030	rst_words=13571779	rst_ms=3.0	rst_tail_ms=3.0	elims=2094968	fullclear_words=12596587	sparse_words=3578178	sparse_clears=0
LIFT	prolog	64	42	248	42
COUNTS	prolog	64	292	1245	1225
COPYSTATS	prolog	secs=0.343	asm_calls=51	asm_words=2974	asm_ms=0.0	rst_calls=109126	rst_words=6790098	rst_ms=2.6	rst_tail_ms=7.7	elims=6206886	fullclear_words=6206886	sparse_words=6161481	sparse_clears=0
COUNTS	ex14_1_8	11	30	80	80
COPYSTATS	ex14_1_8	secs=0.198	asm_calls=17	asm_words=187	asm_ms=0.0	rst_calls=595819	rst_words=6554009	rst_ms=11.8	rst_tail_ms=13.9	elims=6006135	fullclear_words=6006135	sparse_words=5553521	sparse_clears=0
LIFT	faclay75	272878	137826	1109602	137826
COUNTS	faclay75	272878	1379706	3204527350	3013800414
COPYSTATS	faclay75	secs=0.551	asm_calls=0	asm_words=0	asm_ms=0.0	rst_calls=0	rst_words=0	rst_ms=0.0	rst_tail_ms=0.0	elims=0	fullclear_words=0	sparse_words=0	sparse_clears=0
LIFT	st_qpk3	55	33	504	33
COUNTS	st_qpk3	55	548	5467	3762
COPYSTATS	st_qpk3	secs=0.234	asm_calls=42	asm_words=2200	asm_ms=0.0	rst_calls=105785	rst_words=5795009	rst_ms=2.5	rst_tail_ms=6.9	elims=5505919	fullclear_words=5505919	sparse_words=5437418	sparse_clears=0
LIFT	mpbp_34	11556	7230	32172	7230
COUNTS	mpbp_34	11556	40860	3093917	891022
COPYSTATS	mpbp_34	secs=0.753	asm_calls=144	asm_words=33713236	asm_ms=19.9	rst_calls=6048	rst_words=53180756	rst_ms=27.4	rst_tail_ms=2.4	elims=1749694	fullclear_words=37186322	sparse_words=2637380	sparse_clears=0
COUNTS	cvxnonsep_normcon20r	82	162	325	325
COPYSTATS	cvxnonsep_normcon20r	secs=0.000	asm_calls=0	asm_words=0	asm_ms=0.0	rst_calls=0	rst_words=0	rst_ms=0.0	rst_tail_ms=0.0	elims=0	fullclear_words=0	sparse_words=0	sparse_clears=0
COUNTS	cvxnonsep_psig20r	86	170	341	341
COPYSTATS	cvxnonsep_psig20r	secs=0.000	asm_calls=0	asm_words=0	asm_ms=0.0	rst_calls=0	rst_words=0	rst_ms=0.0	rst_tail_ms=0.0	elims=0	fullclear_words=0	sparse_words=0	sparse_clears=0
LIFT	crudeoil_pooling_dt2	18742	10735	60222	10735
COUNTS	crudeoil_pooling_dt2	18742	75910	14985540	9905667
COPYSTATS	crudeoil_pooling_dt2	secs=1.005	asm_calls=281	asm_words=6140680	asm_ms=2.2	rst_calls=59684	rst_words=66063791	rst_ms=20.9	rst_tail_ms=8.5	elims=5229666	fullclear_words=54043036	sparse_words=8138781	sparse_clears=0
LIFT	rsyn0805m03m	2868	1596	5810	1596
COUNTS	rsyn0805m03m	2868	8270	60979	54830
COPYSTATS	rsyn0805m03m	secs=1.067	asm_calls=269	asm_words=4080256	asm_ms=0.9	rst_calls=215722	rst_words=48711425	rst_ms=18.4	rst_tail_ms=18.4	elims=11354350	fullclear_words=44774250	sparse_words=13682716	sparse_clears=0
COUNTS	st_iqpbk1	22	98	295	295
COPYSTATS	st_iqpbk1	secs=0.000	asm_calls=0	asm_words=0	asm_ms=0.0	rst_calls=0	rst_words=0	rst_ms=0.0	rst_tail_ms=0.0	elims=0	fullclear_words=0	sparse_words=0	sparse_clears=0
LIFT	waterund01	96	47	384	47
COUNTS	waterund01	96	404	4546	3317
COPYSTATS	waterund01	secs=0.395	asm_calls=47	asm_words=8148	asm_ms=0.0	rst_calls=75352	rst_words=11576665	rst_ms=1.9	rst_tail_ms=6.2	elims=5919872	fullclear_words=10853197	sparse_words=7756934	sparse_clears=0
COUNTS	pointpack04	29	120	577	577
COPYSTATS	pointpack04	secs=0.280	asm_calls=27	asm_words=783	asm_ms=0.0	rst_calls=274362	rst_words=7956498	rst_ms=5.9	rst_tail_ms=10.6	elims=7398537	fullclear_words=7398537	sparse_words=7197751	sparse_clears=0
COUNTS	st_e22	12	30	77	70
COPYSTATS	st_e22	secs=0.191	asm_calls=27	asm_words=324	asm_ms=0.0	rst_calls=570159	rst_words=6841908	rst_ms=11.3	rst_tail_ms=13.3	elims=6151180	fullclear_words=6151180	sparse_words=5756461	sparse_clears=0
LIFT	faclay30	16678	8556	65998	8556
COUNTS	faclay30	16678	82242	13452923	12850431
COPYSTATS	faclay30	secs=0.527	asm_calls=23	asm_words=43618992	asm_ms=16.5	rst_calls=46	rst_words=43689091	rst_ms=16.2	rst_tail_ms=0.3	elims=89703	fullclear_words=20064497	sparse_words=163837	sparse_clears=0
LIFT	arki0002	4432	2608	9424	2608
COUNTS	arki0002	4432	11248	683476	667374
COPYSTATS	arki0002	secs=0.570	asm_calls=100	asm_words=7326360	asm_ms=3.0	rst_calls=4272	rst_words=26896426	rst_ms=9.9	rst_tail_ms=1.3	elims=762834	fullclear_words=25665000	sparse_words=1550311	sparse_clears=0
LIFT	transswitch0300p	11659	6750	41276	6750
COUNTS	transswitch0300p	11659	48446	404940	375155
COPYSTATS	transswitch0300p	secs=1.306	asm_calls=378	asm_words=35872856	asm_ms=20.4	rst_calls=123043	rst_words=81942670	rst_ms=39.4	rst_tail_ms=13.4	elims=9134832	fullclear_words=60441982	sparse_words=12460972	sparse_clears=0
LIFT	crudeoil_pooling_dt3	30660	15957	134914	15957
COUNTS	crudeoil_pooling_dt3	30660	152210	48975085	34526677
COPYSTATS	crudeoil_pooling_dt3	secs=1.050	asm_calls=209	asm_words=15608966	asm_ms=5.7	rst_calls=6952	rst_words=47467544	rst_ms=14.0	rst_tail_ms=2.9	elims=2126888	fullclear_words=41378077	sparse_words=4470850	sparse_clears=0
LIFT	gasprod_sarawak81	22536	12902	61066	12902
COUNTS	gasprod_sarawak81	22536	75636	1030380	939449
COPYSTATS	gasprod_sarawak81	secs=0.695	asm_calls=110	asm_words=79682760	asm_ms=29.6	rst_calls=3062	rst_words=83101176	rst_ms=30.2	rst_tail_ms=1.4	elims=747664	fullclear_words=31153544	sparse_words=1216795	sparse_clears=0
LIFT	maxcsp-langford-3-11	660	627	41846	627
COUNTS	maxcsp-langford-3-11	660	29646	33444033	10360919
COPYSTATS	maxcsp-langford-3-11	secs=0.570	asm_calls=42	asm_words=239054	asm_ms=0.1	rst_calls=806	rst_words=2707599	rst_ms=0.4	rst_tail_ms=0.3	elims=202364	fullclear_words=2153498	sparse_words=1959213	sparse_clears=0
LIFT	p_ball_30b_5p_2d_h	1543	999	4136	999
COUNTS	p_ball_30b_5p_2d_h	1543	5224	25843	25742
COPYSTATS	p_ball_30b_5p_2d_h	secs=0.507	asm_calls=125	asm_words=1162796	asm_ms=0.2	rst_calls=35285	rst_words=16743937	rst_ms=3.9	rst_tail_ms=3.3	elims=2098708	fullclear_words=15807171	sparse_words=2741554	sparse_clears=0
LIFT	ringpack_20_3	6709	3451	41284	3451
COUNTS	ringpack_20_3	6709	45220	2415136	865627
COPYSTATS	ringpack_20_3	secs=0.500	asm_calls=72	asm_words=8556045	asm_ms=4.6	rst_calls=2845	rst_words=41363044	rst_ms=21.7	rst_tail_ms=1.1	elims=635294	fullclear_words=39978908	sparse_words=1001422	sparse_clears=0
LIFT	waste	4825	2503	19260	2503
COUNTS	waste	4825	21504	1468261	1270649
COPYSTATS	waste	secs=0.813	asm_calls=121	asm_words=7055133	asm_ms=3.3	rst_calls=11557	rst_words=31993703	rst_ms=12.7	rst_tail_ms=2.6	elims=1545043	fullclear_words=29123406	sparse_words=3187395	sparse_clears=0
LIFT	catmix400	2001	1998	11180	1998
COUNTS	catmix400	2001	11192	36373	36364
COPYSTATS	catmix400	secs=1.071	asm_calls=35	asm_words=1765647	asm_ms=0.6	rst_calls=448	rst_words=17363782	rst_ms=6.2	rst_tail_ms=1.4	elims=506398	fullclear_words=15522525	sparse_words=1564310	sparse_clears=0
LIFT	rsyn0815m02hfsg	3054	1697	5478	1697
COUNTS	rsyn0815m02hfsg	3054	7968	44604	41384
COPYSTATS	rsyn0815m02hfsg	secs=0.836	asm_calls=222	asm_words=4103545	asm_ms=1.1	rst_calls=93119	rst_words=44116414	rst_ms=11.8	rst_tail_ms=9.2	elims=6506158	fullclear_words=41181811	sparse_words=9458197	sparse_clears=0
LIFT	p_ball_10b_7p_3d_h	1236	751	3216	751
COUNTS	p_ball_10b_7p_3d_h	1236	4186	24380	23744
COPYSTATS	p_ball_10b_7p_3d_h	secs=0.512	asm_calls=96	asm_words=865788	asm_ms=0.2	rst_calls=7831	rst_words=16975396	rst_ms=2.6	rst_tail_ms=1.9	elims=1553131	fullclear_words=16473656	sparse_words=2655910	sparse_clears=0
LIFT	chimera_k64ising-02	1225	772	3732	772
COUNTS	chimera_k64ising-02	1225	3846	613390	371142
COPYSTATS	chimera_k64ising-02	secs=0.926	asm_calls=121	asm_words=1031017	asm_ms=0.2	rst_calls=97189	rst_words=24627277	rst_ms=7.7	rst_tail_ms=7.9	elims=4245594	fullclear_words=21653739	sparse_words=7457806	sparse_clears=0
LIFT	batchs121208m	3404	1725	8392	1725
COUNTS	batchs121208m	3404	11462	138030	128816
COPYSTATS	batchs121208m	secs=1.180	asm_calls=199	asm_words=5040887	asm_ms=1.7	rst_calls=557539	rst_words=63757848	rst_ms=46.6	rst_tail_ms=35.3	elims=17128691	fullclear_words=55421731	sparse_words=18490419	sparse_clears=0
COUNTS	nvs02	11	46	142	142
COPYSTATS	nvs02	secs=0.257	asm_calls=17	asm_words=187	asm_ms=0.0	rst_calls=730116	rst_words=8031276	rst_ms=14.5	rst_tail_ms=15.8	elims=7482356	fullclear_words=7482356	sparse_words=6903973	sparse_clears=0
LIFT	wastepaper6	191	156	1358	156
COUNTS	wastepaper6	191	1416	16611	16611
COPYSTATS	wastepaper6	secs=0.356	asm_calls=46	asm_words=21034	asm_ms=0.0	rst_calls=17711	rst_words=9383601	rst_ms=1.1	rst_tail_ms=2.8	elims=3032082	fullclear_words=9014344	sparse_words=5618927	sparse_clears=0
LIFT	syn15hfsg	399	221	666	221
COUNTS	syn15hfsg	399	1022	3300	3272
COPYSTATS	syn15hfsg	secs=0.322	asm_calls=66	asm_words=105231	asm_ms=0.0	rst_calls=36088	rst_words=13694070	rst_ms=2.0	rst_tail_ms=3.8	elims=3135697	fullclear_words=12607716	sparse_words=3850948	sparse_clears=0
LIFT	st_jcbpaf2	36	23	220	23
COUNTS	st_jcbpaf2	36	246	1635	1543
COPYSTATS	st_jcbpaf2	secs=0.299	asm_calls=40	asm_words=1436	asm_ms=0.0	rst_calls=176987	rst_words=6370400	rst_ms=4.0	rst_tail_ms=9.4	elims=5974521	fullclear_words=5974521	sparse_words=5855138	sparse_clears=0
COUNTS	camshape400	2000	7188	16768	16768
COPYSTATS	camshape400	secs=0.000	asm_calls=0	asm_words=0	asm_ms=0.0	rst_calls=0	rst_words=0	rst_ms=0.0	rst_tail_ms=0.0	elims=0	fullclear_words=0	sparse_words=0	sparse_clears=0
LIFT	graphpart_clique-30	120	117	2784	117
COUNTS	graphpart_clique-30	120	2790	114505	91153
COPYSTATS	graphpart_clique-30	secs=0.561	asm_calls=47	asm_words=10920	asm_ms=0.0	rst_calls=25695	rst_words=6009840	rst_ms=0.9	rst_tail_ms=2.6	elims=2829074	fullclear_words=5658148	sparse_words=5252527	sparse_clears=0
LIFT	graphpart_clique-70	280	277	14904	277
COUNTS	graphpart_clique-70	280	14910	1413012	1144894
COPYSTATS	graphpart_clique-70	secs=0.411	asm_calls=32	asm_words=44800	asm_ms=0.0	rst_calls=1734	rst_words=2427600	rst_ms=0.2	rst_tail_ms=0.4	elims=458542	fullclear_words=2292710	sparse_words=1430903	sparse_clears=0
COUNTS	smallinvDAXr1b010-011	39	1120	13510	13319
COPYSTATS	smallinvDAXr1b010-011	secs=0.000	asm_calls=0	asm_words=0	asm_ms=0.0	rst_calls=0	rst_words=0	rst_ms=0.0	rst_tail_ms=0.0	elims=0	fullclear_words=0	sparse_words=0	sparse_clears=0
LIFT	nd_netgen-2000-3-4-b-a-ns_7	22074	10074	36000	10074
COUNTS	nd_netgen-2000-3-4-b-a-ns_7	22074	60000	289420	272736
COPYSTATS	nd_netgen-2000-3-4-b-a-ns_7	secs=0.543	asm_calls=80	asm_words=76338803	asm_ms=28.5	rst_calls=11843	rst_words=83226528	rst_ms=30.0	rst_tail_ms=2.5	elims=1468608	fullclear_words=37611792	sparse_words=1650051	sparse_clears=0
LIFT	slay05m	240	100	440	100
COUNTS	slay05m	240	720	2635	2635
COPYSTATS	slay05m	secs=0.303	asm_calls=46	asm_words=28240	asm_ms=0.0	rst_calls=25634	rst_words=15108700	rst_ms=1.3	rst_tail_ms=3.4	elims=4145250	fullclear_words=14508501	sparse_words=5579162	sparse_clears=0
LIFT	chimera_selby-c16-01	2031	1517	13662	1517
COUNTS	chimera_selby-c16-01	2031	10964	3605628	2403430
COPYSTATS	chimera_selby-c16-01	secs=1.101	asm_calls=129	asm_words=2072415	asm_ms=0.5	rst_calls=33289	rst_words=13867903	rst_ms=3.8	rst_tail_ms=3.0	elims=1400333	fullclear_words=12005997	sparse_words=3107234	sparse_clears=0
LIFT	csched1	110	30	100	30
COUNTS	csched1	110	376	975	975
COPYSTATS	csched1	secs=0.291	asm_calls=31	asm_words=5988	asm_ms=0.0	rst_calls=53328	rst_words=11480688	rst_ms=1.5	rst_tail_ms=4.9	elims=5303966	fullclear_words=10594940	sparse_words=6133459	sparse_clears=0
LIFT	watercontamination0303r	1310	755	35918	755
COUNTS	watercontamination0303r	1310	37028	2171882	2171882
COPYSTATS	watercontamination0303r	secs=0.159	asm_calls=48	asm_words=223706	asm_ms=0.0	rst_calls=7387	rst_words=3015452	rst_ms=0.8	rst_tail_ms=0.9	elims=504692	fullclear_words=2818622	sparse_words=658354	sparse_clears=0
COUNTS	ex9_2_4	15	36	117	117
COPYSTATS	ex9_2_4	secs=0.190	asm_calls=17	asm_words=255	asm_ms=0.0	rst_calls=412292	rst_words=6184380	rst_ms=8.2	rst_tail_ms=10.0	elims=5741338	fullclear_words=5741338	sparse_words=5452737	sparse_clears=0
LIFT	sssd15-04	163	47	240	47
COUNTS	sssd15-04	163	440	1625	1625
COPYSTATS	sssd15-04	secs=0.228	asm_calls=37	asm_words=13483	asm_ms=0.0	rst_calls=26882	rst_words=9691368	rst_ms=1.3	rst_tail_ms=3.6	elims=3133371	fullclear_words=9090027	sparse_words=4432326	sparse_clears=0
COUNTS	autocorr_bern35-35fix	38	1264	16214	16214
COPYSTATS	autocorr_bern35-35fix	secs=0.000	asm_calls=0	asm_words=0	asm_ms=0.0	rst_calls=0	rst_words=0	rst_ms=0.0	rst_tail_ms=0.0	elims=0	fullclear_words=0	sparse_words=0	sparse_clears=0
LIFT	sfacloc2_4_90	1491	775	3282	775
COUNTS	sfacloc2_4_90	1491	4500	31682	28843
COPYSTATS	sfacloc2_4_90	secs=0.556	asm_calls=107	asm_words=1175982	asm_ms=0.2	rst_calls=9659	rst_words=18542658	rst_ms=2.7	rst_tail_ms=2.0	elims=1572929	fullclear_words=17890263	sparse_words=3003157	sparse_clears=0
LIFT	cont6-qq	120395	79800	397602	79800
COUNTS	cont6-qq	120395	557994	835894090	581918900
COPYSTATS	cont6-qq	secs=0.287	asm_calls=0	asm_words=0	asm_ms=0.0	rst_calls=0	rst_words=0	rst_ms=0.0	rst_tail_ms=0.0	elims=0	fullclear_words=0	sparse_words=0	sparse_clears=0
LIFT	meanvar-orl400_05_e_7	5205	2803	170000	2803
COUNTS	meanvar-orl400_05_e_7	5205	174804	21939414	21935811
COPYSTATS	meanvar-orl400_05_e_7	secs=0.270	asm_calls=14	asm_words=5145616	asm_ms=2.6	rst_calls=47	rst_words=17962204	rst_ms=8.3	rst_tail_ms=0.3	elims=215305	fullclear_words=17571618	sparse_words=491835	sparse_clears=0
LIFT	glider400	10017	7609	43204	7609
COUNTS	glider400	10017	49624	373018	327450
COPYSTATS	glider400	secs=0.419	asm_calls=37	asm_words=17342823	asm_ms=10.2	rst_calls=8214	rst_words=20909417	rst_ms=12.3	rst_tail_ms=0.7	elims=313844	fullclear_words=17606668	sparse_words=656275	sparse_clears=0
LIFT	syn40m04m	4960	2524	9280	2524
COUNTS	syn40m04m	4960	13792	65982	63265
COPYSTATS	syn40m04m	secs=1.108	asm_calls=244	asm_words=9956345	asm_ms=4.5	rst_calls=443826	rst_words=69072280	rst_ms=45.0	rst_tail_ms=25.3	elims=15776744	fullclear_words=64170936	sparse_words=17044810	sparse_clears=0
COUNTS	ex2_1_3	31	72	189	189
COPYSTATS	ex2_1_3	secs=0.241	asm_calls=27	asm_words=833	asm_ms=0.0	rst_calls=243371	rst_words=7539391	rst_ms=5.2	rst_tail_ms=10.1	elims=6793348	fullclear_words=6793348	sparse_words=6424774	sparse_clears=0
LIFT	qapw	705	480	87046	480
COUNTS	qapw	705	87496	12183146	12183146
COPYSTATS	qapw	secs=0.478	asm_calls=6	asm_words=41408	asm_ms=0.0	rst_calls=85	rst_words=709748	rst_ms=0.1	rst_tail_ms=0.1	elims=59251	fullclear_words=708068	sparse_words=225831	sparse_clears=0
COUNTS	himmel11	14	60	198	198
COPYSTATS	himmel11	secs=0.249	asm_calls=17	asm_words=238	asm_ms=0.0	rst_calls=560813	rst_words=7851382	rst_ms=10.9	rst_tail_ms=13.6	elims=7279308	fullclear_words=7279308	sparse_words=6845979	sparse_clears=0
LIFT	syn15m04m	1908	970	3540	970
COUNTS	syn15m04m	1908	5288	26094	25061
COPYSTATS	syn15m04m	secs=0.551	asm_calls=117	asm_words=1850168	asm_ms=0.3	rst_calls=13274	rst_words=23143393	rst_ms=3.9	rst_tail_ms=2.6	elims=1917637	fullclear_words=22355045	sparse_words=3125485	sparse_clears=0
LIFT	pooling_rt2tp	118	66	554	66
COUNTS	pooling_rt2tp	118	654	5876	5796
COPYSTATS	pooling_rt2tp	secs=0.365	asm_calls=72	asm_words=12686	asm_ms=0.0	rst_calls=55933	rst_words=10366016	rst_ms=1.6	rst_tail_ms=5.0	elims=4988321	fullclear_words=9786152	sparse_words=5553451	sparse_clears=0
LIFT	waterund14	333	191	2068	191
COUNTS	waterund14	333	2204	200484	72184
COPYSTATS	waterund14	secs=0.415	asm_calls=49	asm_words=86550	asm_ms=0.0	rst_calls=6901	rst_words=10240970	rst_ms=0.8	rst_tail_ms=1.6	elims=1737490	fullclear_words=9620527	sparse_words=3710493	sparse_clears=0
test ordering::probe::probe_timing_and_score has been running for over 60 seconds
LIFT	crudeoil_lee4_10	17809	10229	106656	10229
COUNTS	crudeoil_lee4_10	17809	120632	294531623	180930797
COPYSTATS	crudeoil_lee4_10	secs=1.118	asm_calls=209	asm_words=6031164	asm_ms=2.2	rst_calls=25568	rst_words=44889957	rst_ms=10.9	rst_tail_ms=4.9	elims=2571499	fullclear_words=27806351	sparse_words=4830655	sparse_clears=0
LIFT	pooling_foulds4pq	1294	723	7208	723
COUNTS	pooling_foulds4pq	1294	8302	138692	138540
COPYSTATS	pooling_foulds4pq	secs=0.562	asm_calls=67	asm_words=904239	asm_ms=0.1	rst_calls=1810	rst_words=11837771	rst_ms=1.6	rst_tail_ms=0.9	elims=746566	fullclear_words=11586843	sparse_words=2127033	sparse_clears=0
LIFT	edgecross14-156	3097	1641	21120	1641
COUNTS	edgecross14-156	3097	19664	1487933	1376964
COPYSTATS	edgecross14-156	secs=0.435	asm_calls=89	asm_words=4268083	asm_ms=1.1	rst_calls=8348	rst_words=22513320	rst_ms=5.2	rst_tail_ms=1.7	elims=861428	fullclear_words=21446063	sparse_words=1114070	sparse_clears=0
LIFT	tspn08	72	34	646	34
COUNTS	tspn08	72	668	11074	7600
COPYSTATS	tspn08	secs=0.320	asm_calls=47	asm_words=6228	asm_ms=0.0	rst_calls=68024	rst_words=8437626	rst_ms=1.7	rst_tail_ms=4.6	elims=4439454	fullclear_words=8088780	sparse_words=6035387	sparse_clears=0
LIFT	crudeoil_li05	4225	2656	17380	2656
COUNTS	crudeoil_li05	4225	14628	680022	533453
COPYSTATS	crudeoil_li05	secs=0.913	asm_calls=184	asm_words=7259406	asm_ms=3.0	rst_calls=117500	rst_words=48664084	rst_ms=19.1	rst_tail_ms=8.7	elims=5446304	fullclear_words=43460506	sparse_words=7952644	sparse_clears=0
LIFT	procurement1large	14416	6606	28248	6606
COUNTS	procurement1large	14416	41068	13858240	7290700
COPYSTATS	procurement1large	secs=1.173	asm_calls=295	asm_words=33966326	asm_ms=12.6	rst_calls=54038	rst_words=84211370	rst_ms=27.0	rst_tail_ms=8.4	elims=5913989	fullclear_words=70817735	sparse_words=9248700	sparse_clears=0
LIFT	blend721	1428	829	3334	829
COUNTS	blend721	1428	4548	77560	66143
COPYSTATS	blend721	secs=0.476	asm_calls=80	asm_words=1089616	asm_ms=0.2	rst_calls=6359	rst_words=15880540	rst_ms=2.3	rst_tail_ms=1.6	elims=1305321	fullclear_words=15377130	sparse_words=2275334	sparse_clears=0
LIFT	chimera_selby-c16-02	2031	1436	15878	1436
COUNTS	chimera_selby-c16-02	2031	10878	4280329	2296781
COPYSTATS	chimera_selby-c16-02	secs=1.158	asm_calls=119	asm_words=1864330	asm_ms=0.5	rst_calls=62790	rst_words=17677891	rst_ms=5.5	rst_tail_ms=5.3	elims=2506038	fullclear_words=14327970	sparse_words=4992346	sparse_clears=0
LIFT	supplychainr1_053050	16640	9640	44160	9640
COUNTS	supplychainr1_053050	16640	57800	2173490	2173490
COPYSTATS	supplychainr1_053050	secs=0.357	asm_calls=98	asm_words=849488	asm_ms=0.3	rst_calls=12849	rst_words=2682304	rst_ms=1.2	rst_tail_ms=1.2	elims=557108	fullclear_words=1692206	sparse_words=788339	sparse_clears=0
LIFT	sfacloc2_4_80	5067	2567	16656	2567
COUNTS	sfacloc2_4_80	5067	21424	93048	88884
COPYSTATS	sfacloc2_4_80	secs=0.864	asm_calls=131	asm_words=8128307	asm_ms=3.8	rst_calls=53113	rst_words=41496259	rst_ms=18.7	rst_tail_ms=4.5	elims=2791846	fullclear_words=39561991	sparse_words=3631400	sparse_clears=0
COUNTS	st_e24	10	26	64	57
COPYSTATS	st_e24	secs=0.000	asm_calls=0	asm_words=0	asm_ms=0.0	rst_calls=0	rst_words=0	rst_ms=0.0	rst_tail_ms=0.0	elims=0	fullclear_words=0	sparse_words=0	sparse_clears=0
LIFT	edgecross10-040	1053	571	4152	571
COUNTS	edgecross10-040	1053	5116	161851	143518
COPYSTATS	edgecross10-040	secs=0.442	asm_calls=85	asm_words=690729	asm_ms=0.1	rst_calls=8370	rst_words=12222560	rst_ms=1.8	rst_tail_ms=1.7	elims=1216633	fullclear_words=11619936	sparse_words=1723747	sparse_clears=0
LIFT	sonet21v6	8232	4221	32722	4221
COUNTS	sonet21v6	8232	40744	1643311	1585871
COPYSTATS	sonet21v6	secs=0.571	asm_calls=40	asm_words=15978808	asm_ms=9.0	rst_calls=1301	rst_words=47284197	rst_ms=26.4	rst_tail_ms=0.8	elims=440433	fullclear_words=42603077	sparse_words=688006	sparse_clears=0
LIFT	squfl010-080	2490	890	3200	890
COUNTS	squfl010-080	2490	6400	27665	27665
COPYSTATS	squfl010-080	secs=0.297	asm_calls=36	asm_words=1653178	asm_ms=0.3	rst_calls=13677	rst_words=14440598	rst_ms=2.3	rst_tail_ms=1.4	elims=1131816	fullclear_words=14158414	sparse_words=1371096	sparse_clears=0
LIFT	genpooling_lee2	221	145	896	145
COUNTS	genpooling_lee2	221	1048	19895	14028
COPYSTATS	genpooling_lee2	secs=0.354	asm_calls=47	asm_words=37360	asm_ms=0.0	rst_calls=20168	rst_words=12789650	rst_ms=0.9	rst_tail_ms=2.8	elims=3310193	fullclear_words=12146972	sparse_words=4011964	sparse_clears=0
LIFT	popdynm25	2807	2349	13004	2349
COUNTS	popdynm25	2807	13904	360081	286684
COPYSTATS	popdynm25	secs=1.018	asm_calls=243	asm_words=4256390	asm_ms=1.0	rst_calls=61278	rst_words=40972797	rst_ms=9.0	rst_tail_ms=9.2	elims=7118133	fullclear_words=37318799	sparse_words=11636403	sparse_clears=0
LIFT	chp_partload	5211	3186	12690	3186
COUNTS	chp_partload	5211	16740	509170	373130
COPYSTATS	chp_partload	secs=1.321	asm_calls=285	asm_words=11560351	asm_ms=5.4	rst_calls=215516	rst_words=68276478	rst_ms=33.0	rst_tail_ms=17.0	elims=11105033	fullclear_words=62604875	sparse_words=14678591	sparse_clears=0
LIFT	qspp_0_14_0_1_10_1	560	364	119024	364
COUNTS	qspp_0_14_0_1_10_1	560	120274	16119226	16021109
COPYSTATS	qspp_0_14_0_1_10_1	secs=0.313	asm_calls=21	asm_words=97008	asm_ms=0.0	rst_calls=58	rst_words=278720	rst_ms=0.0	rst_tail_ms=0.0	elims=28326	fullclear_words=251948	sparse_words=130826	sparse_clears=0
COUNTS	st_glmp_ss1	24	66	160	160
COPYSTATS	st_glmp_ss1	secs=0.219	asm_calls=27	asm_words=648	asm_ms=0.0	rst_calls=310207	rst_words=7444968	rst_ms=6.6	rst_tail_ms=11.2	elims=6834497	fullclear_words=6834497	sparse_words=6643983	sparse_clears=0
LIFT	torsion50	2508	1302	20190	1302
COUNTS	torsion50	2508	29808	1691033	1118914
COPYSTATS	torsion50	secs=0.814	asm_calls=173	asm_words=3554962	asm_ms=0.8	rst_calls=24269	rst_words=17743723	rst_ms=3.9	rst_tail_ms=3.1	elims=1626390	fullclear_words=16008232	sparse_words=4386866	sparse_clears=0
LIFT	st_rv2	40	10	90	10
COUNTS	st_rv2	40	340	2045	2045
COPYSTATS	st_rv2	secs=0.309	asm_calls=27	asm_words=1072	asm_ms=0.0	rst_calls=144849	rst_words=5791960	rst_ms=3.2	rst_tail_ms=10.4	elims=5422706	fullclear_words=5422706	sparse_words=5327790	sparse_clears=0
LIFT	emfl100_3_3	6885	2961	8100	2961
COUNTS	emfl100_3_3	6885	15948	55506	55506
COPYSTATS	emfl100_3_3	secs=0.220	asm_calls=19	asm_words=3721302	asm_ms=2.0	rst_calls=1012	rst_words=9834318	rst_ms=5.2	rst_tail_ms=0.3	elims=144001	fullclear_words=7892564	sparse_words=186418	sparse_clears=0
COUNTS	pedigree_sim400	351	23546	1183471	1183168
COPYSTATS	pedigree_sim400	secs=0.000	asm_calls=0	asm_words=0	asm_ms=0.0	rst_calls=0	rst_words=0	rst_ms=0.0	rst_tail_ms=0.0	elims=0	fullclear_words=0	sparse_words=0	sparse_clears=0
COUNTS	polygon75	5846	49652	1171822	1171822
COPYSTATS	polygon75	secs=0.000	asm_calls=0	asm_words=0	asm_ms=0.0	rst_calls=0	rst_words=0	rst_ms=0.0	rst_tail_ms=0.0	elims=0	fullclear_words=0	sparse_words=0	sparse_clears=0
LIFT	gabriel10	244056	129644	1260406	129644
COUNTS	gabriel10	244056	1148210	1365442310	1267760679
COPYSTATS	gabriel10	secs=0.685	asm_calls=0	asm_words=0	asm_ms=0.0	rst_calls=0	rst_words=0	rst_ms=0.0	rst_tail_ms=0.0	elims=0	fullclear_words=0	sparse_words=0	sparse_clears=0
LIFT	fo9_ar25_1	1049	507	3606	507
COUNTS	fo9_ar25_1	1049	4336	41668	38237
COPYSTATS	fo9_ar25_1	secs=0.426	asm_calls=74	asm_words=647349	asm_ms=0.1	rst_calls=31020	rst_words=14330680	rst_ms=3.4	rst_tail_ms=2.2	elims=1414981	fullclear_words=13878795	sparse_words=2174011	sparse_clears=0
LIFT	rsyn0840m	1159	610	2176	610
COUNTS	rsyn0840m	1159	3168	11274	10602
COPYSTATS	rsyn0840m	secs=0.516	asm_calls=119	asm_words=779949	asm_ms=0.1	rst_calls=77083	rst_words=16668225	rst_ms=5.3	rst_tail_ms=4.8	elims=3318133	fullclear_words=15465639	sparse_words=4380691	sparse_clears=0
LIFT	gancns	548	318	2280	318
COUNTS	gancns	548	2800	69234	58299
COPYSTATS	gancns	secs=0.559	asm_calls=78	asm_words=228345	asm_ms=0.0	rst_calls=18744	rst_words=12751955	rst_ms=2.1	rst_tail_ms=2.5	elims=1873260	fullclear_words=11986318	sparse_words=4466975	sparse_clears=0
LIFT	o9_ar4_1	1049	507	3606	507
COUNTS	o9_ar4_1	1049	4336	41668	38237
COPYSTATS	o9_ar4_1	secs=0.417	asm_calls=74	asm_words=647349	asm_ms=0.1	rst_calls=30976	rst_words=13546028	rst_ms=3.4	rst_tail_ms=2.2	elims=1368746	fullclear_words=13092800	sparse_words=2101900	sparse_clears=0
LIFT	ex1265a	123	79	472	79
COUNTS	ex1265a	123	560	3948	3750
COPYSTATS	ex1265a	secs=0.412	asm_calls=53	asm_words=10524	asm_ms=0.0	rst_calls=56420	rst_words=10165499	rst_ms=1.5	rst_tail_ms=5.1	elims=5297643	fullclear_words=9582031	sparse_words=6637941	sparse_clears=0
COUNTS	ex9_2_6	28	68	190	190
COPYSTATS	ex9_2_6	secs=0.234	asm_calls=27	asm_words=688	asm_ms=0.0	rst_calls=261405	rst_words=7220332	rst_ms=5.7	rst_tail_ms=9.8	elims=6650787	fullclear_words=6650787	sparse_words=5833293	sparse_clears=0
LIFT	qspp_0_13_0_1_10_1	481	312	87460	312
COUNTS	qspp_0_13_0_1_10_1	481	88522	10150185	10095353
COPYSTATS	qspp_0_13_0_1_10_1	secs=0.254	asm_calls=22	asm_words=78209	asm_ms=0.0	rst_calls=88	rst_words=328825	rst_ms=0.1	rst_tail_ms=0.0	elims=39329	fullclear_words=311466	sparse_words=155934	sparse_clears=0
LIFT	slay04m	146	62	264	62
COUNTS	slay04m	146	432	1554	1554
COPYSTATS	slay04m	secs=0.267	asm_calls=46	asm_words=12563	asm_ms=0.0	rst_calls=47963	rst_words=11230958	rst_ms=1.7	rst_tail_ms=4.1	elims=4444305	fullclear_words=10613161	sparse_words=5569608	sparse_clears=0
COUNTS	st_e25	20	92	336	262
COPYSTATS	st_e25	secs=0.000	asm_calls=0	asm_words=0	asm_ms=0.0	rst_calls=0	rst_words=0	rst_ms=0.0	rst_tail_ms=0.0	elims=0	fullclear_words=0	sparse_words=0	sparse_clears=0
LIFT	ex8_4_1	32	12	40	12
COUNTS	ex8_4_1	32	100	225	225
COPYSTATS	ex8_4_1	secs=0.319	asm_calls=27	asm_words=864	asm_ms=0.0	rst_calls=280105	rst_words=8963360	rst_ms=6.0	rst_tail_ms=11.8	elims=8162192	fullclear_words=8162192	sparse_words=8012471	sparse_clears=0
COUNTS	st_e07	19	60	199	199
COPYSTATS	st_e07	secs=0.300	asm_calls=23	asm_words=437	asm_ms=0.0	rst_calls=481203	rst_words=9142857	rst_ms=10.2	rst_tail_ms=13.0	elims=8169447	fullclear_words=8169447	sparse_words=7872059	sparse_clears=0
COUNTS	ex1225	26	66	171	161
COPYSTATS	ex1225	secs=0.246	asm_calls=40	asm_words=1040	asm_ms=0.0	rst_calls=299032	rst_words=7774832	rst_ms=6.3	rst_tail_ms=11.2	elims=6926312	fullclear_words=6926312	sparse_words=6757634	sparse_clears=0
LIFT	ndcc13	969	735	6656	735
COUNTS	ndcc13	969	5882	525212	324727
COPYSTATS	ndcc13	secs=0.647	asm_calls=115	asm_words=622180	asm_ms=0.1	rst_calls=33340	rst_words=12530722	rst_ms=3.4	rst_tail_ms=2.7	elims=1396949	fullclear_words=11190330	sparse_words=3300742	sparse_clears=0
LIFT	syn10m04m	1224	620	2256	620
COUNTS	syn10m04m	1224	3384	13501	13463
COPYSTATS	syn10m04m	secs=0.435	asm_calls=112	asm_words=770386	asm_ms=0.1	rst_calls=33472	rst_words=13175968	rst_ms=3.0	rst_tail_ms=3.2	elims=2314173	fullclear_words=12524481	sparse_words=3224779	sparse_clears=0
COUNTS	ex5_2_4	18	62	204	193
COPYSTATS	ex5_2_4	secs=0.297	asm_calls=33	asm_words=594	asm_ms=0.0	rst_calls=512107	rst_words=9217926	rst_ms=10.5	rst_tail_ms=13.5	elims=8351187	fullclear_words=8351187	sparse_words=8012058	sparse_clears=0
LIFT	st_m2	72	21	420	21
COUNTS	st_m2	72	1226	16331	16331
COPYSTATS	st_m2	secs=0.460	asm_calls=39	asm_words=4593	asm_ms=0.0	rst_calls=80367	rst_words=10432389	rst_ms=2.1	rst_tail_ms=5.6	elims=5293626	fullclear_words=9991722	sparse_words=8359386	sparse_clears=0
COUNTS	st_bpk1	16	44	115	108
COPYSTATS	st_bpk1	secs=0.228	asm_calls=33	asm_words=528	asm_ms=0.0	rst_calls=485012	rst_words=7760192	rst_ms=9.6	rst_tail_ms=12.5	elims=6884558	fullclear_words=6884558	sparse_words=6570093	sparse_clears=0
LIFT	multiplants_stg1	736	321	3112	321
COUNTS	multiplants_stg1	736	3594	197998	155496
COPYSTATS	multiplants_stg1	secs=0.693	asm_calls=72	asm_words=386164	asm_ms=0.1	rst_calls=5669	rst_words=13411029	rst_ms=2.1	rst_tail_ms=2.1	elims=1554778	fullclear_words=12442353	sparse_words=4064248	sparse_clears=0
LIFT	powerflow0300p	11251	6342	34748	6342
COUNTS	powerflow0300p	11251	41918	304705	289989
COPYSTATS	powerflow0300p	secs=1.189	asm_calls=406	asm_words=35336229	asm_ms=19.9	rst_calls=189863	rst_words=76811399	rst_ms=40.2	rst_tail_ms=14.8	elims=9184571	fullclear_words=56347389	sparse_words=11833760	sparse_clears=0
LIFT	nd_netgen-3000-1-1-b-b-ns_7	33155	15155	54000	15155
COUNTS	nd_netgen-3000-1-1-b-b-ns_7	33155	90000	922197	883821
COPYSTATS	nd_netgen-3000-1-1-b-b-ns_7	secs=0.815	asm_calls=172	asm_words=138027785	asm_ms=51.8	rst_calls=14746	rst_words=69945791	rst_ms=22.4	rst_tail_ms=4.2	elims=3295414	fullclear_words=67885117	sparse_words=3677218	sparse_clears=0
LIFT	sonet23v4	803	547	5952	547
COUNTS	sonet23v4	803	6462	139703	94348
COPYSTATS	sonet23v4	secs=0.747	asm_calls=102	asm_words=396462	asm_ms=0.1	rst_calls=81789	rst_words=16583059	rst_ms=6.1	rst_tail_ms=5.4	elims=3337074	fullclear_words=15336065	sparse_words=4029418	sparse_clears=0
LIFT	pooling_sppa0pq	1649	1648	24190	1648
COUNTS	pooling_sppa0pq	1649	24192	3745896	1187376
COPYSTATS	pooling_sppa0pq	secs=0.806	asm_calls=115	asm_words=1475032	asm_ms=0.3	rst_calls=8551	rst_words=19803267	rst_ms=3.0	rst_tail_ms=2.1	elims=1261953	fullclear_words=18447186	sparse_words=3679099	sparse_clears=0
LIFT	multiplants_mtg1b	645	406	4016	406
COUNTS	multiplants_mtg1b	645	4404	229415	152043
COPYSTATS	multiplants_mtg1b	secs=0.662	asm_calls=62	asm_words=299483	asm_ms=0.0	rst_calls=8651	rst_words=12095964	rst_ms=1.8	rst_tail_ms=1.9	elims=1372605	fullclear_words=11440683	sparse_words=2952550	sparse_clears=0
LIFT	sssd18-08persp	338	138	768	138
COUNTS	sssd18-08persp	338	1168	4654	4654
COPYSTATS	sssd18-08persp	secs=0.330	asm_calls=52	asm_words=55742	asm_ms=0.0	rst_calls=28722	rst_words=16605822	rst_ms=2.0	rst_tail_ms=3.4	elims=3511121	fullclear_words=15842656	sparse_words=4307690	sparse_clears=0
COUNTS	ex9_1_2	19	54	188	179
COPYSTATS	ex9_1_2	secs=0.242	asm_calls=33	asm_words=627	asm_ms=0.0	rst_calls=368791	rst_words=7007029	rst_ms=8.0	rst_tail_ms=10.8	elims=6282425	fullclear_words=6282425	sparse_words=6061971	sparse_clears=0
LIFT	crudeoil_lee1_07	3670	1957	17600	1957
COUNTS	crudeoil_lee1_07	3670	19322	4746188	3537109
COPYSTATS	crudeoil_lee1_07	secs=1.162	asm_calls=225	asm_words=5701300	asm_ms=1.9	rst_calls=234411	rst_words=51643479	rst_ms=22.0	rst_tail_ms=18.2	elims=9380523	fullclear_words=38315825	sparse_words=11610710	sparse_clears=0
COUNTS	pooling_haverly1tp	31	96	423	403
COPYSTATS	pooling_haverly1tp	secs=0.309	asm_calls=40	asm_words=1240	asm_ms=0.0	rst_calls=276892	rst_words=8583652	rst_ms=6.0	rst_tail_ms=11.4	elims=7838800	fullclear_words=7838800	sparse_words=7675136	sparse_clears=0
LIFT	waterund08	230	120	1760	120
COUNTS	waterund08	230	1290	35284	30110
COPYSTATS	waterund08	secs=0.320	asm_calls=46	asm_words=37820	asm_ms=0.0	rst_calls=16030	rst_words=10360100	rst_ms=0.9	rst_tail_ms=2.2	elims=2610859	fullclear_words=9647960	sparse_words=4272316	sparse_clears=0
LIFT	kall_diffcircles_6	76	45	240	45
COUNTS	kall_diffcircles_6	76	302	1511	1511
COPYSTATS	kall_diffcircles_6	secs=0.247	asm_calls=36	asm_words=4305	asm_ms=0.0	rst_calls=74153	rst_words=10970617	rst_ms=2.1	rst_tail_ms=5.2	elims=5330315	fullclear_words=10603802	sparse_words=5339142	sparse_clears=0
LIFT	chimera_mgw-c8-439-onc8-001	440	423	3066	423
COUNTS	chimera_mgw-c8-439-onc8-001	440	3040	106479	80090
COPYSTATS	chimera_mgw-c8-439-onc8-001	secs=0.534	asm_calls=54	asm_words=142988	asm_ms=0.0	rst_calls=4159	rst_words=9656061	rst_ms=1.0	rst_tail_ms=1.6	elims=1388786	fullclear_words=9172257	sparse_words=4295754	sparse_clears=0
LIFT	waterund11	160	91	642	91
COUNTS	waterund11	160	828	14818	10705
COPYSTATS	waterund11	secs=0.385	asm_calls=50	asm_words=21909	asm_ms=0.0	rst_calls=30953	rst_words=11763649	rst_ms=1.2	rst_tail_ms=3.6	elims=3860054	fullclear_words=11018737	sparse_words=5862526	sparse_clears=0
LIFT	chp_shorttermplan2d	16364	8902	38240	8902
COUNTS	chp_shorttermplan2d	16364	52108	4089003	2054862
COPYSTATS	chp_shorttermplan2d	secs=1.019	asm_calls=250	asm_words=42490882	asm_ms=16.0	rst_calls=16690	rst_words=89770264	rst_ms=26.7	rst_tail_ms=6.1	elims=4930977	fullclear_words=77096678	sparse_words=7603947	sparse_clears=0
LIFT	sporttournament18	156	136	810	136
COUNTS	sporttournament18	156	886	17568	13608
COPYSTATS	sporttournament18	secs=0.414	asm_calls=49	asm_words=22572	asm_ms=0.0	rst_calls=23513	rst_words=10769064	rst_ms=1.2	rst_tail_ms=2.9	elims=3253112	fullclear_words=9759336	sparse_words=8887727	sparse_clears=0
COUNTS	cvxnonsep_psig30	30	870	9455	9455
COPYSTATS	cvxnonsep_psig30	secs=0.000	asm_calls=0	asm_words=0	asm_ms=0.0	rst_calls=0	rst_words=0	rst_ms=0.0	rst_tail_ms=0.0	elims=0	fullclear_words=0	sparse_words=0	sparse_clears=0
LIFT	ringpack_20_2	6089	3132	37034	3132
COUNTS	ringpack_20_2	6089	40368	1872174	707413
COPYSTATS	ringpack_20_2	secs=0.574	asm_calls=89	asm_words=7125564	asm_ms=3.8	rst_calls=6321	rst_words=30763021	rst_ms=15.6	rst_tail_ms=1.6	elims=868518	fullclear_words=26932822	sparse_words=1331227	sparse_clears=0
LIFT	blend718	1386	808	3138	808
COUNTS	blend718	1386	4310	70355	61466
COPYSTATS	blend718	secs=0.508	asm_calls=89	asm_words=1015191	asm_ms=0.2	rst_calls=14238	rst_words=17153254	rst_ms=2.8	rst_tail_ms=2.5	elims=1719573	fullclear_words=16451949	sparse_words=2768161	sparse_clears=0
LIFT	wastepaper4	115	50	654	50
COUNTS	wastepaper4	115	724	9711	7183
COPYSTATS	wastepaper4	secs=0.398	asm_calls=52	asm_words=10703	asm_ms=0.0	rst_calls=45409	rst_words=9853006	rst_ms=1.2	rst_tail_ms=4.4	elims=4656992	fullclear_words=9283212	sparse_words=8019989	sparse_clears=0
LIFT	squfl010-040persp	2450	850	4000	850
COUNTS	squfl010-040persp	2450	7200	22825	22825
COPYSTATS	squfl010-040persp	secs=0.317	asm_calls=67	asm_words=1630530	asm_ms=0.3	rst_calls=25497	rst_words=15911162	rst_ms=3.1	rst_tail_ms=2.4	elims=1639088	fullclear_words=15324422	sparse_words=2098251	sparse_clears=0
LIFT	crudeoil_lee4_06	10429	6797	109128	6797
COUNTS	crudeoil_lee4_06	10429	55492	65337120	32317004
COPYSTATS	crudeoil_lee4_06	secs=1.242	asm_calls=215	asm_words=12550939	asm_ms=7.2	rst_calls=58459	rst_words=48495407	rst_ms=20.4	rst_tail_ms=7.3	elims=4343722	fullclear_words=34020336	sparse_words=6990557	sparse_clears=0
LIFT	netmod_kar1	1746	798	3664	798
COUNTS	netmod_kar1	1746	4928	56838	43864
COPYSTATS	netmod_kar1	secs=0.758	asm_calls=119	asm_words=1656291	asm_ms=0.3	rst_calls=49651	rst_words=37468192	rst_ms=8.2	rst_tail_ms=6.9	elims=3816007	fullclear_words=36148935	sparse_words=5386815	sparse_clears=0
COUNTS	ex8_1_7	14	46	137	128
COPYSTATS	ex8_1_7	secs=0.263	asm_calls=27	asm_words=378	asm_ms=0.0	rst_calls=613510	rst_words=8589140	rst_ms=12.0	rst_tail_ms=14.9	elims=7787403	fullclear_words=7787403	sparse_words=7361308	sparse_clears=0
LIFT	graphpart_3g-0333-0333	108	81	648	81
COUNTS	graphpart_3g-0333-0333	108	648	44928	36228
COPYSTATS	graphpart_3g-0333-0333	secs=0.315	asm_calls=46	asm_words=9612	asm_ms=0.0	rst_calls=27398	rst_words=5645268	rst_ms=0.8	rst_tail_ms=2.5	elims=2595788	fullclear_words=5191576	sparse_words=4321277	sparse_clears=0
LIFT	slay05h	760	340	1400	340
COUNTS	slay05h	760	2080	9815	8795
COPYSTATS	slay05h	secs=0.447	asm_calls=108	asm_words=343604	asm_ms=0.1	rst_calls=22880	rst_words=14620292	rst_ms=2.5	rst_tail_ms=3.8	elims=2530879	fullclear_words=13708129	sparse_words=3977816	sparse_clears=0
LIFT	korcns	156	92	598	92
COUNTS	korcns	156	712	7241	6599
COPYSTATS	korcns	secs=0.430	asm_calls=71	asm_words=23933	asm_ms=0.0	rst_calls=34519	rst_words=12049361	rst_ms=1.5	rst_tail_ms=3.9	elims=4171706	fullclear_words=11409604	sparse_words=7492527	sparse_clears=0
LIFT	powerflow0118p	5065	2810	15480	2810
COUNTS	powerflow0118p	5065	18730	121503	117327
COPYSTATS	powerflow0118p	secs=1.241	asm_calls=322	asm_words=10924139	asm_ms=5.0	rst_calls=228112	rst_words=63397947	rst_ms=30.7	rst_tail_ms=17.6	elims=11747438	fullclear_words=57619274	sparse_words=13947487	sparse_clears=0
LIFT	sfacloc2_3_80	4799	2402	16046	2402
COUNTS	sfacloc2_3_80	4799	20600	84672	81119
COPYSTATS	sfacloc2_3_80	secs=0.924	asm_calls=140	asm_words=7438121	asm_ms=3.3	rst_calls=50400	rst_words=40888196	rst_ms=18.4	rst_tail_ms=4.5	elims=2820219	fullclear_words=38795779	sparse_words=3256033	sparse_clears=0
LIFT	rsyn0820m04m	6028	3144	12532	3144
COUNTS	rsyn0820m04m	6028	17372	196890	152748
COPYSTATS	rsyn0820m04m	secs=1.220	asm_calls=235	asm_words=9921847	asm_ms=6.0	rst_calls=193989	rst_words=50827580	rst_ms=31.5	rst_tail_ms=16.5	elims=10417967	fullclear_words=44045760	sparse_words=11547109	sparse_clears=0
LIFT	hydroenergy1	1046	570	2164	570
COUNTS	hydroenergy1	1046	3024	14089	14089
COPYSTATS	hydroenergy1	secs=0.254	asm_calls=61	asm_words=390858	asm_ms=0.1	rst_calls=12361	rst_words=11148032	rst_ms=1.8	rst_tail_ms=1.6	elims=1339302	fullclear_words=10383295	sparse_words=2565574	sparse_clears=0
LIFT	maxmin	181	103	1284	103
COUNTS	maxmin	181	1440	8405	8405
COPYSTATS	maxmin	secs=0.271	asm_calls=48	asm_words=17818	asm_ms=0.0	rst_calls=26633	rst_words=10889505	rst_ms=1.2	rst_tail_ms=3.4	elims=3882029	fullclear_words=10834056	sparse_words=3870845	sparse_clears=0
COUNTS	st_ht	8	18	51	44
COPYSTATS	st_ht	secs=0.228	asm_calls=27	asm_words=216	asm_ms=0.0	rst_calls=871131	rst_words=6969048	rst_ms=17.8	rst_tail_ms=18.1	elims=6285073	fullclear_words=6285073	sparse_words=5646137	sparse_clears=0
LIFT	crudeoil_lee2_06	6418	4139	66598	4139
COUNTS	crudeoil_lee2_06	6418	34646	23299675	15882492
COPYSTATS	crudeoil_lee2_06	secs=1.179	asm_calls=218	asm_words=11270831	asm_ms=6.1	rst_calls=131081	rst_words=50947000	rst_ms=22.2	rst_tail_ms=11.8	elims=5954068	fullclear_words=35959654	sparse_words=8533517	sparse_clears=0
LIFT	kan_r3_h1_n4	3183	2301	12330	2301
COUNTS	kan_r3_h1_n4	3183	14062	104945	98697
COPYSTATS	kan_r3_h1_n4	secs=0.656	asm_calls=186	asm_words=4392106	asm_ms=1.3	rst_calls=22997	rst_words=35596968	rst_ms=9.7	rst_tail_ms=4.6	elims=2981076	fullclear_words=34091062	sparse_words=5280328	sparse_clears=0
LIFT	primary	378	222	5294	222
COUNTS	primary	378	5610	109639	95258
COPYSTATS	primary	secs=0.513	asm_calls=69	asm_words=94242	asm_ms=0.0	rst_calls=12897	rst_words=15756712	rst_ms=1.2	rst_tail_ms=2.7	elims=2866411	fullclear_words=15321366	sparse_words=4214131	sparse_clears=0
LIFT	syn10m03hfsg	1071	591	1812	591
COUNTS	syn10m03hfsg	1071	2772	9890	9812
COPYSTATS	syn10m03hfsg	secs=0.425	asm_calls=98	asm_words=612515	asm_ms=0.1	rst_calls=18443	rst_words=15625172	rst_ms=2.8	rst_tail_ms=2.6	elims=1984419	fullclear_words=14762281	sparse_words=3002797	sparse_clears=0
LIFT	wastewater02m1	36	24	118	24
COUNTS	wastewater02m1	36	138	848	790
COPYSTATS	wastewater02m1	secs=0.343	asm_calls=40	asm_words=1432	asm_ms=0.0	rst_calls=203792	rst_words=7333896	rst_ms=4.9	rst_tail_ms=12.4	elims=6660948	fullclear_words=6660948	sparse_words=6541918	sparse_clears=0
LIFT	supplychainr1_022020	4620	2680	11920	2680
COUNTS	supplychainr1_022020	4620	15680	273140	273100
COPYSTATS	supplychainr1_022020	secs=0.548	asm_calls=120	asm_words=8069520	asm_ms=3.4	rst_calls=12528	rst_words=36502536	rst_ms=14.9	rst_tail_ms=2.1	elims=1109660	fullclear_words=34159063	sparse_words=2145820	sparse_clears=0
LIFT	squfl025-025persp	3800	1300	6250	1300
COUNTS	squfl025-025persp	3800	11250	49925	49925
COPYSTATS	squfl025-025persp	secs=0.247	asm_calls=27	asm_words=3196474	asm_ms=1.1	rst_calls=1139	rst_words=19510670	rst_ms=6.3	rst_tail_ms=0.7	elims=432949	fullclear_words=19410655	sparse_words=710960	sparse_clears=0
LIFT	ringpack_30_2	17999	9231	103922	9231
COUNTS	ringpack_30_2	17999	121458	12394600	2864237
COPYSTATS	ringpack_30_2	secs=0.849	asm_calls=74	asm_words=51254891	asm_ms=19.9	rst_calls=357	rst_words=61801071	rst_ms=23.2	rst_tail_ms=0.5	elims=171770	fullclear_words=25027633	sparse_words=279174	sparse_clears=0
LIFT	nuclear104	39098	26306	232222	26306
COUNTS	nuclear104	39098	257806	103156931	78332024
COPYSTATS	nuclear104	secs=0.891	asm_calls=197	asm_words=986086	asm_ms=0.2	rst_calls=28533	rst_words=32119701	rst_ms=7.1	rst_tail_ms=5.0	elims=2351640	fullclear_words=15982429	sparse_words=4322722	sparse_clears=0
LIFT	chp_shorttermplan1a	4952	2592	11264	2592
COUNTS	chp_shorttermplan1a	4952	15700	376486	299825
COPYSTATS	chp_shorttermplan1a	secs=0.892	asm_calls=164	asm_words=9789506	asm_ms=4.6	rst_calls=100992	rst_words=64052399	rst_ms=26.4	rst_tail_ms=10.1	elims=6856020	fullclear_words=59213819	sparse_words=9236008	sparse_clears=0
LIFT	rocket50	555	450	3272	450
COUNTS	rocket50	555	3488	19983	19265
COPYSTATS	rocket50	secs=0.524	asm_calls=51	asm_words=209550	asm_ms=0.0	rst_calls=9694	rst_words=13946325	rst_ms=2.0	rst_tail_ms=1.9	elims=1539438	fullclear_words=12737391	sparse_words=5757893	sparse_clears=0
LIFT	rsyn0840m04m	8508	4368	17360	4368
COUNTS	rsyn0840m04m	8508	24272	229914	184844
COPYSTATS	rsyn0840m04m	secs=1.343	asm_calls=253	asm_words=19454263	asm_ms=10.9	rst_calls=215681	rst_words=77780287	rst_ms=43.0	rst_tail_ms=18.1	elims=12029618	fullclear_words=68513784	sparse_words=13445017	sparse_clears=0
LIFT	mpbp_21	11716	6945	28072	6945
COUNTS	mpbp_21	11716	37660	1691114	1456963
COPYSTATS	mpbp_21	secs=0.754	asm_calls=190	asm_words=30346108	asm_ms=18.0	rst_calls=41415	rst_words=57148599	rst_ms=24.4	rst_tail_ms=7.3	elims=5845055	fullclear_words=46684304	sparse_words=7528974	sparse_clears=0
LIFT	orth_d4m6_pl	172	92	896	92
COUNTS	orth_d4m6_pl	172	1096	10938	10703
COPYSTATS	orth_d4m6_pl	secs=0.331	asm_calls=61	asm_words=23048	asm_ms=0.0	rst_calls=26865	rst_words=10552912	rst_ms=1.0	rst_tail_ms=3.2	elims=3718547	fullclear_words=10378103	sparse_words=4807567	sparse_clears=0
LIFT	kall_circlespolygons_c1p5b	1681	1245	6560	1245
COUNTS	kall_circlespolygons_c1p5b	1681	7432	201759	193841
COPYSTATS	kall_circlespolygons_c1p5b	secs=0.723	asm_calls=184	asm_words=1665212	asm_ms=0.3	rst_calls=42253	rst_words=19209518	rst_ms=4.6	rst_tail_ms=4.4	elims=2479619	fullclear_words=17428297	sparse_words=4092372	sparse_clears=0
LIFT	acopf_case9241pegase_qcqp	313068	201757	1141270	201757
COUNTS	acopf_case9241pegase_qcqp	313068	1292408	34647355	33736789
COPYSTATS	acopf_case9241pegase_qcqp	secs=0.650	asm_calls=0	asm_words=0	asm_ms=0.0	rst_calls=0	rst_words=0	rst_ms=0.0	rst_tail_ms=0.0	elims=0	fullclear_words=0	sparse_words=0	sparse_clears=0
LIFT	ex1223	33	18	54	18
COUNTS	ex1223	33	82	244	244
COPYSTATS	ex1223	secs=0.248	asm_calls=27	asm_words=891	asm_ms=0.0	rst_calls=210077	rst_words=6932541	rst_ms=4.5	rst_tail_ms=11.1	elims=6221419	fullclear_words=6221419	sparse_words=6105527	sparse_clears=0
COUNTS	ex6_1_4	10	48	197	153
COPYSTATS	ex6_1_4	secs=0.275	asm_calls=28	asm_words=280	asm_ms=0.0	rst_calls=836205	rst_words=8362050	rst_ms=16.4	rst_tail_ms=17.5	elims=7728597	fullclear_words=7728597	sparse_words=7067381	sparse_clears=0
LIFT	powerflow0014r	403	234	1432	234
COUNTS	powerflow0014r	403	1630	10761	10361
COPYSTATS	powerflow0014r	secs=0.382	asm_calls=62	asm_words=116314	asm_ms=0.0	rst_calls=9856	rst_words=15675736	rst_ms=1.5	rst_tail_ms=2.5	elims=2576371	fullclear_words=15031759	sparse_words=4580699	sparse_clears=0
LIFT	knp5-43	2065	1119	29756	1119
COUNTS	knp5-43	2065	31132	3517788	3517788
COPYSTATS	knp5-43	secs=0.335	asm_calls=19	asm_words=791873	asm_ms=0.1	rst_calls=101	rst_words=3596535	rst_ms=0.5	rst_tail_ms=0.2	elims=114802	fullclear_words=3531314	sparse_words=228448	sparse_clears=0
LIFT	gabriel09	21688	11348	105698	11348
COUNTS	gabriel09	21688	89702	29373994	25540477
COPYSTATS	gabriel09	secs=0.845	asm_calls=161	asm_words=8418652	asm_ms=3.0	rst_calls=11351	rst_words=52478209	rst_ms=18.3	rst_tail_ms=2.2	elims=1289669	fullclear_words=47554601	sparse_words=2051277	sparse_clears=0
LIFT	tln2	32	18	60	18
COUNTS	tln2	32	88	233	233
COPYSTATS	tln2	secs=0.241	asm_calls=27	asm_words=864	asm_ms=0.0	rst_calls=219624	rst_words=7027968	rst_ms=4.7	rst_tail_ms=9.2	elims=6301036	fullclear_words=6301036	sparse_words=6176114	sparse_clears=0
COUNTS	prob02	22	76	267	232
COPYSTATS	prob02	secs=0.296	asm_calls=33	asm_words=726	asm_ms=0.0	rst_calls=415838	rst_words=9148436	rst_ms=8.5	rst_tail_ms=13.0	elims=8319586	fullclear_words=8319586	sparse_words=8049915	sparse_clears=0
LIFT	blend146	1422	826	3252	826
COUNTS	blend146	1422	4460	78102	64296
COPYSTATS	blend146	secs=0.504	asm_calls=88	asm_words=1154304	asm_ms=0.2	rst_calls=10144	rst_words=17998192	rst_ms=2.7	rst_tail_ms=1.9	elims=1538460	fullclear_words=17354179	sparse_words=2671391	sparse_clears=0
LIFT	mpbp_46	4518	2728	10872	2728
COUNTS	mpbp_46	4518	14492	499547	447603
COPYSTATS	mpbp_46	secs=0.660	asm_calls=83	asm_words=7453838	asm_ms=3.2	rst_calls=4265	rst_words=38091177	rst_ms=15.1	rst_tail_ms=1.5	elims=901961	fullclear_words=36921250	sparse_words=1640857	sparse_clears=0
LIFT	tls6	413	291	2630	291
COUNTS	tls6	413	2860	18483	17511
COPYSTATS	tls6	secs=0.502	asm_calls=109	asm_words=154534	asm_ms=0.0	rst_calls=34754	rst_words=16748186	rst_ms=3.0	rst_tail_ms=4.6	elims=3587068	fullclear_words=16067400	sparse_words=6019939	sparse_clears=0
LIFT	emfl100_5_5	21925	9425	27300	9425
COUNTS	emfl100_5_5	21925	52300	221650	221650
COPYSTATS	emfl100_5_5	secs=0.345	asm_calls=17	asm_words=152572	asm_ms=0.0	rst_calls=412	rst_words=424124	rst_ms=0.1	rst_tail_ms=0.1	elims=45872	fullclear_words=374590	sparse_words=57717	sparse_clears=0
LIFT	qspp_0_11_0_1_10_1	341	220	43506	220
COUNTS	qspp_0_11_0_1_10_1	341	44264	3563707	3531915
COPYSTATS	qspp_0_11_0_1_10_1	secs=0.251	asm_calls=35	asm_words=59955	asm_ms=0.0	rst_calls=627	rst_words=1212744	rst_ms=0.1	rst_tail_ms=0.2	elims=202585	fullclear_words=1185602	sparse_words=673203	sparse_clears=0
LIFT	p_ball_10b_5p_4d_m	403	169	1116	169
COUNTS	p_ball_10b_5p_4d_m	403	1484	13581	13288
COPYSTATS	p_ball_10b_5p_4d_m	secs=0.371	asm_calls=69	asm_words=113349	asm_ms=0.0	rst_calls=16480	rst_words=15170027	rst_ms=1.6	rst_tail_ms=2.8	elims=2729652	fullclear_words=14791571	sparse_words=4600162	sparse_clears=0
LIFT	st_rv9	90	70	800	70
COUNTS	st_rv9	90	840	6691	6321
COPYSTATS	st_rv9	secs=0.345	asm_calls=51	asm_words=8740	asm_ms=0.0	rst_calls=52137	rst_words=8975140	rst_ms=1.5	rst_tail_ms=4.0	elims=4290929	fullclear_words=8581858	sparse_words=4961244	sparse_clears=0
LIFT	rsyn0840m02m	3486	1876	6568	1876
COUNTS	rsyn0840m02m	3486	9576	47529	44981
COPYSTATS	rsyn0840m02m	secs=0.924	asm_calls=209	asm_words=5204211	asm_ms=1.7	rst_calls=260678	rst_words=48004591	rst_ms=23.8	rst_tail_ms=15.5	elims=10081320	fullclear_words=44934009	sparse_words=11626109	sparse_clears=0
COUNTS	nvs05	22	84	277	266
COPYSTATS	nvs05	secs=0.305	asm_calls=33	asm_words=726	asm_ms=0.0	rst_calls=401578	rst_words=8834716	rst_ms=8.1	rst_tail_ms=16.2	elims=7986497	fullclear_words=7986497	sparse_words=7731483	sparse_clears=0
COUNTS	autocorr_bern25-19	28	612	5278	5278
COPYSTATS	autocorr_bern25-19	secs=0.000	asm_calls=0	asm_words=0	asm_ms=0.0	rst_calls=0	rst_words=0	rst_ms=0.0	rst_tail_ms=0.0	elims=0	fullclear_words=0	sparse_words=0	sparse_clears=0
LIFT	sssd20-08persp	356	140	800	140
COUNTS	sssd20-08persp	356	1232	4960	4960
COPYSTATS	sssd20-08persp	secs=0.333	asm_calls=54	asm_words=58512	asm_ms=0.0	rst_calls=30285	rst_words=15942008	rst_ms=2.1	rst_tail_ms=3.5	elims=3434911	fullclear_words=15212508	sparse_words=4281545	sparse_clears=0
LIFT	multiplants_stg5	827	310	3480	310
COUNTS	multiplants_stg5	827	3804	377794	155722
COPYSTATS	multiplants_stg5	secs=0.682	asm_calls=88	asm_words=496419	asm_ms=0.1	rst_calls=31009	rst_words=15329453	rst_ms=3.3	rst_tail_ms=3.4	elims=2269613	fullclear_words=13996555	sparse_words=4590731	sparse_clears=0
LIFT	chimera_rfr-02	2032	2012	15234	2012
COUNTS	chimera_rfr-02	2032	15140	3860441	2488340
COPYSTATS	chimera_rfr-02	secs=0.761	asm_calls=128	asm_words=1848653	asm_ms=0.4	rst_calls=48645	rst_words=17320220	rst_ms=4.6	rst_tail_ms=4.8	elims=2456462	fullclear_words=13717084	sparse_words=5370125	sparse_clears=0
LIFT	multiplants_stg1a	726	304	2994	304
COUNTS	multiplants_stg1a	726	3510	142058	121443
COPYSTATS	multiplants_stg1a	secs=0.747	asm_calls=108	asm_words=390601	asm_ms=0.1	rst_calls=66313	rst_words=16293672	rst_ms=5.3	rst_tail_ms=5.4	elims=3128235	fullclear_words=14799159	sparse_words=5579728	sparse_clears=0
LIFT	pooling_adhya4pq	170	93	790	93
COUNTS	pooling_adhya4pq	170	932	24314	16556
COPYSTATS	pooling_adhya4pq	secs=0.340	asm_calls=46	asm_words=21540	asm_ms=0.0	rst_calls=22337	rst_words=9402750	rst_ms=1.1	rst_tail_ms=2.7	elims=3071927	fullclear_words=8722589	sparse_words=3925749	sparse_clears=0
LIFT	nuclear10a	17493	15309	159656	15309
COUNTS	nuclear10a	17493	163816	82406325	55261703
COPYSTATS	nuclear10a	secs=0.922	asm_calls=206	asm_words=5397217	asm_ms=1.9	rst_calls=26513	rst_words=67879090	rst_ms=14.1	rst_tail_ms=6.6	elims=3165668	fullclear_words=40369673	sparse_words=6504790	sparse_clears=0
LIFT	sonet24v5	874	595	6704	595
COUNTS	sonet24v5	874	7260	185654	110276
COPYSTATS	sonet24v5	secs=0.765	asm_calls=100	asm_words=453750	asm_ms=0.1	rst_calls=59463	rst_words=15846599	rst_ms=5.0	rst_tail_ms=4.4	elims=2755629	fullclear_words=14695393	sparse_words=3417557	sparse_clears=0
LIFT	transswitch2736spr	69651	44696	297260	44696
COUNTS	transswitch2736spr	69651	331010	7933133	7281507
COPYSTATS	transswitch2736spr	secs=0.396	asm_calls=0	asm_words=0	asm_ms=0.0	rst_calls=0	rst_words=0	rst_ms=0.0	rst_tail_ms=0.0	elims=0	fullclear_words=0	sparse_words=0	sparse_clears=0
LIFT	chp_shorttermplan2a	8992	4760	18484	4760
COUNTS	chp_shorttermplan2a	8992	26288	821014	574732
COPYSTATS	chp_shorttermplan2a	secs=0.784	asm_calls=168	asm_words=21734133	asm_ms=12.4	rst_calls=40662	rst_words=59911426	rst_ms=32.4	rst_tail_ms=4.3	elims=2709159	fullclear_words=53210646	sparse_words=3891756	sparse_clears=0
LIFT	catmix200	1001	998	5580	998
COUNTS	catmix200	1001	5592	18173	18164
COPYSTATS	catmix200	secs=0.681	asm_calls=47	asm_words=662247	asm_ms=0.1	rst_calls=1393	rst_words=19837322	rst_ms=2.5	rst_tail_ms=1.3	elims=1123127	fullclear_words=17669616	sparse_words=3526675	sparse_clears=0
COUNTS	nvs23	27	252	1921	1221
COPYSTATS	nvs23	secs=0.000	asm_calls=0	asm_words=0	asm_ms=0.0	rst_calls=0	rst_words=0	rst_ms=0.0	rst_tail_ms=0.0	elims=0	fullclear_words=0	sparse_words=0	sparse_clears=0
COUNTS	oaer	20	40	107	107
COPYSTATS	oaer	secs=0.222	asm_calls=23	asm_words=460	asm_ms=0.0	rst_calls=381959	rst_words=7639180	rst_ms=8.1	rst_tail_ms=11.4	elims=7051666	fullclear_words=7051666	sparse_words=6772352	sparse_clears=0
LIFT	hybriddynamic_fixed	168	80	250	80
COUNTS	hybriddynamic_fixed	168	388	1103	1103
COPYSTATS	hybriddynamic_fixed	secs=0.216	asm_calls=31	asm_words=13296	asm_ms=0.0	rst_calls=26372	rst_words=10762824	rst_ms=1.3	rst_tail_ms=3.2	elims=3306901	fullclear_words=9592747	sparse_words=4387427	sparse_clears=0
LIFT	edgecross24-115	16747	8651	85448	8651
COUNTS	edgecross24-115	16747	77352	35096942	28128250
COPYSTATS	edgecross24-115	secs=0.748	asm_calls=11	asm_words=4523405	asm_ms=1.7	rst_calls=39	rst_words=44070420	rst_ms=16.9	rst_tail_ms=0.3	elims=177119	fullclear_words=43893014	sparse_words=290753	sparse_clears=0
LIFT	space25	1178	243	1212	243
COUNTS	space25	1178	4334	23567	22528
COPYSTATS	space25	secs=0.441	asm_calls=115	asm_words=755763	asm_ms=0.1	rst_calls=22182	rst_words=14593706	rst_ms=2.7	rst_tail_ms=2.5	elims=1994381	fullclear_words=14224915	sparse_words=2980174	sparse_clears=0
LIFT	methanol400	23999	19199	142128	19199
COUNTS	methanol400	23999	151728	2586036	1792285
COPYSTATS	methanol400	secs=0.928	asm_calls=149	asm_words=9033987	asm_ms=3.4	rst_calls=441348	rst_words=67979718	rst_ms=44.7	rst_tail_ms=15.2	elims=7293847	fullclear_words=61933040	sparse_words=7696939	sparse_clears=0
LIFT	pooling_foulds5tp	1218	659	7246	659
COUNTS	pooling_foulds5tp	1218	8364	251833	171941
COPYSTATS	pooling_foulds5tp	secs=0.649	asm_calls=56	asm_words=866009	asm_ms=0.1	rst_calls=1156	rst_words=16596107	rst_ms=2.2	rst_tail_ms=0.9	elims=920371	fullclear_words=16167994	sparse_words=2706750	sparse_clears=0
LIFT	pooling_sppa9tp	5040	2642	116234	2642
COUNTS	pooling_sppa9tp	5040	121302	104609262	16762686
COPYSTATS	pooling_sppa9tp	secs=0.728	asm_calls=182	asm_words=998602	asm_ms=0.5	rst_calls=218154	rst_words=25449771	rst_ms=17.1	rst_tail_ms=12.7	elims=5153396	fullclear_words=15199580	sparse_words=7453879	sparse_clears=0
COUNTS	st_miqp2	10	18	37	37
COPYSTATS	st_miqp2	secs=0.000	asm_calls=0	asm_words=0	asm_ms=0.0	rst_calls=0	rst_words=0	rst_ms=0.0	rst_tail_ms=0.0	elims=0	fullclear_words=0	sparse_words=0	sparse_clears=0
COUNTS	autocorr_bern30-23	33	878	8940	8940
COPYSTATS	autocorr_bern30-23	secs=0.000	asm_calls=0	asm_words=0	asm_ms=0.0	rst_calls=0	rst_words=0	rst_ms=0.0	rst_tail_ms=0.0	elims=0	fullclear_words=0	sparse_words=0	sparse_clears=0
LIFT	mpbp_15	9858	5550	25800	5550
COUNTS	mpbp_15	9858	31692	1496502	1163008
COPYSTATS	mpbp_15	secs=1.167	asm_calls=221	asm_words=26125774	asm_ms=14.9	rst_calls=66524	rst_words=86200073	rst_ms=37.4	rst_tail_ms=10.8	elims=8142369	fullclear_words=67978101	sparse_words=11634244	sparse_clears=0
COUNTS	cvxnonsep_psig30r	126	250	501	501
COPYSTATS	cvxnonsep_psig30r	secs=0.000	asm_calls=0	asm_words=0	asm_ms=0.0	rst_calls=0	rst_words=0	rst_ms=0.0	rst_tail_ms=0.0	elims=0	fullclear_words=0	sparse_words=0	sparse_clears=0
LIFT	rsyn0830hfsg	1590	876	2784	876
COUNTS	rsyn0830hfsg	1590	4100	16168	15383
COPYSTATS	rsyn0830hfsg	secs=0.686	asm_calls=146	asm_words=1350665	asm_ms=0.3	rst_calls=61993	rst_words=26582898	rst_ms=5.8	rst_tail_ms=5.6	elims=3619296	fullclear_words=24679659	sparse_words=5294559	sparse_clears=0
LIFT	crudeoil_pooling_ct1	1271	722	3626	722
COUNTS	crudeoil_pooling_ct1	1271	4642	125127	93553
COPYSTATS	crudeoil_pooling_ct1	secs=0.749	asm_calls=102	asm_words=1064352	asm_ms=0.2	rst_calls=31962	rst_words=26141290	rst_ms=4.8	rst_tail_ms=4.4	elims=3166796	fullclear_words=24478808	sparse_words=5351745	sparse_clears=0
LIFT	multiplants_stg1c	800	326	3346	326
COUNTS	multiplants_stg1c	800	3894	150039	143020
COPYSTATS	multiplants_stg1c	secs=0.684	asm_calls=98	asm_words=461686	asm_ms=0.1	rst_calls=53335	rst_words=14975993	rst_ms=4.5	rst_tail_ms=4.1	elims=2282327	fullclear_words=13837329	sparse_words=4436718	sparse_clears=0
COUNTS	st_pan1	11	32	123	94
COPYSTATS	st_pan1	secs=0.211	asm_calls=28	asm_words=308	asm_ms=0.0	rst_calls=650904	rst_words=7159944	rst_ms=12.9	rst_tail_ms=14.3	elims=6572912	fullclear_words=6572912	sparse_words=6086697	sparse_clears=0
LIFT	multiplants_stg1b	814	337	3456	337
COUNTS	multiplants_stg1b	814	3992	308612	187593
COPYSTATS	multiplants_stg1b	secs=0.742	asm_calls=86	asm_words=466358	asm_ms=0.1	rst_calls=34958	rst_words=13427748	rst_ms=3.3	rst_tail_ms=3.3	elims=1956829	fullclear_words=12479303	sparse_words=3919601	sparse_clears=0
LIFT	methanol200	11999	9599	71328	9599
COUNTS	methanol200	11999	76128	1290836	905945
COPYSTATS	methanol200	secs=0.893	asm_calls=227	asm_words=24912565	asm_ms=8.8	rst_calls=490093	rst_words=44243145	rst_ms=37.3	rst_tail_ms=19.2	elims=9684829	fullclear_words=24610432	sparse_words=9966340	sparse_clears=0
LIFT	faclay35	26778	13686	106196	13686
COUNTS	faclay35	26778	132380	33630126	32021838
COPYSTATS	faclay35	secs=0.581	asm_calls=16	asm_words=11330197	asm_ms=4.2	rst_calls=126	rst_words=11475733	rst_ms=4.2	rst_tail_ms=0.1	elims=51155	fullclear_words=11373898	sparse_words=107249	sparse_clears=0
LIFT	emfl050_5_5	13175	5675	17300	5675
COUNTS	emfl050_5_5	13175	32300	155400	155400
COPYSTATS	emfl050_5_5	secs=0.213	asm_calls=17	asm_words=133312	asm_ms=0.0	rst_calls=412	rst_words=404864	rst_ms=0.1	rst_tail_ms=0.1	elims=46588	fullclear_words=379882	sparse_words=58889	sparse_clears=0
LIFT	transswitch2383wpr	59853	37844	247952	37844
COUNTS	transswitch2383wpr	59853	277562	3946309	3861509
COPYSTATS	transswitch2383wpr	secs=0.516	asm_calls=56	asm_words=163528	asm_ms=0.0	rst_calls=3074	rst_words=2571422	rst_ms=0.5	rst_tail_ms=0.7	elims=538231	fullclear_words=2274302	sparse_words=796718	sparse_clears=0
LIFT	chimera_lga-01	1120	721	5500	721
COUNTS	chimera_lga-01	1120	6400	668019	494718
COPYSTATS	chimera_lga-01	secs=0.627	asm_calls=103	asm_words=820484	asm_ms=0.1	rst_calls=21951	rst_words=13486355	rst_ms=2.8	rst_tail_ms=3.1	elims=1932746	fullclear_words=11576218	sparse_words=4916030	sparse_clears=0
LIFT	gasprod_sarawak16	4596	2632	12316	2632
COUNTS	gasprod_sarawak16	4596	15316	213850	196064
COPYSTATS	gasprod_sarawak16	secs=1.172	asm_calls=266	asm_words=8766046	asm_ms=3.8	rst_calls=186971	rst_words=60623326	rst_ms=26.3	rst_tail_ms=14.1	elims=8778057	fullclear_words=53843773	sparse_words=11507615	sparse_clears=0
LIFT	crudeoil_lee4_09	15904	10632	92014	10632
COUNTS	crudeoil_lee4_09	15904	101792	208785578	128711210
COPYSTATS	crudeoil_lee4_09	secs=1.153	asm_calls=209	asm_words=4915130	asm_ms=1.7	rst_calls=32407	rst_words=43076730	rst_ms=11.4	rst_tail_ms=5.6	elims=3241835	fullclear_words=29375227	sparse_words=5637487	sparse_clears=0
LIFT	arki0013	44909	18463	161472	18463
COUNTS	arki0013	44909	160172	390472987	155777042
COPYSTATS	arki0013	secs=1.168	asm_calls=205	asm_words=32242306	asm_ms=11.6	rst_calls=12612	rst_words=53766276	rst_ms=15.2	rst_tail_ms=3.9	elims=2916532	fullclear_words=45721837	sparse_words=4995775	sparse_clears=0
LIFT	st_m1	42	11	110	11
COUNTS	st_m1	42	432	3097	3097
COPYSTATS	st_m1	secs=0.435	asm_calls=28	asm_words=1166	asm_ms=0.0	rst_calls=222741	rst_words=9352852	rst_ms=4.9	rst_tail_ms=13.7	elims=8828657	fullclear_words=8828657	sparse_words=8677949	sparse_clears=0
LIFT	mpbp_47	5310	3182	12798	3182
COUNTS	mpbp_47	5310	17098	730624	652208
COPYSTATS	mpbp_47	secs=1.107	asm_calls=197	asm_words=11202721	asm_ms=5.5	rst_calls=399702	rst_words=73411197	rst_ms=45.3	rst_tail_ms=24.2	elims=12569802	fullclear_words=62939053	sparse_words=14727760	sparse_clears=0
LIFT	rsyn0815m	821	434	1516	434
COUNTS	rsyn0815m	821	2242	8260	7745
COPYSTATS	rsyn0815m	secs=0.706	asm_calls=135	asm_words=390140	asm_ms=0.1	rst_calls=222908	rst_words=20598191	rst_ms=13.5	rst_tail_ms=10.5	elims=6795178	fullclear_words=18856945	sparse_words=8073888	sparse_clears=0
LIFT	arki0016	7993	4968	26810	4968
COUNTS	arki0016	7993	37208	878890	835661
COPYSTATS	arki0016	secs=1.311	asm_calls=331	asm_words=12976359	asm_ms=6.9	rst_calls=88780	rst_words=63057207	rst_ms=25.4	rst_tail_ms=11.5	elims=7516409	fullclear_words=49538647	sparse_words=11853292	sparse_clears=0
COUNTS	st_glmp_ss2	18	48	121	121
COPYSTATS	st_glmp_ss2	secs=0.223	asm_calls=23	asm_words=414	asm_ms=0.0	rst_calls=419909	rst_words=7558362	rst_ms=8.6	rst_tail_ms=14.0	elims=6825059	fullclear_words=6825059	sparse_words=6560127	sparse_clears=0
LIFT	rsyn0810m02hfsg	2670	1484	4808	1484
COUNTS	rsyn0810m02hfsg	2670	6964	36862	34794
COPYSTATS	rsyn0810m02hfsg	secs=0.896	asm_calls=192	asm_words=3535456	asm_ms=0.8	rst_calls=108909	rst_words=43737270	rst_ms=11.1	rst_tail_ms=10.2	elims=7342074	fullclear_words=40626720	sparse_words=10116632	sparse_clears=0
LIFT	pointpack06	55	34	234	34
COUNTS	pointpack06	55	276	1497	1497
COPYSTATS	pointpack06	secs=0.258	asm_calls=36	asm_words=1637	asm_ms=0.0	rst_calls=120946	rst_words=6557786	rst_ms=2.8	rst_tail_ms=8.3	elims=6357004	fullclear_words=6357004	sparse_words=6260044	sparse_clears=0
LIFT	syn40m04hfsg	6328	3492	11224	3492
COUNTS	syn40m04hfsg	6328	16896	76232	73526
COPYSTATS	syn40m04hfsg	secs=0.576	asm_calls=126	asm_words=10904490	asm_ms=6.0	rst_calls=21487	rst_words=35723821	rst_ms=19.1	rst_tail_ms=2.5	elims=1337995	fullclear_words=30962076	sparse_words=1799598	sparse_clears=0
LIFT	clay0304m	258	122	576	122
COUNTS	clay0304m	258	840	2742	2742
COPYSTATS	clay0304m	secs=0.297	asm_calls=47	asm_words=37764	asm_ms=0.0	rst_calls=22403	rst_words=15803666	rst_ms=1.4	rst_tail_ms=3.0	elims=3598508	fullclear_words=14855606	sparse_words=4490723	sparse_clears=0
LIFT	pooling_foulds5pq	1218	655	7342	655
COUNTS	pooling_foulds5pq	1218	8300	159641	159641
COPYSTATS	pooling_foulds5pq	secs=0.372	asm_calls=41	asm_words=504622	asm_ms=0.1	rst_calls=762	rst_words=8730675	rst_ms=1.1	rst_tail_ms=0.6	elims=524274	fullclear_words=8603725	sparse_words=1367129	sparse_clears=0
LIFT	clay0305hfsg	1000	485	2050	485
COUNTS	clay0305hfsg	1000	2910	12260	11240
COPYSTATS	clay0305hfsg	secs=0.569	asm_calls=130	asm_words=595838	asm_ms=0.1	rst_calls=52963	rst_words=17637361	rst_ms=4.4	rst_tail_ms=4.3	elims=3046665	fullclear_words=16420361	sparse_words=4097295	sparse_clears=0
LIFT	st_test8	64	44	192	44
COUNTS	st_test8	64	232	2343	1964
COPYSTATS	st_test8	secs=0.330	asm_calls=40	asm_words=2560	asm_ms=0.0	rst_calls=92630	rst_words=5928320	rst_ms=2.1	rst_tail_ms=6.8	elims=5546466	fullclear_words=5546466	sparse_words=5499962	sparse_clears=0
LIFT	gams05	17364	8487	278504	8487
COUNTS	gams05	17364	252910	6179750712	3259322396
COPYSTATS	gams05	secs=0.810	asm_calls=123	asm_words=1132214	asm_ms=0.3	rst_calls=32235	rst_words=12717492	rst_ms=3.6	rst_tail_ms=2.7	elims=1302932	fullclear_words=5876586	sparse_words=2011162	sparse_clears=0
COUNTS	sporttournament08	31	156	862	862
COPYSTATS	sporttournament08	secs=0.295	asm_calls=27	asm_words=837	asm_ms=0.0	rst_calls=230525	rst_words=7146275	rst_ms=4.9	rst_tail_ms=9.1	elims=6517291	fullclear_words=6517291	sparse_words=6367786	sparse_clears=0
LIFT	powerflow0030p	1121	642	3468	642
COUNTS	powerflow0030p	1121	4194	24944	23642
COPYSTATS	powerflow0030p	secs=0.544	asm_calls=125	asm_words=767463	asm_ms=0.1	rst_calls=36604	rst_words=16678200	rst_ms=3.6	rst_tail_ms=3.4	elims=2294713	fullclear_words=15932707	sparse_words=3890335	sparse_clears=0
LIFT	popdynm200	22407	18799	98384	18799
COUNTS	popdynm200	22407	105584	2567878	2404589
COPYSTATS	popdynm200	secs=1.010	asm_calls=233	asm_words=8033086	asm_ms=3.1	rst_calls=57501	rst_words=63661416	rst_ms=22.0	rst_tail_ms=7.9	elims=6461911	fullclear_words=60962293	sparse_words=9616657	sparse_clears=0
LIFT	mpbp_35	11120	6920	32350	6920
COUNTS	mpbp_35	11120	40790	3037207	975441
COPYSTATS	mpbp_35	secs=0.943	asm_calls=256	asm_words=31321077	asm_ms=18.3	rst_calls=19119	rst_words=67241136	rst_ms=27.0	rst_tail_ms=5.6	elims=5133795	fullclear_words=47502777	sparse_words=7752298	sparse_clears=0
LIFT	syn30m02m	1492	762	2608	762
COUNTS	syn30m02m	1492	3936	13752	13455
COPYSTATS	syn30m02m	secs=0.721	asm_calls=144	asm_words=1287744	asm_ms=0.3	rst_calls=216960	rst_words=23121025	rst_ms=12.6	rst_tail_ms=9.8	elims=6287048	fullclear_words=21257699	sparse_words=7572008	sparse_clears=0
LIFT	wastewater13m1	481	353	3026	353
COUNTS	wastewater13m1	481	3252	60135	60068
COPYSTATS	wastewater13m1	secs=0.477	asm_calls=125	asm_words=162169	asm_ms=0.0	rst_calls=48220	rst_words=12579327	rst_ms=3.8	rst_tail_ms=4.1	elims=2280968	fullclear_words=10997811	sparse_words=3456946	sparse_clears=0
LIFT	syn40hfsg	1022	573	1726	573
COUNTS	syn40hfsg	1022	2624	8432	8155
COPYSTATS	syn40hfsg	secs=0.477	asm_calls=100	asm_words=563711	asm_ms=0.1	rst_calls=47527	rst_words=16872606	rst_ms=4.1	rst_tail_ms=3.9	elims=2865536	fullclear_words=15488044	sparse_words=3988113	sparse_clears=0
LIFT	sep1	69	36	150	36
COUNTS	sep1	69	206	1097	1047
COPYSTATS	sep1	secs=0.244	asm_calls=54	asm_words=5818	asm_ms=0.0	rst_calls=71336	rst_words=9095045	rst_ms=1.9	rst_tail_ms=4.8	elims=4286293	fullclear_words=8414822	sparse_words=4371267	sparse_clears=0
LIFT	syn30m03m	2508	1278	4542	1278
COUNTS	syn30m03m	2508	6804	26806	26552
COPYSTATS	syn30m03m	secs=0.575	asm_calls=131	asm_words=3011441	asm_ms=0.7	rst_calls=49628	rst_words=29706992	rst_ms=7.3	rst_tail_ms=4.1	elims=2854547	fullclear_words=28367651	sparse_words=3952905	sparse_clears=0
COUNTS	st_qpc-m3a	30	304	2330	1574
COPYSTATS	st_qpc-m3a	secs=0.000	asm_calls=0	asm_words=0	asm_ms=0.0	rst_calls=0	rst_words=0	rst_ms=0.0	rst_tail_ms=0.0	elims=0	fullclear_words=0	sparse_words=0	sparse_clears=0
LIFT	crudeoil_pooling_ct3	2644	1586	9346	1586
COUNTS	crudeoil_pooling_ct3	2644	11426	1381490	865089
COPYSTATS	crudeoil_pooling_ct3	secs=0.964	asm_calls=139	asm_words=3106887	asm_ms=0.8	rst_calls=95649	rst_words=32509028	rst_ms=9.9	rst_tail_ms=7.6	elims=4663374	fullclear_words=28349109	sparse_words=7436041	sparse_clears=0
LIFT	space25a	634	417	2530	417
COUNTS	space25a	634	3246	29078	27875
COPYSTATS	space25a	secs=0.554	asm_calls=97	asm_words=294894	asm_ms=0.1	rst_calls=19630	rst_words=15647755	rst_ms=2.8	rst_tail_ms=2.9	elims=2363234	fullclear_words=15011723	sparse_words=3902184	sparse_clears=0
COUNTS	autocorr_bern20-15	23	394	2784	2784
COPYSTATS	autocorr_bern20-15	secs=0.000	asm_calls=0	asm_words=0	asm_ms=0.0	rst_calls=0	rst_words=0	rst_ms=0.0	rst_tail_ms=0.0	elims=0	fullclear_words=0	sparse_words=0	sparse_clears=0
LIFT	ex7_2_1	35	21	106	21
COUNTS	ex7_2_1	35	134	352	341
COPYSTATS	ex7_2_1	secs=0.322	asm_calls=40	asm_words=1396	asm_ms=0.0	rst_calls=250928	rst_words=8780859	rst_ms=5.6	rst_tail_ms=14.4	elims=7926989	fullclear_words=7926989	sparse_words=7786320	sparse_clears=0
LIFT	hydroenergy2	2092	1090	4556	1090
COUNTS	hydroenergy2	2092	6236	69051	55964
COPYSTATS	hydroenergy2	secs=1.259	asm_calls=236	asm_words=2308983	asm_ms=0.5	rst_calls=729987	rst_words=45989553	rst_ms=44.9	rst_tail_ms=30.6	elims=18262070	fullclear_words=39626053	sparse_words=20108131	sparse_clears=0
LIFT	pooling_digabel19	514	296	5918	296
COUNTS	pooling_digabel19	514	5340	325989	273993
COPYSTATS	pooling_digabel19	secs=0.579	asm_calls=54	asm_words=200483	asm_ms=0.0	rst_calls=3640	rst_words=12543290	rst_ms=1.7	rst_tail_ms=1.4	elims=1419333	fullclear_words=11785152	sparse_words=3754655	sparse_clears=0
LIFT	clay0203m	132	63	282	63
COUNTS	clay0203m	132	420	1348	1348
COPYSTATS	clay0203m	secs=0.326	asm_calls=44	asm_words=11416	asm_ms=0.0	rst_calls=60264	rst_words=14626058	rst_ms=2.4	rst_tail_ms=5.3	elims=5466833	fullclear_words=13642731	sparse_words=6260428	sparse_clears=0
LIFT	squfl030-150	13680	4680	18000	4680
COUNTS	squfl030-150	13680	36000	252605	252605
COPYSTATS	squfl030-150	secs=0.284	asm_calls=53	asm_words=14316	asm_ms=0.0	rst_calls=4584	rst_words=1130784	rst_ms=0.3	rst_tail_ms=0.7	elims=423254	fullclear_words=859170	sparse_words=522500	sparse_clears=0

--- every order() call, slowest first (TSV) ---
secs	matrix	n	nnz	ratio
1.3433	rsyn0840m04m	8508	24272	0.8040
1.3214	chp_partload	5211	16740	0.7328
1.3110	arki0016	7993	37208	0.9508
1.3062	transswitch0300p	11659	48446	0.9264
1.2586	hydroenergy2	2092	6236	0.8105
1.2420	crudeoil_lee4_06	10429	55492	0.4946
1.2407	powerflow0118p	5065	18730	0.9656
1.2204	rsyn0820m04m	6028	17372	0.7758
1.1890	powerflow0300p	11251	41918	0.9517
1.1798	batchs121208m	3404	11462	0.9332
1.1786	crudeoil_lee2_06	6418	34646	0.6817
1.1730	procurement1large	14416	41068	0.5261
1.1716	gasprod_sarawak16	4596	15316	0.9168
1.1684	arki0013	44909	160172	0.3989
1.1665	mpbp_15	9858	31692	0.7772
1.1617	crudeoil_lee1_07	3670	19322	0.7453
1.1582	chimera_selby-c16-02	2031	10878	0.5366
1.1535	crudeoil_lee4_09	15904	101792	0.6165
1.1176	crudeoil_lee4_10	17809	120632	0.6143
1.1116	pinene200	19995	97990	0.8336
1.1083	syn40m04m	4960	13792	0.9588
1.1070	mpbp_47	5310	17098	0.8927
1.1014	chimera_selby-c16-01	2031	10964	0.6666
1.0836	rsyn0815m04m	5456	15756	0.7779
1.0706	catmix400	2001	11192	0.9998
1.0672	rsyn0805m03m	2868	8270	0.8992
1.0512	mpbp_48	28368	91016	0.4741
1.0501	crudeoil_pooling_dt3	30660	152210	0.7050
1.0490	rsyn0830m04m	7252	20752	0.8085
1.0463	mpbp_07	9532	30810	0.9120
1.0185	chp_shorttermplan2d	16364	52108	0.5025
1.0179	popdynm25	2807	13904	0.7962
1.0095	popdynm200	22407	105584	0.9364
1.0048	crudeoil_pooling_dt2	18742	75910	0.6610
0.9939	rsyn0810m04m	4772	13836	0.7672
0.9636	crudeoil_pooling_ct3	2644	11426	0.6262
0.9434	mpbp_35	11120	40790	0.3212
0.9346	batchs201210m	5188	17910	0.8685
0.9279	methanol400	23999	151728	0.6931
0.9262	chimera_k64ising-02	1225	3846	0.6051
0.9243	sfacloc2_3_80	4799	20600	0.9580
0.9239	rsyn0840m02m	3486	9576	0.9464
0.9216	nuclear10a	17493	163816	0.6706
0.9131	crudeoil_li05	4225	14628	0.7845
0.8964	rsyn0810m02hfsg	2670	6964	0.9439
0.8927	methanol200	11999	76128	0.7018
0.8916	chp_shorttermplan1a	4952	15700	0.7964
0.8913	nuclear104	39098	257806	0.7593
0.8636	sfacloc2_4_80	5067	21424	0.9552
0.8490	ringpack_30_2	17999	121458	0.2311
0.8454	gabriel09	21688	89702	0.8695
0.8356	rsyn0815m02hfsg	3054	7968	0.9278
0.8151	nd_netgen-3000-1-1-b-b-ns_7	33155	90000	0.9584
0.8136	torsion50	2508	29808	0.6617
0.8135	waste	4825	21504	0.8654
0.8098	gams05	17364	252910	0.5274
0.8091	nuclear25a	1942	16030	0.5747
0.8057	pooling_sppa0pq	1649	24192	0.3170
0.7841	chp_shorttermplan2a	8992	26288	0.7000
0.7654	sonet24v5	874	7260	0.5940
0.7612	chimera_rfr-02	2032	15140	0.6446
0.7577	netmod_kar1	1746	4928	0.7717
0.7537	mpbp_21	11716	37660	0.8615
0.7526	mpbp_34	11556	40860	0.2880
0.7512	rsyn0820m02m	2486	6932	0.9368
0.7488	crudeoil_pooling_ct1	1271	4642	0.7477
0.7485	edgecross24-115	16747	77352	0.8014
0.7473	sonet23v4	803	6462	0.6753
0.7470	multiplants_stg1a	726	3510	0.8549
0.7461	ndcc12	974	5982	0.9527
0.7422	multiplants_stg1b	814	3992	0.6079
0.7287	oil	3270	8430	0.9572
0.7279	pooling_sppa9tp	5040	121302	0.1602
0.7231	kall_circlespolygons_c1p5b	1681	7432	0.9608
0.7215	syn30m02m	1492	3936	0.9784
0.7204	chimera_mgw-c16-2031-01	2032	15900	0.7717
0.7061	rsyn0815m	821	2242	0.9377
0.6945	gasprod_sarawak81	22536	75636	0.9118
0.6945	kall_circlesrectangles_c6r39	1306	5378	0.9850
0.6927	multiplants_stg1	736	3594	0.7853
0.6862	rsyn0830hfsg	1590	4100	0.9514
0.6851	gabriel10	244056	1148210	0.9285
0.6836	multiplants_stg1c	800	3894	0.9532
0.6823	multiplants_stg5	827	3804	0.4122
0.6806	catmix200	1001	5592	0.9995
0.6722	pooling_sppc3pq	23173	893724	0.2822
0.6617	multiplants_mtg1b	645	4404	0.6627
0.6604	mpbp_46	4518	14492	0.8960
0.6588	sporttournament48	1131	6676	0.6437
0.6556	kan_r3_h1_n4	3183	14062	0.9405
0.6503	acopf_case9241pegase_qcqp	313068	1292408	0.9737
0.6488	pooling_foulds5tp	1218	8364	0.6828
0.6473	ndcc13	969	5882	0.6183
0.6434	ndcc12persp	1112	5522	0.9521
0.6272	chimera_lga-01	1120	6400	0.7406
0.6236	risk2bpb	1462	5396	0.5574
0.5811	faclay35	26778	132380	0.9522
0.5789	pooling_digabel19	514	5340	0.8405
0.5756	syn40m04hfsg	6328	16896	0.9645
0.5753	syn30m03m	2508	6804	0.9905
0.5740	ringpack_20_2	6089	40368	0.3779
0.5711	sonet21v6	8232	40744	0.9650
0.5701	maxcsp-langford-3-11	660	29646	0.3098
0.5698	arki0002	4432	11248	0.9764
0.5690	clay0305hfsg	1000	2910	0.9168
0.5621	pooling_foulds4pq	1294	8302	0.9989
0.5614	graphpart_clique-30	120	2790	0.7961
0.5609	forest	713	2658	0.9933
0.5592	gancns	548	2800	0.8421
0.5559	sfacloc2_4_90	1491	4500	0.9104
0.5536	space25a	634	3246	0.9586
0.5515	graphpart_clique-20	80	1260	0.7985
0.5510	syn15m04m	1908	5288	0.9604
0.5508	faclay75	272878	1379706	0.9405
0.5485	supplychainr1_022020	4620	15680	0.9999
0.5444	powerflow0030p	1121	4194	0.9478
0.5434	pooling_sppb5pq	18529	674470	0.4077
0.5431	nd_netgen-2000-3-4-b-a-ns_7	22074	60000	0.9424
0.5382	slay09h	2718	7488	0.8982
0.5339	chimera_mgw-c8-439-onc8-001	440	3040	0.7522
0.5272	faclay30	16678	82242	0.9552
0.5239	rocket50	555	3488	0.9641
0.5209	p_ball_30b_7p_2d_h	2207	7516	0.9968
0.5157	rsyn0840m	1159	3168	0.9404
0.5156	transswitch2383wpr	59853	277562	0.9785
0.5131	primary	378	5610	0.8688
0.5122	p_ball_10b_7p_3d_h	1236	4186	0.9739
0.5100	chimera_mgw-c8-439-onc8-002	440	3038	0.8820
0.5080	blend718	1386	4310	0.8737
0.5073	p_ball_30b_5p_2d_h	1543	5224	0.9961
0.5037	blend146	1422	4460	0.8232
0.5016	tls6	413	2860	0.9474
0.5011	waternd2	615	2580	0.4806
0.4998	ringpack_20_3	6709	45220	0.3584
0.4854	edgecross10-030	1053	4654	0.7367
0.4779	qapw	705	87496	1.0000
0.4772	wastewater13m1	481	3252	0.9989
0.4767	syn40hfsg	1022	2624	0.9671
0.4761	blend721	1428	4548	0.8528
0.4601	st_m2	72	1226	1.0000
0.4585	squfl020-150	9170	24000	1.0000
0.4474	slay05h	760	2080	0.8961
0.4422	edgecross10-040	1053	5116	0.8867
0.4411	sonetgr17	440	2958	0.8190
0.4407	space25	1178	4334	0.9559
0.4400	ex8_3_9	123	834	0.7643
0.4353	edgecross14-156	3097	19664	0.9254
0.4346	st_m1	42	432	1.0000
0.4346	syn10m04m	1224	3384	0.9972
0.4304	syn40m	560	1528	0.9644
0.4300	korcns	156	712	0.9113
0.4260	fo9_ar25_1	1049	4336	0.9177
0.4255	syn10m03hfsg	1071	2772	0.9921
0.4192	clay0204hfsg	590	1696	0.9116
0.4186	glider400	10017	49624	0.8778
0.4169	o9_ar4_1	1049	4336	0.9177
0.4169	edgecross10-080	1053	5940	0.9638
0.4163	unitcommit_200_100_1_mod_8	146830	476332	0.9764
0.4152	waterund14	333	2204	0.3600
0.4140	sporttournament18	156	886	0.7746
0.4124	ex1265a	123	560	0.9498
0.4111	graphpart_clique-70	280	14910	0.8103
0.4028	edgecross10-090	1053	5204	0.8181
0.4012	st_e31	301	744	0.9389
0.3985	wastepaper4	115	724	0.7397
0.3960	transswitch2736spr	69651	331010	0.9179
0.3948	waterund01	96	404	0.7297
0.3847	waterund11	160	828	0.7224
0.3823	p_ball_10b_5p_2d_m	293	964	0.9848
0.3818	powerflow0014r	403	1630	0.9628
0.3770	wastewater05m1	98	536	0.6845
0.3765	pooling_sppc1pq	14100	477680	0.1683
0.3746	slay08m	660	2016	1.0000
0.3734	demo7	155	618	0.9573
0.3720	pooling_foulds5pq	1218	8300	1.0000
0.3711	p_ball_10b_5p_4d_m	403	1484	0.9784
0.3653	pooling_rt2tp	118	654	0.9864
0.3652	knp5-44	2157	32604	1.0000
0.3608	pooling_sppa9pq	5030	120730	0.6340
0.3601	graphpart_3g-0244-0244	128	672	0.9727
0.3567	supplychainr1_053050	16640	57800	1.0000
0.3563	wastepaper6	191	1416	1.0000
0.3546	lop97icx	1073	2118	0.8078
0.3541	genpooling_lee2	221	1048	0.7051
0.3454	st_rv9	90	840	0.9447
0.3449	emfl100_5_5	21925	52300	1.0000
0.3436	squfl015-060	2775	7200	1.0000
0.3434	wastewater02m1	36	138	0.9316
0.3432	prolog	64	292	0.9839
0.3431	kissing2	20772	401024	1.0000
0.3396	pooling_adhya4pq	170	932	0.6809
0.3371	slay07m	497	1512	1.0000
0.3354	knp5-43	2065	31132	1.0000
0.3333	sssd20-08persp	356	1232	1.0000
0.3310	orth_d4m6_pl	172	1096	0.9785
0.3298	sssd18-08persp	338	1168	1.0000
0.3298	st_test8	64	232	0.8382
0.3258	clay0203m	132	420	1.0000
0.3224	ex7_2_1	35	134	0.9688
0.3220	syn15hfsg	399	1022	0.9915
0.3204	tspn08	72	668	0.6863
0.3201	waterund08	230	1290	0.8534
0.3191	ex8_4_1	32	100	1.0000
0.3170	squfl010-040persp	2450	7200	1.0000
0.3153	graphpart_3g-0333-0333	108	648	0.8064
0.3131	qspp_0_14_0_1_10_1	560	120274	0.9939
0.3127	pooling_adhya4tp	170	936	0.7667
0.3091	pooling_haverly1tp	31	96	0.9527
0.3085	st_rv2	40	340	1.0000
0.3078	elf	124	376	0.7951
0.3075	pooling_haverly1pq	31	96	0.9782
0.3057	st_bpaf1a	30	120	0.9310
0.3055	clay0204m	222	704	1.0000
0.3050	nvs05	22	84	0.9603
0.3029	slay05m	240	720	1.0000
0.2998	st_e07	19	60	1.0000
0.2989	st_jcbpaf2	36	246	0.9437
0.2979	slay06m	357	1080	1.0000
0.2971	clay0304m	258	840	1.0000
0.2968	ex5_2_4	18	62	0.9461
0.2967	squfl010-080	2490	6400	1.0000
0.2956	prob02	22	76	0.8689
0.2955	ex1263a	94	390	1.0000
0.2949	sporttournament08	31	156	1.0000
0.2924	meanvar-orl400_05_e_8	4405	171604	1.0000
0.2908	csched1	110	376	1.0000
0.2904	squfl025-030	2305	6000	1.0000
0.2871	cont6-qq	120395	557994	0.6962
0.2837	squfl030-150	13680	36000	1.0000
0.2835	st_ph1	16	58	0.8504
0.2821	sssd25-08	401	1200	1.0000
0.2802	chain200	601	2396	1.0000
0.2799	pointpack04	29	120	1.0000
0.2749	ex6_1_4	10	48	0.7766
0.2717	st_bsj2	13	40	0.7972
0.2709	maxmin	181	1440	1.0000
0.2703	meanvar-orl400_05_e_7	5205	174804	0.9998
0.2687	maxcsp-ehi-85-297-71	2372	207996	0.8040
0.2666	slay04m	146	432	1.0000
0.2642	qspp_0_10_0_1_10_1	280	29636	0.9946
0.2632	ex8_1_7	14	46	0.9343
0.2620	qap	255	43748	0.9599
0.2581	pointpack06	55	276	1.0000
0.2574	nvs02	11	46	1.0000
0.2537	hydroenergy1	1046	3024	1.0000
0.2536	qspp_0_13_0_1_10_1	481	88522	0.9946
0.2515	qspp_0_11_0_1_10_1	341	44264	0.9911
0.2487	himmel11	14	60	1.0000
0.2482	ex1223	33	82	1.0000
0.2466	kall_diffcircles_6	76	302	1.0000
0.2466	squfl025-025persp	3800	11250	1.0000
0.2464	ex1225	26	66	0.9415
0.2441	sep1	69	206	0.9544
0.2434	ex1223b	25	66	1.0000
0.2415	ex9_1_2	19	54	0.9521
0.2413	ex2_1_3	31	72	1.0000
0.2412	tln2	32	88	1.0000
0.2338	st_qpk3	55	548	0.6881
0.2336	ex9_2_6	28	68	1.0000
0.2320	squfl015-080persp	7295	21600	1.0000
0.2294	ex3_1_3	18	36	0.9222
0.2278	st_ht	8	18	0.8627
0.2277	sssd15-04	163	440	1.0000
0.2275	st_bpk1	16	44	0.9391
0.2234	st_glmp_ss2	18	48	1.0000
0.2220	oaer	20	40	1.0000
0.2200	emfl100_3_3	6885	15948	1.0000
0.2195	chain400	1201	4796	1.0000
0.2188	st_glmp_ss1	24	66	1.0000
0.2163	hybriddynamic_fixed	168	388	1.0000
0.2153	st_ph13	23	68	0.8599
0.2129	emfl050_5_5	13175	32300	1.0000
0.2114	st_pan1	11	32	0.7642
0.1980	ex14_1_8	11	30	1.0000
0.1910	st_e22	12	30	0.9091
0.1899	ex9_2_4	15	36	1.0000
0.1589	watercontamination0303r	1310	37028	1.0000
0.0002	polygon75	5846	49652	1.0000
0.0001	pedigree_sim400	351	23546	0.9997
0.0000	camshape400	2000	7188	1.0000
0.0000	autocorr_bern20-15	23	394	1.0000
0.0000	st_qpc-m3a	30	304	0.6755
0.0000	autocorr_bern40-30	43	1534	1.0000
0.0000	autocorr_bern30-23	33	878	1.0000
0.0000	smallinvDAXr1b010-011	39	1120	0.9859
0.0000	autocorr_bern35-35fix	38	1264	1.0000
0.0000	cvxnonsep_psig30	30	870	1.0000
0.0000	autocorr_bern25-19	28	612	1.0000
0.0000	cvxnonsep_psig20	20	380	1.0000
0.0000	nvs23	27	252	0.6356
0.0000	nvs19	24	200	0.6534
0.0000	st_iqpbk1	22	98	1.0000
0.0000	st_e25	20	92	0.7798
0.0000	cvxnonsep_normcon40r	162	322	1.0000
0.0000	cvxnonsep_psig30r	126	250	1.0000
0.0000	st_e24	10	26	0.8906
0.0000	st_e41	8	32	1.0000
0.0000	cvxnonsep_normcon20r	82	162	1.0000
0.0000	st_miqp2	10	18	1.0000
0.0000	cvxnonsep_psig20r	86	170	1.0000
matrices under 0.010s: 23/300
matrices under 0.050s: 23/300
matrices under 0.100s: 23/300
matrices under 0.200s: 27/300
matrices under 0.400s: 136/300

--- per-bucket ---
lt_1k    count=147   geomean=0.8872
1k_10k   count=108   geomean=0.8373
gt_10k   count=45    geomean=0.6821
SCORE = 0.790179
WORST order() = 1.343 s
FORCEAUDIT	stage1b_sites=39	force_fires=0	unsound=0	core_total_mismatch=0	max_drift_ppm=0	worst_incumbent=0	worst_adopted=0	tie_window_opened=16	tie_pass_run=2
test ordering::probe::probe_timing_and_score ... ok

test result: ok. 1 passed; 0 failed; 0 ignored; 0 measured; 181 filtered out; finished in 155.20s

