warning: unused doc comment
    --> candidate-worker/src/../../src/ordering/mod.rs:1299:1
     |
1299 | / /// TEST-ONLY sweep switch for the mid-size `rgreedy` stream opened by the 0154
1300 | | /// engine census. Returns `(ops_budget, gate_variant, stream_count)`; a zero
1301 | | /// budget disables the stream, which is what production compiles to — the
1302 | | /// switch can never change a submitted ordering. Configured through
1303 | | /// `SSI_MID_ENGINE="<variant>:<budget>[:<streams>]"` so one build can sweep
1304 | | /// several gate/budget points.
     | |_------------------------------^
     |   |
     |   rustdoc does not generate documentation for macro invocations
     |
     = help: to document an item produced by a macro, the macro must produce the documentation as part of its expansion
     = note: `#[warn(unused_doc_comments)]` (part of `#[warn(unused)]`) on by default

warning: unused doc comment
    --> candidate-worker/src/../../src/ordering/mod.rs:1585:1
     |
1585 | / /// TEST-ONLY kill switch for the heavy-tier arm (metrics + no-dense AMD +
1586 | | /// extra AMF α), so a probe can A/B the arm in one process.
     | |_-----------------------------------------------------------^
     |   |
     |   rustdoc does not generate documentation for macro invocations
     |
     = help: to document an item produced by a macro, the macro must produce the documentation as part of its expansion

warning: unused doc comment
   --> candidate-worker/src/../../src/ordering/parallel.rs:335:1
    |
335 | / /// TEST-ONLY switch forcing every batch onto the sequential path, so a probe
336 | | /// can run the SAME `order()` both ways in one process and compare the
337 | | /// returned permutations element by element. Production builds compile
338 | | /// [`force_sequential`] down to a constant `false`.
    | |_---------------------------------------------------^
    |   |
    |   rustdoc does not generate documentation for macro invocations
    |
    = help: to document an item produced by a macro, the macro must produce the documentation as part of its expansion

warning: unused doc comment
   --> candidate-worker/src/../../src/ordering/parallel.rs:369:1
    |
369 | / /// TEST-ONLY per-phase wall-clock marks: `phase_mark(label, t0)` appends
370 | | /// `(label, secs since t0)`; `phase_take()` drains them. Lets a probe see which
371 | | /// stage of `order()` sets a row's critical path. Never compiled into the
372 | | /// shipped binary.
    | |_------------------^
    |   |
    |   rustdoc does not generate documentation for macro invocations
    |
    = help: to document an item produced by a macro, the macro must produce the documentation as part of its expansion

warning: unused doc comment
    --> candidate-worker/src/../../src/ordering/mod.rs:5186:5
     |
5186 | /     /// ── 0192: the window is the frontier's own chain scope ─────────────────
5187 | |     /// The chain no longer reaches above n = 10 000 (see `PEO_ALT_MAX_N`), so
5188 | |     /// the draw takes over the whole band the chain used to own. Measured on the
5189 | |     /// 300 dev rows: with the window at 50 000 instead of 12 000 the draw adds
...    |
5195 | |     /// spender there), and its worst row is 1.127 s against the frontier's
5196 | |     /// 1.160 s base, so the wide band stays below the frontier's own footprint.
     | |________________________________________________________________________________^
5197 |       #[cfg(test)]
5198 | /     let window_n: usize = std::env::var("SSI_TERM_WIN_N")
5199 | |         .ok()
5200 | |         .and_then(|v| v.trim().parse::<usize>().ok())
5201 | |         .unwrap_or(50_000);
     | |___________________________- rustdoc does not generate documentation for statements
     |
     = help: use `//` for a plain comment

warning: unused doc comment
    --> candidate-worker/src/../../src/ordering/mod.rs:5338:9
     |
5338 | /         /// `nnz < 3n` = the sparse band of the 0184 price law (66 of the 300 dev
5339 | |         /// rows, all of them in-window). Structural, never per-matrix.
     | |_______________________________________________________________________^
5340 | /         let shipped_ladder = || {
5341 | |             if nnz < 3 * n {
5342 | |                 SHIPPED_SPARSE_LADDER.to_vec()
5343 | |             } else {
...    |
5346 | |         };
     | |__________- rustdoc does not generate documentation for statements
     |
     = help: use `//` for a plain comment

warning: variable does not need to be mutable
    --> candidate-worker/src/../../src/ordering/probe.rs:4165:9
     |
4165 |     let mut next = |s: &mut u64| -> u64 {
     |         ----^^^^
     |         |
     |         help: remove this `mut`
     |
     = note: `#[warn(unused_mut)]` (part of `#[warn(unused)]`) on by default

warning: unused variable: `t_refine`
   --> candidate-worker/src/../../src/ordering/rgreedy/window_dp.rs:743:17
    |
743 |             let t_refine = std::time::Instant::now();
    |                 ^^^^^^^^ help: if this is intentional, prefix it with an underscore: `_t_refine`
    |
    = note: `#[warn(unused_variables)]` (part of `#[warn(unused)]`) on by default

warning: value assigned to `d` is never read
   --> candidate-worker/src/../../src/ordering/rgreedy.rs:733:29
    |
733 |                 let mut d = 0u32;
    |                             ^^^^
    |
    = help: maybe it is overwritten before being read?
    = note: `#[warn(unused_assignments)]` (part of `#[warn(unused)]`) on by default

warning: constant `SUBTREE_MAX_N` is never used
   --> candidate-worker/src/../../src/ordering/mod.rs:946:7
    |
946 | const SUBTREE_MAX_N: usize = 250_000;
    |       ^^^^^^^^^^^^^
    |
    = note: `#[warn(dead_code)]` (part of `#[warn(unused)]`) on by default

warning: function `refine` is never used
  --> candidate-worker/src/../../src/ordering/completion.rs:12:15
   |
12 | pub(super) fn refine(
   |               ^^^^^^

warning: function `audit_enabled` is never used
   --> candidate-worker/src/../../src/ordering/symbolic_flat.rs:316:15
    |
316 | pub(super) fn audit_enabled() -> bool {
    |               ^^^^^^^^^^^^^

warning: type alias `PermFn` is never used
  --> candidate-worker/src/../../src/ordering/parallel.rs:80:17
   |
80 | pub(crate) type PermFn<'a> = Box<dyn Fn() -> Option<Vec<usize>> + Sync + 'a>;
   |                 ^^^^^^

warning: function `run_perms` is never used
   --> candidate-worker/src/../../src/ordering/parallel.rs:189:15
    |
189 | pub(crate) fn run_perms(
    |               ^^^^^^^^^

warning: function `accept` is never used
   --> candidate-worker/src/../../src/ordering/parallel.rs:314:15
    |
314 | pub(crate) fn accept(results: &mut [CandOut], best_flops: &mut u64, best_perm: &mut Vec<usize>) -> bool {
    |               ^^^^^^

warning: function `minl_is_clique` is never used
   --> candidate-worker/src/../../src/ordering/minl.rs:134:4
    |
134 | fn minl_is_clique(adj: &[Vec<u32>], c: &[u32], ops: &mut i64) -> bool {
    |    ^^^^^^^^^^^^^^

warning: function `minl_try_delete_edge` is never used
   --> candidate-worker/src/../../src/ordering/minl.rs:230:4
    |
230 | fn minl_try_delete_edge(
    |    ^^^^^^^^^^^^^^^^^^^^

warning: function `run_sequential_180` is never used
   --> candidate-worker/src/../../src/ordering/indep_first.rs:725:4
    |
725 | fn run_sequential_180(sp: &ScoringPattern, ledger: u64) -> Option<(u64, Vec<usize>)> {
    |    ^^^^^^^^^^^^^^^^^^

warning: function `reset` is never used
   --> candidate-worker/src/../../src/ordering/mod.rs:560:19
    |
560 |     pub(crate) fn reset() {
    |                   ^^^^^

warning: `ssi-candidate-worker` (bin "ssi-candidate-worker" test) generated 19 warnings (run `cargo fix --bin "ssi-candidate-worker" -p ssi-candidate-worker --tests` to apply 2 suggestions)
    Finished `release` profile [optimized] target(s) in 0.02s
     Running unittests src/main.rs (target/release/deps/ssi_candidate_worker-9bc17c144118ca64)

running 1 test
LADGATE	7295	10000	0.224	1
LNS	squfl015-080persp	n=7295	nnz=21600	amd=74520	tip=74520	tip_s=0.241	tip_ratio=1.0000
    CONTROL identity-seed: ident=4322586975 -> f=74520 ratio=1.0000 secs=0.550
    throughput	2700511784 word-ops/s
    budget=4000000000	seed=0x9e3779b97f4a7c15	no-candidate	secs=1.481	acc=2.03
    throughput	5276593193 word-ops/s
    budget=20000000000	seed=0x9e3779b97f4a7c15	no-candidate	secs=3.790	acc=5.82
    budget=100000000000	SKIPPED	(predicted 19.0s on top of 5.8s spent exceeds the 10s row cap)
    FINAL	squfl015-080persp	tip=74520	best=74520	best_ratio=1.000000	won=false
LADGATE	2157	10000	0.210	1
LNS	knp5-44	n=2157	nnz=32604	amd=3764003	tip=3764003	tip_s=0.238	tip_ratio=1.0000
    CONTROL identity-seed: ident=446352578 -> f=3764003 ratio=1.0000 secs=0.249
    throughput	7464100025 word-ops/s
    budget=4000000000	seed=0x9e3779b97f4a7c15	no-candidate	secs=0.536	acc=0.78
    throughput	8936953237 word-ops/s
    budget=20000000000	seed=0x9e3779b97f4a7c15	no-candidate	secs=2.238	acc=3.02
    budget=100000000000	SKIPPED	(predicted 11.2s on top of 3.0s spent exceeds the 10s row cap)
    FINAL	knp5-44	tip=3764003	best=3764003	best_ratio=1.000000	won=false
LADGATE	4405	10000	0.158	1
LNS	meanvar-orl400_05_e_8	n=4405	nnz=171604	amd=21923414	tip=21922611	tip_s=0.277	tip_ratio=1.0000
    CONTROL identity-seed: ident=1439858617 -> f=21922611 ratio=1.0000 secs=0.466
    throughput	8285942386 word-ops/s
    budget=4000000000	seed=0x9e3779b97f4a7c15	no-candidate	secs=0.483	acc=0.95
    throughput	20591585311 word-ops/s
    budget=20000000000	seed=0x9e3779b97f4a7c15	no-candidate	secs=0.971	acc=1.92
    throughput	13270628190 word-ops/s
    budget=100000000000	seed=0x9e3779b97f4a7c15	no-candidate	secs=7.535	acc=9.46
    FINAL	meanvar-orl400_05_e_8	tip=21922611	best=21922611	best_ratio=0.999963	won=false
LNS	kissing2	n=20772	nnz=401024	amd=156414018	tip=156414018	tip_s=0.412	tip_ratio=1.0000
    CONTROL identity-seed: ident=374030609356 -> f=156414018 ratio=1.0000 secs=0.210
    throughput	10947787366 word-ops/s
    budget=4000000000	seed=0x9e3779b97f4a7c15	no-candidate	secs=0.365	acc=0.57
    throughput	4759883833 word-ops/s
    budget=20000000000	seed=0x9e3779b97f4a7c15	no-candidate	secs=4.202	acc=4.78
    budget=100000000000	SKIPPED	(predicted 21.0s on top of 4.8s spent exceeds the 10s row cap)
    FINAL	kissing2	tip=156414018	best=156414018	best_ratio=1.000000	won=false
LADGATE	9170	10000	0.383	1
LNS	squfl020-150	n=9170	nnz=24000	amd=135020	tip=135020	tip_s=0.421	tip_ratio=1.0000
    CONTROL identity-seed: ident=8154133845 -> f=135020 ratio=1.0000 secs=0.767
    throughput	3247282103 word-ops/s
    budget=4000000000	seed=0x9e3779b97f4a7c15	no-candidate	secs=1.232	acc=2.00
    throughput	1836635726 word-ops/s
    budget=20000000000	seed=0x9e3779b97f4a7c15	no-candidate	secs=10.889	acc=12.89
    budget=100000000000	SKIPPED	(row budget 10s exhausted)
    FINAL	squfl020-150	tip=135020	best=135020	best_ratio=1.000000	won=false
LADGATE	16678	10000	0.418	0
LNS	faclay30	n=16678	nnz=82242	amd=13452923	tip=12850431	tip_s=0.539	tip_ratio=0.9552
    CONTROL identity-seed: ident=192628839423 -> f=13452923 ratio=1.0000 secs=0.348
    throughput	10607264458 word-ops/s
    budget=4000000000	seed=0x9e3779b97f4a7c15	no-candidate	secs=0.377	acc=0.73
    throughput	7890049705 word-ops/s
    budget=20000000000	seed=0x9e3779b97f4a7c15	no-candidate	secs=2.535	acc=3.26
    budget=100000000000	SKIPPED	(predicted 12.7s on top of 3.3s spent exceeds the 10s row cap)
    FINAL	faclay30	tip=12850431	best=12850431	best_ratio=0.955215	won=false
LADGATE	1310	10000	0.121	1
LNS	watercontamination0303r	n=1310	nnz=37028	amd=2171882	tip=2171882	tip_s=0.134	tip_ratio=1.0000
    CONTROL identity-seed: ident=85001707 -> f=2171882 ratio=1.0000 secs=0.133
    throughput	13794571000 word-ops/s
    budget=4000000000	seed=0x9e3779b97f4a7c15	no-candidate	secs=0.290	acc=0.42
    throughput	13619195609 word-ops/s
    budget=20000000000	seed=0x9e3779b97f4a7c15	no-candidate	secs=1.469	acc=1.89
    throughput	13904992556 word-ops/s
    budget=100000000000	seed=0x9e3779b97f4a7c15	no-candidate	secs=7.192	acc=9.08
    FINAL	watercontamination0303r	tip=2171882	best=2171882	best_ratio=1.000000	won=false
LADGATE	705	10000	0.383	1
LNS	qapw	n=705	nnz=87496	amd=12183146	tip=12183146	tip_s=0.414	tip_ratio=1.0000
    CONTROL identity-seed: ident=14021378 -> f=12183146 ratio=1.0000 secs=0.228
    throughput	7868280809 word-ops/s
    budget=4000000000	seed=0x9e3779b97f4a7c15	no-candidate	secs=0.508	acc=0.74
    throughput	7812719076 word-ops/s
    budget=20000000000	seed=0x9e3779b97f4a7c15	no-candidate	secs=2.560	acc=3.30
    budget=100000000000	SKIPPED	(predicted 12.8s on top of 3.3s spent exceeds the 10s row cap)
    FINAL	qapw	tip=12183146	best=12183146	best_ratio=1.000000	won=false
LADGATE	16640	10000	0.358	0
LNS	supplychainr1_053050	n=16640	nnz=57800	amd=2173490	tip=2173490	tip_s=0.359	tip_ratio=1.0000
    CONTROL identity-seed: ident=41582011265 -> f=2173490 ratio=1.0000 secs=0.547
    throughput	3084513716 word-ops/s
    budget=4000000000	seed=0x9e3779b97f4a7c15	no-candidate	secs=1.297	acc=1.84
test ordering::probe::probe_lns_beyond_gate has been running for over 60 seconds
    throughput	2321180932 word-ops/s
    budget=20000000000	seed=0x9e3779b97f4a7c15	no-candidate	secs=8.616	acc=10.46
    budget=100000000000	SKIPPED	(row budget 10s exhausted)
    FINAL	supplychainr1_053050	tip=2173490	best=2173490	best_ratio=1.000000	won=false
LADGATE	6885	10000	0.197	1
LNS	emfl100_3_3	n=6885	nnz=15948	amd=55506	tip=55506	tip_s=0.219	tip_ratio=1.0000
    CONTROL identity-seed: ident=459554327 -> f=55506 ratio=1.0000 secs=0.571
    throughput	2203647224 word-ops/s
    budget=4000000000	seed=0x9e3779b97f4a7c15	no-candidate	secs=1.815	acc=2.39
    budget=20000000000	SKIPPED	(predicted 9.1s on top of 2.4s spent exceeds the 10s row cap)
    budget=100000000000	SKIPPED	(predicted 45.4s on top of 2.4s spent exceeds the 10s row cap)
    FINAL	emfl100_3_3	tip=55506	best=55506	best_ratio=1.000000	won=false
LNS	polygon75	n=5846	nnz=49652	amd=1171822	tip=1171822	tip_s=0.000	tip_ratio=1.0000
    CONTROL identity-seed: ident=8648579985 -> f=1171822 ratio=1.0000 secs=0.403
    throughput	3084564820 word-ops/s
    budget=4000000000	seed=0x9e3779b97f4a7c15	no-candidate	secs=1.297	acc=1.70
    throughput	4154755101 word-ops/s
    budget=20000000000	seed=0x9e3779b97f4a7c15	no-candidate	secs=4.814	acc=6.51
    budget=100000000000	SKIPPED	(predicted 24.1s on top of 6.5s spent exceeds the 10s row cap)
    FINAL	polygon75	tip=1171822	best=1171822	best_ratio=1.000000	won=false
LADGATE	11251	10000	0.827	0
LNS	powerflow0300p	n=11251	nnz=41918	amd=304705	tip=289989	tip_s=1.170	tip_ratio=0.9517
    CONTROL identity-seed: ident=50579489768 -> f=308840 ratio=1.0136 secs=0.811
    throughput	4142273774 word-ops/s
    budget=4000000000	seed=0x9e3779b97f4a7c15	f=288455	claimed=288455	ratio=0.946670	best=288455	secs=0.966	acc=1.78
    throughput	2141999277 word-ops/s
    budget=20000000000	seed=0x9e3779b97f4a7c15	no-candidate	secs=9.337	acc=11.11
    budget=100000000000	SKIPPED	(row budget 10s exhausted)
    FINAL	powerflow0300p	tip=289989	best=288455	best_ratio=0.946670	won=true
LADGATE	33155	10000	0.513	0
LNS	nd_netgen-3000-1-1-b-b-ns_7	n=33155	nnz=90000	amd=922197	tip=883821	tip_s=0.816	tip_ratio=0.9584
    CONTROL identity-seed: ident=75051944515 -> f=914463 ratio=0.9916 secs=0.804
    throughput	3332988957 word-ops/s
    budget=4000000000	seed=0x9e3779b97f4a7c15	no-candidate	secs=1.200	acc=2.00
    throughput	2715303253 word-ops/s
    budget=20000000000	seed=0x9e3779b97f4a7c15	f=882833	claimed=882833	ratio=0.957315	best=882833	secs=7.366	acc=9.37
    budget=100000000000	SKIPPED	(predicted 36.8s on top of 9.4s spent exceeds the 10s row cap)
    FINAL	nd_netgen-3000-1-1-b-b-ns_7	tip=883821	best=882833	best_ratio=0.957315	won=true
LADGATE	2065	10000	0.203	1
LNS	knp5-43	n=2065	nnz=31132	amd=3517788	tip=3517788	tip_s=0.215	tip_ratio=1.0000
    CONTROL identity-seed: ident=392051899 -> f=3517788 ratio=1.0000 secs=0.243
    throughput	11733253653 word-ops/s
    budget=4000000000	seed=0x9e3779b97f4a7c15	no-candidate	secs=0.341	acc=0.58
    throughput	10834288467 word-ops/s
    budget=20000000000	seed=0x9e3779b97f4a7c15	no-candidate	secs=1.846	acc=2.43
    budget=100000000000	SKIPPED	(predicted 9.2s on top of 2.4s spent exceeds the 10s row cap)
    FINAL	knp5-43	tip=3517788	best=3517788	best_ratio=1.000000	won=false
LADGATE	21925	10000	0.356	0
LNS	emfl100_5_5	n=21925	nnz=52300	amd=221650	tip=221650	tip_s=0.356	tip_ratio=1.0000
    CONTROL identity-seed: ident=21312002015 -> f=221650 ratio=1.0000 secs=0.792
    throughput	2034169194 word-ops/s
    budget=4000000000	seed=0x9e3779b97f4a7c15	no-candidate	secs=1.966	acc=2.76
    budget=20000000000	SKIPPED	(predicted 9.8s on top of 2.8s spent exceeds the 10s row cap)
    budget=100000000000	SKIPPED	(predicted 49.2s on top of 2.8s spent exceeds the 10s row cap)
    FINAL	emfl100_5_5	tip=221650	best=221650	best_ratio=1.000000	won=false
LADGATE	26778	10000	0.530	0
LNS	faclay35	n=26778	nnz=132380	amd=33630126	tip=32021838	tip_s=0.601	tip_ratio=0.9522
    CONTROL identity-seed: ident=797282123202 -> f=33630126 ratio=1.0000 secs=0.572
    throughput	4062910966 word-ops/s
    budget=4000000000	seed=0x9e3779b97f4a7c15	no-candidate	secs=0.985	acc=1.56
    throughput	7174863728 word-ops/s
    budget=20000000000	seed=0x9e3779b97f4a7c15	no-candidate	secs=2.788	acc=4.34
    budget=100000000000	SKIPPED	(predicted 13.9s on top of 4.3s spent exceeds the 10s row cap)
    FINAL	faclay35	tip=32021838	best=32021838	best_ratio=0.952177	won=false
LADGATE	13175	10000	0.233	0
LNS	emfl050_5_5	n=13175	nnz=32300	amd=155400	tip=155400	tip_s=0.233	tip_ratio=1.0000
    CONTROL identity-seed: ident=6155146190 -> f=155400 ratio=1.0000 secs=1.208
    throughput	1926446275 word-ops/s
    budget=4000000000	seed=0x9e3779b97f4a7c15	no-candidate	secs=2.076	acc=3.28
    budget=20000000000	SKIPPED	(predicted 10.4s on top of 3.3s spent exceeds the 10s row cap)
    budget=100000000000	SKIPPED	(predicted 51.9s on top of 3.3s spent exceeds the 10s row cap)
    FINAL	emfl050_5_5	tip=155400	best=155400	best_ratio=1.000000	won=false
LADGATE	22407	10000	0.750	0
LNS	popdynm200	n=22407	nnz=105584	amd=2567878	tip=2404589	tip_s=1.037	tip_ratio=0.9364
    CONTROL identity-seed: ident=241130969908 -> f=4770327 ratio=1.8577 secs=0.297
    throughput	5433116679 word-ops/s
    budget=4000000000	seed=0x9e3779b97f4a7c15	no-candidate	secs=0.736	acc=1.03
    throughput	1727565063 word-ops/s
    budget=20000000000	seed=0x9e3779b97f4a7c15	no-candidate	secs=11.577	acc=12.61
    budget=100000000000	SKIPPED	(row budget 10s exhausted)
    FINAL	popdynm200	tip=2404589	best=2404589	best_ratio=0.936411	won=false
LADGATE	13680	10000	0.301	0
LNS	squfl030-150	n=13680	nnz=36000	amd=252605	tip=252605	tip_s=0.302	tip_ratio=1.0000
    CONTROL identity-seed: ident=28437997605 -> f=252605 ratio=1.0000 secs=0.670
    throughput	3848794363 word-ops/s
    budget=4000000000	seed=0x9e3779b97f4a7c15	no-candidate	secs=1.039	acc=1.71
    throughput	2099685010 word-ops/s
    budget=20000000000	seed=0x9e3779b97f4a7c15	no-candidate	secs=9.525	acc=11.23
    budget=100000000000	SKIPPED	(row budget 10s exhausted)
    FINAL	squfl030-150	tip=252605	best=252605	best_ratio=1.000000	won=false
test ordering::probe::probe_lns_beyond_gate ... ok

test result: ok. 1 passed; 0 failed; 0 ignored; 0 measured; 180 filtered out; finished in 136.71s

